2021-03-08T18:55:18.045100-05:00 INFO rsyslogd[546]:  [origin software="rsyslogd" swVersion="8.1901.0" x-pid="546" x-info="https://www.rsyslog.com"] rsyslogd was HUPed
2021-03-08T18:55:18.318661-05:00 INFO periodic_scheduler[3876]: cleanup_logs: job completed
2021-03-08T18:55:18.924802-05:00 INFO periodic_scheduler[3883]: cros-machine-id-regen: running /usr/sbin/cros-machine-id-regen -r periodic -t 21600
2021-03-08T18:55:18.948641-05:00 NOTICE cros-machine-id-regen[3897]: Not regenerating since we did so 314 seconds ago.
2021-03-08T18:55:18.951727-05:00 INFO periodic_scheduler[3898]: cros-machine-id-regen: job completed
2021-03-08T18:55:19.182343-05:00 INFO periodic_scheduler[3905]: trim: running chromeos-trim
2021-03-08T18:55:19.264642-05:00 INFO periodic_scheduler[3957]: trim: job completed
2021-03-08T19:00:17.496946-05:00 INFO periodic_scheduler[4556]: crash_sender: running /sbin/crash_sender
2021-03-08T19:00:17.525500-05:00 INFO crash_sender[4559]: Version is too old, will not upload crash reports
2021-03-08T19:00:17.531198-05:00 INFO crash_sender[4558]: libminijail[4558]: child process 4559 exited with status 1
2021-03-08T19:00:17.534284-05:00 INFO periodic_scheduler[4560]: crash_sender: job completed
2021-03-08T19:04:07.368450-05:00 INFO debugd[1140]: Untracked process 5320 terminated with status 0 (code = 1)
2021-03-08T19:04:07.372323-05:00 ERR debugd[1140]: getpgid(minijail_pid) failed: No such process
2021-03-08T19:04:07.372519-05:00 ERR debugd[1140]: Unable to send signal to 5320: No such process
2021-03-08T19:04:59.631604-05:00 INFO debugd[1140]: ping: running process id: 812165FF8D18F0E85227575657C157B9
2021-03-08T19:05:39.493695-05:00 INFO debugd[1140]: memtester: running process id: 82D5E0DD40713A023B5A599BD9069E77
2021-03-08T19:09:08.310907-05:00 INFO debugd[1140]: Untracked process 5566 terminated with status 0 (code = 1)
2021-03-08T19:09:08.343480-05:00 ERR debugd[1140]: getpgid(minijail_pid) failed: No such process
2021-03-08T19:09:08.354465-05:00 ERR debugd[1140]: Unable to send signal to 5566: No such process
2021-03-08T19:10:03.243411-05:00 INFO rsyslogd[546]: -- MARK --
2021-03-08T19:10:15.059518-05:00 WARNING metrics_daemon[2629]: [WARNING:process_meter.cc(221)] Unknown chrome process type in /bin/bash
2021-03-08T19:11:24.495071-05:00 INFO kernel: [ 1285.609316] wlan0: deauthenticating from 16:f6:d8:42:43:7a by local choice (Reason: 3=DEAUTH_LEAVING)
2021-03-08T19:11:24.523738-05:00 INFO avahi-daemon[1669]: Withdrawing address record for 192.168.137.135 on wlan0.
2021-03-08T19:11:24.525286-05:00 INFO avahi-daemon[1669]: Leaving mDNS multicast group on interface wlan0.IPv4 with address 192.168.137.135.
2021-03-08T19:11:24.529638-05:00 INFO avahi-daemon[1669]: Interface wlan0.IPv4 no longer relevant for mDNS.
2021-03-08T19:11:24.561887-05:00 ERR wpa_supplicant[619]: nl80211: Failed to open /proc/sys/net/ipv4/conf/wlan0/drop_unicast_in_l2_multicast: No such file or directory
2021-03-08T19:11:24.573420-05:00 ERR wpa_supplicant[619]: nl80211: Failed to set IPv4 unicast in multicast filter
2021-03-08T19:11:24.573580-05:00 ERR wpa_supplicant[619]: nl80211: Failed to open /proc/sys/net/ipv4/conf/wlan0/drop_unicast_in_l2_multicast: No such file or directory
2021-03-08T19:11:24.573685-05:00 ERR wpa_supplicant[619]: nl80211: Failed to set IPv4 unicast in multicast filter
2021-03-08T19:11:24.573777-05:00 ERR shill[1346]: [ERROR:object_proxy.cc(581)] Failed to call method: fi.w1.wpa_supplicant1.Interface.Disconnect: object_path= /fi/w1/wpa_supplicant1/Interfaces/1: fi.w1.wpa_supplicant1.NotConnected: This interface is not connected
2021-03-08T19:11:24.574086-05:00 ERR shill[1346]: [ERROR:dbus_method_invoker.h(113)] CallMethodAndBlockWithTimeout(...): Domain=dbus, Code=fi.w1.wpa_supplicant1.NotConnected, Message=This interface is not connected
2021-03-08T19:11:24.576997-05:00 ERR shill[1346]: [ERROR:chromeos_supplicant_interface_proxy.cc(184)] Failed to disconnect: fi.w1.wpa_supplicant1.NotConnected This interface is not connected
2021-03-08T19:11:24.577341-05:00 ERR wpa_supplicant[619]: nl80211: Failed to open /proc/sys/net/ipv4/conf/wlan0/drop_unicast_in_l2_multicast: No such file or directory
2021-03-08T19:11:24.577439-05:00 ERR wpa_supplicant[619]: nl80211: Failed to set IPv4 unicast in multicast filter
2021-03-08T19:11:24.577661-05:00 ERR wpa_supplicant[619]: nl80211: Failed to open /proc/sys/net/ipv4/conf/wlan0/drop_unicast_in_l2_multicast: No such file or directory
2021-03-08T19:11:24.577751-05:00 ERR wpa_supplicant[619]: nl80211: Failed to set IPv4 unicast in multicast filter
2021-03-08T19:11:24.577938-05:00 ERR wpa_supplicant[619]: rmdir[ctrl_interface=/run/wpa_supplicant]: Permission denied
2021-03-08T19:11:24.593114-05:00 INFO kernel: [ 1285.707527] cfg80211: World regulatory domain updated:
2021-03-08T19:11:24.593144-05:00 INFO kernel: [ 1285.707538] cfg80211:  DFS Master region: unset
2021-03-08T19:11:24.593148-05:00 INFO kernel: [ 1285.707542] cfg80211:   (start_freq - end_freq @ bandwidth), (max_antenna_gain, max_eirp), (dfs_cac_time)
2021-03-08T19:11:24.593152-05:00 INFO kernel: [ 1285.707548] cfg80211:   (2402000 KHz - 2472000 KHz @ 40000 KHz), (N/A, 2000 mBm), (N/A)
2021-03-08T19:11:24.593155-05:00 INFO kernel: [ 1285.707553] cfg80211:   (2457000 KHz - 2482000 KHz @ 20000 KHz), (N/A, 2000 mBm), (N/A)
2021-03-08T19:11:24.593158-05:00 INFO kernel: [ 1285.707558] cfg80211:   (2474000 KHz - 2494000 KHz @ 20000 KHz), (N/A, 2000 mBm), (N/A)
2021-03-08T19:11:24.593160-05:00 INFO kernel: [ 1285.707589] cfg80211:   (5170000 KHz - 5250000 KHz @ 80000 KHz), (N/A, 2000 mBm), (N/A)
2021-03-08T19:11:24.593163-05:00 INFO kernel: [ 1285.707595] cfg80211:   (5250000 KHz - 5330000 KHz @ 80000 KHz), (N/A, 2000 mBm), (0 s)
2021-03-08T19:11:24.593165-05:00 INFO kernel: [ 1285.707600] cfg80211:   (5490000 KHz - 5730000 KHz @ 160000 KHz), (N/A, 2000 mBm), (0 s)
2021-03-08T19:11:24.593167-05:00 INFO kernel: [ 1285.707605] cfg80211:   (5735000 KHz - 5835000 KHz @ 80000 KHz), (N/A, 2000 mBm), (N/A)
2021-03-08T19:11:24.593170-05:00 INFO kernel: [ 1285.707610] cfg80211:   (57240000 KHz - 63720000 KHz @ 2160000 KHz), (N/A, 0 mBm), (N/A)
2021-03-08T19:11:24.599077-05:00 INFO kernel: [ 1285.712899] cfg80211: Regulatory domain changed to country: US
2021-03-08T19:11:24.599112-05:00 INFO kernel: [ 1285.712911] cfg80211:  DFS Master region: unset
2021-03-08T19:11:24.599128-05:00 INFO kernel: [ 1285.712915] cfg80211:   (start_freq - end_freq @ bandwidth), (max_antenna_gain, max_eirp), (dfs_cac_time)
2021-03-08T19:11:24.599320-05:00 INFO kernel: [ 1285.712922] cfg80211:   (2402000 KHz - 2472000 KHz @ 40000 KHz), (N/A, 3000 mBm), (N/A)
2021-03-08T19:11:24.599337-05:00 INFO kernel: [ 1285.712926] cfg80211:   (5170000 KHz - 5250000 KHz @ 80000 KHz), (N/A, 1700 mBm), (N/A)
2021-03-08T19:11:24.599340-05:00 INFO kernel: [ 1285.712931] cfg80211:   (5250000 KHz - 5330000 KHz @ 80000 KHz), (N/A, 2300 mBm), (0 s)
2021-03-08T19:11:24.599343-05:00 INFO kernel: [ 1285.712936] cfg80211:   (5490000 KHz - 5730000 KHz @ 160000 KHz), (N/A, 2300 mBm), (0 s)
2021-03-08T19:11:24.599346-05:00 INFO kernel: [ 1285.712941] cfg80211:   (5735000 KHz - 5835000 KHz @ 80000 KHz), (N/A, 3000 mBm), (N/A)
2021-03-08T19:11:24.599348-05:00 INFO kernel: [ 1285.712946] cfg80211:   (57240000 KHz - 63720000 KHz @ 2160000 KHz), (N/A, 4000 mBm), (N/A)
2021-03-08T19:11:24.650330-05:00 INFO avahi-daemon[1669]: Server startup complete. Host name is e96546daa2e0abd6c624e2206046bd2c.local. Local service cookie is 2088773440.
2021-03-08T19:11:24.650504-05:00 INFO avahi-daemon[1669]: Changing host name to 'e96546daa2e0abd6c624e2206046bd2c'.
2021-03-08T19:11:24.660375-05:00 NOTICE cros-machine-id-regen[5879]: Regenerated /var/lib/dbus/machine-id (reason: network).
2021-03-08T19:11:39.367370-05:00 INFO rollback_prepare_save[5927]: Starting rollback_prepare_save
2021-03-08T19:11:39.367902-05:00 INFO rollback_prepare_save[5927]: Exiting no rollback
2021-03-08T19:11:39.403433-05:00 NOTICE shill_logout_user[5930]: Failed to pop shill user profiles
2021-03-08T19:11:39.411290-05:00 INFO session_manager[1109]: [INFO:browser_job.cc(178)] Terminating browser process 1194 with signal 15: exiting cleanly
2021-03-08T19:11:39.413988-05:00 INFO session_manager[1109]: [INFO:system_utils_impl.cc(125)] Sending signal 15 to PID 1194 as UID 1000
2021-03-08T19:11:40.163087-05:00 INFO session_manager[1109]: [INFO:session_manager_service.cc(486)] SessionManagerService quitting run loop
2021-03-08T19:11:40.168950-05:00 INFO session_manager[1109]: [INFO:session_manager_service.cc(207)] SessionManagerService exiting
2021-03-08T19:11:40.275324-05:00 INFO chapsd[1130]: Closing database for /home/root/7c37097f86694f0645e38af5cf316592cce86789/chaps/database
2021-03-08T19:11:40.275634-05:00 INFO chapsd[1130]: leveldb /home/root/7c37097f86694f0645e38af5cf316592cce86789/chaps/database dump:#012  /home/root/7c37097f86694f0645e38af5cf316592cce86789/chaps/database/000005.ldb (1025 bytes, 2021-02-22 11:57:35.000 UTC)#012  /home/root/7c37097f86694f0645e38af5cf316592cce86789/chaps/database/LOG (175 bytes, 2021-03-08 23:50:16.000 UTC)#012  /home/root/7c37097f86694f0645e38af5cf316592cce86789/chaps/database/LOCK (0 bytes, 2021-02-22 10:41:33.000 UTC)#012  /home/root/7c37097f86694f0645e38af5cf316592cce86789/chaps/database/LOG.old (175 bytes, 2021-03-04 08:02:32.000 UTC)#012  /home/root/7c37097f86694f0645e38af5cf316592cce86789/chaps/database/CURRENT (16 bytes, 2021-03-08 23:50:16.000 UTC)#012  /home/root/7c37097f86694f0645e38af5cf316592cce86789/chaps/database/MANIFEST-000017 (92 bytes, 2021-03-08 23:50:16.000 UTC)#012  /home/root/7c37097f86694f0645e38af5cf316592cce86789/chaps/database/000018.log (0 bytes, 2021-03-08 23:50:16.000 UTC)
2021-03-08T19:11:40.275766-05:00 INFO chapsd[1130]: Token at /home/root/7c37097f86694f0645e38af5cf316592cce86789/chaps has been removed from slot 1
2021-03-08T19:11:40.304765-05:00 INFO chapsd[1130]: Unloaded keys for slot 1
2021-03-08T19:11:43.063030-05:00 WARNING chapsd[1130]: Unload Token event received for unknown path: /home/root/7c37097f86694f0645e38af5cf316592cce86789/chaps
2021-03-08T19:11:43.077920-05:00 NOTICE pre-shutdown[5962]: Shutting down for halt: user-request
2021-03-08T19:11:43.091598-05:00 INFO chapsd[1130]: Shutdown triggered by signal 15.
2021-03-08T19:11:43.092741-05:00 INFO chapsd[1130]: chapsd Daemon::OnShutdown invoked.
2021-03-08T19:11:43.095615-05:00 INFO chapsd[1130]: SlotManagerImpl is shutting down.
2021-03-08T19:11:43.095796-05:00 INFO chapsd[1130]: Waiting for worker thread for slot 0 to exit.
2021-03-08T19:11:43.095896-05:00 INFO chapsd[1130]: Unloading keys for slot 0.
2021-03-08T19:11:43.105053-05:00 INFO kernel: [ 1304.248772] EXT4-fs (dm-0): re-mounted. Opts: block_validity,barrier,user_xattr,acl
2021-03-08T19:11:43.110619-05:00 INFO avahi-daemon[1669]: Got SIGTERM, quitting.
2021-03-08T19:11:43.111212-05:00 INFO avahi-daemon[1669]: avahi-daemon 0.7 exiting.
2021-03-08T19:11:43.114666-05:00 NOTICE conntrack-tools[1733]: ---- shutdown received ----
2021-03-08T19:11:43.126040-05:00 INFO chapsd[1130]: Unloaded keys for slot 0
2021-03-08T19:11:43.126283-05:00 INFO chapsd[1130]: Waiting for worker thread for slot 1 to exit.
2021-03-08T19:11:43.126387-05:00 INFO chapsd[1130]: Unloading keys for slot 1.
2021-03-08T19:11:43.126487-05:00 INFO chapsd[1130]: Unloaded keys for slot 1
2021-03-08T19:11:43.126596-05:00 INFO chapsd[1130]: SlotManagerImpl destructor done.
2021-03-08T19:11:43.126704-05:00 INFO chapsd[1130]: Closing database for /var/lib/chaps/database
2021-03-08T19:11:43.127082-05:00 WARNING minijail0[1734]: libminijail[1734]: child process 1752 received signal 15
2021-03-08T19:11:43.127262-05:00 INFO chapsd[1130]: leveldb /var/lib/chaps/database dump:#012  /var/lib/chaps/database/CURRENT (16 bytes, 2021-03-08 23:50:04.000 UTC)#012  /var/lib/chaps/database/LOG (175 bytes, 2021-03-08 23:50:04.000 UTC)#012  /var/lib/chaps/database/000005.ldb (1025 bytes, 2021-02-22 11:57:21.000 UTC)#012  /var/lib/chaps/database/MANIFEST-000018 (137 bytes, 2021-03-08 23:50:04.000 UTC)#012  /var/lib/chaps/database/000008.ldb (3825 bytes, 2021-02-22 12:04:19.000 UTC)#012  /var/lib/chaps/database/000019.log (0 bytes, 2021-03-08 23:50:04.000 UTC)#012  /var/lib/chaps/database/LOCK (0 bytes, 2021-02-22 10:41:27.000 UTC)#012  /var/lib/chaps/database/LOG.old (175 bytes, 2021-03-04 08:02:20.000 UTC)
2021-03-08T19:11:43.127399-05:00 INFO chapsd[1130]: Unloading keys for all slots.
2021-03-08T19:11:43.134039-05:00 INFO kernel: [ 1304.277404] Bluetooth: hci_core.c:skip_conditional_cmd()   COND LE cmd (0x200a) is already 0 (chg 0), skip transition to 0
2021-03-08T19:11:43.134069-05:00 INFO kernel: [ 1304.277413] Bluetooth: hci_core.c:skip_conditional_cmd()   COND call queue_work.
2021-03-08T19:13:58.265333-05:00 INFO kernel: [    0.000000] microcode: microcode updated early to revision 0x838, date = 2019-04-22
2021-03-08T19:13:58.265461-05:00 INFO kernel: [    0.000000] Initializing cgroup subsys cpuset
2021-03-08T19:13:58.265467-05:00 INFO kernel: [    0.000000] Initializing cgroup subsys cpu
2021-03-08T19:13:58.265470-05:00 INFO kernel: [    0.000000] Initializing cgroup subsys cpuacct
2021-03-08T19:13:58.265472-05:00 NOTICE kernel: [    0.000000] Linux version 4.4.180-16566-g51163f4278d1 (chrome-bot@chromeos-ci-legacy-us-east1-d-x32-6-xp9r) (Chromium OS 9.0_pre353983_p20190325-r14 clang version 9.0.0 (/var/cache/chromeos-cache/distfiles/host/egit-src/llvm-project de7a0a152648d1a74cf4319920b1848aa00d1ca3) (based on LLVM 9.0.0svn)) #1 SMP PREEMPT Tue Aug 27 17:13:36 PDT 2019
2021-03-08T19:13:58.265475-05:00 INFO kernel: [    0.000000] Command line: cros_secure console= loglevel=7 init=/sbin/init cros_secure root=/dev/dm-0 rootwait ro dm_verity.error_behavior=3 dm_verity.max_bios=-1 dm_verity.dev_wait=1 dm="1 vroot none ro 1,0 3584000 verity payload=PARTUUID=6c8bc571-8e95-a843-bc0a-9608a1c2ac65/PARTNROFF=1 hashtree=PARTUUID=6c8bc571-8e95-a843-bc0a-9608a1c2ac65/PARTNROFF=1 hashstart=3584000 alg=sha1 root_hexdigest=3e8df1ad07c15f9a811aa2a9915a17e8409ccf65 salt=0c7d85cad68fb231a34c12121d933c468594106200a09a1c158d34a9cc182c5e" noinitrd vt.global_cursor_default=0 kern_guid=6c8bc571-8e95-a843-bc0a-9608a1c2ac65 add_efi_memmap boot=local noresume noswap i915.modeset=1 tpm_tis.force=1 tpm_tis.interrupts=0 nmi_watchdog=panic,lapic  
2021-03-08T19:13:58.265485-05:00 INFO kernel: [    0.000000] x86/fpu: Legacy x87 FPU detected.
2021-03-08T19:13:58.265492-05:00 INFO kernel: [    0.000000] e820: BIOS-provided physical RAM map:
2021-03-08T19:13:58.265496-05:00 INFO kernel: [    0.000000] BIOS-e820: [mem 0x0000000000000000-0x0000000000000fff] type 16
2021-03-08T19:13:58.265498-05:00 INFO kernel: [    0.000000] BIOS-e820: [mem 0x0000000000001000-0x000000000009ffff] usable
2021-03-08T19:13:58.265501-05:00 INFO kernel: [    0.000000] BIOS-e820: [mem 0x00000000000a0000-0x00000000000fffff] reserved
2021-03-08T19:13:58.265503-05:00 INFO kernel: [    0.000000] BIOS-e820: [mem 0x0000000000100000-0x000000001fffffff] usable
2021-03-08T19:13:58.265511-05:00 INFO kernel: [    0.000000] BIOS-e820: [mem 0x0000000020000000-0x00000000200fffff] reserved
2021-03-08T19:13:58.265514-05:00 INFO kernel: [    0.000000] BIOS-e820: [mem 0x0000000020100000-0x000000007ae6dfff] usable
2021-03-08T19:13:58.265517-05:00 INFO kernel: [    0.000000] BIOS-e820: [mem 0x000000007ae6e000-0x000000007affffff] type 16
2021-03-08T19:13:58.265519-05:00 INFO kernel: [    0.000000] BIOS-e820: [mem 0x000000007b000000-0x000000007fffffff] reserved
2021-03-08T19:13:58.265522-05:00 INFO kernel: [    0.000000] BIOS-e820: [mem 0x00000000e0000000-0x00000000efffffff] reserved
2021-03-08T19:13:58.265524-05:00 INFO kernel: [    0.000000] BIOS-e820: [mem 0x00000000feb00000-0x00000000febfffff] reserved
2021-03-08T19:13:58.265527-05:00 INFO kernel: [    0.000000] BIOS-e820: [mem 0x00000000fed01000-0x00000000fed01fff] reserved
2021-03-08T19:13:58.265534-05:00 INFO kernel: [    0.000000] BIOS-e820: [mem 0x00000000fed03000-0x00000000fed03fff] reserved
2021-03-08T19:13:58.265538-05:00 INFO kernel: [    0.000000] BIOS-e820: [mem 0x00000000fed05000-0x00000000fed05fff] reserved
2021-03-08T19:13:58.265540-05:00 INFO kernel: [    0.000000] BIOS-e820: [mem 0x00000000fed08000-0x00000000fed08fff] reserved
2021-03-08T19:13:58.265543-05:00 INFO kernel: [    0.000000] BIOS-e820: [mem 0x00000000fed0c000-0x00000000fed0ffff] reserved
2021-03-08T19:13:58.265545-05:00 INFO kernel: [    0.000000] BIOS-e820: [mem 0x00000000fed1c000-0x00000000fed1cfff] reserved
2021-03-08T19:13:58.265547-05:00 INFO kernel: [    0.000000] BIOS-e820: [mem 0x00000000fef00000-0x00000000feffffff] reserved
2021-03-08T19:13:58.265554-05:00 INFO kernel: [    0.000000] BIOS-e820: [mem 0x0000000100000000-0x000000017fffffff] usable
2021-03-08T19:13:58.265558-05:00 INFO kernel: [    0.000000] NX (Execute Disable) protection: active
2021-03-08T19:13:58.265560-05:00 INFO kernel: [    0.000000] SMBIOS 2.7 present.
2021-03-08T19:13:58.265563-05:00 DEBUG kernel: [    0.000000] DMI: GOOGLE Glimmer, BIOS Google_Glimmer.5216.198.188 05/27/2018
2021-03-08T19:13:58.265565-05:00 DEBUG kernel: [    0.000000] e820: update [mem 0x00000000-0x00000fff] usable ==> reserved
2021-03-08T19:13:58.265567-05:00 DEBUG kernel: [    0.000000] e820: remove [mem 0x000a0000-0x000fffff] usable
2021-03-08T19:13:58.265570-05:00 INFO kernel: [    0.000000] e820: last_pfn = 0x180000 max_arch_pfn = 0x400000000
2021-03-08T19:13:58.265577-05:00 DEBUG kernel: [    0.000000] MTRR default type: uncachable
2021-03-08T19:13:58.265581-05:00 DEBUG kernel: [    0.000000] MTRR fixed ranges enabled:
2021-03-08T19:13:58.265584-05:00 DEBUG kernel: [    0.000000]   00000-9FFFF write-back
2021-03-08T19:13:58.265586-05:00 DEBUG kernel: [    0.000000]   A0000-BFFFF uncachable
2021-03-08T19:13:58.265589-05:00 DEBUG kernel: [    0.000000]   C0000-FFFFF write-back
2021-03-08T19:13:58.265591-05:00 DEBUG kernel: [    0.000000] MTRR variable ranges enabled:
2021-03-08T19:13:58.265593-05:00 DEBUG kernel: [    0.000000]   0 base 000000000 mask FC0000000 write-back
2021-03-08T19:13:58.265603-05:00 DEBUG kernel: [    0.000000]   1 base 040000000 mask FE0000000 write-back
2021-03-08T19:13:58.265607-05:00 DEBUG kernel: [    0.000000]   2 base 060000000 mask FF0000000 write-back
2021-03-08T19:13:58.265609-05:00 DEBUG kernel: [    0.000000]   3 base 070000000 mask FF8000000 write-back
2021-03-08T19:13:58.265612-05:00 DEBUG kernel: [    0.000000]   4 base 078000000 mask FFC000000 write-back
2021-03-08T19:13:58.265615-05:00 DEBUG kernel: [    0.000000]   5 base 07B800000 mask FFF800000 uncachable
2021-03-08T19:13:58.265617-05:00 DEBUG kernel: [    0.000000]   6 base 0FF800000 mask FFF800000 uncachable
2021-03-08T19:13:58.265625-05:00 DEBUG kernel: [    0.000000]   7 base 100000000 mask F00000000 write-back
2021-03-08T19:13:58.265629-05:00 INFO kernel: [    0.000000] x86/PAT: Configuration [0-7]: WB  WC  UC- UC  WB  WC  UC- WT  
2021-03-08T19:13:58.265631-05:00 DEBUG kernel: [    0.000000] e820: update [mem 0x7b800000-0xffffffff] usable ==> reserved
2021-03-08T19:13:58.265633-05:00 INFO kernel: [    0.000000] e820: last_pfn = 0x7ae6e max_arch_pfn = 0x400000000
2021-03-08T19:13:58.265635-05:00 INFO kernel: [    0.000000] Scanning 1 areas for low memory corruption
2021-03-08T19:13:58.265638-05:00 DEBUG kernel: [    0.000000] Base memory trampoline at [ffff880000098000] 98000 size 28672
2021-03-08T19:13:58.265641-05:00 DEBUG kernel: [    0.000000] BRK [0x3a538000, 0x3a538fff] PGTABLE
2021-03-08T19:13:58.265648-05:00 DEBUG kernel: [    0.000000] BRK [0x3a539000, 0x3a539fff] PGTABLE
2021-03-08T19:13:58.265652-05:00 DEBUG kernel: [    0.000000] BRK [0x3a53a000, 0x3a53afff] PGTABLE
2021-03-08T19:13:58.265655-05:00 DEBUG kernel: [    0.000000] BRK [0x3a53b000, 0x3a53bfff] PGTABLE
2021-03-08T19:13:58.265658-05:00 DEBUG kernel: [    0.000000] BRK [0x3a53c000, 0x3a53cfff] PGTABLE
2021-03-08T19:13:58.265660-05:00 INFO kernel: [    0.000000] ACPI: Early table checksum verification disabled
2021-03-08T19:13:58.265662-05:00 WARNING kernel: [    0.000000] ACPI: RSDP 0x00000000000F0000 000024 (v02 CORE  )
2021-03-08T19:13:58.265670-05:00 WARNING kernel: [    0.000000] ACPI: XSDT 0x000000007AF780E0 00004C (v01 CORE   COREBOOT 00000000 CORE 00000000)
2021-03-08T19:13:58.265673-05:00 WARNING kernel: [    0.000000] ACPI: FACP 0x000000007AF7C720 0000F4 (v03 CORE   COREBOOT 00000000 CORE 00000001)
2021-03-08T19:13:58.265676-05:00 WARNING kernel: [    0.000000] ACPI: DSDT 0x000000007AF78250 0044CF (v05 COREv4 COREBOOT 20110725 INTL 20130117)
2021-03-08T19:13:58.265679-05:00 WARNING kernel: [    0.000000] ACPI: FACS 0x000000007AF78210 000040
2021-03-08T19:13:58.265681-05:00 WARNING kernel: [    0.000000] ACPI: FACS 0x000000007AF78210 000040
2021-03-08T19:13:58.265686-05:00 WARNING kernel: [    0.000000] ACPI: HPET 0x000000007AF7C820 000038 (v01 CORE   COREBOOT 00000000 CORE 00000000)
2021-03-08T19:13:58.265689-05:00 WARNING kernel: [    0.000000] ACPI: APIC 0x000000007AF7C860 00006C (v01 CORE   COREBOOT 00000000 CORE 00000000)
2021-03-08T19:13:58.265702-05:00 WARNING kernel: [    0.000000] ACPI: MCFG 0x000000007AF7C8D0 00003C (v01 CORE   COREBOOT 00000000 CORE 00000000)
2021-03-08T19:13:58.265705-05:00 WARNING kernel: [    0.000000] ACPI: SSDT 0x000000007AF7D9C0 000EEC (v02 CORE   COREBOOT 0000002A CORE 0000002A)
2021-03-08T19:13:58.265708-05:00 DEBUG kernel: [    0.000000] ACPI: Local APIC address 0xfee00000
2021-03-08T19:13:58.265710-05:00 INFO kernel: [    0.000000] Zone ranges:
2021-03-08T19:13:58.265712-05:00 INFO kernel: [    0.000000]   DMA      [mem 0x0000000000001000-0x0000000000ffffff]
2021-03-08T19:13:58.265715-05:00 INFO kernel: [    0.000000]   DMA32    [mem 0x0000000001000000-0x00000000ffffffff]
2021-03-08T19:13:58.265724-05:00 INFO kernel: [    0.000000]   Normal   [mem 0x0000000100000000-0x000000017fffffff]
2021-03-08T19:13:58.265727-05:00 INFO kernel: [    0.000000] Movable zone start for each node
2021-03-08T19:13:58.265730-05:00 INFO kernel: [    0.000000] Early memory node ranges
2021-03-08T19:13:58.265732-05:00 INFO kernel: [    0.000000]   node   0: [mem 0x0000000000001000-0x000000000009ffff]
2021-03-08T19:13:58.265734-05:00 INFO kernel: [    0.000000]   node   0: [mem 0x0000000000100000-0x000000001fffffff]
2021-03-08T19:13:58.265737-05:00 INFO kernel: [    0.000000]   node   0: [mem 0x0000000020100000-0x000000007ae6dfff]
2021-03-08T19:13:58.265739-05:00 INFO kernel: [    0.000000]   node   0: [mem 0x0000000100000000-0x000000017fffffff]
2021-03-08T19:13:58.265747-05:00 INFO kernel: [    0.000000] Initmem setup node 0 [mem 0x0000000000001000-0x000000017fffffff]
2021-03-08T19:13:58.265750-05:00 DEBUG kernel: [    0.000000] On node 0 totalpages: 1027341
2021-03-08T19:13:58.265752-05:00 DEBUG kernel: [    0.000000]   DMA zone: 64 pages used for memmap
2021-03-08T19:13:58.265754-05:00 DEBUG kernel: [    0.000000]   DMA zone: 23 pages reserved
2021-03-08T19:13:58.265757-05:00 DEBUG kernel: [    0.000000]   DMA zone: 3999 pages, LIFO batch:0
2021-03-08T19:13:58.265759-05:00 DEBUG kernel: [    0.000000]   DMA32 zone: 7798 pages used for memmap
2021-03-08T19:13:58.265766-05:00 DEBUG kernel: [    0.000000]   DMA32 zone: 499054 pages, LIFO batch:31
2021-03-08T19:13:58.265769-05:00 DEBUG kernel: [    0.000000]   Normal zone: 8192 pages used for memmap
2021-03-08T19:13:58.265772-05:00 DEBUG kernel: [    0.000000]   Normal zone: 524288 pages, LIFO batch:31
2021-03-08T19:13:58.265774-05:00 INFO kernel: [    0.000000] x86/hpet: Will disable the HPET for this platform because it's not reliable
2021-03-08T19:13:58.265776-05:00 INFO kernel: [    0.000000] Reserving Intel graphics stolen memory at 0x7c000000-0x7fffffff
2021-03-08T19:13:58.265779-05:00 INFO kernel: [    0.000000] ACPI: PM-Timer IO Port: 0x408
2021-03-08T19:13:58.265781-05:00 DEBUG kernel: [    0.000000] ACPI: Local APIC address 0xfee00000
2021-03-08T19:13:58.265789-05:00 INFO kernel: [    0.000000] IOAPIC[0]: apic_id 2, version 32, address 0xfec00000, GSI 0-86
2021-03-08T19:13:58.265792-05:00 INFO kernel: [    0.000000] ACPI: INT_SRC_OVR (bus 0 bus_irq 0 global_irq 2 dfl dfl)
2021-03-08T19:13:58.265794-05:00 INFO kernel: [    0.000000] ACPI: INT_SRC_OVR (bus 0 bus_irq 9 global_irq 9 high level)
2021-03-08T19:13:58.265797-05:00 DEBUG kernel: [    0.000000] ACPI: IRQ0 used by override.
2021-03-08T19:13:58.265799-05:00 DEBUG kernel: [    0.000000] ACPI: IRQ9 used by override.
2021-03-08T19:13:58.265801-05:00 INFO kernel: [    0.000000] Using ACPI (MADT) for SMP configuration information
2021-03-08T19:13:58.265809-05:00 INFO kernel: [    0.000000] ACPI: HPET id: 0x8086a201 base: 0xfed00000
2021-03-08T19:13:58.265812-05:00 INFO kernel: [    0.000000] smpboot: Allowing 4 CPUs, 0 hotplug CPUs
2021-03-08T19:13:58.265815-05:00 INFO kernel: [    0.000000] e820: [mem 0x80000000-0xdfffffff] available for PCI devices
2021-03-08T19:13:58.265817-05:00 INFO kernel: [    0.000000] clocksource: refined-jiffies: mask: 0xffffffff max_cycles: 0xffffffff, max_idle_ns: 1910969940391419 ns
2021-03-08T19:13:58.265819-05:00 INFO kernel: [    0.000000] setup_percpu: NR_CPUS:8 nr_cpumask_bits:8 nr_cpu_ids:4 nr_node_ids:1
2021-03-08T19:13:58.265822-05:00 INFO kernel: [    0.000000] PERCPU: Embedded 32 pages/cpu @ffff88017fc00000 s93352 r8192 d29528 u524288
2021-03-08T19:13:58.265988-05:00 DEBUG kernel: [    0.000000] pcpu-alloc: s93352 r8192 d29528 u524288 alloc=1*2097152
2021-03-08T19:13:58.266030-05:00 DEBUG kernel: [    0.000000] pcpu-alloc: [0] 0 1 2 3 
2021-03-08T19:13:58.266036-05:00 INFO kernel: [    0.000000] Built 1 zonelists in Zone order, mobility grouping on.  Total pages: 1011264
2021-03-08T19:13:58.266039-05:00 NOTICE kernel: [    0.000000] Kernel command line: cros_secure console= loglevel=7 init=/sbin/init cros_secure root=/dev/dm-0 rootwait ro dm_verity.error_behavior=3 dm_verity.max_bios=-1 dm_verity.dev_wait=1 dm="1 vroot none ro 1,0 3584000 verity payload=PARTUUID=6c8bc571-8e95-a843-bc0a-9608a1c2ac65/PARTNROFF=1 hashtree=PARTUUID=6c8bc571-8e95-a843-bc0a-9608a1c2ac65/PARTNROFF=1 hashstart=3584000 alg=sha1 root_hexdigest=3e8df1ad07c15f9a811aa2a9915a17e8409ccf65 salt=0c7d85cad68fb231a34c12121d933c468594106200a09a1c158d34a9cc182c5e" noinitrd vt.global_cursor_default=0 kern_guid=6c8bc571-8e95-a843-bc0a-9608a1c2ac65 add_efi_memmap boot=local noresume noswap i915.modeset=1 tpm_tis.force=1 tpm_tis.interrupts=0 nmi_watchdog=panic,lapic  
2021-03-08T19:13:58.266042-05:00 INFO kernel: [    0.000000] device-mapper: init: will configure 1 devices
2021-03-08T19:13:58.266044-05:00 INFO kernel: [    0.000000] PID hash table entries: 4096 (order: 3, 32768 bytes)
2021-03-08T19:13:58.266052-05:00 INFO kernel: [    0.000000] Dentry cache hash table entries: 524288 (order: 10, 4194304 bytes)
2021-03-08T19:13:58.266056-05:00 INFO kernel: [    0.000000] Inode-cache hash table entries: 262144 (order: 9, 2097152 bytes)
2021-03-08T19:13:58.266058-05:00 INFO kernel: [    0.000000] Memory: 3953156K/4109364K available (8588K kernel code, 1022K rwdata, 2952K rodata, 1308K init, 924K bss, 156208K reserved, 0K cma-reserved)
2021-03-08T19:13:58.266061-05:00 INFO kernel: [    0.000000] SLUB: HWalign=64, Order=0-3, MinObjects=0, CPUs=4, Nodes=1
2021-03-08T19:13:58.266063-05:00 INFO kernel: [    0.000000] Kernel/User page tables isolation: enabled
2021-03-08T19:13:58.266065-05:00 INFO kernel: [    0.000000] Preemptible hierarchical RCU implementation.
2021-03-08T19:13:58.266073-05:00 INFO kernel: [    0.000000] 	Build-time adjustment of leaf fanout to 64.
2021-03-08T19:13:58.266076-05:00 INFO kernel: [    0.000000] 	RCU restricting CPUs from NR_CPUS=8 to nr_cpu_ids=4.
2021-03-08T19:13:58.266078-05:00 INFO kernel: [    0.000000] RCU: Adjusting geometry for rcu_fanout_leaf=64, nr_cpu_ids=4
2021-03-08T19:13:58.266081-05:00 INFO kernel: [    0.000000] NR_IRQS:4352 nr_irqs:1024 16
2021-03-08T19:13:58.266083-05:00 INFO kernel: [    0.000000] Maximum core-clock to bus-clock ratio: 0x16
2021-03-08T19:13:58.266085-05:00 INFO kernel: [    0.000000] Resolved frequency ID: 0, frequency: 83200 KHz
2021-03-08T19:13:58.266087-05:00 INFO kernel: [    0.000000] TSC runs at 1830400 KHz
2021-03-08T19:13:58.266094-05:00 INFO kernel: [    0.000000] lapic_timer_frequency = 83200
2021-03-08T19:13:58.266097-05:00 INFO kernel: [    0.000000] tsc: Initial usec timer 1162236
2021-03-08T19:13:58.266100-05:00 INFO kernel: [    0.000000] tsc: Detected 1830.400 MHz processor
2021-03-08T19:13:58.266102-05:00 INFO kernel: [    0.000004] Calibrating delay loop (skipped), value calculated using timer frequency.. 3660.80 BogoMIPS (lpj=1830400)
2021-03-08T19:13:58.266104-05:00 INFO kernel: [    0.000010] pid_max: default: 32768 minimum: 301
2021-03-08T19:13:58.266106-05:00 INFO kernel: [    0.000022] ACPI: Core revision 20150930
2021-03-08T19:13:58.266116-05:00 WARNING kernel: [    0.006976] ACPI: 2 ACPI AML tables successfully acquired and loaded
2021-03-08T19:13:58.266119-05:00 INFO kernel: [    0.007015] Security Framework initialized
2021-03-08T19:13:58.266121-05:00 INFO kernel: [    0.007021] Yama: becoming mindful.
2021-03-08T19:13:58.266123-05:00 INFO kernel: [    0.007030] Chromium OS LSM: enabled
2021-03-08T19:13:58.266126-05:00 INFO kernel: [    0.007033] SELinux:  Initializing.
2021-03-08T19:13:58.266128-05:00 DEBUG kernel: [    0.007047] SELinux:  Starting in permissive mode
2021-03-08T19:13:58.266130-05:00 INFO kernel: [    0.007072] Mount-cache hash table entries: 8192 (order: 4, 65536 bytes)
2021-03-08T19:13:58.266137-05:00 INFO kernel: [    0.007078] Mountpoint-cache hash table entries: 8192 (order: 4, 65536 bytes)
2021-03-08T19:13:58.266141-05:00 INFO kernel: [    0.007435] Initializing cgroup subsys devices
2021-03-08T19:13:58.266143-05:00 INFO kernel: [    0.007444] Initializing cgroup subsys freezer
2021-03-08T19:13:58.266145-05:00 INFO kernel: [    0.007468] CPU: Physical Processor ID: 0
2021-03-08T19:13:58.266147-05:00 INFO kernel: [    0.007472] CPU: Processor Core ID: 0
2021-03-08T19:13:58.266150-05:00 WARNING kernel: [    0.007477] ENERGY_PERF_BIAS: Set to 'normal', was 'performance'
2021-03-08T19:13:58.266152-05:00 WARNING kernel: [    0.007480] ENERGY_PERF_BIAS: View and update with x86_energy_perf_policy(8)
2021-03-08T19:13:58.266159-05:00 INFO kernel: [    0.007485] Disabling VMX on cpu 0
2021-03-08T19:13:58.266162-05:00 INFO kernel: [    0.012265] mce: CPU supports 6 MCE banks
2021-03-08T19:13:58.266164-05:00 INFO kernel: [    0.012279] CPU0: Thermal monitoring enabled (TM1)
2021-03-08T19:13:58.266167-05:00 INFO kernel: [    0.012285] process: using mwait in idle threads
2021-03-08T19:13:58.266169-05:00 INFO kernel: [    0.012290] Last level iTLB entries: 4KB 48, 2MB 0, 4MB 0
2021-03-08T19:13:58.266171-05:00 INFO kernel: [    0.012294] Last level dTLB entries: 4KB 128, 2MB 16, 4MB 16, 1GB 0
2021-03-08T19:13:58.266178-05:00 INFO kernel: [    0.012306] Spectre V2 : Mitigation: Full generic retpoline
2021-03-08T19:13:58.266181-05:00 INFO kernel: [    0.012309] Spectre V2 : Spectre v2 / SpectreRSB mitigation: Filling RSB on context switch
2021-03-08T19:13:58.266184-05:00 INFO kernel: [    0.012312] Spectre V2 : Enabling Restricted Speculation for firmware calls
2021-03-08T19:13:58.266186-05:00 INFO kernel: [    0.012319] Spectre V2 : mitigation: Enabling conditional Indirect Branch Prediction Barrier
2021-03-08T19:13:58.266188-05:00 INFO kernel: [    0.012322] Spectre V2 : User space: Mitigation: STIBP via seccomp and prctl
2021-03-08T19:13:58.266190-05:00 INFO kernel: [    0.012326] MDS: Mitigation: Clear CPU buffers
2021-03-08T19:13:58.266193-05:00 INFO kernel: [    0.012881] Freeing SMP alternatives memory: 32K
2021-03-08T19:13:58.266200-05:00 INFO kernel: [    0.013978] ftrace: allocating 30825 entries in 121 pages
2021-03-08T19:13:58.266203-05:00 INFO kernel: [    0.048219] ..TIMER: vector=0x30 apic1=0 pin1=2 apic2=-1 pin2=-1
2021-03-08T19:13:58.266205-05:00 DEBUG kernel: [    0.058249] TSC deadline timer enabled
2021-03-08T19:13:58.266208-05:00 INFO kernel: [    0.058255] smpboot: CPU0: Intel(R) Celeron(R) CPU  N2940  @ 1.83GHz (family: 0x6, model: 0x37, stepping: 0x8)
2021-03-08T19:13:58.266210-05:00 INFO kernel: [    0.058295] Performance Events: PEBS fmt2+, 8-deep LBR, Silvermont events, full-width counters, Intel PMU driver.
2021-03-08T19:13:58.266212-05:00 INFO kernel: [    0.058313] ... version:                3
2021-03-08T19:13:58.266220-05:00 INFO kernel: [    0.058316] ... bit width:              40
2021-03-08T19:13:58.266223-05:00 INFO kernel: [    0.058319] ... generic registers:      2
2021-03-08T19:13:58.266225-05:00 INFO kernel: [    0.058322] ... value mask:             000000ffffffffff
2021-03-08T19:13:58.266227-05:00 INFO kernel: [    0.058324] ... max period:             0000007fffffffff
2021-03-08T19:13:58.266230-05:00 INFO kernel: [    0.058327] ... fixed-purpose events:   3
2021-03-08T19:13:58.266232-05:00 INFO kernel: [    0.058330] ... event mask:             0000000700000003
2021-03-08T19:13:58.266239-05:00 INFO kernel: [    0.067349] x86: Booting SMP configuration:
2021-03-08T19:13:58.266242-05:00 INFO kernel: [    0.067355] .... node  #0, CPUs:      #1
2021-03-08T19:13:58.266245-05:00 INFO kernel: [    0.067499] Disabling VMX on cpu 1
2021-03-08T19:13:58.266247-05:00 INFO kernel: [    0.074529] NMI watchdog: enabled on all CPUs, permanently consumes one hw-PMU counter.
2021-03-08T19:13:58.266249-05:00 WARNING kernel: [    0.077359]  #2
2021-03-08T19:13:58.266251-05:00 INFO kernel: [    0.079681] Disabling VMX on cpu 2
2021-03-08T19:13:58.266253-05:00 WARNING kernel: [    0.089543]  #3<6>[    0.089619] Disabling VMX on cpu 3
2021-03-08T19:13:58.266260-05:00 INFO kernel: [    0.096471] x86: Booted up 1 node, 4 CPUs
2021-03-08T19:13:58.266264-05:00 INFO kernel: [    0.096479] smpboot: Total of 4 processors activated (14643.20 BogoMIPS)
2021-03-08T19:13:58.266266-05:00 INFO kernel: [    0.097029] CPU3: update max cpu_capacity 1024
2021-03-08T19:13:58.266268-05:00 INFO kernel: [    0.097481] devtmpfs: initialized
2021-03-08T19:13:58.266270-05:00 INFO kernel: [    0.098480] CPU3: update max cpu_capacity 1024
2021-03-08T19:13:58.266273-05:00 INFO kernel: [    0.098569] clocksource: jiffies: mask: 0xffffffff max_cycles: 0xffffffff, max_idle_ns: 1911260446275000 ns
2021-03-08T19:13:58.266280-05:00 INFO kernel: [    0.098583] futex hash table entries: 1024 (order: 4, 65536 bytes)
2021-03-08T19:13:58.266283-05:00 INFO kernel: [    0.098790] pinctrl core: initialized pinctrl subsystem
2021-03-08T19:13:58.266285-05:00 INFO kernel: [    0.098871] RTC time:  0:13:56, date: 03/09/21
2021-03-08T19:13:58.266287-05:00 INFO kernel: [    0.099181] NET: Registered protocol family 16
2021-03-08T19:13:58.266290-05:00 INFO kernel: [    0.104495] cpuidle: using governor ladder
2021-03-08T19:13:58.266292-05:00 INFO kernel: [    0.108511] cpuidle: using governor menu
2021-03-08T19:13:58.266294-05:00 INFO kernel: [    0.108855] clocksource: Switched to clocksource refined-jiffies
2021-03-08T19:13:58.266301-05:00 INFO kernel: [    0.108865] ACPI: bus type PCI registered
2021-03-08T19:13:58.266304-05:00 INFO kernel: [    0.108992] PCI: MMCONFIG for domain 0000 [bus 00-ff] at [mem 0xe0000000-0xefffffff] (base 0xe0000000)
2021-03-08T19:13:58.266307-05:00 INFO kernel: [    0.108998] PCI: MMCONFIG at [mem 0xe0000000-0xefffffff] reserved in E820
2021-03-08T19:13:58.266309-05:00 INFO kernel: [    0.109039] PCI: Using configuration type 1 for base access
2021-03-08T19:13:58.266311-05:00 INFO kernel: [    0.119357] ACPI: Added _OSI(Module Device)
2021-03-08T19:13:58.266313-05:00 INFO kernel: [    0.119363] ACPI: Added _OSI(Processor Device)
2021-03-08T19:13:58.266321-05:00 INFO kernel: [    0.119367] ACPI: Added _OSI(3.0 _SCP Extensions)
2021-03-08T19:13:58.266324-05:00 INFO kernel: [    0.119371] ACPI: Added _OSI(Processor Aggregator Device)
2021-03-08T19:13:58.266326-05:00 INFO kernel: [    0.128418] ACPI : EC: EC started
2021-03-08T19:13:58.266329-05:00 INFO kernel: [    0.128617] ACPI: Interpreter enabled
2021-03-08T19:13:58.266331-05:00 INFO kernel: [    0.128658] ACPI: (supports S0 S3 S5)
2021-03-08T19:13:58.266333-05:00 INFO kernel: [    0.128662] ACPI: Using IOAPIC for interrupt routing
2021-03-08T19:13:58.266335-05:00 INFO kernel: [    0.128716] PCI: Using host bridge windows from ACPI; if necessary, use "pci=nocrs" and report a bug
2021-03-08T19:13:58.266346-05:00 INFO kernel: [    0.138425] ACPI: Power Resource [PLPE] (on)
2021-03-08T19:13:58.266349-05:00 INFO kernel: [    0.141017] ACPI: PCI Root Bridge [PCI0] (domain 0000 [bus 00-ff])
2021-03-08T19:13:58.266351-05:00 INFO kernel: [    0.141031] acpi PNP0A08:00: _OSC: OS supports [ExtendedConfig ASPM ClockPM Segments MSI]
2021-03-08T19:13:58.266353-05:00 INFO kernel: [    0.141154] acpi PNP0A08:00: _OSC: OS now controls [PCIeHotplug PME AER PCIeCapability]
2021-03-08T19:13:58.266356-05:00 INFO kernel: [    0.141367] PCI host bridge to bus 0000:00
2021-03-08T19:13:58.266358-05:00 INFO kernel: [    0.141375] pci_bus 0000:00: root bus resource [io  0x0000-0x0cf7 window]
2021-03-08T19:13:58.266373-05:00 INFO kernel: [    0.141381] pci_bus 0000:00: root bus resource [io  0x0d00-0xffff window]
2021-03-08T19:13:58.266377-05:00 INFO kernel: [    0.141387] pci_bus 0000:00: root bus resource [mem 0x000a0000-0x000bffff window]
2021-03-08T19:13:58.266380-05:00 INFO kernel: [    0.141392] pci_bus 0000:00: root bus resource [mem 0x000c0000-0x000c3fff window]
2021-03-08T19:13:58.266382-05:00 INFO kernel: [    0.141397] pci_bus 0000:00: root bus resource [mem 0x000c4000-0x000c7fff window]
2021-03-08T19:13:58.266384-05:00 INFO kernel: [    0.141402] pci_bus 0000:00: root bus resource [mem 0x000c8000-0x000cbfff window]
2021-03-08T19:13:58.266386-05:00 INFO kernel: [    0.141408] pci_bus 0000:00: root bus resource [mem 0x000cc000-0x000cffff window]
2021-03-08T19:13:58.266389-05:00 INFO kernel: [    0.141413] pci_bus 0000:00: root bus resource [mem 0x000d0000-0x000d3fff window]
2021-03-08T19:13:58.266399-05:00 INFO kernel: [    0.141418] pci_bus 0000:00: root bus resource [mem 0x000d4000-0x000d7fff window]
2021-03-08T19:13:58.266561-05:00 INFO kernel: [    0.141423] pci_bus 0000:00: root bus resource [mem 0x000d8000-0x000dbfff window]
2021-03-08T19:13:58.266565-05:00 INFO kernel: [    0.141428] pci_bus 0000:00: root bus resource [mem 0x000dc000-0x000dffff window]
2021-03-08T19:13:58.266568-05:00 INFO kernel: [    0.141433] pci_bus 0000:00: root bus resource [mem 0x000e0000-0x000e3fff window]
2021-03-08T19:13:58.266570-05:00 INFO kernel: [    0.141439] pci_bus 0000:00: root bus resource [mem 0x000e4000-0x000e7fff window]
2021-03-08T19:13:58.266572-05:00 INFO kernel: [    0.141444] pci_bus 0000:00: root bus resource [mem 0x000e8000-0x000ebfff window]
2021-03-08T19:13:58.266584-05:00 INFO kernel: [    0.141449] pci_bus 0000:00: root bus resource [mem 0x000ec000-0x000effff window]
2021-03-08T19:13:58.266588-05:00 INFO kernel: [    0.141454] pci_bus 0000:00: root bus resource [mem 0x000f0000-0x000fffff window]
2021-03-08T19:13:58.266591-05:00 INFO kernel: [    0.141459] pci_bus 0000:00: root bus resource [mem 0x80000000-0xfeafffff window]
2021-03-08T19:13:58.266593-05:00 INFO kernel: [    0.141465] pci_bus 0000:00: root bus resource [mem 0xfed40000-0xfed44fff window]
2021-03-08T19:13:58.266596-05:00 INFO kernel: [    0.141470] pci_bus 0000:00: root bus resource [bus 00-ff]
2021-03-08T19:13:58.266598-05:00 DEBUG kernel: [    0.141487] pci 0000:00:00.0: [8086:0f00] type 00 class 0x060000
2021-03-08T19:13:58.266600-05:00 DEBUG kernel: [    0.141650] pci 0000:00:02.0: [8086:0f31] type 00 class 0x030000
2021-03-08T19:13:58.266610-05:00 DEBUG kernel: [    0.141677] pci 0000:00:02.0: reg 0x10: [mem 0xd0000000-0xd03fffff]
2021-03-08T19:13:58.266614-05:00 DEBUG kernel: [    0.141693] pci 0000:00:02.0: reg 0x18: [mem 0xc0000000-0xcfffffff pref]
2021-03-08T19:13:58.266617-05:00 DEBUG kernel: [    0.141709] pci 0000:00:02.0: reg 0x20: [io  0x1000-0x1007]
2021-03-08T19:13:58.266619-05:00 DEBUG kernel: [    0.141879] pci 0000:00:14.0: [8086:0f35] type 00 class 0x0c0330
2021-03-08T19:13:58.266621-05:00 DEBUG kernel: [    0.141914] pci 0000:00:14.0: reg 0x10: [mem 0xd0900000-0xd090ffff 64bit]
2021-03-08T19:13:58.266623-05:00 DEBUG kernel: [    0.141980] pci 0000:00:14.0: PME# supported from D3hot D3cold
2021-03-08T19:13:58.266633-05:00 INFO kernel: [    0.142038] pci 0000:00:14.0: System wakeup disabled by ACPI
2021-03-08T19:13:58.266636-05:00 DEBUG kernel: [    0.142152] pci 0000:00:1a.0: [8086:0f18] type 00 class 0x108000
2021-03-08T19:13:58.266639-05:00 DEBUG kernel: [    0.142199] pci 0000:00:1a.0: reg 0x10: [mem 0xd0600000-0xd06fffff]
2021-03-08T19:13:58.266641-05:00 DEBUG kernel: [    0.142217] pci 0000:00:1a.0: reg 0x14: [mem 0xd0700000-0xd07fffff]
2021-03-08T19:13:58.266643-05:00 DEBUG kernel: [    0.142322] pci 0000:00:1a.0: PME# supported from D0 D3hot
2021-03-08T19:13:58.266645-05:00 DEBUG kernel: [    0.142455] pci 0000:00:1b.0: [8086:0f04] type 00 class 0x040300
2021-03-08T19:13:58.266648-05:00 DEBUG kernel: [    0.142494] pci 0000:00:1b.0: reg 0x10: [mem 0xd0914000-0xd0917fff 64bit]
2021-03-08T19:13:58.266657-05:00 DEBUG kernel: [    0.142571] pci 0000:00:1b.0: PME# supported from D0 D3hot D3cold
2021-03-08T19:13:58.266661-05:00 DEBUG kernel: [    0.142697] pci 0000:00:1c.0: [8086:0f48] type 01 class 0x060400
2021-03-08T19:13:58.266664-05:00 DEBUG kernel: [    0.142784] pci 0000:00:1c.0: PME# supported from D0 D3hot D3cold
2021-03-08T19:13:58.266666-05:00 DEBUG kernel: [    0.142936] pci 0000:00:1f.0: [8086:0f1c] type 00 class 0x060100
2021-03-08T19:13:58.266668-05:00 DEBUG kernel: [    0.143255] pci 0000:01:00.0: [8086:08b2] type 00 class 0x028000
2021-03-08T19:13:58.266670-05:00 DEBUG kernel: [    0.143337] pci 0000:01:00.0: reg 0x10: [mem 0xd0800000-0xd0801fff 64bit]
2021-03-08T19:13:58.266672-05:00 DEBUG kernel: [    0.143540] pci 0000:01:00.0: PME# supported from D0 D3hot D3cold
2021-03-08T19:13:58.266682-05:00 INFO kernel: [    0.144843] pci 0000:00:1c.0: PCI bridge to [bus 01]
2021-03-08T19:13:58.266685-05:00 DEBUG kernel: [    0.144854] pci 0000:00:1c.0:   bridge window [mem 0xd0800000-0xd08fffff]
2021-03-08T19:13:58.266688-05:00 DEBUG kernel: [    0.144870] pci_bus 0000:00: on NUMA node 0
2021-03-08T19:13:58.266690-05:00 INFO kernel: [    0.145174] ACPI: PCI Interrupt Link [LNKA] (IRQs 1 3 4 5 6 7 10 12 14 15) *0
2021-03-08T19:13:58.266693-05:00 INFO kernel: [    0.145329] ACPI: PCI Interrupt Link [LNKB] (IRQs 1 3 4 5 6 7 11 12 14 15) *0
2021-03-08T19:13:58.266695-05:00 INFO kernel: [    0.145478] ACPI: PCI Interrupt Link [LNKC] (IRQs 1 3 4 5 6 7 10 12 14 15) *0
2021-03-08T19:13:58.266704-05:00 INFO kernel: [    0.145625] ACPI: PCI Interrupt Link [LNKD] (IRQs 1 3 4 5 6 7 11 12 14 15) *0
2021-03-08T19:13:58.266708-05:00 INFO kernel: [    0.145773] ACPI: PCI Interrupt Link [LNKE] (IRQs 1 3 4 5 6 7 10 12 14 15) *0
2021-03-08T19:13:58.266711-05:00 INFO kernel: [    0.145932] ACPI: PCI Interrupt Link [LNKF] (IRQs 1 3 4 5 6 7 11 12 14 15) *0
2021-03-08T19:13:58.266713-05:00 INFO kernel: [    0.146080] ACPI: PCI Interrupt Link [LNKG] (IRQs 1 3 4 5 6 7 10 12 14 15) *0
2021-03-08T19:13:58.266715-05:00 INFO kernel: [    0.146228] ACPI: PCI Interrupt Link [LNKH] (IRQs 1 3 4 5 6 7 11 12 14 15) *0
2021-03-08T19:13:58.266718-05:00 DEBUG kernel: [    0.147021] gpiochip_find_base: found new base at 410
2021-03-08T19:13:58.266720-05:00 DEBUG kernel: [    0.147086] gpiochip_add_data: registered GPIOs 410 to 511 on device: INT33FC:00
2021-03-08T19:13:58.266729-05:00 DEBUG kernel: [    0.147820] gpiochip_find_base: found new base at 382
2021-03-08T19:13:58.266733-05:00 DEBUG kernel: [    0.147891] gpiochip_add_data: registered GPIOs 382 to 409 on device: INT33FC:01
2021-03-08T19:13:58.266735-05:00 DEBUG kernel: [    0.148215] gpiochip_find_base: found new base at 338
2021-03-08T19:13:58.266738-05:00 DEBUG kernel: [    0.148280] gpiochip_add_data: registered GPIOs 338 to 381 on device: INT33FC:02
2021-03-08T19:13:58.266740-05:00 INFO kernel: [    0.153224] ACPI : EC: GPE = 0x18, I/O: command/status = 0x66, data = 0x62
2021-03-08T19:13:58.266742-05:00 ERR kernel: [    0.153360] dw_dmac INTL9C60:00: Missing DT data
2021-03-08T19:13:58.266751-05:00 INFO kernel: [    0.153749] dw_dmac INTL9C60:00: DesignWare DMA Controller, 8 channels
2021-03-08T19:13:58.266755-05:00 ERR kernel: [    0.153785] dw_dmac INTL9C60:01: Missing DT data
2021-03-08T19:13:58.266758-05:00 INFO kernel: [    0.154162] dw_dmac INTL9C60:01: DesignWare DMA Controller, 8 channels
2021-03-08T19:13:58.266760-05:00 NOTICE kernel: [    0.154416] SCSI subsystem initialized
2021-03-08T19:13:58.266762-05:00 DEBUG kernel: [    0.154547] libata version 3.00 loaded.
2021-03-08T19:13:58.266764-05:00 INFO kernel: [    0.154648] ACPI: bus type USB registered
2021-03-08T19:13:58.266766-05:00 INFO kernel: [    0.154703] usbcore: registered new interface driver usbfs
2021-03-08T19:13:58.266775-05:00 INFO kernel: [    0.154730] usbcore: registered new interface driver hub
2021-03-08T19:13:58.266779-05:00 INFO kernel: [    0.154778] usbcore: registered new device driver usb
2021-03-08T19:13:58.266782-05:00 INFO kernel: [    0.177797] media: Linux media interface: v0.10
2021-03-08T19:13:58.266784-05:00 INFO kernel: [    0.177827] Linux video capture interface: v2.00
2021-03-08T19:13:58.266786-05:00 NOTICE kernel: [    0.178161] chromeos_acpi: registering CHSW 0
2021-03-08T19:13:58.266788-05:00 NOTICE kernel: [    0.178547] chromeos_acpi: registering VBNV 0
2021-03-08T19:13:58.266797-05:00 NOTICE kernel: [    0.178555] chromeos_acpi: registering VBNV 1
2021-03-08T19:13:58.266801-05:00 INFO kernel: [    0.179040] chromeos_acpi: truncating buffer from 3072 to 1336
2021-03-08T19:13:58.266804-05:00 INFO kernel: [    0.179422] chromeos_acpi: installed
2021-03-08T19:13:58.266806-05:00 INFO kernel: [    0.179426] chromeos_acpi: chromeos_acpi: enabling S3 USB wake
2021-03-08T19:13:58.266808-05:00 INFO kernel: [    0.179520] Advanced Linux Sound Architecture Driver Initialized.
2021-03-08T19:13:58.266810-05:00 INFO kernel: [    0.179527] PCI: Using ACPI for IRQ routing
2021-03-08T19:13:58.266813-05:00 DEBUG kernel: [    0.186124] PCI: pci_cache_line_size set to 64 bytes
2021-03-08T19:13:58.266822-05:00 DEBUG kernel: [    0.186184] e820: reserve RAM buffer [mem 0x7ae6e000-0x7bffffff]
2021-03-08T19:13:58.266826-05:00 NOTICE kernel: [    0.186902] amd_nb: Cannot enumerate AMD northbridges
2021-03-08T19:13:58.266829-05:00 INFO kernel: [    0.209335] pnp: PnP ACPI init
2021-03-08T19:13:58.266831-05:00 INFO kernel: [    0.209550] system 00:00: [mem 0xfeb00000-0xfebfffff] has been reserved
2021-03-08T19:13:58.266833-05:00 INFO kernel: [    0.209559] system 00:00: [mem 0xe0000000-0xefffffff] could not be reserved
2021-03-08T19:13:58.266835-05:00 INFO kernel: [    0.209566] system 00:00: [mem 0xfed03000-0xfed033ff] has been reserved
2021-03-08T19:13:58.266846-05:00 INFO kernel: [    0.209572] system 00:00: [mem 0xfed08000-0xfed083ff] has been reserved
2021-03-08T19:13:58.266849-05:00 INFO kernel: [    0.209578] system 00:00: [mem 0xfed01000-0xfed013ff] has been reserved
2021-03-08T19:13:58.266852-05:00 INFO kernel: [    0.209584] system 00:00: [mem 0xfef00000-0xfeffffff] has been reserved
2021-03-08T19:13:58.266854-05:00 INFO kernel: [    0.209590] system 00:00: [mem 0xfed05000-0xfed057ff] has been reserved
2021-03-08T19:13:58.266856-05:00 INFO kernel: [    0.209596] system 00:00: [mem 0xfed1c000-0xfed1c3ff] has been reserved
2021-03-08T19:13:58.266859-05:00 DEBUG kernel: [    0.209608] system 00:00: Plug and Play ACPI device, IDs PNP0c02 (active)
2021-03-08T19:13:58.266861-05:00 INFO kernel: [    0.210061] system 00:01: [mem 0xfed00000-0xfed003ff] has been reserved
2021-03-08T19:13:58.266871-05:00 DEBUG kernel: [    0.210072] system 00:01: Plug and Play ACPI device, IDs PNP0103 PNP0c01 (active)
2021-03-08T19:13:58.266875-05:00 DEBUG kernel: [    0.210190] system 00:02: Plug and Play ACPI device, IDs PNP0c02 (active)
2021-03-08T19:13:58.266877-05:00 DEBUG kernel: [    0.210261] pnp 00:03: Plug and Play ACPI device, IDs PNP0b00 (active)
2021-03-08T19:13:58.266879-05:00 INFO kernel: [    0.210384] system 00:04: [io  0x0900-0x09fe] has been reserved
2021-03-08T19:13:58.266882-05:00 DEBUG kernel: [    0.210395] system 00:04: Plug and Play ACPI device, IDs PNP0c02 (active)
2021-03-08T19:13:58.266884-05:00 INFO kernel: [    0.210505] system 00:05: [io  0x0200] has been reserved
2021-03-08T19:13:58.266886-05:00 INFO kernel: [    0.210512] system 00:05: [io  0x0204] has been reserved
2021-03-08T19:13:58.266896-05:00 INFO kernel: [    0.210519] system 00:05: [io  0x0800-0x087f] has been reserved
2021-03-08T19:13:58.266900-05:00 INFO kernel: [    0.210524] system 00:05: [io  0x0880-0x08ff] has been reserved
2021-03-08T19:13:58.266902-05:00 DEBUG kernel: [    0.210534] system 00:05: Plug and Play ACPI device, IDs PNP0c02 (active)
2021-03-08T19:13:58.266904-05:00 DEBUG kernel: [    0.210647] pnp 00:06: Plug and Play ACPI device, IDs PNP0303 PNP030b (active)
2021-03-08T19:13:58.266907-05:00 DEBUG kernel: [    0.210783] pnp 00:07: Plug and Play ACPI device, IDs IFX0102 PNP0c31 (active)
2021-03-08T19:13:58.266909-05:00 INFO kernel: [    0.211771] pnp: PnP ACPI: found 8 devices
2021-03-08T19:13:58.266920-05:00 INFO kernel: [    0.217230] clocksource: acpi_pm: mask: 0xffffff max_cycles: 0xffffff, max_idle_ns: 2085701024 ns
2021-03-08T19:13:58.266923-05:00 INFO kernel: [    0.217263] clocksource: Switched to clocksource acpi_pm
2021-03-08T19:13:58.266926-05:00 INFO kernel: [    0.217402] pci 0000:00:1c.0: PCI bridge to [bus 01]
2021-03-08T19:13:58.266928-05:00 INFO kernel: [    0.217412] pci 0000:00:1c.0:   bridge window [mem 0xd0800000-0xd08fffff]
2021-03-08T19:13:58.266930-05:00 DEBUG kernel: [    0.217425] pci_bus 0000:00: resource 4 [io  0x0000-0x0cf7 window]
2021-03-08T19:13:58.266932-05:00 DEBUG kernel: [    0.217430] pci_bus 0000:00: resource 5 [io  0x0d00-0xffff window]
2021-03-08T19:13:58.266935-05:00 DEBUG kernel: [    0.217436] pci_bus 0000:00: resource 6 [mem 0x000a0000-0x000bffff window]
2021-03-08T19:13:58.266944-05:00 DEBUG kernel: [    0.217441] pci_bus 0000:00: resource 7 [mem 0x000c0000-0x000c3fff window]
2021-03-08T19:13:58.266948-05:00 DEBUG kernel: [    0.217446] pci_bus 0000:00: resource 8 [mem 0x000c4000-0x000c7fff window]
2021-03-08T19:13:58.266950-05:00 DEBUG kernel: [    0.217451] pci_bus 0000:00: resource 9 [mem 0x000c8000-0x000cbfff window]
2021-03-08T19:13:58.266953-05:00 DEBUG kernel: [    0.217456] pci_bus 0000:00: resource 10 [mem 0x000cc000-0x000cffff window]
2021-03-08T19:13:58.266955-05:00 DEBUG kernel: [    0.217461] pci_bus 0000:00: resource 11 [mem 0x000d0000-0x000d3fff window]
2021-03-08T19:13:58.266957-05:00 DEBUG kernel: [    0.217467] pci_bus 0000:00: resource 12 [mem 0x000d4000-0x000d7fff window]
2021-03-08T19:13:58.266967-05:00 DEBUG kernel: [    0.217472] pci_bus 0000:00: resource 13 [mem 0x000d8000-0x000dbfff window]
2021-03-08T19:13:58.267150-05:00 DEBUG kernel: [    0.217477] pci_bus 0000:00: resource 14 [mem 0x000dc000-0x000dffff window]
2021-03-08T19:13:58.267156-05:00 DEBUG kernel: [    0.217482] pci_bus 0000:00: resource 15 [mem 0x000e0000-0x000e3fff window]
2021-03-08T19:13:58.267158-05:00 DEBUG kernel: [    0.217487] pci_bus 0000:00: resource 16 [mem 0x000e4000-0x000e7fff window]
2021-03-08T19:13:58.267161-05:00 DEBUG kernel: [    0.217492] pci_bus 0000:00: resource 17 [mem 0x000e8000-0x000ebfff window]
2021-03-08T19:13:58.267163-05:00 DEBUG kernel: [    0.217497] pci_bus 0000:00: resource 18 [mem 0x000ec000-0x000effff window]
2021-03-08T19:13:58.267165-05:00 DEBUG kernel: [    0.217502] pci_bus 0000:00: resource 19 [mem 0x000f0000-0x000fffff window]
2021-03-08T19:13:58.267177-05:00 DEBUG kernel: [    0.217508] pci_bus 0000:00: resource 20 [mem 0x80000000-0xfeafffff window]
2021-03-08T19:13:58.267181-05:00 DEBUG kernel: [    0.217513] pci_bus 0000:00: resource 21 [mem 0xfed40000-0xfed44fff window]
2021-03-08T19:13:58.267184-05:00 DEBUG kernel: [    0.217519] pci_bus 0000:01: resource 1 [mem 0xd0800000-0xd08fffff]
2021-03-08T19:13:58.267186-05:00 INFO kernel: [    0.217580] NET: Registered protocol family 2
2021-03-08T19:13:58.267188-05:00 INFO kernel: [    0.217876] TCP established hash table entries: 32768 (order: 6, 262144 bytes)
2021-03-08T19:13:58.267190-05:00 INFO kernel: [    0.217985] TCP bind hash table entries: 32768 (order: 8, 1048576 bytes)
2021-03-08T19:13:58.267200-05:00 INFO kernel: [    0.218382] TCP: Hash tables configured (established 32768 bind 32768)
2021-03-08T19:13:58.267204-05:00 INFO kernel: [    0.218459] UDP hash table entries: 2048 (order: 5, 196608 bytes)
2021-03-08T19:13:58.267207-05:00 INFO kernel: [    0.218531] UDP-Lite hash table entries: 2048 (order: 5, 196608 bytes)
2021-03-08T19:13:58.267209-05:00 INFO kernel: [    0.218723] NET: Registered protocol family 1
2021-03-08T19:13:58.267211-05:00 DEBUG kernel: [    0.218764] pci 0000:00:02.0: Video device with shadowed ROM
2021-03-08T19:13:58.267213-05:00 DEBUG kernel: [    0.220071] PCI: CLS 64 bytes, default 64
2021-03-08T19:13:58.267216-05:00 INFO kernel: [    0.220212] PCI-DMA: Using software bounce buffering for IO (SWIOTLB)
2021-03-08T19:13:58.267226-05:00 INFO kernel: [    0.220219] software IO TLB: mapped [mem 0x76e6e000-0x7ae6e000] (64MB)
2021-03-08T19:13:58.267230-05:00 INFO kernel: [    0.221445] Scanning for low memory corruption every 60 seconds
2021-03-08T19:13:58.267232-05:00 INFO kernel: [    0.222338] audit: initializing netlink subsys (disabled)
2021-03-08T19:13:58.267234-05:00 NOTICE kernel: [    0.222370] audit: type=2000 audit(1615248836.164:1): initialized
2021-03-08T19:13:58.267236-05:00 NOTICE kernel: [    0.227528] VFS: Disk quotas dquot_6.6.0
2021-03-08T19:13:58.267239-05:00 INFO kernel: [    0.227625] VFS: Dquot-cache hash table entries: 512 (order 0, 4096 bytes)
2021-03-08T19:13:58.267241-05:00 INFO kernel: [    0.228439] squashfs: version 4.0 (2009/01/31) Phillip Lougher
2021-03-08T19:13:58.267250-05:00 INFO kernel: [    0.228796] Registering esdfs 0.2
2021-03-08T19:13:58.267254-05:00 INFO kernel: [    0.228917] device_jail: allocated device range 261095424 -> 261095680
2021-03-08T19:13:58.267257-05:00 INFO kernel: [    0.229153] alt_syscall: table 'read_write_test' available.
2021-03-08T19:13:58.267259-05:00 INFO kernel: [    0.229177] alt_syscall: table 'android' available.
2021-03-08T19:13:58.267261-05:00 INFO kernel: [    0.229198] alt_syscall: table 'android_permissive' available.
2021-03-08T19:13:58.267263-05:00 INFO kernel: [    0.229215] alt_syscall: table 'third_party' available.
2021-03-08T19:13:58.267273-05:00 INFO kernel: [    0.229233] alt_syscall: table 'third_party_permissive' available.
2021-03-08T19:13:58.267277-05:00 INFO kernel: [    0.229250] alt_syscall: table 'complete' available.
2021-03-08T19:13:58.267279-05:00 INFO kernel: [    0.229266] alt_syscall: table 'complete_permissive' available.
2021-03-08T19:13:58.267281-05:00 DEBUG kernel: [    0.229273] SELinux:  Registering netfilter hooks
2021-03-08T19:13:58.267284-05:00 INFO kernel: [    0.232486] Block layer SCSI generic (bsg) driver version 0.4 loaded (major 248)
2021-03-08T19:13:58.267286-05:00 INFO kernel: [    0.232498] io scheduler noop registered
2021-03-08T19:13:58.267288-05:00 INFO kernel: [    0.232505] io scheduler deadline registered
2021-03-08T19:13:58.267298-05:00 INFO kernel: [    0.232636] io scheduler cfq registered (default)
2021-03-08T19:13:58.267302-05:00 DEBUG kernel: [    0.233767] aer 0000:00:1c.0:pcie02: service driver aer loaded
2021-03-08T19:13:58.267304-05:00 INFO kernel: [    0.233812] pcieport 0000:00:1c.0: Signaling PME through PCIe PME interrupt
2021-03-08T19:13:58.267306-05:00 INFO kernel: [    0.233818] pci 0000:01:00.0: Signaling PME through PCIe PME interrupt
2021-03-08T19:13:58.267309-05:00 DEBUG kernel: [    0.233825] pcie_pme 0000:00:1c.0:pcie01: service driver pcie_pme loaded
2021-03-08T19:13:58.267311-05:00 INFO kernel: [    0.233845] pci_hotplug: PCI Hot Plug PCI Core version: 0.5
2021-03-08T19:13:58.267321-05:00 INFO kernel: [    0.233866] pciehp: PCI Express Hot Plug Controller Driver version: 0.4
2021-03-08T19:13:58.267325-05:00 DEBUG kernel: [    0.233902] intel_idle: MWAIT substates: 0x33000020
2021-03-08T19:13:58.267328-05:00 DEBUG kernel: [    0.233905] intel_idle: v0.4.1 model 0x37
2021-03-08T19:13:58.267330-05:00 DEBUG kernel: [    0.234378] intel_idle: lapic_timer_reliable_states 0xffffffff
2021-03-08T19:13:58.267332-05:00 INFO kernel: [    0.234525] ACPI: AC Adapter [AC] (off-line)
2021-03-08T19:13:58.267334-05:00 INFO kernel: [    0.234714] input: Lid Switch as /devices/LNXSYSTM:00/LNXSYBUS:00/PNP0C0D:00/input/input0
2021-03-08T19:13:58.267337-05:00 INFO kernel: [    0.234804] ACPI: Lid Switch [LID0]
2021-03-08T19:13:58.267346-05:00 INFO kernel: [    0.234912] input: Power Button as /devices/LNXSYSTM:00/LNXSYBUS:00/PNP0C0C:00/input/input1
2021-03-08T19:13:58.267350-05:00 INFO kernel: [    0.234917] ACPI: Power Button [PWRB]
2021-03-08T19:13:58.267353-05:00 INFO kernel: [    0.235019] input: Sleep Button as /devices/LNXSYSTM:00/LNXSYBUS:00/PNP0C0E:00/input/input2
2021-03-08T19:13:58.267355-05:00 INFO kernel: [    0.235024] ACPI: Sleep Button [TPAD]
2021-03-08T19:13:58.267357-05:00 INFO kernel: [    0.235125] input: Sleep Button as /devices/LNXSYSTM:00/LNXSYBUS:00/PNP0C0E:01/input/input3
2021-03-08T19:13:58.267360-05:00 INFO kernel: [    0.235130] ACPI: Sleep Button [TSCR]
2021-03-08T19:13:58.267369-05:00 INFO kernel: [    0.235232] input: Power Button as /devices/LNXSYSTM:00/LNXPWRBN:00/input/input4
2021-03-08T19:13:58.267373-05:00 INFO kernel: [    0.235237] ACPI: Power Button [PWRF]
2021-03-08T19:13:58.267375-05:00 INFO kernel: [    0.238110] ACPI: Battery Slot [BAT0] (battery present)
2021-03-08T19:13:58.267378-05:00 WARNING kernel: [    0.239356] hpet_acpi_add: no address or irqs in _CRS
2021-03-08T19:13:58.267380-05:00 INFO kernel: [    0.239894] Non-volatile memory driver v1.3
2021-03-08T19:13:58.267382-05:00 INFO kernel: [    0.240146] Linux agpgart interface v0.103
2021-03-08T19:13:58.267384-05:00 INFO kernel: [    0.269848] tpm_tis tpm_tis: 1.2 TPM (device-id 0xB, rev-id 16)
2021-03-08T19:13:58.267395-05:00 ERR kernel: [    0.474507] tpm_tis 00:07: can't request region for resource [mem 0xfed40000-0xfed44fff]
2021-03-08T19:13:58.267399-05:00 WARNING kernel: [    0.474520] tpm_tis: probe of 00:07 failed with error -16
2021-03-08T19:13:58.267401-05:00 INFO kernel: [    0.474623] [drm] Initialized drm 1.1.0 20060810
2021-03-08T19:13:58.267403-05:00 INFO kernel: [    0.478439] [drm] Memory usable by graphics device = 2048M
2021-03-08T19:13:58.267406-05:00 INFO kernel: [    0.478568] [drm] Supports vblank timestamp caching Rev 2 (21.10.2013).
2021-03-08T19:13:58.267408-05:00 INFO kernel: [    0.478573] [drm] Driver supports precise vblank timestamp query.
2021-03-08T19:13:58.267412-05:00 INFO kernel: [    0.522945] [drm] Use max GFX freq on quad-core Baytrail due to crbug.com/719040
2021-03-08T19:13:58.267422-05:00 INFO kernel: [    0.526566] [drm] Initialized i915 1.6.0 20160411 for 0000:00:02.0 on minor 0
2021-03-08T19:13:58.267425-05:00 INFO kernel: [    0.526944] [drm] Initialized vgem 1.0.0 20120112 on minor 1
2021-03-08T19:13:58.267428-05:00 INFO kernel: [    0.526986] usbcore: registered new interface driver udl
2021-03-08T19:13:58.267430-05:00 INFO kernel: [    0.543423] loop: module loaded
2021-03-08T19:13:58.267432-05:00 INFO kernel: [    0.543448] lkdtm: No crash points registered, enable through debugfs
2021-03-08T19:13:58.267434-05:00 INFO kernel: [    0.545273] PPP generic driver version 2.4.2
2021-03-08T19:13:58.267448-05:00 INFO kernel: [    0.545401] PPP MPPE Compression module registered
2021-03-08T19:13:58.267452-05:00 INFO kernel: [    0.545409] NET: Registered protocol family 24
2021-03-08T19:13:58.267455-05:00 INFO kernel: [    0.545526] ehci_hcd: USB 2.0 'Enhanced' Host Controller (EHCI) Driver
2021-03-08T19:13:58.267457-05:00 INFO kernel: [    0.545535] ehci-pci: EHCI PCI platform driver
2021-03-08T19:13:58.267459-05:00 INFO kernel: [    0.545565] ohci_hcd: USB 1.1 'Open' Host Controller (OHCI) Driver
2021-03-08T19:13:58.267461-05:00 INFO kernel: [    0.545577] ohci-pci: OHCI PCI platform driver
2021-03-08T19:13:58.267463-05:00 INFO kernel: [    0.545606] uhci_hcd: USB Universal Host Controller Interface driver
2021-03-08T19:13:58.267473-05:00 INFO kernel: [    0.546340] xhci_hcd 0000:00:14.0: xHCI Host Controller
2021-03-08T19:13:58.267477-05:00 INFO kernel: [    0.546449] xhci_hcd 0000:00:14.0: new USB bus registered, assigned bus number 1
2021-03-08T19:13:58.267479-05:00 INFO kernel: [    0.547557] xhci_hcd 0000:00:14.0: hcc params 0x200077c1 hci version 0x100 quirks 0x00009810
2021-03-08T19:13:58.267481-05:00 DEBUG kernel: [    0.547567] xhci_hcd 0000:00:14.0: cache line size of 64 is not supported
2021-03-08T19:13:58.267484-05:00 INFO kernel: [    0.547734] usb usb1: New USB device found, idVendor=1d6b, idProduct=0002, bcdDevice= 4.04
2021-03-08T19:13:58.267486-05:00 INFO kernel: [    0.547741] usb usb1: New USB device strings: Mfr=3, Product=2, SerialNumber=1
2021-03-08T19:13:58.267495-05:00 INFO kernel: [    0.547746] usb usb1: Product: xHCI Host Controller
2021-03-08T19:13:58.267499-05:00 INFO kernel: [    0.547750] usb usb1: Manufacturer: Linux 4.4.180-16566-g51163f4278d1 xhci-hcd
2021-03-08T19:13:58.267502-05:00 INFO kernel: [    0.547755] usb usb1: SerialNumber: 0000:00:14.0
2021-03-08T19:13:58.267504-05:00 INFO kernel: [    0.548071] hub 1-0:1.0: USB hub found
2021-03-08T19:13:58.267506-05:00 INFO kernel: [    0.548095] hub 1-0:1.0: 6 ports detected
2021-03-08T19:13:58.267508-05:00 INFO kernel: [    0.548586] xhci_hcd 0000:00:14.0: xHCI Host Controller
2021-03-08T19:13:58.267510-05:00 INFO kernel: [    0.548674] xhci_hcd 0000:00:14.0: new USB bus registered, assigned bus number 2
2021-03-08T19:13:58.267520-05:00 INFO kernel: [    0.548770] usb usb2: New USB device found, idVendor=1d6b, idProduct=0003, bcdDevice= 4.04
2021-03-08T19:13:58.267524-05:00 INFO kernel: [    0.548777] usb usb2: New USB device strings: Mfr=3, Product=2, SerialNumber=1
2021-03-08T19:13:58.267527-05:00 INFO kernel: [    0.548782] usb usb2: Product: xHCI Host Controller
2021-03-08T19:13:58.267529-05:00 INFO kernel: [    0.548786] usb usb2: Manufacturer: Linux 4.4.180-16566-g51163f4278d1 xhci-hcd
2021-03-08T19:13:58.267531-05:00 INFO kernel: [    0.548791] usb usb2: SerialNumber: 0000:00:14.0
2021-03-08T19:13:58.267533-05:00 INFO kernel: [    0.549102] hub 2-0:1.0: USB hub found
2021-03-08T19:13:58.267543-05:00 INFO kernel: [    0.549121] hub 2-0:1.0: 1 port detected
2021-03-08T19:13:58.267547-05:00 INFO kernel: [    0.549378] usbcore: registered new interface driver cdc_acm
2021-03-08T19:13:58.267549-05:00 INFO kernel: [    0.549382] cdc_acm: USB Abstract Control Model driver for USB modems and ISDN adapters
2021-03-08T19:13:58.267551-05:00 INFO kernel: [    0.549410] usbcore: registered new interface driver uas
2021-03-08T19:13:58.267554-05:00 INFO kernel: [    0.549462] usbcore: registered new interface driver usb-storage
2021-03-08T19:13:58.267556-05:00 INFO kernel: [    0.549495] usbcore: registered new interface driver ums-realtek
2021-03-08T19:13:58.267558-05:00 INFO kernel: [    0.549546] usbcore: registered new interface driver usbserial
2021-03-08T19:13:58.267568-05:00 INFO kernel: [    0.549566] usbcore: registered new interface driver usbserial_generic
2021-03-08T19:13:58.267572-05:00 INFO kernel: [    0.549584] usbserial: USB Serial support registered for generic
2021-03-08T19:13:58.267574-05:00 INFO kernel: [    0.549660] i8042: PNP: PS/2 Controller [PNP0303:PS2K] at 0x60,0x64 irq 53
2021-03-08T19:13:58.267576-05:00 WARNING kernel: [    0.549665] i8042: PNP: PS/2 appears to have AUX port disabled, if this is incorrect please boot with i8042.nopnp
2021-03-08T19:13:58.267579-05:00 WARNING kernel: [    0.550196] i8042: Warning: Keylock active
2021-03-08T19:13:58.267581-05:00 INFO kernel: [    0.550347] serio: i8042 KBD port at 0x60,0x64 irq 53
2021-03-08T19:13:58.267757-05:00 INFO kernel: [    0.552190] rtc_cmos 00:03: RTC can wake from S4
2021-03-08T19:13:58.267763-05:00 INFO kernel: [    0.552398] rtc_cmos 00:03: rtc core: registered rtc_cmos as rtc0
2021-03-08T19:13:58.267766-05:00 INFO kernel: [    0.552434] rtc_cmos 00:03: alarms up to one month, 242 bytes nvram
2021-03-08T19:13:58.267768-05:00 INFO kernel: [    0.552457] i2c /dev entries driver
2021-03-08T19:13:58.267770-05:00 INFO kernel: [    0.553426] input: AT Translated Set 2 keyboard as /devices/platform/i8042/serio0/input/input5
2021-03-08T19:13:58.267772-05:00 WARNING kernel: [    0.555006] intel_soc_dts_thermal: request_threaded_irq ret -22
2021-03-08T19:13:58.267775-05:00 INFO kernel: [    0.558308] iTCO_wdt: Intel TCO WatchDog Timer Driver v1.11
2021-03-08T19:13:58.267784-05:00 INFO kernel: [    0.558378] iTCO_wdt: Found a Bay Trail SoC TCO device (Version=3, TCOBASE=0x0460)
2021-03-08T19:13:58.267789-05:00 INFO kernel: [    0.558559] iTCO_wdt: initialized. heartbeat=30 sec (nowayout=0)
2021-03-08T19:13:58.267791-05:00 INFO kernel: [    0.558582] iTCO_vendor_support: vendor-support=0
2021-03-08T19:13:58.267793-05:00 INFO kernel: [    0.558770] device-mapper: ioctl: 4.34.0-ioctl (2015-10-28) initialised: dm-devel@redhat.com
2021-03-08T19:13:58.267796-05:00 INFO kernel: [    0.559923] device-mapper: verity-chromeos: dm-verity-chromeos registered
2021-03-08T19:13:58.267798-05:00 INFO kernel: [    0.559953] Intel P-state driver initializing.
2021-03-08T19:13:58.267807-05:00 INFO kernel: [    0.561097] sdhci: Secure Digital Host Controller Interface driver
2021-03-08T19:13:58.267811-05:00 INFO kernel: [    0.561112] sdhci: Copyright(c) Pierre Ossman
2021-03-08T19:13:58.267814-05:00 INFO kernel: [    0.561728] sdhci-acpi 80860F14:00: No vmmc regulator found
2021-03-08T19:13:58.267816-05:00 INFO kernel: [    0.561750] sdhci-acpi 80860F14:00: No vqmmc regulator found
2021-03-08T19:13:58.267818-05:00 INFO kernel: [    0.565249] mmc0: SDHCI controller on ACPI [80860F14:00] using ADMA
2021-03-08T19:13:58.267820-05:00 DEBUG kernel: [    0.565682] sdhci-acpi 80860F16:00: GPIO lookup for consumer 80860F16:00 cd
2021-03-08T19:13:58.267823-05:00 DEBUG kernel: [    0.565705] sdhci-acpi 80860F16:00: using ACPI for GPIO lookup
2021-03-08T19:13:58.267832-05:00 DEBUG kernel: [    0.565724] acpi 80860F16:00: GPIO: looking up 80860F16:00 cd-gpios
2021-03-08T19:13:58.267836-05:00 DEBUG kernel: [    0.565744] acpi 80860F16:00: GPIO: looking up 80860F16:00 cd-gpio
2021-03-08T19:13:58.267839-05:00 DEBUG kernel: [    0.565761] acpi 80860F16:00: GPIO: looking up 0 in _CRS
2021-03-08T19:13:58.267841-05:00 DEBUG kernel: [    0.566016] sdhci-acpi 80860F16:00: using lookup tables for GPIO lookup
2021-03-08T19:13:58.267843-05:00 DEBUG kernel: [    0.566040] sdhci-acpi 80860F16:00: lookup for GPIO 80860F16:00 cd failed
2021-03-08T19:13:58.267845-05:00 WARNING kernel: [    0.566058] sdhci-acpi 80860F16:00: failed to setup card detect gpio
2021-03-08T19:13:58.267850-05:00 INFO kernel: [    0.566094] sdhci-acpi 80860F16:00: No vmmc regulator found
2021-03-08T19:13:58.267859-05:00 INFO kernel: [    0.566110] sdhci-acpi 80860F16:00: No vqmmc regulator found
2021-03-08T19:13:58.267863-05:00 INFO kernel: [    0.569107] mmc1: SDHCI controller on ACPI [80860F16:00] using ADMA
2021-03-08T19:13:58.267865-05:00 INFO kernel: [    0.571473] gsmi version 1.0 loaded
2021-03-08T19:13:58.267868-05:00 INFO kernel: [    0.571995] hidraw: raw HID events driver (C) Jiri Kosina
2021-03-08T19:13:58.267870-05:00 INFO kernel: [    0.572419] usbcore: registered new interface driver usbhid
2021-03-08T19:13:58.267872-05:00 INFO kernel: [    0.572426] usbhid: USB HID core driver
2021-03-08T19:13:58.267882-05:00 INFO kernel: [    0.572628] ashmem: initialized
2021-03-08T19:13:58.267886-05:00 INFO kernel: [    0.572759] intel_telemetry_core Init
2021-03-08T19:13:58.267888-05:00 INFO kernel: [    0.572771] intel_telemetry: version 1.0.0 loaded
2021-03-08T19:13:58.267891-05:00 INFO kernel: [    0.572924] chromeos ramoops using acpi device.
2021-03-08T19:13:58.267893-05:00 INFO kernel: [    0.573073] pstore: using zlib compression
2021-03-08T19:13:58.267895-05:00 INFO kernel: [    0.574559] console [pstore-1] enabled
2021-03-08T19:13:58.267897-05:00 INFO kernel: [    0.574568] pstore: Registered ramoops as persistent store backend
2021-03-08T19:13:58.267906-05:00 INFO kernel: [    0.574577] ramoops: attached 0x100000@0x7ae77000, ecc: 0/0
2021-03-08T19:13:58.267910-05:00 INFO kernel: [    0.577399] cros_ec_lpcs cros_ec_lpcs.0: MKBP not supported
2021-03-08T19:13:58.267913-05:00 WARNING kernel: [    0.578559] cros-ec-ctl cros-ec-ctl.1.auto: cannot get EC features: 0/1
2021-03-08T19:13:58.267915-05:00 INFO kernel: [    0.578576] cros-ec-ctl cros-ec-ctl.1.auto: EC does not have accelerometers.
2021-03-08T19:13:58.267917-05:00 WARNING kernel: [    0.580138] cros-ec-ctl cros-ec-ctl.1.auto: device does not support reading the console log
2021-03-08T19:13:58.267920-05:00 INFO kernel: [    0.580793] cros_ec_lpcs cros_ec_lpcs.0: Chrome EC device registered
2021-03-08T19:13:58.267929-05:00 INFO kernel: [    0.581120] intel_rapl: Found RAPL domain package
2021-03-08T19:13:58.267933-05:00 INFO kernel: [    0.581144] intel_rapl: Found RAPL domain core
2021-03-08T19:13:58.267935-05:00 INFO kernel: [    0.585087] GACT probability NOT on
2021-03-08T19:13:58.267937-05:00 INFO kernel: [    0.585102] Netfilter messages via NETLINK v0.30.
2021-03-08T19:13:58.267940-05:00 INFO kernel: [    0.585148] nf_conntrack version 0.5.0 (16384 buckets, 65536 max)
2021-03-08T19:13:58.267942-05:00 INFO kernel: [    0.585365] ctnetlink v0.93: registering with nfnetlink.
2021-03-08T19:13:58.267944-05:00 INFO kernel: [    0.585856] ip_tables: (C) 2000-2006 Netfilter Core Team
2021-03-08T19:13:58.267955-05:00 INFO kernel: [    0.586025] Initializing XFRM netlink socket
2021-03-08T19:13:58.267959-05:00 INFO kernel: [    0.586405] NET: Registered protocol family 10
2021-03-08T19:13:58.267961-05:00 INFO kernel: [    0.588276] ip6_tables: (C) 2000-2006 Netfilter Core Team
2021-03-08T19:13:58.267963-05:00 INFO kernel: [    0.588398] NET: Registered protocol family 17
2021-03-08T19:13:58.267965-05:00 INFO kernel: [    0.588420] NET: Registered protocol family 15
2021-03-08T19:13:58.267968-05:00 INFO kernel: [    0.589376] microcode: CPU0 sig=0x30678, pf=0x8, revision=0x838
2021-03-08T19:13:58.267977-05:00 INFO kernel: [    0.589393] microcode: CPU1 sig=0x30678, pf=0x8, revision=0x838
2021-03-08T19:13:58.267981-05:00 INFO kernel: [    0.589797] microcode: CPU2 sig=0x30678, pf=0x8, revision=0x838
2021-03-08T19:13:58.267984-05:00 INFO kernel: [    0.589983] microcode: CPU3 sig=0x30678, pf=0x8, revision=0x838
2021-03-08T19:13:58.267986-05:00 INFO kernel: [    0.590086] microcode: Microcode Update Driver: v2.01 <tigran@aivazian.fsnet.co.uk>, Peter Oruba
2021-03-08T19:13:58.267988-05:00 INFO kernel: [    0.590507] registered taskstats version 1
2021-03-08T19:13:58.267990-05:00 NOTICE kernel: [    0.596868] Key type encrypted registered
2021-03-08T19:13:58.267993-05:00 INFO kernel: [    0.658855]   Magic number: 13:819:202
2021-03-08T19:13:58.268018-05:00 INFO kernel: [    0.659279] ALSA device list:
2021-03-08T19:13:58.268023-05:00 INFO kernel: [    0.659285]   No soundcards found.
2021-03-08T19:13:58.268025-05:00 ERR kernel: [    0.659341] Warning: unable to open an initial console.
2021-03-08T19:13:58.268035-05:00 INFO kernel: [    0.669780] mmc0: new HS200 MMC card at address 0001
2021-03-08T19:13:58.268038-05:00 INFO kernel: [    0.671721] mmcblk0: mmc0:0001 SEM16G 14.7 GiB 
2021-03-08T19:13:58.268040-05:00 INFO kernel: [    0.672058] mmcblk0boot0: mmc0:0001 SEM16G partition 1 4.00 MiB
2021-03-08T19:13:58.268051-05:00 INFO kernel: [    0.673415] mmcblk0boot1: mmc0:0001 SEM16G partition 2 4.00 MiB
2021-03-08T19:13:58.268056-05:00 INFO kernel: [    0.675417] mmcblk0rpmb: mmc0:0001 SEM16G partition 3 4.00 MiB
2021-03-08T19:13:58.268058-05:00 INFO kernel: [    0.676838] elan_i2c i2c-ELAN0000:00: Elan Touchpad: Module ID: 0x003d, Firmware: 0x0004, Sample: 0x0004, IAP: 0x0003
2021-03-08T19:13:58.268061-05:00 INFO kernel: [    0.677419] input: Elan Touchpad as /devices/platform/80860F41:00/i2c-0/i2c-ELAN0000:00/input/input6
2021-03-08T19:13:58.268063-05:00 DEBUG kernel: [    0.677614] atmel_mxt_ts i2c-ATML0000:00: GPIO lookup for consumer atmel,reset
2021-03-08T19:13:58.268065-05:00 DEBUG kernel: [    0.677621] atmel_mxt_ts i2c-ATML0000:00: using ACPI for GPIO lookup
2021-03-08T19:13:58.268067-05:00 DEBUG kernel: [    0.677627] acpi ATML0000:00: GPIO: looking up atmel,reset-gpios
2021-03-08T19:13:58.268077-05:00 DEBUG kernel: [    0.677633] acpi ATML0000:00: GPIO: looking up atmel,reset-gpio
2021-03-08T19:13:58.268081-05:00 DEBUG kernel: [    0.677638] acpi ATML0000:00: GPIO: looking up 0 in _CRS
2021-03-08T19:13:58.268084-05:00 DEBUG kernel: [    0.677664] atmel_mxt_ts i2c-ATML0000:00: using lookup tables for GPIO lookup
2021-03-08T19:13:58.268086-05:00 DEBUG kernel: [    0.677670] atmel_mxt_ts i2c-ATML0000:00: lookup for GPIO atmel,reset failed
2021-03-08T19:13:58.268088-05:00 DEBUG kernel: [    0.677832] atmel_mxt_ts i2c-ATML0000:01: GPIO lookup for consumer atmel,reset
2021-03-08T19:13:58.268090-05:00 DEBUG kernel: [    0.677838] atmel_mxt_ts i2c-ATML0000:01: using ACPI for GPIO lookup
2021-03-08T19:13:58.268100-05:00 DEBUG kernel: [    0.677843] acpi ATML0000:01: GPIO: looking up atmel,reset-gpios
2021-03-08T19:13:58.268104-05:00 DEBUG kernel: [    0.677848] acpi ATML0000:01: GPIO: looking up atmel,reset-gpio
2021-03-08T19:13:58.268106-05:00 DEBUG kernel: [    0.677853] acpi ATML0000:01: GPIO: looking up 0 in _CRS
2021-03-08T19:13:58.268109-05:00 DEBUG kernel: [    0.677871] atmel_mxt_ts i2c-ATML0000:01: using lookup tables for GPIO lookup
2021-03-08T19:13:58.268111-05:00 DEBUG kernel: [    0.677877] atmel_mxt_ts i2c-ATML0000:01: lookup for GPIO atmel,reset failed
2021-03-08T19:13:58.268113-05:00 DEBUG kernel: [    0.678603] atmel_mxt_ts i2c-ATML0001:00: GPIO lookup for consumer atmel,reset
2021-03-08T19:13:58.268115-05:00 DEBUG kernel: [    0.678609] atmel_mxt_ts i2c-ATML0001:00: using ACPI for GPIO lookup
2021-03-08T19:13:58.268125-05:00 DEBUG kernel: [    0.678615] acpi ATML0001:00: GPIO: looking up atmel,reset-gpios
2021-03-08T19:13:58.268128-05:00 DEBUG kernel: [    0.678620] acpi ATML0001:00: GPIO: looking up atmel,reset-gpio
2021-03-08T19:13:58.268131-05:00 DEBUG kernel: [    0.678625] acpi ATML0001:00: GPIO: looking up 0 in _CRS
2021-03-08T19:13:58.268133-05:00 DEBUG kernel: [    0.678642] atmel_mxt_ts i2c-ATML0001:00: using lookup tables for GPIO lookup
2021-03-08T19:13:58.268135-05:00 DEBUG kernel: [    0.678648] atmel_mxt_ts i2c-ATML0001:00: lookup for GPIO atmel,reset failed
2021-03-08T19:13:58.268138-05:00 NOTICE kernel: [    0.682949] random: nonblocking pool is initialized
2021-03-08T19:13:58.268147-05:00 INFO kernel: [    0.683487]  mmcblk0: p1 p2 p3 p4 p5 p6 p7 p8 p9 p10 p11 p12
2021-03-08T19:13:58.268151-05:00 DEBUG kernel: [    0.689671] atmel_mxt_ts i2c-ATML0001:01: GPIO lookup for consumer atmel,reset
2021-03-08T19:13:58.268154-05:00 DEBUG kernel: [    0.689677] atmel_mxt_ts i2c-ATML0001:01: using ACPI for GPIO lookup
2021-03-08T19:13:58.268156-05:00 DEBUG kernel: [    0.689682] acpi ATML0001:01: GPIO: looking up atmel,reset-gpios
2021-03-08T19:13:58.268158-05:00 DEBUG kernel: [    0.689687] acpi ATML0001:01: GPIO: looking up atmel,reset-gpio
2021-03-08T19:13:58.268160-05:00 DEBUG kernel: [    0.689691] acpi ATML0001:01: GPIO: looking up 0 in _CRS
2021-03-08T19:13:58.268162-05:00 DEBUG kernel: [    0.689715] atmel_mxt_ts i2c-ATML0001:01: using lookup tables for GPIO lookup
2021-03-08T19:13:58.268172-05:00 DEBUG kernel: [    0.689720] atmel_mxt_ts i2c-ATML0001:01: lookup for GPIO atmel,reset failed
2021-03-08T19:13:58.268175-05:00 INFO kernel: [    0.691062] device-mapper: init: attempting early device configuration.
2021-03-08T19:13:58.268178-05:00 INFO kernel: [    0.694641] device-mapper: init: adding target '0 3584000 verity payload=PARTUUID=6c8bc571-8e95-a843-bc0a-9608a1c2ac65/PARTNROFF=1 hashtree=PARTUUID=6c8bc571-8e95-a843-bc0a-9608a1c2ac65/PARTNROFF=1 hashstart=3584000 alg=sha1 root_hexdigest=3e8df1ad07c15f9a811aa2a9915a17e8409ccf65 salt=0c7d85cad68fb231a34c12121d933c468594106200a09a1c158d34a9cc182c5e'
2021-03-08T19:13:58.268180-05:00 WARNING kernel: [    0.694652] device-mapper: verity: Argument 0: 'payload=PARTUUID=6c8bc571-8e95-a843-bc0a-9608a1c2ac65/PARTNROFF=1'
2021-03-08T19:13:58.268183-05:00 WARNING kernel: [    0.694657] device-mapper: verity: Argument 1: 'hashtree=PARTUUID=6c8bc571-8e95-a843-bc0a-9608a1c2ac65/PARTNROFF=1'
2021-03-08T19:13:58.268192-05:00 WARNING kernel: [    0.694661] device-mapper: verity: Argument 2: 'hashstart=3584000'
2021-03-08T19:13:58.268196-05:00 WARNING kernel: [    0.694665] device-mapper: verity: Argument 3: 'alg=sha1'
2021-03-08T19:13:58.268316-05:00 WARNING kernel: [    0.694668] device-mapper: verity: Argument 4: 'root_hexdigest=3e8df1ad07c15f9a811aa2a9915a17e8409ccf65'
2021-03-08T19:13:58.268321-05:00 WARNING kernel: [    0.694672] device-mapper: verity: Argument 5: 'salt=0c7d85cad68fb231a34c12121d933c468594106200a09a1c158d34a9cc182c5e'
2021-03-08T19:13:58.268323-05:00 INFO kernel: [    0.700351] device-mapper: init: dm-0 is ready
2021-03-08T19:13:58.268326-05:00 ERR kernel: [    0.703863] EXT4-fs (dm-0): couldn't mount as ext3 due to feature incompatibilities
2021-03-08T19:13:58.268328-05:00 INFO kernel: [    0.704328] EXT4-fs (dm-0): mounting ext2 file system using the ext4 subsystem
2021-03-08T19:13:58.268338-05:00 INFO kernel: [    0.707389] EXT4-fs (dm-0): mounted filesystem without journal. Opts: (null)
2021-03-08T19:13:58.268342-05:00 INFO kernel: [    0.707417] VFS: Mounted root (ext2 filesystem) readonly on device 253:0.
2021-03-08T19:13:58.268345-05:00 INFO kernel: [    0.715407] devtmpfs: mounted
2021-03-08T19:13:58.268347-05:00 INFO kernel: [    0.717796] Freeing unused kernel memory: 1308K
2021-03-08T19:13:58.268349-05:00 INFO kernel: [    0.717807] Write protecting the kernel read-only data: 14336k
2021-03-08T19:13:58.268352-05:00 INFO kernel: [    0.720009] Freeing unused kernel memory: 1640K
2021-03-08T19:13:58.268361-05:00 INFO kernel: [    0.725953] Freeing unused kernel memory: 1144K
2021-03-08T19:13:58.268365-05:00 INFO kernel: [    0.901410] usb 1-3: new high-speed USB device number 2 using xhci_hcd
2021-03-08T19:13:58.268368-05:00 INFO kernel: [    1.099541] usb 1-3: New USB device found, idVendor=04f2, idProduct=b462, bcdDevice= 0.06
2021-03-08T19:13:58.268370-05:00 INFO kernel: [    1.099551] usb 1-3: New USB device strings: Mfr=3, Product=1, SerialNumber=2
2021-03-08T19:13:58.268372-05:00 INFO kernel: [    1.099556] usb 1-3: Product: Chromebook HD Camera
2021-03-08T19:13:58.268374-05:00 INFO kernel: [    1.099561] usb 1-3: Manufacturer: Generic_C
2021-03-08T19:13:58.268376-05:00 INFO kernel: [    1.099566] usb 1-3: SerialNumber: 0x0001
2021-03-08T19:13:58.268386-05:00 INFO kernel: [    1.104485] NMI watchdog: enabled on all CPUs, permanently consumes one hw-PMU counter.
2021-03-08T19:13:58.268390-05:00 WARNING kernel: [    1.105119] Unsafe core_pattern used with suid_dumpable=2. Pipe handler or fully qualified core dump path required.
2021-03-08T19:13:58.268392-05:00 INFO kernel: [    1.193282] udevd[156]: starting version 225
2021-03-08T19:13:58.268395-05:00 INFO kernel: [    1.206612] EXT4-fs (mmcblk0p1): mounted filesystem with ordered data mode. Opts: commit=600
2021-03-08T19:13:58.268397-05:00 INFO kernel: [    1.221055] EXT4-fs (mmcblk0p8): mounted filesystem with ordered data mode. Opts: (null)
2021-03-08T19:13:58.268399-05:00 INFO kernel: [    1.223973] tsc: Refined TSC clocksource calibration: 1833.333 MHz
2021-03-08T19:13:58.268410-05:00 INFO kernel: [    1.223986] clocksource: tsc: mask: 0xffffffffffffffff max_cycles: 0x34da54753aa, max_idle_ns: 881590618787 ns
2021-03-08T19:13:58.268414-05:00 INFO kernel: [    1.254986] usb 1-4: new full-speed USB device number 3 using xhci_hcd
2021-03-08T19:13:58.268416-05:00 INFO kernel: [    1.368954] Chromium OS LSM: dev(253,0): read-only
2021-03-08T19:13:58.268419-05:00 INFO kernel: [    1.368963] Chromium OS LSM: module locking engaged.
2021-03-08T19:13:58.268421-05:00 NOTICE kernel: [    1.368978] Chromium OS LSM: init_module locked obj="/lib/modules/4.4.180-16566-g51163f4278d1/kernel/drivers/input/joydev.ko" pid=183 cmdline="udevd --daemon"
2021-03-08T19:13:58.268423-05:00 INFO kernel: [    1.422660] usb 1-4: New USB device found, idVendor=8087, idProduct=07dc, bcdDevice= 0.01
2021-03-08T19:13:58.268433-05:00 INFO kernel: [    1.422670] usb 1-4: New USB device strings: Mfr=0, Product=0, SerialNumber=0
2021-03-08T19:13:58.268437-05:00 INFO kernel: [    1.457375] Bluetooth: af_bluetooth.c:bt_init() Core ver 2.22
2021-03-08T19:13:58.268439-05:00 INFO kernel: [    1.457413] NET: Registered protocol family 31
2021-03-08T19:13:58.268441-05:00 INFO kernel: [    1.457418] Bluetooth: af_bluetooth.c:bt_init() HCI device and connection manager initialized
2021-03-08T19:13:58.268444-05:00 INFO kernel: [    1.457422] Bluetooth: hci_le_splitter.c:hci_le_splitter_sysfs_init() Initializing LE splitter sysfs
2021-03-08T19:13:58.268446-05:00 INFO kernel: [    1.457578] Bluetooth: hci_sock.c:hci_sock_init() HCI socket layer initialized
2021-03-08T19:13:58.268451-05:00 INFO kernel: [    1.457587] Bluetooth: l2cap_sock.c:l2cap_init_sockets() L2CAP socket layer initialized
2021-03-08T19:13:58.268459-05:00 INFO kernel: [    1.457604] Bluetooth: sco.c:sco_init() SCO socket layer initialized
2021-03-08T19:13:58.268463-05:00 DEBUG kernel: [    1.475558] usb 1-4: GPIO lookup for consumer reset
2021-03-08T19:13:58.268465-05:00 DEBUG kernel: [    1.475565] usb 1-4: using ACPI for GPIO lookup
2021-03-08T19:13:58.268467-05:00 DEBUG kernel: [    1.475571] acpi device:07: GPIO: looking up reset-gpios
2021-03-08T19:13:58.268469-05:00 DEBUG kernel: [    1.475576] acpi device:07: GPIO: looking up reset-gpio
2021-03-08T19:13:58.268471-05:00 DEBUG kernel: [    1.475580] acpi device:07: GPIO: looking up 0 in _CRS
2021-03-08T19:13:58.268482-05:00 DEBUG kernel: [    1.475588] usb 1-4: using lookup tables for GPIO lookup
2021-03-08T19:13:58.268486-05:00 DEBUG kernel: [    1.475593] usb 1-4: lookup for GPIO reset failed
2021-03-08T19:13:58.268489-05:00 INFO kernel: [    1.477062] usbcore: registered new interface driver btusb
2021-03-08T19:13:58.268491-05:00 ERR kernel: [    1.606855] frecon[283]: Failed to set atomic cap.
2021-03-08T19:13:58.268493-05:00 INFO kernel: [    1.609764] frecon[283]: Frecon using drm driver i915, version 1.6, date(20160411), desc(Intel Graphics)
2021-03-08T19:13:58.268496-05:00 DEBUG kernel: [    1.615965] frecon[283]: tsm_screen: new screen
2021-03-08T19:13:58.268505-05:00 DEBUG kernel: [    1.615992] frecon[283]: tsm_vte: new vte object
2021-03-08T19:13:58.268509-05:00 INFO kernel: [    1.685441] EXT4-fs (dm-1): mounted filesystem with ordered data mode. Opts: discard,commit=600
2021-03-08T19:13:58.268511-05:00 WARNING kernel: [    2.156348] platform regulatory.0: Direct firmware load for regulatory.db failed with error -2
2021-03-08T19:13:58.268514-05:00 INFO kernel: [    2.156360] cfg80211: failed to load regulatory.db
2021-03-08T19:13:58.268516-05:00 ERR kernel: [    2.185616] frecon[283]: Failed to set atomic cap.
2021-03-08T19:13:58.268518-05:00 INFO kernel: [    2.188511] frecon[283]: Frecon using drm driver i915, version 1.6, date(20160411), desc(Intel Graphics)
2021-03-08T19:13:58.268520-05:00 NOTICE kernel: [    2.189267] systemd-journald[442]: Running without systemd.
2021-03-08T19:13:58.268530-05:00 ERR kernel: [    2.189484] frecon[283]: Cannot get DBUS connection
2021-03-08T19:13:58.268534-05:00 ERR kernel: [    2.191022] frecon[283]: Failed to set atomic cap.
2021-03-08T19:13:58.268536-05:00 INFO kernel: [    2.195064] frecon[283]: Frecon using drm driver i915, version 1.6, date(20160411), desc(Intel Graphics)
2021-03-08T19:13:58.268538-05:00 ERR kernel: [    2.218938] frecon[283]: Failed to set atomic cap.
2021-03-08T19:13:58.268541-05:00 INFO kernel: [    2.224797] frecon[283]: Frecon using drm driver i915, version 1.6, date(20160411), desc(Intel Graphics)
2021-03-08T19:13:58.268543-05:00 INFO kernel: [    2.226444] Intel(R) Wireless WiFi driver for Linux
2021-03-08T19:13:58.268552-05:00 INFO kernel: [    2.226454] Copyright(c) 2003- 2015 Intel Corporation
2021-03-08T19:13:58.268556-05:00 INFO kernel: [    2.228319] clocksource: Switched to clocksource tsc
2021-03-08T19:13:58.268559-05:00 INFO kernel: [    2.230479] frecon[283]: DBUS connected after 0.0 seconds
2021-03-08T19:13:58.268561-05:00 WARNING kernel: [    2.230880] iwlwifi 0000:01:00.0: Direct firmware load for iwl-dbg-cfg.ini failed with error -2
2021-03-08T19:13:58.268563-05:00 INFO kernel: [    2.236700] systemd-journald[442]: Received request to flush runtime journal from PID 497
2021-03-08T19:13:58.268565-05:00 INFO kernel: [    2.243488] cfg80211: World regulatory domain updated:
2021-03-08T19:13:58.268570-05:00 INFO kernel: [    2.243501] cfg80211:  DFS Master region: unset
2021-03-08T19:13:58.268579-05:00 INFO kernel: [    2.243504] cfg80211:   (start_freq - end_freq @ bandwidth), (max_antenna_gain, max_eirp), (dfs_cac_time)
2021-03-08T19:13:58.268583-05:00 INFO kernel: [    2.243511] cfg80211:   (2402000 KHz - 2472000 KHz @ 40000 KHz), (N/A, 2000 mBm), (N/A)
2021-03-08T19:13:58.268585-05:00 INFO kernel: [    2.243538] cfg80211:   (2457000 KHz - 2482000 KHz @ 20000 KHz), (N/A, 2000 mBm), (N/A)
2021-03-08T19:13:58.268587-05:00 INFO kernel: [    2.243544] cfg80211:   (2474000 KHz - 2494000 KHz @ 20000 KHz), (N/A, 2000 mBm), (N/A)
2021-03-08T19:13:58.268590-05:00 INFO kernel: [    2.243548] cfg80211:   (5170000 KHz - 5250000 KHz @ 80000 KHz), (N/A, 2000 mBm), (N/A)
2021-03-08T19:13:58.268592-05:00 INFO kernel: [    2.243553] cfg80211:   (5250000 KHz - 5330000 KHz @ 80000 KHz), (N/A, 2000 mBm), (0 s)
2021-03-08T19:13:58.268602-05:00 INFO kernel: [    2.243558] cfg80211:   (5490000 KHz - 5730000 KHz @ 160000 KHz), (N/A, 2000 mBm), (0 s)
2021-03-08T19:13:58.268605-05:00 INFO kernel: [    2.243562] cfg80211:   (5735000 KHz - 5835000 KHz @ 80000 KHz), (N/A, 2000 mBm), (N/A)
2021-03-08T19:13:58.268608-05:00 INFO kernel: [    2.243567] cfg80211:   (57240000 KHz - 63720000 KHz @ 2160000 KHz), (N/A, 0 mBm), (N/A)
2021-03-08T19:13:58.268610-05:00 INFO kernel: [    2.264074] iwlwifi 0000:01:00.0: loaded firmware version 17.bfb58538.0 op_mode iwlmvm
2021-03-08T19:13:58.268612-05:00 INFO kernel: [    2.299969] iwlwifi 0000:01:00.0: Detected Intel(R) Dual Band Wireless AC 7260, REV=0x144
2021-03-08T19:13:58.268615-05:00 INFO kernel: [    2.322459] iwlwifi 0000:01:00.0: base HW address: 10:4a:7d:15:50:95
2021-03-08T19:13:58.483057-05:00 DEBUG kernel: [    2.543829] ieee80211 phy0: Selected rate control algorithm 'iwl-mvm-rs'
2021-03-08T19:13:59.080872-05:00 WARNING rsyslogd[547]: warning: ~ action is deprecated, consider using the 'stop' statement instead [v8.1901.0 try https://www.rsyslog.com/e/2307 ]
2021-03-08T19:13:59.084756-05:00 WARNING rsyslogd[547]:  message repeated 3 times: [warning: ~ action is deprecated, consider using the 'stop' statement instead [v8.1901.0 try https://www.rsyslog.com/e/2307 ]]
2021-03-08T19:13:59.084887-05:00 INFO rsyslogd[547]: rsyslogd's groupid changed to 202
2021-03-08T19:13:59.085019-05:00 INFO rsyslogd[547]: rsyslogd's userid changed to 202
2021-03-08T19:13:59.085126-05:00 INFO rsyslogd[547]:  [origin software="rsyslogd" swVersion="8.1901.0" x-pid="547" x-info="https://www.rsyslog.com"] start
2021-03-08T19:13:59.085325-05:00 INFO crash_reporter[549]: Enabling user crash handling
2021-03-08T19:13:59.085534-05:00 NOTICE boot-update-firmware[575]: Update touch firmware.
2021-03-08T19:13:59.085737-05:00 INFO imageloader[569]: The latest-version file does not exist. Component PepperFlashPlayer is probably not installed.
2021-03-08T19:13:59.098757-05:00 WARNING mosys[831]: libminijail[831]: not locking any securebits
2021-03-08T19:13:59.102784-05:00 WARNING mosys[831]: libminijail[831]: SECURE_NOROOT not set, not dropping bounding set
2021-03-08T19:13:59.103172-05:00 WARNING tcsd[884]: TSS: ioctl: (25) Inappropriate ioctl for device
2021-03-08T19:13:59.103435-05:00 INFO tcsd[884]: TSS: Falling back to Read/Write device support.
2021-03-08T19:13:59.103698-05:00 WARNING mosys[927]: libminijail[927]: not locking any securebits
2021-03-08T19:13:59.104334-05:00 WARNING mosys[927]: libminijail[927]: SECURE_NOROOT not set, not dropping bounding set
2021-03-08T19:13:59.104925-05:00 NOTICE chromeos-elan-touch-firmware-update[933]: ELAN0000:00 Board detected as 'glimmer-signed-mp-v4keys'
2021-03-08T19:13:59.106650-05:00 WARNING powerd[1046]: libminijail[1046]: SECURE_NOROOT not set, not dropping bounding set
2021-03-08T19:13:59.106995-05:00 NOTICE chromeos-elan-touch-firmware-update[933]: ELAN0000:00 Touch controller reported Product ID: 61.0
2021-03-08T19:13:59.107255-05:00 NOTICE chromeos-elan-touch-firmware-update[933]: ELAN0000:00 Attempting to load FW: '/lib/firmware/elan_i2c.bin'
2021-03-08T19:13:59.107433-05:00 NOTICE chromeos-elan-touch-firmware-update[933]: ELAN0000:00 (which points to '/opt/google/touch/firmware/61.0_4.0.bin')
2021-03-08T19:13:59.107641-05:00 NOTICE chromeos-elan-touch-firmware-update[933]: ELAN0000:00 Hardware product id : 61.0
2021-03-08T19:13:59.107821-05:00 NOTICE chromeos-elan-touch-firmware-update[933]: ELAN0000:00 Updater product id  : 61.0
2021-03-08T19:13:59.107988-05:00 NOTICE chromeos-elan-touch-firmware-update[933]: ELAN0000:00 Current Firmware: 4.0
2021-03-08T19:13:59.108273-05:00 NOTICE chromeos-elan-touch-firmware-update[933]: ELAN0000:00 Updater Firmware: 4.0
2021-03-08T19:13:59.108482-05:00 NOTICE chromeos-elan-touch-firmware-update[933]: ELAN0000:00 Firmware up to date.
2021-03-08T19:13:59.108714-05:00 WARNING tcsd[884]: TSS: IPv4 support disabled by configuration option
2021-03-08T19:13:59.108966-05:00 WARNING tcsd[884]: TSS: IPv6 support disabled by configuration option
2021-03-08T19:13:59.109560-05:00 INFO tcsd[1134]: TSS: trousers 0.3.13: TCSD up and running.
2021-03-08T19:13:59.113845-05:00 WARNING session_manager[1113]: [WARNING:chrome_setup.cc(97)] Could not find both paths: /usr/share/chromeos-assets/wallpaper/oem_large.jpg and /usr/share/chromeos-assets/wallpaper/oem_small.jpg
2021-03-08T19:13:59.132896-05:00 INFO chapsd[1147]: Starting PKCS #11 services.
2021-03-08T19:13:59.133599-05:00 INFO chapsd[1147]: Starting D-Bus dispatcher.
2021-03-08T19:13:59.136257-05:00 INFO chapsd[1147]: Adding slot: 0
2021-03-08T19:13:59.136441-05:00 INFO chapsd[1147]: Adding slot: 1
2021-03-08T19:13:59.137534-05:00 INFO chapsd[1147]: Starting asynchronous initialization.
2021-03-08T19:13:59.187783-05:00 INFO chapsd[1147]: Opening database in: /var/lib/chaps
2021-03-08T19:13:59.188185-05:00 INFO chapsd[1147]: leveldb /var/lib/chaps/database dump:#012  /var/lib/chaps/database/CURRENT (16 bytes, 2021-03-08 23:50:04.000 UTC)#012  /var/lib/chaps/database/LOG (175 bytes, 2021-03-08 23:50:04.000 UTC)#012  /var/lib/chaps/database/000005.ldb (1025 bytes, 2021-02-22 11:57:21.000 UTC)#012  /var/lib/chaps/database/MANIFEST-000018 (137 bytes, 2021-03-08 23:50:04.000 UTC)#012  /var/lib/chaps/database/000008.ldb (3825 bytes, 2021-02-22 12:04:19.000 UTC)#012  /var/lib/chaps/database/000019.log (0 bytes, 2021-03-08 23:50:04.000 UTC)#012  /var/lib/chaps/database/LOCK (0 bytes, 2021-02-22 10:41:27.000 UTC)#012  /var/lib/chaps/database/LOG.old (175 bytes, 2021-03-04 08:02:20.000 UTC)
2021-03-08T19:13:59.205745-05:00 INFO session_manager[1113]: [INFO:session_manager_service.cc(145)] SessionManagerService starting
2021-03-08T19:13:59.212899-05:00 INFO minijail0[1207]: libminijail[1207]: child process 1208 exited with status 1
2021-03-08T19:13:59.247805-05:00 INFO session_manager[1113]: [INFO:browser_job.cc(155)] Running browser /opt/google/chrome/chrome --ppapi-flash-path=/opt/google/chrome/pepper/libpepflashplayer.so --ppapi-flash-version=32.0.0.238 --use-gl=egl --enable-native-gpu-memory-buffers --gpu-sandbox-failures-fatal=yes --enable-logging --log-level=1 --use-cras --enable-wayland-server --user-data-dir=/home/chronos --enable-features=MachineLearningService,ChromeOSAssistant,EnableBackgroundBlur,MyFilesVolume --login-profile=user --has-chromeos-keyboard --enable-touchview --guest-wallpaper-large=/usr/share/chromeos-assets/wallpaper/guest_large.jpg --guest-wallpaper-small=/usr/share/chromeos-assets/wallpaper/guest_small.jpg --child-wallpaper-large=/usr/share/chromeos-assets/wallpaper/child_large.jpg --child-wallpaper-small=/usr/share/chromeos-assets/wallpaper/child_small.jpg --default-wallpaper-large=/usr/share/chromeos-assets/wallpaper/default_large.jpg --default-wallpaper-small=/usr/share/chromeos-assets/wallpaper/default_small.jpg --enable-consumer-kiosk --enterprise-enrollment-initial-modulus=15 --enterprise-enrollment-modulus-limit=19 --login-manager --first-exec-after-boot --vmodule=*/chrome/browser/chromeos/account_manager/*=1,*/chromeos/components/account_manager/*=1,app_list_syncable_service=1,*/chromeos/power/auto_screen_brightness/*=1,*/forced_extensions/installation_tracker*=2,extension_downloader=2,existing_user_controller=2,*/ash/wm/tablet_mode/*=1,auto_enrollment_controller=1,*/ui/ozone/*=1,*/ui/display/manager/chromeos/*=1,update_engine=1,component_updater_service=1 --enable-features=MachineLearningService,ChromeOSAssistant,EnableBackgroundBlur,MyFilesVolume
2021-03-08T19:13:59.280962-05:00 INFO chapsd[1147]: leveldb.stats:#012                               Compactions#012Level  Files Size(MB) Time(sec) Read(MB) Write(MB)#012--------------------------------------------------#012  0        2        0         0        0         0
2021-03-08T19:13:59.285740-05:00 INFO chapsd[1147]: leveldb contains 8 keys.
2021-03-08T19:13:59.286083-05:00 INFO chapsd[1147]: Slot 0 ready for token at /var/lib/chaps
2021-03-08T19:13:59.287385-05:00 INFO chapsd[1147]: Created lock file: /run/lock/power_override/chapsd_token_init_slot_0.lock
2021-03-08T19:13:59.437068-05:00 INFO kernel: [    3.499221] cfg80211: Regulatory domain changed to country: US
2021-03-08T19:13:59.437099-05:00 INFO kernel: [    3.499233] cfg80211:  DFS Master region: unset
2021-03-08T19:13:59.437104-05:00 INFO kernel: [    3.499236] cfg80211:   (start_freq - end_freq @ bandwidth), (max_antenna_gain, max_eirp), (dfs_cac_time)
2021-03-08T19:13:59.437225-05:00 INFO kernel: [    3.499243] cfg80211:   (2402000 KHz - 2472000 KHz @ 40000 KHz), (N/A, 3000 mBm), (N/A)
2021-03-08T19:13:59.437232-05:00 INFO kernel: [    3.499247] cfg80211:   (5170000 KHz - 5250000 KHz @ 80000 KHz), (N/A, 1700 mBm), (N/A)
2021-03-08T19:13:59.437237-05:00 INFO kernel: [    3.499252] cfg80211:   (5250000 KHz - 5330000 KHz @ 80000 KHz), (N/A, 2300 mBm), (0 s)
2021-03-08T19:13:59.437239-05:00 INFO kernel: [    3.499257] cfg80211:   (5490000 KHz - 5730000 KHz @ 160000 KHz), (N/A, 2300 mBm), (0 s)
2021-03-08T19:13:59.437243-05:00 INFO kernel: [    3.499261] cfg80211:   (5735000 KHz - 5835000 KHz @ 80000 KHz), (N/A, 3000 mBm), (N/A)
2021-03-08T19:13:59.437245-05:00 INFO kernel: [    3.499266] cfg80211:   (57240000 KHz - 63720000 KHz @ 2160000 KHz), (N/A, 4000 mBm), (N/A)
2021-03-08T19:13:59.695537-05:00 NOTICE cros-machine-id-regen[1395]: Regenerated /var/lib/dbus/machine-id (reason: network).
2021-03-08T19:14:00.994358-05:00 INFO chapsd[1147]: Master key is ready for token at /var/lib/chaps
2021-03-08T19:14:00.994574-05:00 INFO chapsd[1147]: Deleted lock file: /run/lock/power_override/chapsd_token_init_slot_0.lock
2021-03-08T19:14:02.341045-05:00 WARNING cryptohomed[1254]: Extending PCR1.
2021-03-08T19:14:02.706544-05:00 INFO kernel: [    6.772561] frecon[283]: Chrome started, our work is done, exiting.
2021-03-08T19:14:02.811042-05:00 INFO kernel: [    6.878919] low_mem: threshold[0] 200 MB
2021-03-08T19:14:02.878236-05:00 NOTICE cros-disks[1637]: Loading FUSE module
2021-03-08T19:14:02.936162-05:00 INFO kernel: [    7.001536] fuse init (API version 7.23)
2021-03-08T19:14:03.023950-05:00 INFO avahi-daemon[1664]: Found user 'avahi' (UID 238) and group 'avahi' (GID 238).
2021-03-08T19:14:03.024510-05:00 INFO avahi-daemon[1664]: Successfully dropped root privileges.
2021-03-08T19:14:03.024710-05:00 INFO avahi-daemon[1664]: avahi-daemon 0.7 starting up.
2021-03-08T19:14:03.028220-05:00 INFO avahi-daemon[1664]: Successfully called chroot().
2021-03-08T19:14:03.028413-05:00 INFO avahi-daemon[1664]: Successfully dropped remaining capabilities.
2021-03-08T19:14:03.031446-05:00 ERR avahi-daemon[1696]: chroot.c: open() failed: No such file or directory
2021-03-08T19:14:03.031646-05:00 WARNING avahi-daemon[1664]: Failed to open /etc/resolv.conf: Invalid argument
2021-03-08T19:14:03.031837-05:00 NOTICE cups-clear-state[1690]: Removing privileged directories
2021-03-08T19:14:03.033713-05:00 INFO avahi-daemon[1664]: No service file found in /etc/avahi/services.
2021-03-08T19:14:03.034486-05:00 INFO avahi-daemon[1664]: Network interface enumeration completed.
2021-03-08T19:14:03.034650-05:00 INFO avahi-daemon[1664]: Server startup complete. Host name is 4f504549aae63fa4eec36ab86046bdc7.local. Local service cookie is 3202993908.
2021-03-08T19:14:03.125903-05:00 WARNING mosys[1720]: libminijail[1720]: not locking any securebits
2021-03-08T19:14:03.126104-05:00 WARNING mosys[1720]: libminijail[1720]: SECURE_NOROOT not set, not dropping bounding set
2021-03-08T19:14:03.148961-05:00 INFO cryptohomed[1254]: Attestation: Valid attestation data exists.
2021-03-08T19:14:03.181251-05:00 NOTICE conntrack-tools[1755]: configuring helper `mdns' with queuenum=6 and queuelen=10240
2021-03-08T19:14:03.181576-05:00 NOTICE conntrack-tools[1755]: policy name=mdns expect_timeout=30 expect_max=8
2021-03-08T19:14:03.181673-05:00 NOTICE conntrack-tools[1755]: helper `mdns' configured successfully
2021-03-08T19:14:03.181768-05:00 NOTICE conntrack-tools[1755]: configuring helper `ssdp' with queuenum=5 and queuelen=10240
2021-03-08T19:14:03.181954-05:00 NOTICE conntrack-tools[1755]: policy name=ssdp expect_timeout=300 expect_max=8
2021-03-08T19:14:03.182156-05:00 NOTICE conntrack-tools[1755]: helper `ssdp' configured successfully
2021-03-08T19:14:03.182238-05:00 NOTICE conntrack-tools[1755]: configuring helper `ssdp' with queuenum=5 and queuelen=10240
2021-03-08T19:14:03.182312-05:00 NOTICE conntrack-tools[1755]: policy name=ssdp expect_timeout=300 expect_max=8
2021-03-08T19:14:03.182397-05:00 NOTICE conntrack-tools[1755]: helper `ssdp' configured successfully
2021-03-08T19:14:03.182494-05:00 NOTICE conntrack-tools[1755]: initialization completed
2021-03-08T19:14:03.182586-05:00 NOTICE conntrack-tools[1755]: -- starting in console mode --
2021-03-08T19:14:03.182671-05:00 ERR conntrack-tools[1755]: failed to process message
2021-03-08T19:14:03.190846-05:00 INFO cryptohomed[1254]: Cannot read boot lockbox files.
2021-03-08T19:14:03.259051-05:00 INFO kernel: [    7.327152] zram: Added device: zram0
2021-03-08T19:14:03.261284-05:00 NOTICE swap[1804]: setting zram size to 5935920 Kb
2021-03-08T19:14:03.274072-05:00 INFO kernel: [    7.341818] zram0: detected capacity change from 0 to 5935923200
2021-03-08T19:14:03.300758-05:00 INFO cryptohomed[1254]: The TPM chip does not support GetAlertsData. Stop UploadAlertsData task.
2021-03-08T19:14:03.304054-05:00 INFO kernel: [    7.371542] Adding 5796796k swap on /dev/zram0.  Priority:-1 extents:1 across:5796796k SS
2021-03-08T19:14:03.308040-05:00 INFO kernel: [    7.376001] uvcvideo: Found UVC 1.00 device Chromebook HD Camera (04f2:b462)
2021-03-08T19:14:03.310043-05:00 INFO kernel: [    7.377878] usbcore: registered new interface driver uvcvideo
