2021-02-28T01:24:17.115105-05:00 INFO rsyslogd[539]:  [origin software="rsyslogd" swVersion="8.1901.0" x-pid="539" x-info="https://www.rsyslog.com"] rsyslogd was HUPed
2021-02-28T01:24:17.372743-05:00 INFO periodic_scheduler[3442]: cleanup_logs: job completed
2021-02-28T01:24:17.440475-05:00 INFO periodic_scheduler[3449]: cros-machine-id-regen: running /usr/sbin/cros-machine-id-regen -r periodic -t 21600
2021-02-28T01:24:17.463054-05:00 NOTICE cros-machine-id-regen[3463]: Not regenerating since we did so 313 seconds ago.
2021-02-28T01:24:17.465288-05:00 INFO periodic_scheduler[3464]: cros-machine-id-regen: job completed
2021-02-28T01:24:17.769946-05:00 INFO periodic_scheduler[3471]: trim: running chromeos-trim
2021-02-28T01:24:17.851494-05:00 INFO periodic_scheduler[3523]: trim: job completed
2021-02-28T01:24:36.515051-05:00 INFO kernel: [  337.112315] wlan0: authenticate with 7a:f9:fe:a1:20:19
2021-02-28T01:24:36.518165-05:00 INFO kernel: [  337.114583] wlan0: send auth to 7a:f9:fe:a1:20:19 (try 1/3)
2021-02-28T01:24:36.527155-05:00 INFO kernel: [  337.124020] wlan0: authenticated
2021-02-28T01:24:36.528300-05:00 INFO kernel: [  337.124987] wlan0: associate with 7a:f9:fe:a1:20:19 (try 1/3)
2021-02-28T01:24:36.550056-05:00 INFO kernel: [  337.147044] wlan0: RX AssocResp from 7a:f9:fe:a1:20:19 (capab=0x1431 status=0 aid=1)
2021-02-28T01:24:36.553052-05:00 INFO kernel: [  337.150670] wlan0: associated
2021-02-28T01:24:41.776411-05:00 INFO avahi-daemon[1636]: Joining mDNS multicast group on interface wlan0.IPv4 with address 192.168.235.209.
2021-02-28T01:24:41.777335-05:00 INFO avahi-daemon[1636]: New relevant interface wlan0.IPv4 for mDNS.
2021-02-28T01:24:41.777442-05:00 INFO avahi-daemon[1636]: Registering new address record for 192.168.235.209 on wlan0.IPv4.
2021-02-28T01:25:21.176667-05:00 INFO kernel: [  381.828397] wlan0: disassociated from 7a:f9:fe:a1:20:19 (Reason: 1=UNSPECIFIED)
2021-02-28T01:25:21.212996-05:00 ERR wpa_supplicant[626]: nl80211: Failed to open /proc/sys/net/ipv4/conf/wlan0/drop_unicast_in_l2_multicast: No such file or directory
2021-02-28T01:25:21.213126-05:00 ERR wpa_supplicant[626]: nl80211: Failed to set IPv4 unicast in multicast filter
2021-02-28T01:25:21.217421-05:00 INFO kernel: [  381.869130] cfg80211: World regulatory domain updated:
2021-02-28T01:25:21.217448-05:00 INFO kernel: [  381.869140] cfg80211:  DFS Master region: unset
2021-02-28T01:25:21.217452-05:00 INFO kernel: [  381.869144] cfg80211:   (start_freq - end_freq @ bandwidth), (max_antenna_gain, max_eirp), (dfs_cac_time)
2021-02-28T01:25:21.217456-05:00 INFO kernel: [  381.869150] cfg80211:   (2402000 KHz - 2472000 KHz @ 40000 KHz), (N/A, 2000 mBm), (N/A)
2021-02-28T01:25:21.217459-05:00 INFO kernel: [  381.869155] cfg80211:   (2457000 KHz - 2482000 KHz @ 20000 KHz), (N/A, 2000 mBm), (N/A)
2021-02-28T01:25:21.217462-05:00 INFO kernel: [  381.869160] cfg80211:   (2474000 KHz - 2494000 KHz @ 20000 KHz), (N/A, 2000 mBm), (N/A)
2021-02-28T01:25:21.217464-05:00 INFO kernel: [  381.869164] cfg80211:   (5170000 KHz - 5250000 KHz @ 80000 KHz), (N/A, 2000 mBm), (N/A)
2021-02-28T01:25:21.217467-05:00 INFO kernel: [  381.869169] cfg80211:   (5250000 KHz - 5330000 KHz @ 80000 KHz), (N/A, 2000 mBm), (0 s)
2021-02-28T01:25:21.217470-05:00 INFO kernel: [  381.869174] cfg80211:   (5490000 KHz - 5730000 KHz @ 160000 KHz), (N/A, 2000 mBm), (0 s)
2021-02-28T01:25:21.217472-05:00 INFO kernel: [  381.869178] cfg80211:   (5735000 KHz - 5835000 KHz @ 80000 KHz), (N/A, 2000 mBm), (N/A)
2021-02-28T01:25:21.217474-05:00 INFO kernel: [  381.869183] cfg80211:   (57240000 KHz - 63720000 KHz @ 2160000 KHz), (N/A, 0 mBm), (N/A)
2021-02-28T01:25:21.223565-05:00 ERR shill[1351]: [ERROR:wifi.cc(1065)] Disconnected due to reason: unknown-failure
2021-02-28T01:25:21.231054-05:00 INFO avahi-daemon[1636]: Withdrawing address record for 192.168.235.209 on wlan0.
2021-02-28T01:25:21.231243-05:00 INFO kernel: [  381.882942] cfg80211: Regulatory domain changed to country: US
2021-02-28T01:25:21.231271-05:00 INFO kernel: [  381.882954] cfg80211:  DFS Master region: unset
2021-02-28T01:25:21.231275-05:00 INFO kernel: [  381.882958] cfg80211:   (start_freq - end_freq @ bandwidth), (max_antenna_gain, max_eirp), (dfs_cac_time)
2021-02-28T01:25:21.231279-05:00 INFO kernel: [  381.882965] cfg80211:   (2402000 KHz - 2472000 KHz @ 40000 KHz), (N/A, 3000 mBm), (N/A)
2021-02-28T01:25:21.231281-05:00 INFO kernel: [  381.882969] cfg80211:   (5170000 KHz - 5250000 KHz @ 80000 KHz), (N/A, 1700 mBm), (N/A)
2021-02-28T01:25:21.231284-05:00 INFO kernel: [  381.882974] cfg80211:   (5250000 KHz - 5330000 KHz @ 80000 KHz), (N/A, 2300 mBm), (0 s)
2021-02-28T01:25:21.231287-05:00 INFO kernel: [  381.882979] cfg80211:   (5490000 KHz - 5730000 KHz @ 160000 KHz), (N/A, 2300 mBm), (0 s)
2021-02-28T01:25:21.231290-05:00 INFO kernel: [  381.882983] cfg80211:   (5735000 KHz - 5835000 KHz @ 80000 KHz), (N/A, 3000 mBm), (N/A)
2021-02-28T01:25:21.231293-05:00 INFO kernel: [  381.882988] cfg80211:   (57240000 KHz - 63720000 KHz @ 2160000 KHz), (N/A, 4000 mBm), (N/A)
2021-02-28T01:25:21.233617-05:00 INFO avahi-daemon[1636]: Leaving mDNS multicast group on interface wlan0.IPv4 with address 192.168.235.209.
2021-02-28T01:25:21.234294-05:00 INFO avahi-daemon[1636]: Interface wlan0.IPv4 no longer relevant for mDNS.
2021-02-28T01:25:21.241099-05:00 INFO kernel: [  381.893026] wlan0: authenticate with 7a:f9:fe:a1:20:19
2021-02-28T01:25:21.245060-05:00 INFO kernel: [  381.897090] wlan0: send auth to 7a:f9:fe:a1:20:19 (try 1/3)
2021-02-28T01:25:21.300111-05:00 INFO kernel: [  381.952693] wlan0: send auth to 7a:f9:fe:a1:20:19 (try 2/3)
2021-02-28T01:25:21.328096-05:00 INFO avahi-daemon[1636]: Server startup complete. Host name is 5d259c375fe8010ec9d0aa23603b3751.local. Local service cookie is 1364900212.
2021-02-28T01:25:21.328240-05:00 INFO avahi-daemon[1636]: Changing host name to '5d259c375fe8010ec9d0aa23603b3751'.
2021-02-28T01:25:21.336492-05:00 NOTICE cros-machine-id-regen[3639]: Regenerated /var/lib/dbus/machine-id (reason: network).
2021-02-28T01:25:21.358062-05:00 INFO kernel: [  382.010449] wlan0: send auth to 7a:f9:fe:a1:20:19 (try 3/3)
2021-02-28T01:25:21.417171-05:00 INFO kernel: [  382.069974] wlan0: authentication with 7a:f9:fe:a1:20:19 timed out
2021-02-28T01:25:21.426570-05:00 ERR wpa_supplicant[626]: nl80211: Failed to open /proc/sys/net/ipv4/conf/wlan0/drop_unicast_in_l2_multicast: No such file or directory
2021-02-28T01:25:21.426649-05:00 ERR wpa_supplicant[626]: nl80211: Failed to set IPv4 unicast in multicast filter
2021-02-28T01:25:24.605205-05:00 INFO kernel: [  385.261549] wlan0: authenticate with 7a:f9:fe:a1:20:19
2021-02-28T01:25:24.608042-05:00 INFO kernel: [  385.264081] wlan0: send auth to 7a:f9:fe:a1:20:19 (try 1/3)
2021-02-28T01:25:24.611055-05:00 INFO kernel: [  385.267601] wlan0: authenticated
2021-02-28T01:25:24.613047-05:00 INFO kernel: [  385.268646] wlan0: associate with 7a:f9:fe:a1:20:19 (try 1/3)
2021-02-28T01:25:24.636059-05:00 INFO kernel: [  385.291773] wlan0: RX AssocResp from 7a:f9:fe:a1:20:19 (capab=0x1431 status=0 aid=1)
2021-02-28T01:25:24.643050-05:00 INFO kernel: [  385.299039] wlan0: associated
2021-02-28T01:25:25.156649-05:00 INFO avahi-daemon[1636]: Joining mDNS multicast group on interface wlan0.IPv4 with address 192.168.235.209.
2021-02-28T01:25:25.156802-05:00 INFO avahi-daemon[1636]: New relevant interface wlan0.IPv4 for mDNS.
2021-02-28T01:25:25.156889-05:00 INFO avahi-daemon[1636]: Registering new address record for 192.168.235.209 on wlan0.IPv4.
2021-02-28T01:25:47.613428-05:00 NOTICE activate_date[3730]: Battery FUD already set.
2021-02-28T01:29:16.457683-05:00 INFO periodic_scheduler[4087]: crash_sender: running /sbin/crash_sender
2021-02-28T01:29:16.483864-05:00 INFO crash_sender[4090]: Version is too old, will not upload crash reports
2021-02-28T01:29:16.492370-05:00 INFO crash_sender[4089]: libminijail[4089]: child process 4090 exited with status 1
2021-02-28T01:29:16.495622-05:00 INFO periodic_scheduler[4091]: crash_sender: job completed
2021-02-28T01:30:38.611053-05:00 INFO kernel: [  699.614162] pcieport 0000:00:1c.0: AER: Corrected error received: id=00e0
2021-02-28T01:30:38.611081-05:00 ERR kernel: [  699.614181] pcieport 0000:00:1c.0: PCIe Bus Error: severity=Corrected, type=Data Link Layer, id=00e0(Transmitter ID)
2021-02-28T01:30:38.611086-05:00 ERR kernel: [  699.614187] pcieport 0000:00:1c.0:   device [8086:0f48] error status/mask=00001000/00002000
2021-02-28T01:30:38.611091-05:00 ERR kernel: [  699.614193] pcieport 0000:00:1c.0:    [12] Replay Timer Timeout  
2021-02-28T01:30:38.642122-05:00 INFO kernel: [  699.645301] pcieport 0000:00:1c.0: AER: Corrected error received: id=00e0
2021-02-28T01:30:38.642151-05:00 ERR kernel: [  699.645321] pcieport 0000:00:1c.0: PCIe Bus Error: severity=Corrected, type=Data Link Layer, id=00e0(Transmitter ID)
2021-02-28T01:30:38.642156-05:00 ERR kernel: [  699.645329] pcieport 0000:00:1c.0:   device [8086:0f48] error status/mask=00001000/00002000
2021-02-28T01:30:38.643085-05:00 ERR kernel: [  699.645814] pcieport 0000:00:1c.0:    [12] Replay Timer Timeout  
2021-02-28T01:30:38.824066-05:00 INFO kernel: [  699.826947] pcieport 0000:00:1c.0: AER: Corrected error received: id=00e0
2021-02-28T01:30:38.824095-05:00 ERR kernel: [  699.826967] pcieport 0000:00:1c.0: PCIe Bus Error: severity=Corrected, type=Data Link Layer, id=00e0(Transmitter ID)
2021-02-28T01:30:38.824107-05:00 ERR kernel: [  699.826974] pcieport 0000:00:1c.0:   device [8086:0f48] error status/mask=00001000/00002000
2021-02-28T01:30:38.824111-05:00 ERR kernel: [  699.826981] pcieport 0000:00:1c.0:    [12] Replay Timer Timeout  
2021-02-28T01:39:02.303948-05:00 INFO rsyslogd[539]: -- MARK --
2021-02-28T01:39:28.865089-05:00 INFO avahi-daemon[1636]: Withdrawing address record for 192.168.235.209 on wlan0.
2021-02-28T01:39:28.865294-05:00 INFO avahi-daemon[1636]: Leaving mDNS multicast group on interface wlan0.IPv4 with address 192.168.235.209.
2021-02-28T01:39:28.866452-05:00 INFO avahi-daemon[1636]: Interface wlan0.IPv4 no longer relevant for mDNS.
2021-02-28T01:39:28.867046-05:00 INFO kernel: [ 1230.454918] wlan0: deauthenticating from 7a:f9:fe:a1:20:19 by local choice (Reason: 3=DEAUTH_LEAVING)
2021-02-28T01:39:28.905691-05:00 ERR wpa_supplicant[626]: nl80211: Failed to open /proc/sys/net/ipv4/conf/wlan0/drop_unicast_in_l2_multicast: No such file or directory
2021-02-28T01:39:28.905789-05:00 ERR wpa_supplicant[626]: nl80211: Failed to set IPv4 unicast in multicast filter
2021-02-28T01:39:28.907406-05:00 ERR wpa_supplicant[626]: nl80211: Failed to open /proc/sys/net/ipv4/conf/wlan0/drop_unicast_in_l2_multicast: No such file or directory
2021-02-28T01:39:28.907492-05:00 ERR wpa_supplicant[626]: nl80211: Failed to set IPv4 unicast in multicast filter
2021-02-28T01:39:28.919051-05:00 INFO kernel: [ 1230.506936] cfg80211: World regulatory domain updated:
2021-02-28T01:39:28.919065-05:00 INFO kernel: [ 1230.506948] cfg80211:  DFS Master region: unset
2021-02-28T01:39:28.919069-05:00 INFO kernel: [ 1230.506951] cfg80211:   (start_freq - end_freq @ bandwidth), (max_antenna_gain, max_eirp), (dfs_cac_time)
2021-02-28T01:39:28.919072-05:00 INFO kernel: [ 1230.506958] cfg80211:   (2402000 KHz - 2472000 KHz @ 40000 KHz), (N/A, 2000 mBm), (N/A)
2021-02-28T01:39:28.919074-05:00 INFO kernel: [ 1230.506962] cfg80211:   (2457000 KHz - 2482000 KHz @ 20000 KHz), (N/A, 2000 mBm), (N/A)
2021-02-28T01:39:28.919077-05:00 INFO kernel: [ 1230.506967] cfg80211:   (2474000 KHz - 2494000 KHz @ 20000 KHz), (N/A, 2000 mBm), (N/A)
2021-02-28T01:39:28.919080-05:00 INFO kernel: [ 1230.506971] cfg80211:   (5170000 KHz - 5250000 KHz @ 80000 KHz), (N/A, 2000 mBm), (N/A)
2021-02-28T01:39:28.919083-05:00 INFO kernel: [ 1230.506976] cfg80211:   (5250000 KHz - 5330000 KHz @ 80000 KHz), (N/A, 2000 mBm), (0 s)
2021-02-28T01:39:28.919085-05:00 INFO kernel: [ 1230.506981] cfg80211:   (5490000 KHz - 5730000 KHz @ 160000 KHz), (N/A, 2000 mBm), (0 s)
2021-02-28T01:39:28.919088-05:00 INFO kernel: [ 1230.506985] cfg80211:   (5735000 KHz - 5835000 KHz @ 80000 KHz), (N/A, 2000 mBm), (N/A)
2021-02-28T01:39:28.919090-05:00 INFO kernel: [ 1230.506990] cfg80211:   (57240000 KHz - 63720000 KHz @ 2160000 KHz), (N/A, 0 mBm), (N/A)
2021-02-28T01:39:28.926681-05:00 ERR shill[1351]: [ERROR:object_proxy.cc(581)] Failed to call method: fi.w1.wpa_supplicant1.Interface.Disconnect: object_path= /fi/w1/wpa_supplicant1/Interfaces/3: fi.w1.wpa_supplicant1.NotConnected: This interface is not connected
2021-02-28T01:39:28.927648-05:00 ERR shill[1351]: [ERROR:dbus_method_invoker.h(113)] CallMethodAndBlockWithTimeout(...): Domain=dbus, Code=fi.w1.wpa_supplicant1.NotConnected, Message=This interface is not connected
2021-02-28T01:39:28.928307-05:00 INFO kernel: [ 1230.516559] cfg80211: Regulatory domain changed to country: US
2021-02-28T01:39:28.928328-05:00 INFO kernel: [ 1230.516570] cfg80211:  DFS Master region: unset
2021-02-28T01:39:28.928332-05:00 INFO kernel: [ 1230.516573] cfg80211:   (start_freq - end_freq @ bandwidth), (max_antenna_gain, max_eirp), (dfs_cac_time)
2021-02-28T01:39:28.928336-05:00 INFO kernel: [ 1230.516579] cfg80211:   (2402000 KHz - 2472000 KHz @ 40000 KHz), (N/A, 3000 mBm), (N/A)
2021-02-28T01:39:28.928339-05:00 INFO kernel: [ 1230.516584] cfg80211:   (5170000 KHz - 5250000 KHz @ 80000 KHz), (N/A, 1700 mBm), (N/A)
2021-02-28T01:39:28.928341-05:00 INFO kernel: [ 1230.516589] cfg80211:   (5250000 KHz - 5330000 KHz @ 80000 KHz), (N/A, 2300 mBm), (0 s)
2021-02-28T01:39:28.928344-05:00 INFO kernel: [ 1230.516594] cfg80211:   (5490000 KHz - 5730000 KHz @ 160000 KHz), (N/A, 2300 mBm), (0 s)
2021-02-28T01:39:28.928346-05:00 INFO kernel: [ 1230.516598] cfg80211:   (5735000 KHz - 5835000 KHz @ 80000 KHz), (N/A, 3000 mBm), (N/A)
2021-02-28T01:39:28.928349-05:00 INFO kernel: [ 1230.516603] cfg80211:   (57240000 KHz - 63720000 KHz @ 2160000 KHz), (N/A, 4000 mBm), (N/A)
2021-02-28T01:39:28.930686-05:00 ERR shill[1351]: [ERROR:chromeos_supplicant_interface_proxy.cc(184)] Failed to disconnect: fi.w1.wpa_supplicant1.NotConnected This interface is not connected
2021-02-28T01:39:28.933148-05:00 ERR wpa_supplicant[626]: nl80211: Failed to open /proc/sys/net/ipv4/conf/wlan0/drop_unicast_in_l2_multicast: No such file or directory
2021-02-28T01:39:28.933265-05:00 ERR wpa_supplicant[626]: nl80211: Failed to set IPv4 unicast in multicast filter
2021-02-28T01:39:28.935214-05:00 ERR wpa_supplicant[626]: nl80211: Failed to open /proc/sys/net/ipv4/conf/wlan0/drop_unicast_in_l2_multicast: No such file or directory
2021-02-28T01:39:28.935297-05:00 ERR wpa_supplicant[626]: nl80211: Failed to set IPv4 unicast in multicast filter
2021-02-28T01:39:28.942263-05:00 ERR wpa_supplicant[626]: rmdir[ctrl_interface=/run/wpa_supplicant]: Permission denied
2021-02-28T01:39:29.018784-05:00 INFO avahi-daemon[1636]: Server startup complete. Host name is 2ea777eb462e570265f40641603b3aa0.local. Local service cookie is 1364900212.
2021-02-28T01:39:29.018917-05:00 INFO avahi-daemon[1636]: Changing host name to '2ea777eb462e570265f40641603b3aa0'.
2021-02-28T01:39:29.025742-05:00 NOTICE cros-machine-id-regen[4584]: Regenerated /var/lib/dbus/machine-id (reason: network).
2021-02-28T01:39:32.186641-05:00 INFO rollback_prepare_save[4624]: Starting rollback_prepare_save
2021-02-28T01:39:32.186821-05:00 INFO rollback_prepare_save[4624]: Exiting no rollback
2021-02-28T01:39:32.227473-05:00 NOTICE shill_logout_user[4626]: Failed to pop shill user profiles
2021-02-28T01:39:32.235755-05:00 INFO session_manager[1108]: [INFO:browser_job.cc(178)] Terminating browser process 1191 with signal 15: exiting cleanly
2021-02-28T01:39:32.235944-05:00 INFO session_manager[1108]: [INFO:system_utils_impl.cc(125)] Sending signal 15 to PID 1191 as UID 1000
2021-02-28T01:39:32.911689-05:00 INFO session_manager[1108]: [INFO:session_manager_service.cc(486)] SessionManagerService quitting run loop
2021-02-28T01:39:32.912049-05:00 INFO session_manager[1108]: [INFO:session_manager_service.cc(207)] SessionManagerService exiting
2021-02-28T01:39:32.976129-05:00 INFO chapsd[1150]: Closing database for /home/root/7c37097f86694f0645e38af5cf316592cce86789/chaps/database
2021-02-28T01:39:32.976342-05:00 INFO chapsd[1150]: leveldb /home/root/7c37097f86694f0645e38af5cf316592cce86789/chaps/database dump:#012  /home/root/7c37097f86694f0645e38af5cf316592cce86789/chaps/database/000012.log (0 bytes, 2021-02-28 06:19:28.000 UTC)#012  /home/root/7c37097f86694f0645e38af5cf316592cce86789/chaps/database/000005.ldb (1025 bytes, 2021-02-22 11:57:35.000 UTC)#012  /home/root/7c37097f86694f0645e38af5cf316592cce86789/chaps/database/LOG (174 bytes, 2021-02-28 06:19:28.000 UTC)#012  /home/root/7c37097f86694f0645e38af5cf316592cce86789/chaps/database/LOCK (0 bytes, 2021-02-22 10:41:33.000 UTC)#012  /home/root/7c37097f86694f0645e38af5cf316592cce86789/chaps/database/LOG.old (172 bytes, 2021-02-24 23:34:07.000 UTC)#012  /home/root/7c37097f86694f0645e38af5cf316592cce86789/chaps/database/CURRENT (16 bytes, 2021-02-28 06:19:28.000 UTC)#012  /home/root/7c37097f86694f0645e38af5cf316592cce86789/chaps/database/MANIFEST-000011 (92 bytes, 2021-02-28 06:19:28.000 UTC)
2021-02-28T01:39:32.976448-05:00 INFO chapsd[1150]: Token at /home/root/7c37097f86694f0645e38af5cf316592cce86789/chaps has been removed from slot 1
2021-02-28T01:39:33.005362-05:00 INFO chapsd[1150]: Unloaded keys for slot 1
2021-02-28T01:39:37.902732-05:00 WARNING chapsd[1150]: Unload Token event received for unknown path: /home/root/7c37097f86694f0645e38af5cf316592cce86789/chaps
2021-02-28T01:39:37.918671-05:00 NOTICE pre-shutdown[4663]: Shutting down for halt: user-request
2021-02-28T01:39:37.926448-05:00 INFO chapsd[1150]: Shutdown triggered by signal 15.
2021-02-28T01:39:37.926655-05:00 INFO chapsd[1150]: chapsd Daemon::OnShutdown invoked.
2021-02-28T01:39:37.926957-05:00 INFO chapsd[1150]: SlotManagerImpl is shutting down.
2021-02-28T01:39:37.927104-05:00 INFO chapsd[1150]: Waiting for worker thread for slot 0 to exit.
2021-02-28T01:39:37.927204-05:00 INFO chapsd[1150]: Unloading keys for slot 0.
2021-02-28T01:39:37.934062-05:00 INFO kernel: [ 1239.531739] EXT4-fs (dm-0): re-mounted. Opts: block_validity,barrier,user_xattr,acl
2021-02-28T01:39:37.953725-05:00 INFO avahi-daemon[1636]: Got SIGTERM, quitting.
2021-02-28T01:39:37.956601-05:00 INFO avahi-daemon[1636]: avahi-daemon 0.7 exiting.
2021-02-28T01:39:37.958758-05:00 INFO chapsd[1150]: Unloaded keys for slot 0
2021-02-28T01:39:37.958979-05:00 INFO chapsd[1150]: Waiting for worker thread for slot 1 to exit.
2021-02-28T01:39:37.959110-05:00 INFO chapsd[1150]: Unloading keys for slot 1.
2021-02-28T01:39:37.959202-05:00 INFO chapsd[1150]: Unloaded keys for slot 1
2021-02-28T01:39:37.959298-05:00 INFO chapsd[1150]: SlotManagerImpl destructor done.
2021-02-28T01:39:37.959405-05:00 INFO chapsd[1150]: Closing database for /var/lib/chaps/database
2021-02-28T01:39:37.959505-05:00 INFO chapsd[1150]: leveldb /var/lib/chaps/database dump:#012  /var/lib/chaps/database/CURRENT (16 bytes, 2021-02-28 06:19:03.000 UTC)#012  /var/lib/chaps/database/LOG (175 bytes, 2021-02-28 06:19:03.000 UTC)#012  /var/lib/chaps/database/000013.log (0 bytes, 2021-02-28 06:19:02.000 UTC)#012  /var/lib/chaps/database/000005.ldb (1025 bytes, 2021-02-22 11:57:21.000 UTC)#012  /var/lib/chaps/database/000008.ldb (3825 bytes, 2021-02-22 12:04:19.000 UTC)#012  /var/lib/chaps/database/MANIFEST-000012 (137 bytes, 2021-02-28 06:19:02.000 UTC)#012  /var/lib/chaps/database/LOCK (0 bytes, 2021-02-22 10:41:27.000 UTC)#012  /var/lib/chaps/database/LOG.old (172 bytes, 2021-02-24 23:33:07.000 UTC)
2021-02-28T01:39:37.959621-05:00 INFO chapsd[1150]: Unloading keys for all slots.
2021-02-28T01:39:37.963535-05:00 NOTICE conntrack-tools[1762]: ---- shutdown received ----
2021-02-28T01:39:37.966136-05:00 INFO btdispatch[2079]: Power manager becomes not available
2021-02-28T01:39:37.968834-05:00 INFO bluetoothd[2064]: Terminating
2021-02-28T01:39:37.969171-05:00 INFO kernel: [ 1239.567351] Bluetooth: hci_core.c:skip_conditional_cmd()   COND LE cmd (0x200a) is already 0 (chg 0), skip transition to 0
2021-02-28T01:39:37.969204-05:00 INFO kernel: [ 1239.567363] Bluetooth: hci_core.c:skip_conditional_cmd()   COND call queue_work.
2021-03-01T00:56:49.260442-05:00 INFO kernel: [    0.000000] microcode: microcode updated early to revision 0x838, date = 2019-04-22
2021-03-01T00:56:49.260582-05:00 INFO kernel: [    0.000000] Initializing cgroup subsys cpuset
2021-03-01T00:56:49.260588-05:00 INFO kernel: [    0.000000] Initializing cgroup subsys cpu
2021-03-01T00:56:49.260591-05:00 INFO kernel: [    0.000000] Initializing cgroup subsys cpuacct
2021-03-01T00:56:49.260594-05:00 NOTICE kernel: [    0.000000] Linux version 4.4.180-16566-g51163f4278d1 (chrome-bot@chromeos-ci-legacy-us-east1-d-x32-6-xp9r) (Chromium OS 9.0_pre353983_p20190325-r14 clang version 9.0.0 (/var/cache/chromeos-cache/distfiles/host/egit-src/llvm-project de7a0a152648d1a74cf4319920b1848aa00d1ca3) (based on LLVM 9.0.0svn)) #1 SMP PREEMPT Tue Aug 27 17:13:36 PDT 2019
2021-03-01T00:56:49.260597-05:00 INFO kernel: [    0.000000] Command line: cros_secure console= loglevel=7 init=/sbin/init cros_secure root=/dev/dm-0 rootwait ro dm_verity.error_behavior=3 dm_verity.max_bios=-1 dm_verity.dev_wait=1 dm="1 vroot none ro 1,0 3584000 verity payload=PARTUUID=6c8bc571-8e95-a843-bc0a-9608a1c2ac65/PARTNROFF=1 hashtree=PARTUUID=6c8bc571-8e95-a843-bc0a-9608a1c2ac65/PARTNROFF=1 hashstart=3584000 alg=sha1 root_hexdigest=3e8df1ad07c15f9a811aa2a9915a17e8409ccf65 salt=0c7d85cad68fb231a34c12121d933c468594106200a09a1c158d34a9cc182c5e" noinitrd vt.global_cursor_default=0 kern_guid=6c8bc571-8e95-a843-bc0a-9608a1c2ac65 add_efi_memmap boot=local noresume noswap i915.modeset=1 tpm_tis.force=1 tpm_tis.interrupts=0 nmi_watchdog=panic,lapic  
2021-03-01T00:56:49.260607-05:00 INFO kernel: [    0.000000] x86/fpu: Legacy x87 FPU detected.
2021-03-01T00:56:49.260611-05:00 INFO kernel: [    0.000000] e820: BIOS-provided physical RAM map:
2021-03-01T00:56:49.260613-05:00 INFO kernel: [    0.000000] BIOS-e820: [mem 0x0000000000000000-0x0000000000000fff] type 16
2021-03-01T00:56:49.260615-05:00 INFO kernel: [    0.000000] BIOS-e820: [mem 0x0000000000001000-0x000000000009ffff] usable
2021-03-01T00:56:49.260618-05:00 INFO kernel: [    0.000000] BIOS-e820: [mem 0x00000000000a0000-0x00000000000fffff] reserved
2021-03-01T00:56:49.260620-05:00 INFO kernel: [    0.000000] BIOS-e820: [mem 0x0000000000100000-0x000000001fffffff] usable
2021-03-01T00:56:49.260628-05:00 INFO kernel: [    0.000000] BIOS-e820: [mem 0x0000000020000000-0x00000000200fffff] reserved
2021-03-01T00:56:49.260631-05:00 INFO kernel: [    0.000000] BIOS-e820: [mem 0x0000000020100000-0x000000007ae6dfff] usable
2021-03-01T00:56:49.260633-05:00 INFO kernel: [    0.000000] BIOS-e820: [mem 0x000000007ae6e000-0x000000007affffff] type 16
2021-03-01T00:56:49.260636-05:00 INFO kernel: [    0.000000] BIOS-e820: [mem 0x000000007b000000-0x000000007fffffff] reserved
2021-03-01T00:56:49.260638-05:00 INFO kernel: [    0.000000] BIOS-e820: [mem 0x00000000e0000000-0x00000000efffffff] reserved
2021-03-01T00:56:49.260640-05:00 INFO kernel: [    0.000000] BIOS-e820: [mem 0x00000000feb00000-0x00000000febfffff] reserved
2021-03-01T00:56:49.260643-05:00 INFO kernel: [    0.000000] BIOS-e820: [mem 0x00000000fed01000-0x00000000fed01fff] reserved
2021-03-01T00:56:49.260651-05:00 INFO kernel: [    0.000000] BIOS-e820: [mem 0x00000000fed03000-0x00000000fed03fff] reserved
2021-03-01T00:56:49.260654-05:00 INFO kernel: [    0.000000] BIOS-e820: [mem 0x00000000fed05000-0x00000000fed05fff] reserved
2021-03-01T00:56:49.260657-05:00 INFO kernel: [    0.000000] BIOS-e820: [mem 0x00000000fed08000-0x00000000fed08fff] reserved
2021-03-01T00:56:49.260659-05:00 INFO kernel: [    0.000000] BIOS-e820: [mem 0x00000000fed0c000-0x00000000fed0ffff] reserved
2021-03-01T00:56:49.260661-05:00 INFO kernel: [    0.000000] BIOS-e820: [mem 0x00000000fed1c000-0x00000000fed1cfff] reserved
2021-03-01T00:56:49.260663-05:00 INFO kernel: [    0.000000] BIOS-e820: [mem 0x00000000fef00000-0x00000000feffffff] reserved
2021-03-01T00:56:49.260671-05:00 INFO kernel: [    0.000000] BIOS-e820: [mem 0x0000000100000000-0x000000017fffffff] usable
2021-03-01T00:56:49.260674-05:00 INFO kernel: [    0.000000] NX (Execute Disable) protection: active
2021-03-01T00:56:49.260677-05:00 INFO kernel: [    0.000000] SMBIOS 2.7 present.
2021-03-01T00:56:49.260679-05:00 DEBUG kernel: [    0.000000] DMI: GOOGLE Glimmer, BIOS Google_Glimmer.5216.198.188 05/27/2018
2021-03-01T00:56:49.260681-05:00 DEBUG kernel: [    0.000000] e820: update [mem 0x00000000-0x00000fff] usable ==> reserved
2021-03-01T00:56:49.260683-05:00 DEBUG kernel: [    0.000000] e820: remove [mem 0x000a0000-0x000fffff] usable
2021-03-01T00:56:49.260685-05:00 INFO kernel: [    0.000000] e820: last_pfn = 0x180000 max_arch_pfn = 0x400000000
2021-03-01T00:56:49.260694-05:00 DEBUG kernel: [    0.000000] MTRR default type: uncachable
2021-03-01T00:56:49.260697-05:00 DEBUG kernel: [    0.000000] MTRR fixed ranges enabled:
2021-03-01T00:56:49.260700-05:00 DEBUG kernel: [    0.000000]   00000-9FFFF write-back
2021-03-01T00:56:49.260702-05:00 DEBUG kernel: [    0.000000]   A0000-BFFFF uncachable
2021-03-01T00:56:49.260704-05:00 DEBUG kernel: [    0.000000]   C0000-FFFFF write-back
2021-03-01T00:56:49.260706-05:00 DEBUG kernel: [    0.000000] MTRR variable ranges enabled:
2021-03-01T00:56:49.260708-05:00 DEBUG kernel: [    0.000000]   0 base 000000000 mask FC0000000 write-back
2021-03-01T00:56:49.260716-05:00 DEBUG kernel: [    0.000000]   1 base 040000000 mask FE0000000 write-back
2021-03-01T00:56:49.260719-05:00 DEBUG kernel: [    0.000000]   2 base 060000000 mask FF0000000 write-back
2021-03-01T00:56:49.260721-05:00 DEBUG kernel: [    0.000000]   3 base 070000000 mask FF8000000 write-back
2021-03-01T00:56:49.260723-05:00 DEBUG kernel: [    0.000000]   4 base 078000000 mask FFC000000 write-back
2021-03-01T00:56:49.260726-05:00 DEBUG kernel: [    0.000000]   5 base 07B800000 mask FFF800000 uncachable
2021-03-01T00:56:49.260728-05:00 DEBUG kernel: [    0.000000]   6 base 0FF800000 mask FFF800000 uncachable
2021-03-01T00:56:49.260735-05:00 DEBUG kernel: [    0.000000]   7 base 100000000 mask F00000000 write-back
2021-03-01T00:56:49.260738-05:00 INFO kernel: [    0.000000] x86/PAT: Configuration [0-7]: WB  WC  UC- UC  WB  WC  UC- WT  
2021-03-01T00:56:49.260741-05:00 DEBUG kernel: [    0.000000] e820: update [mem 0x7b800000-0xffffffff] usable ==> reserved
2021-03-01T00:56:49.260743-05:00 INFO kernel: [    0.000000] e820: last_pfn = 0x7ae6e max_arch_pfn = 0x400000000
2021-03-01T00:56:49.260745-05:00 INFO kernel: [    0.000000] Scanning 1 areas for low memory corruption
2021-03-01T00:56:49.260747-05:00 DEBUG kernel: [    0.000000] Base memory trampoline at [ffff880000098000] 98000 size 28672
2021-03-01T00:56:49.260749-05:00 DEBUG kernel: [    0.000000] BRK [0x0e338000, 0x0e338fff] PGTABLE
2021-03-01T00:56:49.260757-05:00 DEBUG kernel: [    0.000000] BRK [0x0e339000, 0x0e339fff] PGTABLE
2021-03-01T00:56:49.260760-05:00 DEBUG kernel: [    0.000000] BRK [0x0e33a000, 0x0e33afff] PGTABLE
2021-03-01T00:56:49.260762-05:00 DEBUG kernel: [    0.000000] BRK [0x0e33b000, 0x0e33bfff] PGTABLE
2021-03-01T00:56:49.260765-05:00 DEBUG kernel: [    0.000000] BRK [0x0e33c000, 0x0e33cfff] PGTABLE
2021-03-01T00:56:49.260767-05:00 DEBUG kernel: [    0.000000] BRK [0x0e33d000, 0x0e33dfff] PGTABLE
2021-03-01T00:56:49.260769-05:00 INFO kernel: [    0.000000] ACPI: Early table checksum verification disabled
2021-03-01T00:56:49.260776-05:00 WARNING kernel: [    0.000000] ACPI: RSDP 0x00000000000F0000 000024 (v02 CORE  )
2021-03-01T00:56:49.260780-05:00 WARNING kernel: [    0.000000] ACPI: XSDT 0x000000007AF780E0 00004C (v01 CORE   COREBOOT 00000000 CORE 00000000)
2021-03-01T00:56:49.260782-05:00 WARNING kernel: [    0.000000] ACPI: FACP 0x000000007AF7C720 0000F4 (v03 CORE   COREBOOT 00000000 CORE 00000001)
2021-03-01T00:56:49.260784-05:00 WARNING kernel: [    0.000000] ACPI: DSDT 0x000000007AF78250 0044CF (v05 COREv4 COREBOOT 20110725 INTL 20130117)
2021-03-01T00:56:49.260786-05:00 WARNING kernel: [    0.000000] ACPI: FACS 0x000000007AF78210 000040
2021-03-01T00:56:49.260789-05:00 WARNING kernel: [    0.000000] ACPI: FACS 0x000000007AF78210 000040
2021-03-01T00:56:49.260794-05:00 WARNING kernel: [    0.000000] ACPI: HPET 0x000000007AF7C820 000038 (v01 CORE   COREBOOT 00000000 CORE 00000000)
2021-03-01T00:56:49.260803-05:00 WARNING kernel: [    0.000000] ACPI: APIC 0x000000007AF7C860 00006C (v01 CORE   COREBOOT 00000000 CORE 00000000)
2021-03-01T00:56:49.260806-05:00 WARNING kernel: [    0.000000] ACPI: MCFG 0x000000007AF7C8D0 00003C (v01 CORE   COREBOOT 00000000 CORE 00000000)
2021-03-01T00:56:49.260808-05:00 WARNING kernel: [    0.000000] ACPI: SSDT 0x000000007AF7D9C0 000EEC (v02 CORE   COREBOOT 0000002A CORE 0000002A)
2021-03-01T00:56:49.260811-05:00 DEBUG kernel: [    0.000000] ACPI: Local APIC address 0xfee00000
2021-03-01T00:56:49.260813-05:00 INFO kernel: [    0.000000] Zone ranges:
2021-03-01T00:56:49.260815-05:00 INFO kernel: [    0.000000]   DMA      [mem 0x0000000000001000-0x0000000000ffffff]
2021-03-01T00:56:49.260823-05:00 INFO kernel: [    0.000000]   DMA32    [mem 0x0000000001000000-0x00000000ffffffff]
2021-03-01T00:56:49.260826-05:00 INFO kernel: [    0.000000]   Normal   [mem 0x0000000100000000-0x000000017fffffff]
2021-03-01T00:56:49.260828-05:00 INFO kernel: [    0.000000] Movable zone start for each node
2021-03-01T00:56:49.260830-05:00 INFO kernel: [    0.000000] Early memory node ranges
2021-03-01T00:56:49.260832-05:00 INFO kernel: [    0.000000]   node   0: [mem 0x0000000000001000-0x000000000009ffff]
2021-03-01T00:56:49.260835-05:00 INFO kernel: [    0.000000]   node   0: [mem 0x0000000000100000-0x000000001fffffff]
2021-03-01T00:56:49.260837-05:00 INFO kernel: [    0.000000]   node   0: [mem 0x0000000020100000-0x000000007ae6dfff]
2021-03-01T00:56:49.260844-05:00 INFO kernel: [    0.000000]   node   0: [mem 0x0000000100000000-0x000000017fffffff]
2021-03-01T00:56:49.260847-05:00 INFO kernel: [    0.000000] Initmem setup node 0 [mem 0x0000000000001000-0x000000017fffffff]
2021-03-01T00:56:49.260850-05:00 DEBUG kernel: [    0.000000] On node 0 totalpages: 1027341
2021-03-01T00:56:49.260852-05:00 DEBUG kernel: [    0.000000]   DMA zone: 64 pages used for memmap
2021-03-01T00:56:49.260854-05:00 DEBUG kernel: [    0.000000]   DMA zone: 23 pages reserved
2021-03-01T00:56:49.260856-05:00 DEBUG kernel: [    0.000000]   DMA zone: 3999 pages, LIFO batch:0
2021-03-01T00:56:49.260863-05:00 DEBUG kernel: [    0.000000]   DMA32 zone: 7798 pages used for memmap
2021-03-01T00:56:49.260866-05:00 DEBUG kernel: [    0.000000]   DMA32 zone: 499054 pages, LIFO batch:31
2021-03-01T00:56:49.260868-05:00 DEBUG kernel: [    0.000000]   Normal zone: 8192 pages used for memmap
2021-03-01T00:56:49.260871-05:00 DEBUG kernel: [    0.000000]   Normal zone: 524288 pages, LIFO batch:31
2021-03-01T00:56:49.260873-05:00 INFO kernel: [    0.000000] x86/hpet: Will disable the HPET for this platform because it's not reliable
2021-03-01T00:56:49.260875-05:00 INFO kernel: [    0.000000] Reserving Intel graphics stolen memory at 0x7c000000-0x7fffffff
2021-03-01T00:56:49.260877-05:00 INFO kernel: [    0.000000] ACPI: PM-Timer IO Port: 0x408
2021-03-01T00:56:49.260886-05:00 DEBUG kernel: [    0.000000] ACPI: Local APIC address 0xfee00000
2021-03-01T00:56:49.260889-05:00 INFO kernel: [    0.000000] IOAPIC[0]: apic_id 2, version 32, address 0xfec00000, GSI 0-86
2021-03-01T00:56:49.260891-05:00 INFO kernel: [    0.000000] ACPI: INT_SRC_OVR (bus 0 bus_irq 0 global_irq 2 dfl dfl)
2021-03-01T00:56:49.260894-05:00 INFO kernel: [    0.000000] ACPI: INT_SRC_OVR (bus 0 bus_irq 9 global_irq 9 high level)
2021-03-01T00:56:49.260896-05:00 DEBUG kernel: [    0.000000] ACPI: IRQ0 used by override.
2021-03-01T00:56:49.260898-05:00 DEBUG kernel: [    0.000000] ACPI: IRQ9 used by override.
2021-03-01T00:56:49.260905-05:00 INFO kernel: [    0.000000] Using ACPI (MADT) for SMP configuration information
2021-03-01T00:56:49.260909-05:00 INFO kernel: [    0.000000] ACPI: HPET id: 0x8086a201 base: 0xfed00000
2021-03-01T00:56:49.260911-05:00 INFO kernel: [    0.000000] smpboot: Allowing 4 CPUs, 0 hotplug CPUs
2021-03-01T00:56:49.260913-05:00 INFO kernel: [    0.000000] e820: [mem 0x80000000-0xdfffffff] available for PCI devices
2021-03-01T00:56:49.260915-05:00 INFO kernel: [    0.000000] clocksource: refined-jiffies: mask: 0xffffffff max_cycles: 0xffffffff, max_idle_ns: 1910969940391419 ns
2021-03-01T00:56:49.260918-05:00 INFO kernel: [    0.000000] setup_percpu: NR_CPUS:8 nr_cpumask_bits:8 nr_cpu_ids:4 nr_node_ids:1
2021-03-01T00:56:49.261229-05:00 INFO kernel: [    0.000000] PERCPU: Embedded 32 pages/cpu @ffff88017fc00000 s93352 r8192 d29528 u524288
2021-03-01T00:56:49.261249-05:00 DEBUG kernel: [    0.000000] pcpu-alloc: s93352 r8192 d29528 u524288 alloc=1*2097152
2021-03-01T00:56:49.261301-05:00 DEBUG kernel: [    0.000000] pcpu-alloc: [0] 0 1 2 3 
2021-03-01T00:56:49.261306-05:00 INFO kernel: [    0.000000] Built 1 zonelists in Zone order, mobility grouping on.  Total pages: 1011264
2021-03-01T00:56:49.261309-05:00 NOTICE kernel: [    0.000000] Kernel command line: cros_secure console= loglevel=7 init=/sbin/init cros_secure root=/dev/dm-0 rootwait ro dm_verity.error_behavior=3 dm_verity.max_bios=-1 dm_verity.dev_wait=1 dm="1 vroot none ro 1,0 3584000 verity payload=PARTUUID=6c8bc571-8e95-a843-bc0a-9608a1c2ac65/PARTNROFF=1 hashtree=PARTUUID=6c8bc571-8e95-a843-bc0a-9608a1c2ac65/PARTNROFF=1 hashstart=3584000 alg=sha1 root_hexdigest=3e8df1ad07c15f9a811aa2a9915a17e8409ccf65 salt=0c7d85cad68fb231a34c12121d933c468594106200a09a1c158d34a9cc182c5e" noinitrd vt.global_cursor_default=0 kern_guid=6c8bc571-8e95-a843-bc0a-9608a1c2ac65 add_efi_memmap boot=local noresume noswap i915.modeset=1 tpm_tis.force=1 tpm_tis.interrupts=0 nmi_watchdog=panic,lapic  
2021-03-01T00:56:49.261312-05:00 INFO kernel: [    0.000000] device-mapper: init: will configure 1 devices
2021-03-01T00:56:49.261320-05:00 INFO kernel: [    0.000000] PID hash table entries: 4096 (order: 3, 32768 bytes)
2021-03-01T00:56:49.261324-05:00 INFO kernel: [    0.000000] Dentry cache hash table entries: 524288 (order: 10, 4194304 bytes)
2021-03-01T00:56:49.261326-05:00 INFO kernel: [    0.000000] Inode-cache hash table entries: 262144 (order: 9, 2097152 bytes)
2021-03-01T00:56:49.261329-05:00 INFO kernel: [    0.000000] Memory: 3953160K/4109364K available (8588K kernel code, 1022K rwdata, 2952K rodata, 1308K init, 924K bss, 156204K reserved, 0K cma-reserved)
2021-03-01T00:56:49.261331-05:00 INFO kernel: [    0.000000] SLUB: HWalign=64, Order=0-3, MinObjects=0, CPUs=4, Nodes=1
2021-03-01T00:56:49.261334-05:00 INFO kernel: [    0.000000] Kernel/User page tables isolation: enabled
2021-03-01T00:56:49.261342-05:00 INFO kernel: [    0.000000] Preemptible hierarchical RCU implementation.
2021-03-01T00:56:49.261345-05:00 INFO kernel: [    0.000000] 	Build-time adjustment of leaf fanout to 64.
2021-03-01T00:56:49.261348-05:00 INFO kernel: [    0.000000] 	RCU restricting CPUs from NR_CPUS=8 to nr_cpu_ids=4.
2021-03-01T00:56:49.261350-05:00 INFO kernel: [    0.000000] RCU: Adjusting geometry for rcu_fanout_leaf=64, nr_cpu_ids=4
2021-03-01T00:56:49.261352-05:00 INFO kernel: [    0.000000] NR_IRQS:4352 nr_irqs:1024 16
2021-03-01T00:56:49.261355-05:00 INFO kernel: [    0.000000] Maximum core-clock to bus-clock ratio: 0x16
2021-03-01T00:56:49.261357-05:00 INFO kernel: [    0.000000] Resolved frequency ID: 0, frequency: 83200 KHz
2021-03-01T00:56:49.261386-05:00 INFO kernel: [    0.000000] TSC runs at 1830400 KHz
2021-03-01T00:56:49.261391-05:00 INFO kernel: [    0.000000] lapic_timer_frequency = 83200
2021-03-01T00:56:49.261393-05:00 INFO kernel: [    0.000000] tsc: Initial usec timer 1262387
2021-03-01T00:56:49.261395-05:00 INFO kernel: [    0.000000] tsc: Detected 1830.400 MHz processor
2021-03-01T00:56:49.261397-05:00 INFO kernel: [    0.000005] Calibrating delay loop (skipped), value calculated using timer frequency.. 3660.80 BogoMIPS (lpj=1830400)
2021-03-01T00:56:49.261400-05:00 INFO kernel: [    0.000011] pid_max: default: 32768 minimum: 301
2021-03-01T00:56:49.261408-05:00 INFO kernel: [    0.000022] ACPI: Core revision 20150930
2021-03-01T00:56:49.261412-05:00 WARNING kernel: [    0.006967] ACPI: 2 ACPI AML tables successfully acquired and loaded
2021-03-01T00:56:49.261414-05:00 INFO kernel: [    0.007007] Security Framework initialized
2021-03-01T00:56:49.261417-05:00 INFO kernel: [    0.007013] Yama: becoming mindful.
2021-03-01T00:56:49.261419-05:00 INFO kernel: [    0.007022] Chromium OS LSM: enabled
2021-03-01T00:56:49.261452-05:00 INFO kernel: [    0.007025] SELinux:  Initializing.
2021-03-01T00:56:49.261456-05:00 DEBUG kernel: [    0.007040] SELinux:  Starting in permissive mode
2021-03-01T00:56:49.261465-05:00 INFO kernel: [    0.007063] Mount-cache hash table entries: 8192 (order: 4, 65536 bytes)
2021-03-01T00:56:49.261469-05:00 INFO kernel: [    0.007069] Mountpoint-cache hash table entries: 8192 (order: 4, 65536 bytes)
2021-03-01T00:56:49.261471-05:00 INFO kernel: [    0.007424] Initializing cgroup subsys devices
2021-03-01T00:56:49.261474-05:00 INFO kernel: [    0.007434] Initializing cgroup subsys freezer
2021-03-01T00:56:49.261476-05:00 INFO kernel: [    0.007457] CPU: Physical Processor ID: 0
2021-03-01T00:56:49.261478-05:00 INFO kernel: [    0.007461] CPU: Processor Core ID: 0
2021-03-01T00:56:49.261480-05:00 WARNING kernel: [    0.007467] ENERGY_PERF_BIAS: Set to 'normal', was 'performance'
2021-03-01T00:56:49.261488-05:00 WARNING kernel: [    0.007470] ENERGY_PERF_BIAS: View and update with x86_energy_perf_policy(8)
2021-03-01T00:56:49.261492-05:00 INFO kernel: [    0.007475] Disabling VMX on cpu 0
2021-03-01T00:56:49.261494-05:00 INFO kernel: [    0.012254] mce: CPU supports 6 MCE banks
2021-03-01T00:56:49.261542-05:00 INFO kernel: [    0.012269] CPU0: Thermal monitoring enabled (TM1)
2021-03-01T00:56:49.261547-05:00 INFO kernel: [    0.012275] process: using mwait in idle threads
2021-03-01T00:56:49.261549-05:00 INFO kernel: [    0.012281] Last level iTLB entries: 4KB 48, 2MB 0, 4MB 0
2021-03-01T00:56:49.261558-05:00 INFO kernel: [    0.012284] Last level dTLB entries: 4KB 128, 2MB 16, 4MB 16, 1GB 0
2021-03-01T00:56:49.261562-05:00 INFO kernel: [    0.012297] Spectre V2 : Mitigation: Full generic retpoline
2021-03-01T00:56:49.261564-05:00 INFO kernel: [    0.012300] Spectre V2 : Spectre v2 / SpectreRSB mitigation: Filling RSB on context switch
2021-03-01T00:56:49.261567-05:00 INFO kernel: [    0.012302] Spectre V2 : Enabling Restricted Speculation for firmware calls
2021-03-01T00:56:49.261569-05:00 INFO kernel: [    0.012310] Spectre V2 : mitigation: Enabling conditional Indirect Branch Prediction Barrier
2021-03-01T00:56:49.261572-05:00 INFO kernel: [    0.012313] Spectre V2 : User space: Mitigation: STIBP via seccomp and prctl
2021-03-01T00:56:49.261574-05:00 INFO kernel: [    0.012316] MDS: Mitigation: Clear CPU buffers
2021-03-01T00:56:49.261582-05:00 INFO kernel: [    0.012868] Freeing SMP alternatives memory: 32K
2021-03-01T00:56:49.261585-05:00 INFO kernel: [    0.014268] ftrace: allocating 30825 entries in 121 pages
2021-03-01T00:56:49.261588-05:00 INFO kernel: [    0.048508] ..TIMER: vector=0x30 apic1=0 pin1=2 apic2=-1 pin2=-1
2021-03-01T00:56:49.261590-05:00 DEBUG kernel: [    0.058537] TSC deadline timer enabled
2021-03-01T00:56:49.261593-05:00 INFO kernel: [    0.058544] smpboot: CPU0: Intel(R) Celeron(R) CPU  N2940  @ 1.83GHz (family: 0x6, model: 0x37, stepping: 0x8)
2021-03-01T00:56:49.261595-05:00 INFO kernel: [    0.058584] Performance Events: PEBS fmt2+, 8-deep LBR, Silvermont events, full-width counters, Intel PMU driver.
2021-03-01T00:56:49.261603-05:00 INFO kernel: [    0.058602] ... version:                3
2021-03-01T00:56:49.261606-05:00 INFO kernel: [    0.058605] ... bit width:              40
2021-03-01T00:56:49.261609-05:00 INFO kernel: [    0.058608] ... generic registers:      2
2021-03-01T00:56:49.261611-05:00 INFO kernel: [    0.058611] ... value mask:             000000ffffffffff
2021-03-01T00:56:49.261614-05:00 INFO kernel: [    0.058614] ... max period:             0000007fffffffff
2021-03-01T00:56:49.261616-05:00 INFO kernel: [    0.058616] ... fixed-purpose events:   3
2021-03-01T00:56:49.261623-05:00 INFO kernel: [    0.058619] ... event mask:             0000000700000003
2021-03-01T00:56:49.261627-05:00 INFO kernel: [    0.067637] x86: Booting SMP configuration:
2021-03-01T00:56:49.261629-05:00 INFO kernel: [    0.067643] .... node  #0, CPUs:      #1
2021-03-01T00:56:49.261632-05:00 INFO kernel: [    0.067788] Disabling VMX on cpu 1
2021-03-01T00:56:49.261634-05:00 INFO kernel: [    0.074820] NMI watchdog: enabled on all CPUs, permanently consumes one hw-PMU counter.
2021-03-01T00:56:49.261637-05:00 WARNING kernel: [    0.077648]  #2
2021-03-01T00:56:49.261639-05:00 INFO kernel: [    0.079974] Disabling VMX on cpu 2
2021-03-01T00:56:49.261646-05:00 WARNING kernel: [    0.089834]  #3<6>[    0.089910] Disabling VMX on cpu 3
2021-03-01T00:56:49.261650-05:00 INFO kernel: [    0.096764] x86: Booted up 1 node, 4 CPUs
2021-03-01T00:56:49.261652-05:00 INFO kernel: [    0.096771] smpboot: Total of 4 processors activated (14643.20 BogoMIPS)
2021-03-01T00:56:49.261655-05:00 INFO kernel: [    0.097322] CPU3: update max cpu_capacity 1024
2021-03-01T00:56:49.261657-05:00 INFO kernel: [    0.097781] devtmpfs: initialized
2021-03-01T00:56:49.261659-05:00 INFO kernel: [    0.098773] CPU3: update max cpu_capacity 1024
2021-03-01T00:56:49.261667-05:00 INFO kernel: [    0.098866] clocksource: jiffies: mask: 0xffffffff max_cycles: 0xffffffff, max_idle_ns: 1911260446275000 ns
2021-03-01T00:56:49.261670-05:00 INFO kernel: [    0.098881] futex hash table entries: 1024 (order: 4, 65536 bytes)
2021-03-01T00:56:49.261673-05:00 INFO kernel: [    0.099089] pinctrl core: initialized pinctrl subsystem
2021-03-01T00:56:49.261675-05:00 INFO kernel: [    0.099170] RTC time:  5:56:47, date: 03/01/21
2021-03-01T00:56:49.261677-05:00 INFO kernel: [    0.099484] NET: Registered protocol family 16
2021-03-01T00:56:49.261680-05:00 INFO kernel: [    0.104783] cpuidle: using governor ladder
2021-03-01T00:56:49.261682-05:00 INFO kernel: [    0.108800] cpuidle: using governor menu
2021-03-01T00:56:49.261690-05:00 INFO kernel: [    0.109144] clocksource: Switched to clocksource refined-jiffies
2021-03-01T00:56:49.261693-05:00 INFO kernel: [    0.109154] ACPI: bus type PCI registered
2021-03-01T00:56:49.261696-05:00 INFO kernel: [    0.109280] PCI: MMCONFIG for domain 0000 [bus 00-ff] at [mem 0xe0000000-0xefffffff] (base 0xe0000000)
2021-03-01T00:56:49.261698-05:00 INFO kernel: [    0.109286] PCI: MMCONFIG at [mem 0xe0000000-0xefffffff] reserved in E820
2021-03-01T00:56:49.261700-05:00 INFO kernel: [    0.109326] PCI: Using configuration type 1 for base access
2021-03-01T00:56:49.261703-05:00 INFO kernel: [    0.119687] ACPI: Added _OSI(Module Device)
2021-03-01T00:56:49.261710-05:00 INFO kernel: [    0.119694] ACPI: Added _OSI(Processor Device)
2021-03-01T00:56:49.261713-05:00 INFO kernel: [    0.119698] ACPI: Added _OSI(3.0 _SCP Extensions)
2021-03-01T00:56:49.261716-05:00 INFO kernel: [    0.119701] ACPI: Added _OSI(Processor Aggregator Device)
2021-03-01T00:56:49.261718-05:00 INFO kernel: [    0.128715] ACPI : EC: EC started
2021-03-01T00:56:49.261720-05:00 INFO kernel: [    0.128914] ACPI: Interpreter enabled
2021-03-01T00:56:49.261722-05:00 INFO kernel: [    0.128945] ACPI: (supports S0 S3 S5)
2021-03-01T00:56:49.261725-05:00 INFO kernel: [    0.128950] ACPI: Using IOAPIC for interrupt routing
2021-03-01T00:56:49.261732-05:00 INFO kernel: [    0.129003] PCI: Using host bridge windows from ACPI; if necessary, use "pci=nocrs" and report a bug
2021-03-01T00:56:49.261736-05:00 INFO kernel: [    0.138723] ACPI: Power Resource [PLPE] (on)
2021-03-01T00:56:49.261739-05:00 INFO kernel: [    0.141303] ACPI: PCI Root Bridge [PCI0] (domain 0000 [bus 00-ff])
2021-03-01T00:56:49.261741-05:00 INFO kernel: [    0.141317] acpi PNP0A08:00: _OSC: OS supports [ExtendedConfig ASPM ClockPM Segments MSI]
2021-03-01T00:56:49.261743-05:00 INFO kernel: [    0.141440] acpi PNP0A08:00: _OSC: OS now controls [PCIeHotplug PME AER PCIeCapability]
2021-03-01T00:56:49.261745-05:00 INFO kernel: [    0.141665] PCI host bridge to bus 0000:00
2021-03-01T00:56:49.261761-05:00 INFO kernel: [    0.141673] pci_bus 0000:00: root bus resource [io  0x0000-0x0cf7 window]
2021-03-01T00:56:49.261765-05:00 INFO kernel: [    0.141679] pci_bus 0000:00: root bus resource [io  0x0d00-0xffff window]
2021-03-01T00:56:49.261768-05:00 INFO kernel: [    0.141685] pci_bus 0000:00: root bus resource [mem 0x000a0000-0x000bffff window]
2021-03-01T00:56:49.261770-05:00 INFO kernel: [    0.141690] pci_bus 0000:00: root bus resource [mem 0x000c0000-0x000c3fff window]
2021-03-01T00:56:49.261773-05:00 INFO kernel: [    0.141695] pci_bus 0000:00: root bus resource [mem 0x000c4000-0x000c7fff window]
2021-03-01T00:56:49.261775-05:00 INFO kernel: [    0.141700] pci_bus 0000:00: root bus resource [mem 0x000c8000-0x000cbfff window]
2021-03-01T00:56:49.261778-05:00 INFO kernel: [    0.141705] pci_bus 0000:00: root bus resource [mem 0x000cc000-0x000cffff window]
2021-03-01T00:56:49.261789-05:00 INFO kernel: [    0.141711] pci_bus 0000:00: root bus resource [mem 0x000d0000-0x000d3fff window]
2021-03-01T00:56:49.261954-05:00 INFO kernel: [    0.141716] pci_bus 0000:00: root bus resource [mem 0x000d4000-0x000d7fff window]
2021-03-01T00:56:49.261958-05:00 INFO kernel: [    0.141721] pci_bus 0000:00: root bus resource [mem 0x000d8000-0x000dbfff window]
2021-03-01T00:56:49.261961-05:00 INFO kernel: [    0.141726] pci_bus 0000:00: root bus resource [mem 0x000dc000-0x000dffff window]
2021-03-01T00:56:49.261964-05:00 INFO kernel: [    0.141731] pci_bus 0000:00: root bus resource [mem 0x000e0000-0x000e3fff window]
2021-03-01T00:56:49.261966-05:00 INFO kernel: [    0.141736] pci_bus 0000:00: root bus resource [mem 0x000e4000-0x000e7fff window]
2021-03-01T00:56:49.261977-05:00 INFO kernel: [    0.141742] pci_bus 0000:00: root bus resource [mem 0x000e8000-0x000ebfff window]
2021-03-01T00:56:49.261982-05:00 INFO kernel: [    0.141747] pci_bus 0000:00: root bus resource [mem 0x000ec000-0x000effff window]
2021-03-01T00:56:49.261985-05:00 INFO kernel: [    0.141752] pci_bus 0000:00: root bus resource [mem 0x000f0000-0x000fffff window]
2021-03-01T00:56:49.261987-05:00 INFO kernel: [    0.141757] pci_bus 0000:00: root bus resource [mem 0x80000000-0xfeafffff window]
2021-03-01T00:56:49.261990-05:00 INFO kernel: [    0.141762] pci_bus 0000:00: root bus resource [mem 0xfed40000-0xfed44fff window]
2021-03-01T00:56:49.261992-05:00 INFO kernel: [    0.141768] pci_bus 0000:00: root bus resource [bus 00-ff]
2021-03-01T00:56:49.261995-05:00 DEBUG kernel: [    0.141785] pci 0000:00:00.0: [8086:0f00] type 00 class 0x060000
2021-03-01T00:56:49.262019-05:00 DEBUG kernel: [    0.141946] pci 0000:00:02.0: [8086:0f31] type 00 class 0x030000
2021-03-01T00:56:49.262024-05:00 DEBUG kernel: [    0.141973] pci 0000:00:02.0: reg 0x10: [mem 0xd0000000-0xd03fffff]
2021-03-01T00:56:49.262027-05:00 DEBUG kernel: [    0.141989] pci 0000:00:02.0: reg 0x18: [mem 0xc0000000-0xcfffffff pref]
2021-03-01T00:56:49.262029-05:00 DEBUG kernel: [    0.142005] pci 0000:00:02.0: reg 0x20: [io  0x1000-0x1007]
2021-03-01T00:56:49.262031-05:00 DEBUG kernel: [    0.142164] pci 0000:00:14.0: [8086:0f35] type 00 class 0x0c0330
2021-03-01T00:56:49.262034-05:00 DEBUG kernel: [    0.142199] pci 0000:00:14.0: reg 0x10: [mem 0xd0900000-0xd090ffff 64bit]
2021-03-01T00:56:49.262044-05:00 DEBUG kernel: [    0.142265] pci 0000:00:14.0: PME# supported from D3hot D3cold
2021-03-01T00:56:49.262048-05:00 INFO kernel: [    0.142317] pci 0000:00:14.0: System wakeup disabled by ACPI
2021-03-01T00:56:49.262051-05:00 DEBUG kernel: [    0.142432] pci 0000:00:1a.0: [8086:0f18] type 00 class 0x108000
2021-03-01T00:56:49.262054-05:00 DEBUG kernel: [    0.142479] pci 0000:00:1a.0: reg 0x10: [mem 0xd0600000-0xd06fffff]
2021-03-01T00:56:49.262056-05:00 DEBUG kernel: [    0.142497] pci 0000:00:1a.0: reg 0x14: [mem 0xd0700000-0xd07fffff]
2021-03-01T00:56:49.262058-05:00 DEBUG kernel: [    0.142609] pci 0000:00:1a.0: PME# supported from D0 D3hot
2021-03-01T00:56:49.262060-05:00 DEBUG kernel: [    0.142741] pci 0000:00:1b.0: [8086:0f04] type 00 class 0x040300
2021-03-01T00:56:49.262071-05:00 DEBUG kernel: [    0.142780] pci 0000:00:1b.0: reg 0x10: [mem 0xd0914000-0xd0917fff 64bit]
2021-03-01T00:56:49.262075-05:00 DEBUG kernel: [    0.142857] pci 0000:00:1b.0: PME# supported from D0 D3hot D3cold
2021-03-01T00:56:49.262078-05:00 DEBUG kernel: [    0.142983] pci 0000:00:1c.0: [8086:0f48] type 01 class 0x060400
2021-03-01T00:56:49.262080-05:00 DEBUG kernel: [    0.143063] pci 0000:00:1c.0: PME# supported from D0 D3hot D3cold
2021-03-01T00:56:49.262082-05:00 DEBUG kernel: [    0.143218] pci 0000:00:1f.0: [8086:0f1c] type 00 class 0x060100
2021-03-01T00:56:49.262084-05:00 DEBUG kernel: [    0.143540] pci 0000:01:00.0: [8086:08b2] type 00 class 0x028000
2021-03-01T00:56:49.262087-05:00 DEBUG kernel: [    0.143622] pci 0000:01:00.0: reg 0x10: [mem 0xd0800000-0xd0801fff 64bit]
2021-03-01T00:56:49.262097-05:00 DEBUG kernel: [    0.143825] pci 0000:01:00.0: PME# supported from D0 D3hot D3cold
2021-03-01T00:56:49.262101-05:00 INFO kernel: [    0.145596] pci 0000:00:1c.0: PCI bridge to [bus 01]
2021-03-01T00:56:49.262104-05:00 DEBUG kernel: [    0.145607] pci 0000:00:1c.0:   bridge window [mem 0xd0800000-0xd08fffff]
2021-03-01T00:56:49.262106-05:00 DEBUG kernel: [    0.145623] pci_bus 0000:00: on NUMA node 0
2021-03-01T00:56:49.262108-05:00 INFO kernel: [    0.145926] ACPI: PCI Interrupt Link [LNKA] (IRQs 1 3 4 5 6 7 10 12 14 15) *0
2021-03-01T00:56:49.262111-05:00 INFO kernel: [    0.146080] ACPI: PCI Interrupt Link [LNKB] (IRQs 1 3 4 5 6 7 11 12 14 15) *0
2021-03-01T00:56:49.262121-05:00 INFO kernel: [    0.146229] ACPI: PCI Interrupt Link [LNKC] (IRQs 1 3 4 5 6 7 10 12 14 15) *0
2021-03-01T00:56:49.262125-05:00 INFO kernel: [    0.146377] ACPI: PCI Interrupt Link [LNKD] (IRQs 1 3 4 5 6 7 11 12 14 15) *0
2021-03-01T00:56:49.262128-05:00 INFO kernel: [    0.146524] ACPI: PCI Interrupt Link [LNKE] (IRQs 1 3 4 5 6 7 10 12 14 15) *0
2021-03-01T00:56:49.262130-05:00 INFO kernel: [    0.146680] ACPI: PCI Interrupt Link [LNKF] (IRQs 1 3 4 5 6 7 11 12 14 15) *0
2021-03-01T00:56:49.262133-05:00 INFO kernel: [    0.146828] ACPI: PCI Interrupt Link [LNKG] (IRQs 1 3 4 5 6 7 10 12 14 15) *0
2021-03-01T00:56:49.262135-05:00 INFO kernel: [    0.146976] ACPI: PCI Interrupt Link [LNKH] (IRQs 1 3 4 5 6 7 11 12 14 15) *0
2021-03-01T00:56:49.262138-05:00 DEBUG kernel: [    0.147771] gpiochip_find_base: found new base at 410
2021-03-01T00:56:49.262147-05:00 DEBUG kernel: [    0.147837] gpiochip_add_data: registered GPIOs 410 to 511 on device: INT33FC:00
2021-03-01T00:56:49.262152-05:00 DEBUG kernel: [    0.148576] gpiochip_find_base: found new base at 382
2021-03-01T00:56:49.262154-05:00 DEBUG kernel: [    0.148646] gpiochip_add_data: registered GPIOs 382 to 409 on device: INT33FC:01
2021-03-01T00:56:49.262157-05:00 DEBUG kernel: [    0.148967] gpiochip_find_base: found new base at 338
2021-03-01T00:56:49.262159-05:00 DEBUG kernel: [    0.149028] gpiochip_add_data: registered GPIOs 338 to 381 on device: INT33FC:02
2021-03-01T00:56:49.262161-05:00 INFO kernel: [    0.153974] ACPI : EC: GPE = 0x18, I/O: command/status = 0x66, data = 0x62
2021-03-01T00:56:49.262171-05:00 ERR kernel: [    0.154105] dw_dmac INTL9C60:00: Missing DT data
2021-03-01T00:56:49.262175-05:00 INFO kernel: [    0.154494] dw_dmac INTL9C60:00: DesignWare DMA Controller, 8 channels
2021-03-01T00:56:49.262178-05:00 ERR kernel: [    0.154531] dw_dmac INTL9C60:01: Missing DT data
2021-03-01T00:56:49.262181-05:00 INFO kernel: [    0.154917] dw_dmac INTL9C60:01: DesignWare DMA Controller, 8 channels
2021-03-01T00:56:49.262183-05:00 NOTICE kernel: [    0.155176] SCSI subsystem initialized
2021-03-01T00:56:49.262185-05:00 DEBUG kernel: [    0.155313] libata version 3.00 loaded.
2021-03-01T00:56:49.262188-05:00 INFO kernel: [    0.155417] ACPI: bus type USB registered
2021-03-01T00:56:49.262197-05:00 INFO kernel: [    0.155473] usbcore: registered new interface driver usbfs
2021-03-01T00:56:49.262202-05:00 INFO kernel: [    0.155501] usbcore: registered new interface driver hub
2021-03-01T00:56:49.262204-05:00 INFO kernel: [    0.155544] usbcore: registered new device driver usb
2021-03-01T00:56:49.262207-05:00 INFO kernel: [    0.178569] media: Linux media interface: v0.10
2021-03-01T00:56:49.262209-05:00 INFO kernel: [    0.178597] Linux video capture interface: v2.00
2021-03-01T00:56:49.262211-05:00 NOTICE kernel: [    0.178942] chromeos_acpi: registering CHSW 0
2021-03-01T00:56:49.262221-05:00 NOTICE kernel: [    0.179323] chromeos_acpi: registering VBNV 0
2021-03-01T00:56:49.262225-05:00 NOTICE kernel: [    0.179331] chromeos_acpi: registering VBNV 1
2021-03-01T00:56:49.262228-05:00 INFO kernel: [    0.179816] chromeos_acpi: truncating buffer from 3072 to 1336
2021-03-01T00:56:49.262231-05:00 INFO kernel: [    0.180197] chromeos_acpi: installed
2021-03-01T00:56:49.262233-05:00 INFO kernel: [    0.180201] chromeos_acpi: chromeos_acpi: enabling S3 USB wake
2021-03-01T00:56:49.262236-05:00 INFO kernel: [    0.180293] Advanced Linux Sound Architecture Driver Initialized.
2021-03-01T00:56:49.262238-05:00 INFO kernel: [    0.180302] PCI: Using ACPI for IRQ routing
2021-03-01T00:56:49.262248-05:00 DEBUG kernel: [    0.186893] PCI: pci_cache_line_size set to 64 bytes
2021-03-01T00:56:49.262252-05:00 DEBUG kernel: [    0.186953] e820: reserve RAM buffer [mem 0x7ae6e000-0x7bffffff]
2021-03-01T00:56:49.262254-05:00 NOTICE kernel: [    0.187675] amd_nb: Cannot enumerate AMD northbridges
2021-03-01T00:56:49.262257-05:00 INFO kernel: [    0.210106] pnp: PnP ACPI init
2021-03-01T00:56:49.262259-05:00 INFO kernel: [    0.210319] system 00:00: [mem 0xfeb00000-0xfebfffff] has been reserved
2021-03-01T00:56:49.262262-05:00 INFO kernel: [    0.210328] system 00:00: [mem 0xe0000000-0xefffffff] could not be reserved
2021-03-01T00:56:49.262271-05:00 INFO kernel: [    0.210335] system 00:00: [mem 0xfed03000-0xfed033ff] has been reserved
2021-03-01T00:56:49.262275-05:00 INFO kernel: [    0.210341] system 00:00: [mem 0xfed08000-0xfed083ff] has been reserved
2021-03-01T00:56:49.262278-05:00 INFO kernel: [    0.210347] system 00:00: [mem 0xfed01000-0xfed013ff] has been reserved
2021-03-01T00:56:49.262281-05:00 INFO kernel: [    0.210353] system 00:00: [mem 0xfef00000-0xfeffffff] has been reserved
2021-03-01T00:56:49.262283-05:00 INFO kernel: [    0.210359] system 00:00: [mem 0xfed05000-0xfed057ff] has been reserved
2021-03-01T00:56:49.262286-05:00 INFO kernel: [    0.210365] system 00:00: [mem 0xfed1c000-0xfed1c3ff] has been reserved
2021-03-01T00:56:49.262288-05:00 DEBUG kernel: [    0.210377] system 00:00: Plug and Play ACPI device, IDs PNP0c02 (active)
2021-03-01T00:56:49.262298-05:00 INFO kernel: [    0.210828] system 00:01: [mem 0xfed00000-0xfed003ff] has been reserved
2021-03-01T00:56:49.262302-05:00 DEBUG kernel: [    0.210839] system 00:01: Plug and Play ACPI device, IDs PNP0103 PNP0c01 (active)
2021-03-01T00:56:49.262305-05:00 DEBUG kernel: [    0.210958] system 00:02: Plug and Play ACPI device, IDs PNP0c02 (active)
2021-03-01T00:56:49.262307-05:00 DEBUG kernel: [    0.211030] pnp 00:03: Plug and Play ACPI device, IDs PNP0b00 (active)
2021-03-01T00:56:49.262310-05:00 INFO kernel: [    0.211149] system 00:04: [io  0x0900-0x09fe] has been reserved
2021-03-01T00:56:49.262312-05:00 DEBUG kernel: [    0.211160] system 00:04: Plug and Play ACPI device, IDs PNP0c02 (active)
2021-03-01T00:56:49.262315-05:00 INFO kernel: [    0.211271] system 00:05: [io  0x0200] has been reserved
2021-03-01T00:56:49.262326-05:00 INFO kernel: [    0.211278] system 00:05: [io  0x0204] has been reserved
2021-03-01T00:56:49.262330-05:00 INFO kernel: [    0.211285] system 00:05: [io  0x0800-0x087f] has been reserved
2021-03-01T00:56:49.262333-05:00 INFO kernel: [    0.211291] system 00:05: [io  0x0880-0x08ff] has been reserved
2021-03-01T00:56:49.262335-05:00 DEBUG kernel: [    0.211300] system 00:05: Plug and Play ACPI device, IDs PNP0c02 (active)
2021-03-01T00:56:49.262337-05:00 DEBUG kernel: [    0.211409] pnp 00:06: Plug and Play ACPI device, IDs PNP0303 PNP030b (active)
2021-03-01T00:56:49.262340-05:00 DEBUG kernel: [    0.211545] pnp 00:07: Plug and Play ACPI device, IDs IFX0102 PNP0c31 (active)
2021-03-01T00:56:49.262350-05:00 INFO kernel: [    0.212535] pnp: PnP ACPI: found 8 devices
2021-03-01T00:56:49.262355-05:00 INFO kernel: [    0.217990] clocksource: acpi_pm: mask: 0xffffff max_cycles: 0xffffff, max_idle_ns: 2085701024 ns
2021-03-01T00:56:49.262357-05:00 INFO kernel: [    0.218025] clocksource: Switched to clocksource acpi_pm
2021-03-01T00:56:49.262359-05:00 INFO kernel: [    0.218165] pci 0000:00:1c.0: PCI bridge to [bus 01]
2021-03-01T00:56:49.262362-05:00 INFO kernel: [    0.218177] pci 0000:00:1c.0:   bridge window [mem 0xd0800000-0xd08fffff]
2021-03-01T00:56:49.262364-05:00 DEBUG kernel: [    0.218189] pci_bus 0000:00: resource 4 [io  0x0000-0x0cf7 window]
2021-03-01T00:56:49.262366-05:00 DEBUG kernel: [    0.218195] pci_bus 0000:00: resource 5 [io  0x0d00-0xffff window]
2021-03-01T00:56:49.262377-05:00 DEBUG kernel: [    0.218200] pci_bus 0000:00: resource 6 [mem 0x000a0000-0x000bffff window]
2021-03-01T00:56:49.262381-05:00 DEBUG kernel: [    0.218205] pci_bus 0000:00: resource 7 [mem 0x000c0000-0x000c3fff window]
2021-03-01T00:56:49.262384-05:00 DEBUG kernel: [    0.218211] pci_bus 0000:00: resource 8 [mem 0x000c4000-0x000c7fff window]
2021-03-01T00:56:49.262386-05:00 DEBUG kernel: [    0.218216] pci_bus 0000:00: resource 9 [mem 0x000c8000-0x000cbfff window]
2021-03-01T00:56:49.262389-05:00 DEBUG kernel: [    0.218221] pci_bus 0000:00: resource 10 [mem 0x000cc000-0x000cffff window]
2021-03-01T00:56:49.262391-05:00 DEBUG kernel: [    0.218226] pci_bus 0000:00: resource 11 [mem 0x000d0000-0x000d3fff window]
2021-03-01T00:56:49.262401-05:00 DEBUG kernel: [    0.218231] pci_bus 0000:00: resource 12 [mem 0x000d4000-0x000d7fff window]
2021-03-01T00:56:49.262569-05:00 DEBUG kernel: [    0.218236] pci_bus 0000:00: resource 13 [mem 0x000d8000-0x000dbfff window]
2021-03-01T00:56:49.262573-05:00 DEBUG kernel: [    0.218241] pci_bus 0000:00: resource 14 [mem 0x000dc000-0x000dffff window]
2021-03-01T00:56:49.262576-05:00 DEBUG kernel: [    0.218246] pci_bus 0000:00: resource 15 [mem 0x000e0000-0x000e3fff window]
2021-03-01T00:56:49.262579-05:00 DEBUG kernel: [    0.218251] pci_bus 0000:00: resource 16 [mem 0x000e4000-0x000e7fff window]
2021-03-01T00:56:49.262581-05:00 DEBUG kernel: [    0.218257] pci_bus 0000:00: resource 17 [mem 0x000e8000-0x000ebfff window]
2021-03-01T00:56:49.262584-05:00 DEBUG kernel: [    0.218262] pci_bus 0000:00: resource 18 [mem 0x000ec000-0x000effff window]
2021-03-01T00:56:49.262594-05:00 DEBUG kernel: [    0.218267] pci_bus 0000:00: resource 19 [mem 0x000f0000-0x000fffff window]
2021-03-01T00:56:49.262599-05:00 DEBUG kernel: [    0.218272] pci_bus 0000:00: resource 20 [mem 0x80000000-0xfeafffff window]
2021-03-01T00:56:49.262602-05:00 DEBUG kernel: [    0.218277] pci_bus 0000:00: resource 21 [mem 0xfed40000-0xfed44fff window]
2021-03-01T00:56:49.262604-05:00 DEBUG kernel: [    0.218283] pci_bus 0000:01: resource 1 [mem 0xd0800000-0xd08fffff]
2021-03-01T00:56:49.262607-05:00 INFO kernel: [    0.218340] NET: Registered protocol family 2
2021-03-01T00:56:49.262609-05:00 INFO kernel: [    0.218630] TCP established hash table entries: 32768 (order: 6, 262144 bytes)
2021-03-01T00:56:49.262619-05:00 INFO kernel: [    0.218763] TCP bind hash table entries: 32768 (order: 8, 1048576 bytes)
2021-03-01T00:56:49.262624-05:00 INFO kernel: [    0.219124] TCP: Hash tables configured (established 32768 bind 32768)
2021-03-01T00:56:49.262626-05:00 INFO kernel: [    0.219200] UDP hash table entries: 2048 (order: 5, 196608 bytes)
2021-03-01T00:56:49.262629-05:00 INFO kernel: [    0.219273] UDP-Lite hash table entries: 2048 (order: 5, 196608 bytes)
2021-03-01T00:56:49.262631-05:00 INFO kernel: [    0.219466] NET: Registered protocol family 1
2021-03-01T00:56:49.262633-05:00 DEBUG kernel: [    0.219508] pci 0000:00:02.0: Video device with shadowed ROM
2021-03-01T00:56:49.262636-05:00 DEBUG kernel: [    0.220816] PCI: CLS 64 bytes, default 64
2021-03-01T00:56:49.262645-05:00 INFO kernel: [    0.220959] PCI-DMA: Using software bounce buffering for IO (SWIOTLB)
2021-03-01T00:56:49.262650-05:00 INFO kernel: [    0.220965] software IO TLB: mapped [mem 0x76e6e000-0x7ae6e000] (64MB)
2021-03-01T00:56:49.262652-05:00 INFO kernel: [    0.222184] Scanning for low memory corruption every 60 seconds
2021-03-01T00:56:49.262654-05:00 INFO kernel: [    0.223009] audit: initializing netlink subsys (disabled)
2021-03-01T00:56:49.262657-05:00 NOTICE kernel: [    0.223073] audit: type=2000 audit(1614578207.163:1): initialized
2021-03-01T00:56:49.262659-05:00 NOTICE kernel: [    0.228181] VFS: Disk quotas dquot_6.6.0
2021-03-01T00:56:49.262661-05:00 INFO kernel: [    0.228279] VFS: Dquot-cache hash table entries: 512 (order 0, 4096 bytes)
2021-03-01T00:56:49.262671-05:00 INFO kernel: [    0.229086] squashfs: version 4.0 (2009/01/31) Phillip Lougher
2021-03-01T00:56:49.262675-05:00 INFO kernel: [    0.229434] Registering esdfs 0.2
2021-03-01T00:56:49.262678-05:00 INFO kernel: [    0.229551] device_jail: allocated device range 261095424 -> 261095680
2021-03-01T00:56:49.262680-05:00 INFO kernel: [    0.229752] alt_syscall: table 'read_write_test' available.
2021-03-01T00:56:49.262682-05:00 INFO kernel: [    0.229776] alt_syscall: table 'android' available.
2021-03-01T00:56:49.262685-05:00 INFO kernel: [    0.229800] alt_syscall: table 'android_permissive' available.
2021-03-01T00:56:49.262695-05:00 INFO kernel: [    0.229817] alt_syscall: table 'third_party' available.
2021-03-01T00:56:49.262699-05:00 INFO kernel: [    0.229834] alt_syscall: table 'third_party_permissive' available.
2021-03-01T00:56:49.262701-05:00 INFO kernel: [    0.229850] alt_syscall: table 'complete' available.
2021-03-01T00:56:49.262704-05:00 INFO kernel: [    0.229868] alt_syscall: table 'complete_permissive' available.
2021-03-01T00:56:49.262706-05:00 DEBUG kernel: [    0.229875] SELinux:  Registering netfilter hooks
2021-03-01T00:56:49.262708-05:00 INFO kernel: [    0.233209] Block layer SCSI generic (bsg) driver version 0.4 loaded (major 248)
2021-03-01T00:56:49.262711-05:00 INFO kernel: [    0.233220] io scheduler noop registered
2021-03-01T00:56:49.262720-05:00 INFO kernel: [    0.233227] io scheduler deadline registered
2021-03-01T00:56:49.262725-05:00 INFO kernel: [    0.233361] io scheduler cfq registered (default)
2021-03-01T00:56:49.262727-05:00 DEBUG kernel: [    0.234452] aer 0000:00:1c.0:pcie02: service driver aer loaded
2021-03-01T00:56:49.262729-05:00 INFO kernel: [    0.234498] pcieport 0000:00:1c.0: Signaling PME through PCIe PME interrupt
2021-03-01T00:56:49.262732-05:00 INFO kernel: [    0.234504] pci 0000:01:00.0: Signaling PME through PCIe PME interrupt
2021-03-01T00:56:49.262734-05:00 DEBUG kernel: [    0.234512] pcie_pme 0000:00:1c.0:pcie01: service driver pcie_pme loaded
2021-03-01T00:56:49.262744-05:00 INFO kernel: [    0.234532] pci_hotplug: PCI Hot Plug PCI Core version: 0.5
2021-03-01T00:56:49.262748-05:00 INFO kernel: [    0.234552] pciehp: PCI Express Hot Plug Controller Driver version: 0.4
2021-03-01T00:56:49.262751-05:00 DEBUG kernel: [    0.234588] intel_idle: MWAIT substates: 0x33000020
2021-03-01T00:56:49.262754-05:00 DEBUG kernel: [    0.234591] intel_idle: v0.4.1 model 0x37
2021-03-01T00:56:49.262756-05:00 DEBUG kernel: [    0.234990] intel_idle: lapic_timer_reliable_states 0xffffffff
2021-03-01T00:56:49.262758-05:00 INFO kernel: [    0.235168] ACPI: AC Adapter [AC] (off-line)
2021-03-01T00:56:49.262761-05:00 INFO kernel: [    0.235367] input: Lid Switch as /devices/LNXSYSTM:00/LNXSYBUS:00/PNP0C0D:00/input/input0
2021-03-01T00:56:49.262771-05:00 INFO kernel: [    0.235458] ACPI: Lid Switch [LID0]
2021-03-01T00:56:49.262775-05:00 INFO kernel: [    0.235568] input: Power Button as /devices/LNXSYSTM:00/LNXSYBUS:00/PNP0C0C:00/input/input1
2021-03-01T00:56:49.262777-05:00 INFO kernel: [    0.235573] ACPI: Power Button [PWRB]
2021-03-01T00:56:49.262780-05:00 INFO kernel: [    0.235675] input: Sleep Button as /devices/LNXSYSTM:00/LNXSYBUS:00/PNP0C0E:00/input/input2
2021-03-01T00:56:49.262782-05:00 INFO kernel: [    0.235679] ACPI: Sleep Button [TPAD]
2021-03-01T00:56:49.262785-05:00 INFO kernel: [    0.235781] input: Sleep Button as /devices/LNXSYSTM:00/LNXSYBUS:00/PNP0C0E:01/input/input3
2021-03-01T00:56:49.262794-05:00 INFO kernel: [    0.235786] ACPI: Sleep Button [TSCR]
2021-03-01T00:56:49.262798-05:00 INFO kernel: [    0.235889] input: Power Button as /devices/LNXSYSTM:00/LNXPWRBN:00/input/input4
2021-03-01T00:56:49.262801-05:00 INFO kernel: [    0.235893] ACPI: Power Button [PWRF]
2021-03-01T00:56:49.262803-05:00 INFO kernel: [    0.240518] ACPI: Battery Slot [BAT0] (battery present)
2021-03-01T00:56:49.262805-05:00 WARNING kernel: [    0.241133] hpet_acpi_add: no address or irqs in _CRS
2021-03-01T00:56:49.262808-05:00 INFO kernel: [    0.241618] Non-volatile memory driver v1.3
2021-03-01T00:56:49.262810-05:00 INFO kernel: [    0.241868] Linux agpgart interface v0.103
2021-03-01T00:56:49.262819-05:00 INFO kernel: [    0.271639] tpm_tis tpm_tis: 1.2 TPM (device-id 0xB, rev-id 16)
2021-03-01T00:56:49.262823-05:00 ERR kernel: [    0.483246] tpm_tis 00:07: can't request region for resource [mem 0xfed40000-0xfed44fff]
2021-03-01T00:56:49.262826-05:00 WARNING kernel: [    0.483260] tpm_tis: probe of 00:07 failed with error -16
2021-03-01T00:56:49.262828-05:00 INFO kernel: [    0.483375] [drm] Initialized drm 1.1.0 20060810
2021-03-01T00:56:49.262831-05:00 INFO kernel: [    0.487145] [drm] Memory usable by graphics device = 2048M
2021-03-01T00:56:49.262833-05:00 INFO kernel: [    0.487273] [drm] Supports vblank timestamp caching Rev 2 (21.10.2013).
2021-03-01T00:56:49.262838-05:00 INFO kernel: [    0.487277] [drm] Driver supports precise vblank timestamp query.
2021-03-01T00:56:49.262848-05:00 INFO kernel: [    0.536986] [drm] Use max GFX freq on quad-core Baytrail due to crbug.com/719040
2021-03-01T00:56:49.262852-05:00 INFO kernel: [    0.543252] [drm] Initialized i915 1.6.0 20160411 for 0000:00:02.0 on minor 0
2021-03-01T00:56:49.262854-05:00 INFO kernel: [    0.545845] [drm] Initialized vgem 1.0.0 20120112 on minor 1
2021-03-01T00:56:49.262857-05:00 INFO kernel: [    0.545909] usbcore: registered new interface driver udl
2021-03-01T00:56:49.262859-05:00 INFO kernel: [    0.571442] loop: module loaded
2021-03-01T00:56:49.262861-05:00 INFO kernel: [    0.571473] lkdtm: No crash points registered, enable through debugfs
2021-03-01T00:56:49.262871-05:00 INFO kernel: [    0.572386] PPP generic driver version 2.4.2
2021-03-01T00:56:49.262876-05:00 INFO kernel: [    0.573477] PPP MPPE Compression module registered
2021-03-01T00:56:49.262878-05:00 INFO kernel: [    0.573488] NET: Registered protocol family 24
2021-03-01T00:56:49.262881-05:00 INFO kernel: [    0.574639] ehci_hcd: USB 2.0 'Enhanced' Host Controller (EHCI) Driver
2021-03-01T00:56:49.262883-05:00 INFO kernel: [    0.574650] ehci-pci: EHCI PCI platform driver
2021-03-01T00:56:49.262885-05:00 INFO kernel: [    0.574698] ohci_hcd: USB 1.1 'Open' Host Controller (OHCI) Driver
2021-03-01T00:56:49.262887-05:00 INFO kernel: [    0.574718] ohci-pci: OHCI PCI platform driver
2021-03-01T00:56:49.262897-05:00 INFO kernel: [    0.574748] uhci_hcd: USB Universal Host Controller Interface driver
2021-03-01T00:56:49.262901-05:00 INFO kernel: [    0.575461] xhci_hcd 0000:00:14.0: xHCI Host Controller
2021-03-01T00:56:49.262904-05:00 INFO kernel: [    0.576538] xhci_hcd 0000:00:14.0: new USB bus registered, assigned bus number 1
2021-03-01T00:56:49.262906-05:00 INFO kernel: [    0.577676] xhci_hcd 0000:00:14.0: hcc params 0x200077c1 hci version 0x100 quirks 0x00009810
2021-03-01T00:56:49.262909-05:00 DEBUG kernel: [    0.577687] xhci_hcd 0000:00:14.0: cache line size of 64 is not supported
2021-03-01T00:56:49.262911-05:00 INFO kernel: [    0.577864] usb usb1: New USB device found, idVendor=1d6b, idProduct=0002, bcdDevice= 4.04
2021-03-01T00:56:49.262920-05:00 INFO kernel: [    0.577871] usb usb1: New USB device strings: Mfr=3, Product=2, SerialNumber=1
2021-03-01T00:56:49.262924-05:00 INFO kernel: [    0.577876] usb usb1: Product: xHCI Host Controller
2021-03-01T00:56:49.262927-05:00 INFO kernel: [    0.577881] usb usb1: Manufacturer: Linux 4.4.180-16566-g51163f4278d1 xhci-hcd
2021-03-01T00:56:49.262930-05:00 INFO kernel: [    0.577885] usb usb1: SerialNumber: 0000:00:14.0
2021-03-01T00:56:49.262932-05:00 INFO kernel: [    0.579300] hub 1-0:1.0: USB hub found
2021-03-01T00:56:49.262934-05:00 INFO kernel: [    0.579327] hub 1-0:1.0: 6 ports detected
2021-03-01T00:56:49.262936-05:00 INFO kernel: [    0.579869] xhci_hcd 0000:00:14.0: xHCI Host Controller
2021-03-01T00:56:49.262946-05:00 INFO kernel: [    0.580146] xhci_hcd 0000:00:14.0: new USB bus registered, assigned bus number 2
2021-03-01T00:56:49.262950-05:00 INFO kernel: [    0.580247] usb usb2: New USB device found, idVendor=1d6b, idProduct=0003, bcdDevice= 4.04
2021-03-01T00:56:49.262953-05:00 INFO kernel: [    0.580254] usb usb2: New USB device strings: Mfr=3, Product=2, SerialNumber=1
2021-03-01T00:56:49.262955-05:00 INFO kernel: [    0.580259] usb usb2: Product: xHCI Host Controller
2021-03-01T00:56:49.262958-05:00 INFO kernel: [    0.580263] usb usb2: Manufacturer: Linux 4.4.180-16566-g51163f4278d1 xhci-hcd
2021-03-01T00:56:49.262960-05:00 INFO kernel: [    0.580268] usb usb2: SerialNumber: 0000:00:14.0
2021-03-01T00:56:49.262970-05:00 INFO kernel: [    0.580769] hub 2-0:1.0: USB hub found
2021-03-01T00:56:49.262974-05:00 INFO kernel: [    0.580789] hub 2-0:1.0: 1 port detected
2021-03-01T00:56:49.262977-05:00 INFO kernel: [    0.581052] usbcore: registered new interface driver cdc_acm
2021-03-01T00:56:49.262979-05:00 INFO kernel: [    0.581057] cdc_acm: USB Abstract Control Model driver for USB modems and ISDN adapters
2021-03-01T00:56:49.262981-05:00 INFO kernel: [    0.581085] usbcore: registered new interface driver uas
2021-03-01T00:56:49.262984-05:00 INFO kernel: [    0.581137] usbcore: registered new interface driver usb-storage
2021-03-01T00:56:49.262986-05:00 INFO kernel: [    0.581170] usbcore: registered new interface driver ums-realtek
2021-03-01T00:56:49.262996-05:00 INFO kernel: [    0.581221] usbcore: registered new interface driver usbserial
2021-03-01T00:56:49.263019-05:00 INFO kernel: [    0.581241] usbcore: registered new interface driver usbserial_generic
2021-03-01T00:56:49.263023-05:00 INFO kernel: [    0.581258] usbserial: USB Serial support registered for generic
2021-03-01T00:56:49.263025-05:00 INFO kernel: [    0.581331] i8042: PNP: PS/2 Controller [PNP0303:PS2K] at 0x60,0x64 irq 53
2021-03-01T00:56:49.263027-05:00 WARNING kernel: [    0.581335] i8042: PNP: PS/2 appears to have AUX port disabled, if this is incorrect please boot with i8042.nopnp
2021-03-01T00:56:49.263188-05:00 WARNING kernel: [    0.581862] i8042: Warning: Keylock active
2021-03-01T00:56:49.263201-05:00 INFO kernel: [    0.582015] serio: i8042 KBD port at 0x60,0x64 irq 53
2021-03-01T00:56:49.263206-05:00 INFO kernel: [    0.584951] rtc_cmos 00:03: RTC can wake from S4
2021-03-01T00:56:49.263208-05:00 INFO kernel: [    0.585179] rtc_cmos 00:03: rtc core: registered rtc_cmos as rtc0
2021-03-01T00:56:49.263211-05:00 INFO kernel: [    0.585215] rtc_cmos 00:03: alarms up to one month, 242 bytes nvram
2021-03-01T00:56:49.263213-05:00 INFO kernel: [    0.585238] i2c /dev entries driver
2021-03-01T00:56:49.263215-05:00 INFO kernel: [    0.586358] input: AT Translated Set 2 keyboard as /devices/platform/i8042/serio0/input/input5
2021-03-01T00:56:49.263217-05:00 WARNING kernel: [    0.588686] intel_soc_dts_thermal: request_threaded_irq ret -22
2021-03-01T00:56:49.263227-05:00 INFO kernel: [    0.592053] iTCO_wdt: Intel TCO WatchDog Timer Driver v1.11
2021-03-01T00:56:49.263231-05:00 INFO kernel: [    0.592125] iTCO_wdt: Found a Bay Trail SoC TCO device (Version=3, TCOBASE=0x0460)
2021-03-01T00:56:49.263234-05:00 INFO kernel: [    0.592590] iTCO_wdt: initialized. heartbeat=30 sec (nowayout=0)
2021-03-01T00:56:49.263236-05:00 INFO kernel: [    0.592613] iTCO_vendor_support: vendor-support=0
2021-03-01T00:56:49.263238-05:00 INFO kernel: [    0.593000] device-mapper: ioctl: 4.34.0-ioctl (2015-10-28) initialised: dm-devel@redhat.com
2021-03-01T00:56:49.263240-05:00 INFO kernel: [    0.593337] device-mapper: verity-chromeos: dm-verity-chromeos registered
2021-03-01T00:56:49.263250-05:00 INFO kernel: [    0.593363] Intel P-state driver initializing.
2021-03-01T00:56:49.263254-05:00 INFO kernel: [    0.594347] sdhci: Secure Digital Host Controller Interface driver
2021-03-01T00:56:49.263256-05:00 INFO kernel: [    0.594361] sdhci: Copyright(c) Pierre Ossman
2021-03-01T00:56:49.263259-05:00 INFO kernel: [    0.594959] sdhci-acpi 80860F14:00: No vmmc regulator found
2021-03-01T00:56:49.263261-05:00 INFO kernel: [    0.594981] sdhci-acpi 80860F14:00: No vqmmc regulator found
2021-03-01T00:56:49.263263-05:00 INFO kernel: [    0.598312] mmc0: SDHCI controller on ACPI [80860F14:00] using ADMA
2021-03-01T00:56:49.263265-05:00 DEBUG kernel: [    0.598781] sdhci-acpi 80860F16:00: GPIO lookup for consumer 80860F16:00 cd
2021-03-01T00:56:49.263275-05:00 DEBUG kernel: [    0.598803] sdhci-acpi 80860F16:00: using ACPI for GPIO lookup
2021-03-01T00:56:49.263278-05:00 DEBUG kernel: [    0.598823] acpi 80860F16:00: GPIO: looking up 80860F16:00 cd-gpios
2021-03-01T00:56:49.263281-05:00 DEBUG kernel: [    0.598842] acpi 80860F16:00: GPIO: looking up 80860F16:00 cd-gpio
2021-03-01T00:56:49.263283-05:00 DEBUG kernel: [    0.598859] acpi 80860F16:00: GPIO: looking up 0 in _CRS
2021-03-01T00:56:49.263285-05:00 DEBUG kernel: [    0.599068] sdhci-acpi 80860F16:00: using lookup tables for GPIO lookup
2021-03-01T00:56:49.263288-05:00 DEBUG kernel: [    0.599092] sdhci-acpi 80860F16:00: lookup for GPIO 80860F16:00 cd failed
2021-03-01T00:56:49.263293-05:00 WARNING kernel: [    0.599109] sdhci-acpi 80860F16:00: failed to setup card detect gpio
2021-03-01T00:56:49.263302-05:00 INFO kernel: [    0.599146] sdhci-acpi 80860F16:00: No vmmc regulator found
2021-03-01T00:56:49.263305-05:00 INFO kernel: [    0.599163] sdhci-acpi 80860F16:00: No vqmmc regulator found
2021-03-01T00:56:49.263307-05:00 INFO kernel: [    0.601750] mmc1: SDHCI controller on ACPI [80860F16:00] using ADMA
2021-03-01T00:56:49.263309-05:00 INFO kernel: [    0.603752] gsmi version 1.0 loaded
2021-03-01T00:56:49.263312-05:00 INFO kernel: [    0.604289] hidraw: raw HID events driver (C) Jiri Kosina
2021-03-01T00:56:49.263314-05:00 INFO kernel: [    0.605959] usbcore: registered new interface driver usbhid
2021-03-01T00:56:49.263323-05:00 INFO kernel: [    0.605968] usbhid: USB HID core driver
2021-03-01T00:56:49.263327-05:00 INFO kernel: [    0.607160] ashmem: initialized
2021-03-01T00:56:49.263329-05:00 INFO kernel: [    0.607401] intel_telemetry_core Init
2021-03-01T00:56:49.263332-05:00 INFO kernel: [    0.607414] intel_telemetry: version 1.0.0 loaded
2021-03-01T00:56:49.263334-05:00 INFO kernel: [    0.607553] chromeos ramoops using acpi device.
2021-03-01T00:56:49.263336-05:00 INFO kernel: [    0.607750] pstore: using zlib compression
2021-03-01T00:56:49.263338-05:00 INFO kernel: [    0.609237] console [pstore-1] enabled
2021-03-01T00:56:49.263348-05:00 INFO kernel: [    0.609246] pstore: Registered ramoops as persistent store backend
2021-03-01T00:56:49.263352-05:00 INFO kernel: [    0.609254] ramoops: attached 0x100000@0x7ae77000, ecc: 0/0
2021-03-01T00:56:49.263354-05:00 INFO kernel: [    0.612078] cros_ec_lpcs cros_ec_lpcs.0: MKBP not supported
2021-03-01T00:56:49.263356-05:00 WARNING kernel: [    0.613213] cros-ec-ctl cros-ec-ctl.1.auto: cannot get EC features: 0/1
2021-03-01T00:56:49.263358-05:00 INFO kernel: [    0.613231] cros-ec-ctl cros-ec-ctl.1.auto: EC does not have accelerometers.
2021-03-01T00:56:49.263361-05:00 WARNING kernel: [    0.615814] cros-ec-ctl cros-ec-ctl.1.auto: device does not support reading the console log
2021-03-01T00:56:49.263371-05:00 INFO kernel: [    0.616488] cros_ec_lpcs cros_ec_lpcs.0: Chrome EC device registered
2021-03-01T00:56:49.263375-05:00 INFO kernel: [    0.616891] intel_rapl: Found RAPL domain package
2021-03-01T00:56:49.263378-05:00 INFO kernel: [    0.616916] intel_rapl: Found RAPL domain core
2021-03-01T00:56:49.263380-05:00 INFO kernel: [    0.624301] GACT probability NOT on
2021-03-01T00:56:49.263382-05:00 INFO kernel: [    0.624317] Netfilter messages via NETLINK v0.30.
2021-03-01T00:56:49.263384-05:00 INFO kernel: [    0.624362] nf_conntrack version 0.5.0 (16384 buckets, 65536 max)
2021-03-01T00:56:49.263386-05:00 INFO kernel: [    0.624585] ctnetlink v0.93: registering with nfnetlink.
2021-03-01T00:56:49.263396-05:00 INFO kernel: [    0.625484] ip_tables: (C) 2000-2006 Netfilter Core Team
2021-03-01T00:56:49.263400-05:00 INFO kernel: [    0.625641] Initializing XFRM netlink socket
2021-03-01T00:56:49.263402-05:00 INFO kernel: [    0.626043] NET: Registered protocol family 10
2021-03-01T00:56:49.263404-05:00 INFO kernel: [    0.627388] ip6_tables: (C) 2000-2006 Netfilter Core Team
2021-03-01T00:56:49.263407-05:00 INFO kernel: [    0.627516] NET: Registered protocol family 17
2021-03-01T00:56:49.263409-05:00 INFO kernel: [    0.627538] NET: Registered protocol family 15
2021-03-01T00:56:49.263422-05:00 INFO kernel: [    0.628819] microcode: CPU0 sig=0x30678, pf=0x8, revision=0x838
2021-03-01T00:56:49.263426-05:00 INFO kernel: [    0.628835] microcode: CPU1 sig=0x30678, pf=0x8, revision=0x838
2021-03-01T00:56:49.263429-05:00 INFO kernel: [    0.628957] microcode: CPU2 sig=0x30678, pf=0x8, revision=0x838
2021-03-01T00:56:49.263431-05:00 INFO kernel: [    0.629149] microcode: CPU3 sig=0x30678, pf=0x8, revision=0x838
2021-03-01T00:56:49.263433-05:00 INFO kernel: [    0.629675] microcode: Microcode Update Driver: v2.01 <tigran@aivazian.fsnet.co.uk>, Peter Oruba
2021-03-01T00:56:49.263436-05:00 INFO kernel: [    0.631810] registered taskstats version 1
2021-03-01T00:56:49.263438-05:00 NOTICE kernel: [    0.635164] Key type encrypted registered
2021-03-01T00:56:49.263447-05:00 INFO kernel: [    0.692996]   Magic number: 13:473:920
2021-03-01T00:56:49.263451-05:00 INFO kernel: [    0.693452] ALSA device list:
2021-03-01T00:56:49.263454-05:00 INFO kernel: [    0.693459]   No soundcards found.
2021-03-01T00:56:49.263463-05:00 ERR kernel: [    0.693520] Warning: unable to open an initial console.
2021-03-01T00:56:49.263466-05:00 INFO kernel: [    0.701425] mmc0: new HS200 MMC card at address 0001
2021-03-01T00:56:49.263468-05:00 INFO kernel: [    0.702110] mmcblk0: mmc0:0001 SEM16G 14.7 GiB 
2021-03-01T00:56:49.263478-05:00 INFO kernel: [    0.703856] mmcblk0boot0: mmc0:0001 SEM16G partition 1 4.00 MiB
2021-03-01T00:56:49.263482-05:00 INFO kernel: [    0.704356] mmcblk0boot1: mmc0:0001 SEM16G partition 2 4.00 MiB
2021-03-01T00:56:49.263485-05:00 INFO kernel: [    0.705536] mmcblk0rpmb: mmc0:0001 SEM16G partition 3 4.00 MiB
2021-03-01T00:56:49.263487-05:00 INFO kernel: [    0.710147]  mmcblk0: p1 p2 p3 p4 p5 p6 p7 p8 p9 p10 p11 p12
2021-03-01T00:56:49.263489-05:00 INFO kernel: [    0.711410] elan_i2c i2c-ELAN0000:00: Elan Touchpad: Module ID: 0x003d, Firmware: 0x0004, Sample: 0x0004, IAP: 0x0003
2021-03-01T00:56:49.263491-05:00 INFO kernel: [    0.711804] input: Elan Touchpad as /devices/platform/80860F41:00/i2c-0/i2c-ELAN0000:00/input/input6
2021-03-01T00:56:49.263494-05:00 DEBUG kernel: [    0.712277] atmel_mxt_ts i2c-ATML0000:00: GPIO lookup for consumer atmel,reset
2021-03-01T00:56:49.263503-05:00 DEBUG kernel: [    0.712284] atmel_mxt_ts i2c-ATML0000:00: using ACPI for GPIO lookup
2021-03-01T00:56:49.263507-05:00 DEBUG kernel: [    0.712290] acpi ATML0000:00: GPIO: looking up atmel,reset-gpios
2021-03-01T00:56:49.263510-05:00 DEBUG kernel: [    0.712296] acpi ATML0000:00: GPIO: looking up atmel,reset-gpio
2021-03-01T00:56:49.263512-05:00 DEBUG kernel: [    0.712301] acpi ATML0000:00: GPIO: looking up 0 in _CRS
2021-03-01T00:56:49.263514-05:00 DEBUG kernel: [    0.712325] atmel_mxt_ts i2c-ATML0000:00: using lookup tables for GPIO lookup
2021-03-01T00:56:49.263516-05:00 DEBUG kernel: [    0.712332] atmel_mxt_ts i2c-ATML0000:00: lookup for GPIO atmel,reset failed
2021-03-01T00:56:49.263526-05:00 DEBUG kernel: [    0.712598] atmel_mxt_ts i2c-ATML0000:01: GPIO lookup for consumer atmel,reset
2021-03-01T00:56:49.263530-05:00 DEBUG kernel: [    0.712604] atmel_mxt_ts i2c-ATML0000:01: using ACPI for GPIO lookup
2021-03-01T00:56:49.263532-05:00 DEBUG kernel: [    0.712610] acpi ATML0000:01: GPIO: looking up atmel,reset-gpios
2021-03-01T00:56:49.263534-05:00 DEBUG kernel: [    0.712615] acpi ATML0000:01: GPIO: looking up atmel,reset-gpio
2021-03-01T00:56:49.263536-05:00 DEBUG kernel: [    0.712619] acpi ATML0000:01: GPIO: looking up 0 in _CRS
2021-03-01T00:56:49.263538-05:00 DEBUG kernel: [    0.712637] atmel_mxt_ts i2c-ATML0000:01: using lookup tables for GPIO lookup
2021-03-01T00:56:49.263541-05:00 DEBUG kernel: [    0.712643] atmel_mxt_ts i2c-ATML0000:01: lookup for GPIO atmel,reset failed
2021-03-01T00:56:49.263550-05:00 DEBUG kernel: [    0.713106] atmel_mxt_ts i2c-ATML0001:00: GPIO lookup for consumer atmel,reset
2021-03-01T00:56:49.263554-05:00 DEBUG kernel: [    0.713112] atmel_mxt_ts i2c-ATML0001:00: using ACPI for GPIO lookup
2021-03-01T00:56:49.263556-05:00 DEBUG kernel: [    0.713117] acpi ATML0001:00: GPIO: looking up atmel,reset-gpios
2021-03-01T00:56:49.263559-05:00 DEBUG kernel: [    0.713123] acpi ATML0001:00: GPIO: looking up atmel,reset-gpio
2021-03-01T00:56:49.263561-05:00 DEBUG kernel: [    0.713127] acpi ATML0001:00: GPIO: looking up 0 in _CRS
2021-03-01T00:56:49.263563-05:00 DEBUG kernel: [    0.713144] atmel_mxt_ts i2c-ATML0001:00: using lookup tables for GPIO lookup
2021-03-01T00:56:49.263572-05:00 DEBUG kernel: [    0.713150] atmel_mxt_ts i2c-ATML0001:00: lookup for GPIO atmel,reset failed
2021-03-01T00:56:49.263576-05:00 NOTICE kernel: [    0.715099] random: nonblocking pool is initialized
2021-03-01T00:56:49.263579-05:00 DEBUG kernel: [    0.724907] atmel_mxt_ts i2c-ATML0001:01: GPIO lookup for consumer atmel,reset
2021-03-01T00:56:49.263581-05:00 DEBUG kernel: [    0.724916] atmel_mxt_ts i2c-ATML0001:01: using ACPI for GPIO lookup
2021-03-01T00:56:49.263583-05:00 DEBUG kernel: [    0.724922] acpi ATML0001:01: GPIO: looking up atmel,reset-gpios
2021-03-01T00:56:49.263585-05:00 DEBUG kernel: [    0.724928] acpi ATML0001:01: GPIO: looking up atmel,reset-gpio
2021-03-01T00:56:49.263587-05:00 DEBUG kernel: [    0.724933] acpi ATML0001:01: GPIO: looking up 0 in _CRS
2021-03-01T00:56:49.263597-05:00 DEBUG kernel: [    0.724959] atmel_mxt_ts i2c-ATML0001:01: using lookup tables for GPIO lookup
2021-03-01T00:56:49.263601-05:00 DEBUG kernel: [    0.724965] atmel_mxt_ts i2c-ATML0001:01: lookup for GPIO atmel,reset failed
2021-03-01T00:56:49.263603-05:00 INFO kernel: [    0.725842] device-mapper: init: attempting early device configuration.
2021-03-01T00:56:49.263605-05:00 INFO kernel: [    0.730427] device-mapper: init: adding target '0 3584000 verity payload=PARTUUID=6c8bc571-8e95-a843-bc0a-9608a1c2ac65/PARTNROFF=1 hashtree=PARTUUID=6c8bc571-8e95-a843-bc0a-9608a1c2ac65/PARTNROFF=1 hashstart=3584000 alg=sha1 root_hexdigest=3e8df1ad07c15f9a811aa2a9915a17e8409ccf65 salt=0c7d85cad68fb231a34c12121d933c468594106200a09a1c158d34a9cc182c5e'
2021-03-01T00:56:49.263608-05:00 WARNING kernel: [    0.730443] device-mapper: verity: Argument 0: 'payload=PARTUUID=6c8bc571-8e95-a843-bc0a-9608a1c2ac65/PARTNROFF=1'
2021-03-01T00:56:49.263610-05:00 WARNING kernel: [    0.730448] device-mapper: verity: Argument 1: 'hashtree=PARTUUID=6c8bc571-8e95-a843-bc0a-9608a1c2ac65/PARTNROFF=1'
2021-03-01T00:56:49.263737-05:00 WARNING kernel: [    0.730453] device-mapper: verity: Argument 2: 'hashstart=3584000'
2021-03-01T00:56:49.263742-05:00 WARNING kernel: [    0.730458] device-mapper: verity: Argument 3: 'alg=sha1'
2021-03-01T00:56:49.263744-05:00 WARNING kernel: [    0.730462] device-mapper: verity: Argument 4: 'root_hexdigest=3e8df1ad07c15f9a811aa2a9915a17e8409ccf65'
2021-03-01T00:56:49.263747-05:00 WARNING kernel: [    0.730467] device-mapper: verity: Argument 5: 'salt=0c7d85cad68fb231a34c12121d933c468594106200a09a1c158d34a9cc182c5e'
2021-03-01T00:56:49.263749-05:00 INFO kernel: [    0.737398] device-mapper: init: dm-0 is ready
2021-03-01T00:56:49.263751-05:00 ERR kernel: [    0.741097] EXT4-fs (dm-0): couldn't mount as ext3 due to feature incompatibilities
2021-03-01T00:56:49.263762-05:00 INFO kernel: [    0.741576] EXT4-fs (dm-0): mounting ext2 file system using the ext4 subsystem
2021-03-01T00:56:49.263766-05:00 INFO kernel: [    0.745959] EXT4-fs (dm-0): mounted filesystem without journal. Opts: (null)
2021-03-01T00:56:49.263769-05:00 INFO kernel: [    0.745989] VFS: Mounted root (ext2 filesystem) readonly on device 253:0.
2021-03-01T00:56:49.263771-05:00 INFO kernel: [    0.753537] devtmpfs: mounted
2021-03-01T00:56:49.263773-05:00 INFO kernel: [    0.756247] Freeing unused kernel memory: 1308K
2021-03-01T00:56:49.263775-05:00 INFO kernel: [    0.756257] Write protecting the kernel read-only data: 14336k
2021-03-01T00:56:49.263785-05:00 INFO kernel: [    0.758522] Freeing unused kernel memory: 1640K
2021-03-01T00:56:49.263789-05:00 INFO kernel: [    0.764413] Freeing unused kernel memory: 1144K
2021-03-01T00:56:49.263792-05:00 INFO kernel: [    0.932245] usb 1-3: new high-speed USB device number 2 using xhci_hcd
2021-03-01T00:56:49.263794-05:00 INFO kernel: [    1.130715] usb 1-3: New USB device found, idVendor=04f2, idProduct=b462, bcdDevice= 0.06
2021-03-01T00:56:49.263796-05:00 INFO kernel: [    1.130726] usb 1-3: New USB device strings: Mfr=3, Product=1, SerialNumber=2
2021-03-01T00:56:49.263798-05:00 INFO kernel: [    1.130731] usb 1-3: Product: Chromebook HD Camera
2021-03-01T00:56:49.263800-05:00 INFO kernel: [    1.130736] usb 1-3: Manufacturer: Generic_C
2021-03-01T00:56:49.263811-05:00 INFO kernel: [    1.130740] usb 1-3: SerialNumber: 0x0001
2021-03-01T00:56:49.263815-05:00 INFO kernel: [    1.158769] NMI watchdog: enabled on all CPUs, permanently consumes one hw-PMU counter.
2021-03-01T00:56:49.263817-05:00 WARNING kernel: [    1.159324] Unsafe core_pattern used with suid_dumpable=2. Pipe handler or fully qualified core dump path required.
2021-03-01T00:56:49.263820-05:00 INFO kernel: [    1.223704] tsc: Refined TSC clocksource calibration: 1833.332 MHz
2021-03-01T00:56:49.263822-05:00 INFO kernel: [    1.223715] clocksource: tsc: mask: 0xffffffffffffffff max_cycles: 0x34da5269766, max_idle_ns: 881590747508 ns
2021-03-01T00:56:49.263824-05:00 INFO kernel: [    1.253283] udevd[158]: starting version 225
2021-03-01T00:56:49.263834-05:00 INFO kernel: [    1.258585] EXT4-fs (mmcblk0p1): mounted filesystem with ordered data mode. Opts: commit=600
2021-03-01T00:56:49.263838-05:00 INFO kernel: [    1.272620] EXT4-fs (mmcblk0p8): mounted filesystem with ordered data mode. Opts: (null)
2021-03-01T00:56:49.263840-05:00 INFO kernel: [    1.285910] usb 1-4: new full-speed USB device number 3 using xhci_hcd
2021-03-01T00:56:49.263842-05:00 INFO kernel: [    1.451447] Chromium OS LSM: dev(253,0): read-only
2021-03-01T00:56:49.263845-05:00 INFO kernel: [    1.451456] Chromium OS LSM: module locking engaged.
2021-03-01T00:56:49.263847-05:00 NOTICE kernel: [    1.451472] Chromium OS LSM: init_module locked obj="/lib/modules/4.4.180-16566-g51163f4278d1/kernel/drivers/input/joydev.ko" pid=195 cmdline="udevd --daemon"
2021-03-01T00:56:49.263857-05:00 INFO kernel: [    1.452404] usb 1-4: New USB device found, idVendor=8087, idProduct=07dc, bcdDevice= 0.01
2021-03-01T00:56:49.263861-05:00 INFO kernel: [    1.452418] usb 1-4: New USB device strings: Mfr=0, Product=0, SerialNumber=0
2021-03-01T00:56:49.263863-05:00 INFO kernel: [    1.486878] Bluetooth: af_bluetooth.c:bt_init() Core ver 2.22
2021-03-01T00:56:49.263865-05:00 INFO kernel: [    1.486928] NET: Registered protocol family 31
2021-03-01T00:56:49.263867-05:00 INFO kernel: [    1.486933] Bluetooth: af_bluetooth.c:bt_init() HCI device and connection manager initialized
2021-03-01T00:56:49.263870-05:00 INFO kernel: [    1.486937] Bluetooth: hci_le_splitter.c:hci_le_splitter_sysfs_init() Initializing LE splitter sysfs
2021-03-01T00:56:49.263875-05:00 INFO kernel: [    1.487592] Bluetooth: hci_sock.c:hci_sock_init() HCI socket layer initialized
2021-03-01T00:56:49.263883-05:00 INFO kernel: [    1.487604] Bluetooth: l2cap_sock.c:l2cap_init_sockets() L2CAP socket layer initialized
2021-03-01T00:56:49.263887-05:00 INFO kernel: [    1.487627] Bluetooth: sco.c:sco_init() SCO socket layer initialized
2021-03-01T00:56:49.263889-05:00 DEBUG kernel: [    1.497159] usb 1-4: GPIO lookup for consumer reset
2021-03-01T00:56:49.263891-05:00 DEBUG kernel: [    1.497167] usb 1-4: using ACPI for GPIO lookup
2021-03-01T00:56:49.263893-05:00 DEBUG kernel: [    1.497173] acpi device:07: GPIO: looking up reset-gpios
2021-03-01T00:56:49.263896-05:00 DEBUG kernel: [    1.497178] acpi device:07: GPIO: looking up reset-gpio
2021-03-01T00:56:49.263906-05:00 DEBUG kernel: [    1.497182] acpi device:07: GPIO: looking up 0 in _CRS
2021-03-01T00:56:49.263910-05:00 DEBUG kernel: [    1.497196] usb 1-4: using lookup tables for GPIO lookup
2021-03-01T00:56:49.263912-05:00 DEBUG kernel: [    1.497201] usb 1-4: lookup for GPIO reset failed
2021-03-01T00:56:49.263914-05:00 INFO kernel: [    1.499358] usbcore: registered new interface driver btusb
2021-03-01T00:56:49.263917-05:00 ERR kernel: [    1.696941] frecon[279]: Failed to set atomic cap.
2021-03-01T00:56:49.263919-05:00 INFO kernel: [    1.701603] frecon[279]: Frecon using drm driver i915, version 1.6, date(20160411), desc(Intel Graphics)
2021-03-01T00:56:49.263929-05:00 DEBUG kernel: [    1.707516] frecon[279]: tsm_screen: new screen
2021-03-01T00:56:49.263933-05:00 DEBUG kernel: [    1.707545] frecon[279]: tsm_vte: new vte object
2021-03-01T00:56:49.263935-05:00 INFO kernel: [    1.716324] EXT4-fs (dm-1): mounted filesystem with ordered data mode. Opts: discard,commit=600
2021-03-01T00:56:49.263938-05:00 WARNING kernel: [    2.127441] platform regulatory.0: Direct firmware load for regulatory.db failed with error -2
2021-03-01T00:56:49.263940-05:00 INFO kernel: [    2.127454] cfg80211: failed to load regulatory.db
2021-03-01T00:56:49.263942-05:00 NOTICE kernel: [    2.204673] systemd-journald[425]: Running without systemd.
2021-03-01T00:56:49.263944-05:00 INFO kernel: [    2.211747] cfg80211: World regulatory domain updated:
2021-03-01T00:56:49.263954-05:00 INFO kernel: [    2.211758] cfg80211:  DFS Master region: unset
2021-03-01T00:56:49.263958-05:00 INFO kernel: [    2.211761] cfg80211:   (start_freq - end_freq @ bandwidth), (max_antenna_gain, max_eirp), (dfs_cac_time)
2021-03-01T00:56:49.263960-05:00 INFO kernel: [    2.211767] cfg80211:   (2402000 KHz - 2472000 KHz @ 40000 KHz), (N/A, 2000 mBm), (N/A)
2021-03-01T00:56:49.263963-05:00 INFO kernel: [    2.211772] cfg80211:   (2457000 KHz - 2482000 KHz @ 20000 KHz), (N/A, 2000 mBm), (N/A)
2021-03-01T00:56:49.263965-05:00 INFO kernel: [    2.211776] cfg80211:   (2474000 KHz - 2494000 KHz @ 20000 KHz), (N/A, 2000 mBm), (N/A)
2021-03-01T00:56:49.263967-05:00 INFO kernel: [    2.211781] cfg80211:   (5170000 KHz - 5250000 KHz @ 80000 KHz), (N/A, 2000 mBm), (N/A)
2021-03-01T00:56:49.263977-05:00 INFO kernel: [    2.211785] cfg80211:   (5250000 KHz - 5330000 KHz @ 80000 KHz), (N/A, 2000 mBm), (0 s)
2021-03-01T00:56:49.263981-05:00 INFO kernel: [    2.211790] cfg80211:   (5490000 KHz - 5730000 KHz @ 160000 KHz), (N/A, 2000 mBm), (0 s)
2021-03-01T00:56:49.263983-05:00 INFO kernel: [    2.211795] cfg80211:   (5735000 KHz - 5835000 KHz @ 80000 KHz), (N/A, 2000 mBm), (N/A)
2021-03-01T00:56:49.263985-05:00 INFO kernel: [    2.211799] cfg80211:   (57240000 KHz - 63720000 KHz @ 2160000 KHz), (N/A, 0 mBm), (N/A)
2021-03-01T00:56:49.263987-05:00 INFO kernel: [    2.227462] clocksource: Switched to clocksource tsc
2021-03-01T00:56:49.263990-05:00 INFO kernel: [    2.229021] Intel(R) Wireless WiFi driver for Linux
2021-03-01T00:56:49.263992-05:00 INFO kernel: [    2.229032] Copyright(c) 2003- 2015 Intel Corporation
2021-03-01T00:56:49.264010-05:00 WARNING kernel: [    2.233654] iwlwifi 0000:01:00.0: Direct firmware load for iwl-dbg-cfg.ini failed with error -2
2021-03-01T00:56:49.264015-05:00 INFO kernel: [    2.250575] iwlwifi 0000:01:00.0: loaded firmware version 17.bfb58538.0 op_mode iwlmvm
2021-03-01T00:56:49.264017-05:00 INFO kernel: [    2.256472] systemd-journald[425]: Received request to flush runtime journal from PID 490
2021-03-01T00:56:49.264020-05:00 ERR kernel: [    2.261017] frecon[279]: Failed to set atomic cap.
2021-03-01T00:56:49.264022-05:00 INFO kernel: [    2.262924] frecon[279]: Frecon using drm driver i915, version 1.6, date(20160411), desc(Intel Graphics)
2021-03-01T00:56:49.264024-05:00 ERR kernel: [    2.292691] frecon[279]: Failed to set atomic cap.
2021-03-01T00:56:49.264035-05:00 INFO kernel: [    2.294617] frecon[279]: Frecon using drm driver i915, version 1.6, date(20160411), desc(Intel Graphics)
2021-03-01T00:56:49.264039-05:00 INFO kernel: [    2.295234] iwlwifi 0000:01:00.0: Detected Intel(R) Dual Band Wireless AC 7260, REV=0x144
2021-03-01T00:56:49.264041-05:00 INFO kernel: [    2.313464] iwlwifi 0000:01:00.0: base HW address: 10:4a:7d:15:50:95
2021-03-01T00:56:49.264044-05:00 ERR kernel: [    2.317633] frecon[279]: Failed to set atomic cap.
2021-03-01T00:56:49.264046-05:00 INFO kernel: [    2.319528] frecon[279]: Frecon using drm driver i915, version 1.6, date(20160411), desc(Intel Graphics)
2021-03-01T00:56:49.473835-05:00 DEBUG kernel: [    2.534501] ieee80211 phy0: Selected rate control algorithm 'iwl-mvm-rs'
2021-03-01T00:56:49.936723-05:00 WARNING rsyslogd[543]: warning: ~ action is deprecated, consider using the 'stop' statement instead [v8.1901.0 try https://www.rsyslog.com/e/2307 ]
2021-03-01T00:56:49.938336-05:00 WARNING rsyslogd[543]:  message repeated 3 times: [warning: ~ action is deprecated, consider using the 'stop' statement instead [v8.1901.0 try https://www.rsyslog.com/e/2307 ]]
2021-03-01T00:56:49.938468-05:00 INFO rsyslogd[543]: rsyslogd's groupid changed to 202
2021-03-01T00:56:49.938571-05:00 INFO rsyslogd[543]: rsyslogd's userid changed to 202
2021-03-01T00:56:49.938656-05:00 INFO rsyslogd[543]:  [origin software="rsyslogd" swVersion="8.1901.0" x-pid="543" x-info="https://www.rsyslog.com"] start
2021-03-01T00:56:49.938846-05:00 INFO crash_reporter[544]: Enabling user crash handling
2021-03-01T00:56:49.939072-05:00 NOTICE boot-update-firmware[576]: Update touch firmware.
2021-03-01T00:56:49.939259-05:00 INFO imageloader[568]: The latest-version file does not exist. Component PepperFlashPlayer is probably not installed.
2021-03-01T00:56:49.952677-05:00 WARNING mosys[818]: libminijail[818]: not locking any securebits
2021-03-01T00:56:49.952830-05:00 WARNING mosys[818]: libminijail[818]: SECURE_NOROOT not set, not dropping bounding set
2021-03-01T00:56:49.952985-05:00 WARNING mosys[932]: libminijail[932]: not locking any securebits
2021-03-01T00:56:49.953122-05:00 WARNING mosys[932]: libminijail[932]: SECURE_NOROOT not set, not dropping bounding set
2021-03-01T00:56:49.953287-05:00 WARNING tcsd[922]: TSS: ioctl: (25) Inappropriate ioctl for device
2021-03-01T00:56:49.953384-05:00 INFO tcsd[922]: TSS: Falling back to Read/Write device support.
2021-03-01T00:56:49.953547-05:00 NOTICE chromeos-elan-touch-firmware-update[937]: ELAN0000:00 Board detected as 'glimmer-signed-mp-v4keys'
2021-03-01T00:56:49.953664-05:00 NOTICE chromeos-elan-touch-firmware-update[937]: ELAN0000:00 Touch controller reported Product ID: 61.0
2021-03-01T00:56:49.953764-05:00 NOTICE chromeos-elan-touch-firmware-update[937]: ELAN0000:00 Attempting to load FW: '/lib/firmware/elan_i2c.bin'
2021-03-01T00:56:49.953838-05:00 NOTICE chromeos-elan-touch-firmware-update[937]: ELAN0000:00 (which points to '/opt/google/touch/firmware/61.0_4.0.bin')
2021-03-01T00:56:49.953923-05:00 NOTICE chromeos-elan-touch-firmware-update[937]: ELAN0000:00 Hardware product id : 61.0
2021-03-01T00:56:49.954018-05:00 NOTICE chromeos-elan-touch-firmware-update[937]: ELAN0000:00 Updater product id  : 61.0
2021-03-01T00:56:49.954117-05:00 NOTICE chromeos-elan-touch-firmware-update[937]: ELAN0000:00 Current Firmware: 4.0
2021-03-01T00:56:49.954205-05:00 NOTICE chromeos-elan-touch-firmware-update[937]: ELAN0000:00 Updater Firmware: 4.0
2021-03-01T00:56:49.954318-05:00 NOTICE chromeos-elan-touch-firmware-update[937]: ELAN0000:00 Firmware up to date.
2021-03-01T00:56:49.954475-05:00 WARNING tcsd[922]: TSS: IPv4 support disabled by configuration option
2021-03-01T00:56:49.954558-05:00 WARNING tcsd[922]: TSS: IPv6 support disabled by configuration option
2021-03-01T00:56:49.954975-05:00 INFO tcsd[1104]: TSS: trousers 0.3.13: TCSD up and running.
2021-03-01T00:56:49.955421-05:00 WARNING powerd[1014]: libminijail[1014]: SECURE_NOROOT not set, not dropping bounding set
2021-03-01T00:56:49.980107-05:00 WARNING session_manager[1112]: [WARNING:chrome_setup.cc(97)] Could not find both paths: /usr/share/chromeos-assets/wallpaper/oem_large.jpg and /usr/share/chromeos-assets/wallpaper/oem_small.jpg
2021-03-01T00:56:50.013760-05:00 INFO chapsd[1119]: Starting PKCS #11 services.
2021-03-01T00:56:50.014749-05:00 INFO chapsd[1119]: Starting D-Bus dispatcher.
2021-03-01T00:56:50.016506-05:00 INFO chapsd[1119]: Adding slot: 0
2021-03-01T00:56:50.016703-05:00 INFO chapsd[1119]: Adding slot: 1
2021-03-01T00:56:50.019877-05:00 INFO chapsd[1119]: Starting asynchronous initialization.
2021-03-01T00:56:50.069132-05:00 INFO session_manager[1112]: [INFO:session_manager_service.cc(145)] SessionManagerService starting
2021-03-01T00:56:50.074725-05:00 INFO chapsd[1119]: Opening database in: /var/lib/chaps
2021-03-01T00:56:50.074989-05:00 INFO chapsd[1119]: leveldb /var/lib/chaps/database dump:#012  /var/lib/chaps/database/CURRENT (16 bytes, 2021-02-28 06:19:03.000 UTC)#012  /var/lib/chaps/database/LOG (175 bytes, 2021-02-28 06:19:03.000 UTC)#012  /var/lib/chaps/database/000013.log (0 bytes, 2021-02-28 06:19:02.000 UTC)#012  /var/lib/chaps/database/000005.ldb (1025 bytes, 2021-02-22 11:57:21.000 UTC)#012  /var/lib/chaps/database/000008.ldb (3825 bytes, 2021-02-22 12:04:19.000 UTC)#012  /var/lib/chaps/database/MANIFEST-000012 (137 bytes, 2021-02-28 06:19:02.000 UTC)#012  /var/lib/chaps/database/LOCK (0 bytes, 2021-02-22 10:41:27.000 UTC)#012  /var/lib/chaps/database/LOG.old (172 bytes, 2021-02-24 23:33:07.000 UTC)
