2021-02-22T10:39:46.377340+00:00 INFO kernel: [    0.000000] microcode: microcode updated early to revision 0x838, date = 2019-04-22
2021-02-22T10:39:46.377441+00:00 INFO kernel: [    0.000000] Initializing cgroup subsys cpuset
2021-02-22T10:39:46.377446+00:00 INFO kernel: [    0.000000] Initializing cgroup subsys cpu
2021-02-22T10:39:46.377449+00:00 INFO kernel: [    0.000000] Initializing cgroup subsys cpuacct
2021-02-22T10:39:46.377451+00:00 NOTICE kernel: [    0.000000] Linux version 4.4.180-16566-g51163f4278d1 (chrome-bot@chromeos-ci-legacy-us-east1-d-x32-6-xp9r) (Chromium OS 9.0_pre353983_p20190325-r14 clang version 9.0.0 (/var/cache/chromeos-cache/distfiles/host/egit-src/llvm-project de7a0a152648d1a74cf4319920b1848aa00d1ca3) (based on LLVM 9.0.0svn)) #1 SMP PREEMPT Tue Aug 27 17:13:36 PDT 2019
2021-02-22T10:39:46.377454+00:00 INFO kernel: [    0.000000] Command line: cros_secure console= loglevel=7 init=/sbin/init cros_secure root=/dev/dm-0 rootwait ro dm_verity.error_behavior=3 dm_verity.max_bios=-1 dm_verity.dev_wait=1 dm="1 vroot none ro 1,0 3584000 verity payload=PARTUUID=6c8bc571-8e95-a843-bc0a-9608a1c2ac65/PARTNROFF=1 hashtree=PARTUUID=6c8bc571-8e95-a843-bc0a-9608a1c2ac65/PARTNROFF=1 hashstart=3584000 alg=sha1 root_hexdigest=3e8df1ad07c15f9a811aa2a9915a17e8409ccf65 salt=0c7d85cad68fb231a34c12121d933c468594106200a09a1c158d34a9cc182c5e" noinitrd vt.global_cursor_default=0 kern_guid=6c8bc571-8e95-a843-bc0a-9608a1c2ac65 add_efi_memmap boot=local noresume noswap i915.modeset=1 tpm_tis.force=1 tpm_tis.interrupts=0 nmi_watchdog=panic,lapic  
2021-02-22T10:39:46.377463+00:00 INFO kernel: [    0.000000] x86/fpu: Legacy x87 FPU detected.
2021-02-22T10:39:46.377466+00:00 INFO kernel: [    0.000000] e820: BIOS-provided physical RAM map:
2021-02-22T10:39:46.377468+00:00 INFO kernel: [    0.000000] BIOS-e820: [mem 0x0000000000000000-0x0000000000000fff] type 16
2021-02-22T10:39:46.377470+00:00 INFO kernel: [    0.000000] BIOS-e820: [mem 0x0000000000001000-0x000000000009ffff] usable
2021-02-22T10:39:46.377472+00:00 INFO kernel: [    0.000000] BIOS-e820: [mem 0x00000000000a0000-0x00000000000fffff] reserved
2021-02-22T10:39:46.377474+00:00 INFO kernel: [    0.000000] BIOS-e820: [mem 0x0000000000100000-0x000000001fffffff] usable
2021-02-22T10:39:46.377481+00:00 INFO kernel: [    0.000000] BIOS-e820: [mem 0x0000000020000000-0x00000000200fffff] reserved
2021-02-22T10:39:46.377485+00:00 INFO kernel: [    0.000000] BIOS-e820: [mem 0x0000000020100000-0x000000007ae6dfff] usable
2021-02-22T10:39:46.377487+00:00 INFO kernel: [    0.000000] BIOS-e820: [mem 0x000000007ae6e000-0x000000007affffff] type 16
2021-02-22T10:39:46.377489+00:00 INFO kernel: [    0.000000] BIOS-e820: [mem 0x000000007b000000-0x000000007fffffff] reserved
2021-02-22T10:39:46.377491+00:00 INFO kernel: [    0.000000] BIOS-e820: [mem 0x00000000e0000000-0x00000000efffffff] reserved
2021-02-22T10:39:46.377493+00:00 INFO kernel: [    0.000000] BIOS-e820: [mem 0x00000000feb00000-0x00000000febfffff] reserved
2021-02-22T10:39:46.377496+00:00 INFO kernel: [    0.000000] BIOS-e820: [mem 0x00000000fed01000-0x00000000fed01fff] reserved
2021-02-22T10:39:46.377503+00:00 INFO kernel: [    0.000000] BIOS-e820: [mem 0x00000000fed03000-0x00000000fed03fff] reserved
2021-02-22T10:39:46.377506+00:00 INFO kernel: [    0.000000] BIOS-e820: [mem 0x00000000fed05000-0x00000000fed05fff] reserved
2021-02-22T10:39:46.377509+00:00 INFO kernel: [    0.000000] BIOS-e820: [mem 0x00000000fed08000-0x00000000fed08fff] reserved
2021-02-22T10:39:46.377511+00:00 INFO kernel: [    0.000000] BIOS-e820: [mem 0x00000000fed0c000-0x00000000fed0ffff] reserved
2021-02-22T10:39:46.377513+00:00 INFO kernel: [    0.000000] BIOS-e820: [mem 0x00000000fed1c000-0x00000000fed1cfff] reserved
2021-02-22T10:39:46.377515+00:00 INFO kernel: [    0.000000] BIOS-e820: [mem 0x00000000fef00000-0x00000000feffffff] reserved
2021-02-22T10:39:46.377522+00:00 INFO kernel: [    0.000000] BIOS-e820: [mem 0x0000000100000000-0x000000017fffffff] usable
2021-02-22T10:39:46.377525+00:00 INFO kernel: [    0.000000] NX (Execute Disable) protection: active
2021-02-22T10:39:46.377527+00:00 INFO kernel: [    0.000000] SMBIOS 2.7 present.
2021-02-22T10:39:46.377530+00:00 DEBUG kernel: [    0.000000] DMI: GOOGLE Glimmer, BIOS Google_Glimmer.5216.198.188 05/27/2018
2021-02-22T10:39:46.377532+00:00 DEBUG kernel: [    0.000000] e820: update [mem 0x00000000-0x00000fff] usable ==> reserved
2021-02-22T10:39:46.377534+00:00 DEBUG kernel: [    0.000000] e820: remove [mem 0x000a0000-0x000fffff] usable
2021-02-22T10:39:46.377536+00:00 INFO kernel: [    0.000000] e820: last_pfn = 0x180000 max_arch_pfn = 0x400000000
2021-02-22T10:39:46.377544+00:00 DEBUG kernel: [    0.000000] MTRR default type: uncachable
2021-02-22T10:39:46.377547+00:00 DEBUG kernel: [    0.000000] MTRR fixed ranges enabled:
2021-02-22T10:39:46.377549+00:00 DEBUG kernel: [    0.000000]   00000-9FFFF write-back
2021-02-22T10:39:46.377551+00:00 DEBUG kernel: [    0.000000]   A0000-BFFFF uncachable
2021-02-22T10:39:46.377553+00:00 DEBUG kernel: [    0.000000]   C0000-FFFFF write-back
2021-02-22T10:39:46.377556+00:00 DEBUG kernel: [    0.000000] MTRR variable ranges enabled:
2021-02-22T10:39:46.377558+00:00 DEBUG kernel: [    0.000000]   0 base 000000000 mask FC0000000 write-back
2021-02-22T10:39:46.377565+00:00 DEBUG kernel: [    0.000000]   1 base 040000000 mask FE0000000 write-back
2021-02-22T10:39:46.377568+00:00 DEBUG kernel: [    0.000000]   2 base 060000000 mask FF0000000 write-back
2021-02-22T10:39:46.377570+00:00 DEBUG kernel: [    0.000000]   3 base 070000000 mask FF8000000 write-back
2021-02-22T10:39:46.377572+00:00 DEBUG kernel: [    0.000000]   4 base 078000000 mask FFC000000 write-back
2021-02-22T10:39:46.377574+00:00 DEBUG kernel: [    0.000000]   5 base 07B800000 mask FFF800000 uncachable
2021-02-22T10:39:46.377577+00:00 DEBUG kernel: [    0.000000]   6 base 0FF800000 mask FFF800000 uncachable
2021-02-22T10:39:46.377584+00:00 DEBUG kernel: [    0.000000]   7 base 100000000 mask F00000000 write-back
2021-02-22T10:39:46.377587+00:00 INFO kernel: [    0.000000] x86/PAT: Configuration [0-7]: WB  WC  UC- UC  WB  WC  UC- WT  
2021-02-22T10:39:46.377589+00:00 DEBUG kernel: [    0.000000] e820: update [mem 0x7b800000-0xffffffff] usable ==> reserved
2021-02-22T10:39:46.377591+00:00 INFO kernel: [    0.000000] e820: last_pfn = 0x7ae6e max_arch_pfn = 0x400000000
2021-02-22T10:39:46.377594+00:00 INFO kernel: [    0.000000] Scanning 1 areas for low memory corruption
2021-02-22T10:39:46.377596+00:00 DEBUG kernel: [    0.000000] Base memory trampoline at [ffff880000098000] 98000 size 28672
2021-02-22T10:39:46.377598+00:00 DEBUG kernel: [    0.000000] BRK [0x3a938000, 0x3a938fff] PGTABLE
2021-02-22T10:39:46.377605+00:00 DEBUG kernel: [    0.000000] BRK [0x3a939000, 0x3a939fff] PGTABLE
2021-02-22T10:39:46.377609+00:00 DEBUG kernel: [    0.000000] BRK [0x3a93a000, 0x3a93afff] PGTABLE
2021-02-22T10:39:46.377611+00:00 DEBUG kernel: [    0.000000] BRK [0x3a93b000, 0x3a93bfff] PGTABLE
2021-02-22T10:39:46.377613+00:00 DEBUG kernel: [    0.000000] BRK [0x3a93c000, 0x3a93cfff] PGTABLE
2021-02-22T10:39:46.377615+00:00 INFO kernel: [    0.000000] ACPI: Early table checksum verification disabled
2021-02-22T10:39:46.377617+00:00 WARNING kernel: [    0.000000] ACPI: RSDP 0x00000000000F0000 000024 (v02 CORE  )
2021-02-22T10:39:46.377625+00:00 WARNING kernel: [    0.000000] ACPI: XSDT 0x000000007AF780E0 00004C (v01 CORE   COREBOOT 00000000 CORE 00000000)
2021-02-22T10:39:46.377628+00:00 WARNING kernel: [    0.000000] ACPI: FACP 0x000000007AF7C720 0000F4 (v03 CORE   COREBOOT 00000000 CORE 00000001)
2021-02-22T10:39:46.377630+00:00 WARNING kernel: [    0.000000] ACPI: DSDT 0x000000007AF78250 0044CF (v05 COREv4 COREBOOT 20110725 INTL 20130117)
2021-02-22T10:39:46.377633+00:00 WARNING kernel: [    0.000000] ACPI: FACS 0x000000007AF78210 000040
2021-02-22T10:39:46.377635+00:00 WARNING kernel: [    0.000000] ACPI: FACS 0x000000007AF78210 000040
2021-02-22T10:39:46.377639+00:00 WARNING kernel: [    0.000000] ACPI: HPET 0x000000007AF7C820 000038 (v01 CORE   COREBOOT 00000000 CORE 00000000)
2021-02-22T10:39:46.377643+00:00 WARNING kernel: [    0.000000] ACPI: APIC 0x000000007AF7C860 00006C (v01 CORE   COREBOOT 00000000 CORE 00000000)
2021-02-22T10:39:46.377650+00:00 WARNING kernel: [    0.000000] ACPI: MCFG 0x000000007AF7C8D0 00003C (v01 CORE   COREBOOT 00000000 CORE 00000000)
2021-02-22T10:39:46.377653+00:00 WARNING kernel: [    0.000000] ACPI: SSDT 0x000000007AF7D9C0 000EEC (v02 CORE   COREBOOT 0000002A CORE 0000002A)
2021-02-22T10:39:46.377656+00:00 DEBUG kernel: [    0.000000] ACPI: Local APIC address 0xfee00000
2021-02-22T10:39:46.377658+00:00 INFO kernel: [    0.000000] Zone ranges:
2021-02-22T10:39:46.377660+00:00 INFO kernel: [    0.000000]   DMA      [mem 0x0000000000001000-0x0000000000ffffff]
2021-02-22T10:39:46.377662+00:00 INFO kernel: [    0.000000]   DMA32    [mem 0x0000000001000000-0x00000000ffffffff]
2021-02-22T10:39:46.377669+00:00 INFO kernel: [    0.000000]   Normal   [mem 0x0000000100000000-0x000000017fffffff]
2021-02-22T10:39:46.377672+00:00 INFO kernel: [    0.000000] Movable zone start for each node
2021-02-22T10:39:46.377674+00:00 INFO kernel: [    0.000000] Early memory node ranges
2021-02-22T10:39:46.377676+00:00 INFO kernel: [    0.000000]   node   0: [mem 0x0000000000001000-0x000000000009ffff]
2021-02-22T10:39:46.377679+00:00 INFO kernel: [    0.000000]   node   0: [mem 0x0000000000100000-0x000000001fffffff]
2021-02-22T10:39:46.377681+00:00 INFO kernel: [    0.000000]   node   0: [mem 0x0000000020100000-0x000000007ae6dfff]
2021-02-22T10:39:46.377683+00:00 INFO kernel: [    0.000000]   node   0: [mem 0x0000000100000000-0x000000017fffffff]
2021-02-22T10:39:46.377690+00:00 INFO kernel: [    0.000000] Initmem setup node 0 [mem 0x0000000000001000-0x000000017fffffff]
2021-02-22T10:39:46.377693+00:00 DEBUG kernel: [    0.000000] On node 0 totalpages: 1027341
2021-02-22T10:39:46.377696+00:00 DEBUG kernel: [    0.000000]   DMA zone: 64 pages used for memmap
2021-02-22T10:39:46.377698+00:00 DEBUG kernel: [    0.000000]   DMA zone: 23 pages reserved
2021-02-22T10:39:46.377700+00:00 DEBUG kernel: [    0.000000]   DMA zone: 3999 pages, LIFO batch:0
2021-02-22T10:39:46.377702+00:00 DEBUG kernel: [    0.000000]   DMA32 zone: 7798 pages used for memmap
2021-02-22T10:39:46.377709+00:00 DEBUG kernel: [    0.000000]   DMA32 zone: 499054 pages, LIFO batch:31
2021-02-22T10:39:46.377712+00:00 DEBUG kernel: [    0.000000]   Normal zone: 8192 pages used for memmap
2021-02-22T10:39:46.377714+00:00 DEBUG kernel: [    0.000000]   Normal zone: 524288 pages, LIFO batch:31
2021-02-22T10:39:46.377717+00:00 INFO kernel: [    0.000000] x86/hpet: Will disable the HPET for this platform because it's not reliable
2021-02-22T10:39:46.377719+00:00 INFO kernel: [    0.000000] Reserving Intel graphics stolen memory at 0x7c000000-0x7fffffff
2021-02-22T10:39:46.377721+00:00 INFO kernel: [    0.000000] ACPI: PM-Timer IO Port: 0x408
2021-02-22T10:39:46.377723+00:00 DEBUG kernel: [    0.000000] ACPI: Local APIC address 0xfee00000
2021-02-22T10:39:46.377730+00:00 INFO kernel: [    0.000000] IOAPIC[0]: apic_id 2, version 32, address 0xfec00000, GSI 0-86
2021-02-22T10:39:46.377733+00:00 INFO kernel: [    0.000000] ACPI: INT_SRC_OVR (bus 0 bus_irq 0 global_irq 2 dfl dfl)
2021-02-22T10:39:46.377735+00:00 INFO kernel: [    0.000000] ACPI: INT_SRC_OVR (bus 0 bus_irq 9 global_irq 9 high level)
2021-02-22T10:39:46.377737+00:00 DEBUG kernel: [    0.000000] ACPI: IRQ0 used by override.
2021-02-22T10:39:46.377739+00:00 DEBUG kernel: [    0.000000] ACPI: IRQ9 used by override.
2021-02-22T10:39:46.377742+00:00 INFO kernel: [    0.000000] Using ACPI (MADT) for SMP configuration information
2021-02-22T10:39:46.377749+00:00 INFO kernel: [    0.000000] ACPI: HPET id: 0x8086a201 base: 0xfed00000
2021-02-22T10:39:46.377752+00:00 INFO kernel: [    0.000000] smpboot: Allowing 4 CPUs, 0 hotplug CPUs
2021-02-22T10:39:46.377754+00:00 INFO kernel: [    0.000000] e820: [mem 0x80000000-0xdfffffff] available for PCI devices
2021-02-22T10:39:46.377756+00:00 INFO kernel: [    0.000000] clocksource: refined-jiffies: mask: 0xffffffff max_cycles: 0xffffffff, max_idle_ns: 1910969940391419 ns
2021-02-22T10:39:46.377759+00:00 INFO kernel: [    0.000000] setup_percpu: NR_CPUS:8 nr_cpumask_bits:8 nr_cpu_ids:4 nr_node_ids:1
2021-02-22T10:39:46.377761+00:00 INFO kernel: [    0.000000] PERCPU: Embedded 32 pages/cpu @ffff88017fc00000 s93352 r8192 d29528 u524288
2021-02-22T10:39:46.377661+00:00 WARNING rsyslogd[524]: warning: ~ action is deprecated, consider using the 'stop' statement instead [v8.1901.0 try https://www.rsyslog.com/e/2307 ]
2021-02-22T10:39:46.377921+00:00 DEBUG kernel: [    0.000000] pcpu-alloc: s93352 r8192 d29528 u524288 alloc=1*2097152
2021-02-22T10:39:46.377930+00:00 DEBUG kernel: [    0.000000] pcpu-alloc: [0] 0 1 2 3 
2021-02-22T10:39:46.377934+00:00 INFO kernel: [    0.000000] Built 1 zonelists in Zone order, mobility grouping on.  Total pages: 1011264
2021-02-22T10:39:46.377936+00:00 NOTICE kernel: [    0.000000] Kernel command line: cros_secure console= loglevel=7 init=/sbin/init cros_secure root=/dev/dm-0 rootwait ro dm_verity.error_behavior=3 dm_verity.max_bios=-1 dm_verity.dev_wait=1 dm="1 vroot none ro 1,0 3584000 verity payload=PARTUUID=6c8bc571-8e95-a843-bc0a-9608a1c2ac65/PARTNROFF=1 hashtree=PARTUUID=6c8bc571-8e95-a843-bc0a-9608a1c2ac65/PARTNROFF=1 hashstart=3584000 alg=sha1 root_hexdigest=3e8df1ad07c15f9a811aa2a9915a17e8409ccf65 salt=0c7d85cad68fb231a34c12121d933c468594106200a09a1c158d34a9cc182c5e" noinitrd vt.global_cursor_default=0 kern_guid=6c8bc571-8e95-a843-bc0a-9608a1c2ac65 add_efi_memmap boot=local noresume noswap i915.modeset=1 tpm_tis.force=1 tpm_tis.interrupts=0 nmi_watchdog=panic,lapic  
2021-02-22T10:39:46.377939+00:00 INFO kernel: [    0.000000] device-mapper: init: will configure 1 devices
2021-02-22T10:39:46.377944+00:00 INFO kernel: [    0.000000] PID hash table entries: 4096 (order: 3, 32768 bytes)
2021-02-22T10:39:46.377881+00:00 WARNING rsyslogd[524]:  message repeated 3 times: [warning: ~ action is deprecated, consider using the 'stop' statement instead [v8.1901.0 try https://www.rsyslog.com/e/2307 ]]
2021-02-22T10:39:46.377952+00:00 INFO kernel: [    0.000000] Dentry cache hash table entries: 524288 (order: 10, 4194304 bytes)
2021-02-22T10:39:46.377956+00:00 INFO kernel: [    0.000000] Inode-cache hash table entries: 262144 (order: 9, 2097152 bytes)
2021-02-22T10:39:46.377958+00:00 INFO kernel: [    0.000000] Memory: 3953156K/4109364K available (8588K kernel code, 1022K rwdata, 2952K rodata, 1308K init, 924K bss, 156208K reserved, 0K cma-reserved)
2021-02-22T10:39:46.377960+00:00 INFO kernel: [    0.000000] SLUB: HWalign=64, Order=0-3, MinObjects=0, CPUs=4, Nodes=1
2021-02-22T10:39:46.377962+00:00 INFO kernel: [    0.000000] Kernel/User page tables isolation: enabled
2021-02-22T10:39:46.377969+00:00 INFO kernel: [    0.000000] Preemptible hierarchical RCU implementation.
2021-02-22T10:39:46.377976+00:00 INFO kernel: [    0.000000] 	Build-time adjustment of leaf fanout to 64.
2021-02-22T10:39:46.377980+00:00 INFO kernel: [    0.000000] 	RCU restricting CPUs from NR_CPUS=8 to nr_cpu_ids=4.
2021-02-22T10:39:46.377982+00:00 INFO kernel: [    0.000000] RCU: Adjusting geometry for rcu_fanout_leaf=64, nr_cpu_ids=4
2021-02-22T10:39:46.377984+00:00 INFO kernel: [    0.000000] NR_IRQS:4352 nr_irqs:1024 16
2021-02-22T10:39:46.377986+00:00 INFO kernel: [    0.000000] Maximum core-clock to bus-clock ratio: 0x16
2021-02-22T10:39:46.377988+00:00 INFO kernel: [    0.000000] Resolved frequency ID: 0, frequency: 83200 KHz
2021-02-22T10:39:46.377990+00:00 INFO kernel: [    0.000000] TSC runs at 1830400 KHz
2021-02-22T10:39:46.378016+00:00 INFO kernel: [    0.000000] lapic_timer_frequency = 83200
2021-02-22T10:39:46.378020+00:00 INFO kernel: [    0.000000] tsc: Initial usec timer 1184519
2021-02-22T10:39:46.378023+00:00 INFO kernel: [    0.000000] tsc: Detected 1830.400 MHz processor
2021-02-22T10:39:46.378025+00:00 INFO kernel: [    0.000004] Calibrating delay loop (skipped), value calculated using timer frequency.. 3660.80 BogoMIPS (lpj=1830400)
2021-02-22T10:39:46.378028+00:00 INFO kernel: [    0.000011] pid_max: default: 32768 minimum: 301
2021-02-22T10:39:46.378030+00:00 INFO kernel: [    0.000022] ACPI: Core revision 20150930
2021-02-22T10:39:46.378037+00:00 WARNING kernel: [    0.006971] ACPI: 2 ACPI AML tables successfully acquired and loaded
2021-02-22T10:39:46.378041+00:00 INFO kernel: [    0.007010] Security Framework initialized
2021-02-22T10:39:46.378043+00:00 INFO kernel: [    0.007016] Yama: becoming mindful.
2021-02-22T10:39:46.378045+00:00 INFO kernel: [    0.007025] Chromium OS LSM: enabled
2021-02-22T10:39:46.378047+00:00 INFO kernel: [    0.007028] SELinux:  Initializing.
2021-02-22T10:39:46.378049+00:00 DEBUG kernel: [    0.007043] SELinux:  Starting in permissive mode
2021-02-22T10:39:46.378051+00:00 INFO kernel: [    0.007066] Mount-cache hash table entries: 8192 (order: 4, 65536 bytes)
2021-02-22T10:39:46.378058+00:00 INFO kernel: [    0.007072] Mountpoint-cache hash table entries: 8192 (order: 4, 65536 bytes)
2021-02-22T10:39:46.378062+00:00 INFO kernel: [    0.007427] Initializing cgroup subsys devices
2021-02-22T10:39:46.378064+00:00 INFO kernel: [    0.007437] Initializing cgroup subsys freezer
2021-02-22T10:39:46.378066+00:00 INFO kernel: [    0.007461] CPU: Physical Processor ID: 0
2021-02-22T10:39:46.378068+00:00 INFO kernel: [    0.007465] CPU: Processor Core ID: 0
2021-02-22T10:39:46.378070+00:00 WARNING kernel: [    0.007470] ENERGY_PERF_BIAS: Set to 'normal', was 'performance'
2021-02-22T10:39:46.378072+00:00 WARNING kernel: [    0.007473] ENERGY_PERF_BIAS: View and update with x86_energy_perf_policy(8)
2021-02-22T10:39:46.378079+00:00 INFO kernel: [    0.012254] mce: CPU supports 6 MCE banks
2021-02-22T10:39:46.378083+00:00 INFO kernel: [    0.012268] CPU0: Thermal monitoring enabled (TM1)
2021-02-22T10:39:46.378085+00:00 INFO kernel: [    0.012274] process: using mwait in idle threads
2021-02-22T10:39:46.378087+00:00 INFO kernel: [    0.012279] Last level iTLB entries: 4KB 48, 2MB 0, 4MB 0
2021-02-22T10:39:46.378089+00:00 INFO kernel: [    0.012283] Last level dTLB entries: 4KB 128, 2MB 16, 4MB 16, 1GB 0
2021-02-22T10:39:46.378091+00:00 INFO kernel: [    0.012296] Spectre V2 : Mitigation: Full generic retpoline
2021-02-22T10:39:46.378098+00:00 INFO kernel: [    0.012299] Spectre V2 : Spectre v2 / SpectreRSB mitigation: Filling RSB on context switch
2021-02-22T10:39:46.378102+00:00 INFO kernel: [    0.012301] Spectre V2 : Enabling Restricted Speculation for firmware calls
2021-02-22T10:39:46.378104+00:00 INFO kernel: [    0.012309] Spectre V2 : mitigation: Enabling conditional Indirect Branch Prediction Barrier
2021-02-22T10:39:46.378106+00:00 INFO kernel: [    0.012312] Spectre V2 : User space: Mitigation: STIBP via seccomp and prctl
2021-02-22T10:39:46.378112+00:00 INFO kernel: [    0.012315] MDS: Mitigation: Clear CPU buffers
2021-02-22T10:39:46.378115+00:00 INFO kernel: [    0.012867] Freeing SMP alternatives memory: 32K
2021-02-22T10:39:46.378117+00:00 INFO kernel: [    0.015068] ftrace: allocating 30825 entries in 121 pages
2021-02-22T10:39:46.378023+00:00 INFO rsyslogd[524]: rsyslogd's groupid changed to 202
2021-02-22T10:39:46.378126+00:00 INFO kernel: [    0.049318] ..TIMER: vector=0x30 apic1=0 pin1=2 apic2=-1 pin2=-1
2021-02-22T10:39:46.378130+00:00 DEBUG kernel: [    0.059347] TSC deadline timer enabled
2021-02-22T10:39:46.378132+00:00 INFO kernel: [    0.059353] smpboot: CPU0: Intel(R) Celeron(R) CPU  N2940  @ 1.83GHz (family: 0x6, model: 0x37, stepping: 0x8)
2021-02-22T10:39:46.378135+00:00 INFO kernel: [    0.059393] Performance Events: PEBS fmt2+, 8-deep LBR, Silvermont events, full-width counters, Intel PMU driver.
2021-02-22T10:39:46.378137+00:00 INFO kernel: [    0.059411] ... version:                3
2021-02-22T10:39:46.378139+00:00 INFO kernel: [    0.059414] ... bit width:              40
2021-02-22T10:39:46.378147+00:00 INFO kernel: [    0.059416] ... generic registers:      2
2021-02-22T10:39:46.378151+00:00 INFO kernel: [    0.059419] ... value mask:             000000ffffffffff
2021-02-22T10:39:46.378153+00:00 INFO kernel: [    0.059422] ... max period:             0000007fffffffff
2021-02-22T10:39:46.378155+00:00 INFO kernel: [    0.059425] ... fixed-purpose events:   3
2021-02-22T10:39:46.378157+00:00 INFO kernel: [    0.059428] ... event mask:             0000000700000003
2021-02-22T10:39:46.378159+00:00 INFO kernel: [    0.068446] x86: Booting SMP configuration:
2021-02-22T10:39:46.378167+00:00 INFO kernel: [    0.068452] .... node  #0, CPUs:      #1
2021-02-22T10:39:46.378170+00:00 INFO kernel: [    0.075623] NMI watchdog: enabled on all CPUs, permanently consumes one hw-PMU counter.
2021-02-22T10:39:46.378172+00:00 WARNING kernel: [    0.078450]  #2 #3
2021-02-22T10:39:46.378174+00:00 INFO kernel: [    0.097541] x86: Booted up 1 node, 4 CPUs
2021-02-22T10:39:46.378176+00:00 INFO kernel: [    0.097548] smpboot: Total of 4 processors activated (14643.20 BogoMIPS)
2021-02-22T10:39:46.378178+00:00 INFO kernel: [    0.098099] CPU3: update max cpu_capacity 1024
2021-02-22T10:39:46.378180+00:00 INFO kernel: [    0.098556] devtmpfs: initialized
2021-02-22T10:39:46.378211+00:00 INFO kernel: [    0.099550] CPU3: update max cpu_capacity 1024
2021-02-22T10:39:46.378216+00:00 INFO kernel: [    0.099646] clocksource: jiffies: mask: 0xffffffff max_cycles: 0xffffffff, max_idle_ns: 1911260446275000 ns
2021-02-22T10:39:46.378219+00:00 INFO kernel: [    0.099661] futex hash table entries: 1024 (order: 4, 65536 bytes)
2021-02-22T10:39:46.378221+00:00 INFO kernel: [    0.099868] pinctrl core: initialized pinctrl subsystem
2021-02-22T10:39:46.378223+00:00 INFO kernel: [    0.099950] RTC time: 10:39:44, date: 02/22/21
2021-02-22T10:39:46.378225+00:00 INFO kernel: [    0.100261] NET: Registered protocol family 16
2021-02-22T10:39:46.378234+00:00 INFO kernel: [    0.103554] cpuidle: using governor ladder
2021-02-22T10:39:46.378237+00:00 INFO kernel: [    0.107570] cpuidle: using governor menu
2021-02-22T10:39:46.378193+00:00 INFO rsyslogd[524]: rsyslogd's userid changed to 202
2021-02-22T10:39:46.378277+00:00 INFO kernel: [    0.107916] clocksource: Switched to clocksource refined-jiffies
2021-02-22T10:39:46.378294+00:00 INFO kernel: [    0.107925] ACPI: bus type PCI registered
2021-02-22T10:39:46.378298+00:00 INFO kernel: [    0.108053] PCI: MMCONFIG for domain 0000 [bus 00-ff] at [mem 0xe0000000-0xefffffff] (base 0xe0000000)
2021-02-22T10:39:46.378301+00:00 INFO kernel: [    0.108059] PCI: MMCONFIG at [mem 0xe0000000-0xefffffff] reserved in E820
2021-02-22T10:39:46.378304+00:00 INFO kernel: [    0.108099] PCI: Using configuration type 1 for base access
2021-02-22T10:39:46.378312+00:00 INFO kernel: [    0.118417] ACPI: Added _OSI(Module Device)
2021-02-22T10:39:46.378316+00:00 INFO kernel: [    0.118424] ACPI: Added _OSI(Processor Device)
2021-02-22T10:39:46.378318+00:00 INFO kernel: [    0.118427] ACPI: Added _OSI(3.0 _SCP Extensions)
2021-02-22T10:39:46.378320+00:00 INFO kernel: [    0.118431] ACPI: Added _OSI(Processor Aggregator Device)
2021-02-22T10:39:46.378323+00:00 INFO kernel: [    0.127485] ACPI : EC: EC started
2021-02-22T10:39:46.378325+00:00 INFO kernel: [    0.127687] ACPI: Interpreter enabled
2021-02-22T10:39:46.378332+00:00 INFO kernel: [    0.127726] ACPI: (supports S0 S3 S5)
2021-02-22T10:39:46.378336+00:00 INFO kernel: [    0.127730] ACPI: Using IOAPIC for interrupt routing
2021-02-22T10:39:46.378338+00:00 INFO kernel: [    0.127783] PCI: Using host bridge windows from ACPI; if necessary, use "pci=nocrs" and report a bug
2021-02-22T10:39:46.378340+00:00 INFO kernel: [    0.137491] ACPI: Power Resource [PLPE] (on)
2021-02-22T10:39:46.378342+00:00 INFO kernel: [    0.140086] ACPI: PCI Root Bridge [PCI0] (domain 0000 [bus 00-ff])
2021-02-22T10:39:46.378345+00:00 INFO kernel: [    0.140099] acpi PNP0A08:00: _OSC: OS supports [ExtendedConfig ASPM ClockPM Segments MSI]
2021-02-22T10:39:46.378347+00:00 INFO kernel: [    0.140221] acpi PNP0A08:00: _OSC: OS now controls [PCIeHotplug PME AER PCIeCapability]
2021-02-22T10:39:46.378355+00:00 INFO kernel: [    0.140433] PCI host bridge to bus 0000:00
2021-02-22T10:39:46.378358+00:00 INFO kernel: [    0.140442] pci_bus 0000:00: root bus resource [io  0x0000-0x0cf7 window]
2021-02-22T10:39:46.378360+00:00 INFO kernel: [    0.140448] pci_bus 0000:00: root bus resource [io  0x0d00-0xffff window]
2021-02-22T10:39:46.378363+00:00 INFO kernel: [    0.140453] pci_bus 0000:00: root bus resource [mem 0x000a0000-0x000bffff window]
2021-02-22T10:39:46.378365+00:00 INFO kernel: [    0.140459] pci_bus 0000:00: root bus resource [mem 0x000c0000-0x000c3fff window]
2021-02-22T10:39:46.378368+00:00 INFO kernel: [    0.140464] pci_bus 0000:00: root bus resource [mem 0x000c4000-0x000c7fff window]
2021-02-22T10:39:46.378382+00:00 INFO kernel: [    0.140469] pci_bus 0000:00: root bus resource [mem 0x000c8000-0x000cbfff window]
2021-02-22T10:39:46.378386+00:00 INFO kernel: [    0.140474] pci_bus 0000:00: root bus resource [mem 0x000cc000-0x000cffff window]
2021-02-22T10:39:46.378331+00:00 INFO rsyslogd[524]:  [origin software="rsyslogd" swVersion="8.1901.0" x-pid="524" x-info="https://www.rsyslog.com"] start
2021-02-22T10:39:46.378389+00:00 INFO kernel: [    0.140479] pci_bus 0000:00: root bus resource [mem 0x000d0000-0x000d3fff window]
2021-02-22T10:39:46.378392+00:00 INFO kernel: [    0.140485] pci_bus 0000:00: root bus resource [mem 0x000d4000-0x000d7fff window]
2021-02-22T10:39:46.378394+00:00 INFO kernel: [    0.140490] pci_bus 0000:00: root bus resource [mem 0x000d8000-0x000dbfff window]
2021-02-22T10:39:46.378397+00:00 INFO kernel: [    0.140495] pci_bus 0000:00: root bus resource [mem 0x000dc000-0x000dffff window]
2021-02-22T10:39:46.378559+00:00 INFO kernel: [    0.140500] pci_bus 0000:00: root bus resource [mem 0x000e0000-0x000e3fff window]
2021-02-22T10:39:46.378573+00:00 INFO kernel: [    0.140505] pci_bus 0000:00: root bus resource [mem 0x000e4000-0x000e7fff window]
2021-02-22T10:39:46.378577+00:00 INFO kernel: [    0.140510] pci_bus 0000:00: root bus resource [mem 0x000e8000-0x000ebfff window]
2021-02-22T10:39:46.378580+00:00 INFO kernel: [    0.140516] pci_bus 0000:00: root bus resource [mem 0x000ec000-0x000effff window]
2021-02-22T10:39:46.378582+00:00 INFO kernel: [    0.140521] pci_bus 0000:00: root bus resource [mem 0x000f0000-0x000fffff window]
2021-02-22T10:39:46.378584+00:00 INFO kernel: [    0.140526] pci_bus 0000:00: root bus resource [mem 0x80000000-0xfeafffff window]
2021-02-22T10:39:46.378586+00:00 INFO kernel: [    0.140531] pci_bus 0000:00: root bus resource [mem 0xfed40000-0xfed44fff window]
2021-02-22T10:39:46.378597+00:00 INFO kernel: [    0.140537] pci_bus 0000:00: root bus resource [bus 00-ff]
2021-02-22T10:39:46.378601+00:00 DEBUG kernel: [    0.140554] pci 0000:00:00.0: [8086:0f00] type 00 class 0x060000
2021-02-22T10:39:46.378603+00:00 DEBUG kernel: [    0.140715] pci 0000:00:02.0: [8086:0f31] type 00 class 0x030000
2021-02-22T10:39:46.378606+00:00 DEBUG kernel: [    0.140742] pci 0000:00:02.0: reg 0x10: [mem 0xd0000000-0xd03fffff]
2021-02-22T10:39:46.378608+00:00 DEBUG kernel: [    0.140758] pci 0000:00:02.0: reg 0x18: [mem 0xc0000000-0xcfffffff pref]
2021-02-22T10:39:46.378610+00:00 DEBUG kernel: [    0.140774] pci 0000:00:02.0: reg 0x20: [io  0x1000-0x1007]
2021-02-22T10:39:46.378612+00:00 DEBUG kernel: [    0.140944] pci 0000:00:14.0: [8086:0f35] type 00 class 0x0c0330
2021-02-22T10:39:46.378622+00:00 DEBUG kernel: [    0.140978] pci 0000:00:14.0: reg 0x10: [mem 0xd0900000-0xd090ffff 64bit]
2021-02-22T10:39:46.378626+00:00 DEBUG kernel: [    0.141045] pci 0000:00:14.0: PME# supported from D3hot D3cold
2021-02-22T10:39:46.378629+00:00 INFO kernel: [    0.141102] pci 0000:00:14.0: System wakeup disabled by ACPI
2021-02-22T10:39:46.378631+00:00 DEBUG kernel: [    0.141216] pci 0000:00:1a.0: [8086:0f18] type 00 class 0x108000
2021-02-22T10:39:46.378633+00:00 DEBUG kernel: [    0.141263] pci 0000:00:1a.0: reg 0x10: [mem 0xd0600000-0xd06fffff]
2021-02-22T10:39:46.378635+00:00 DEBUG kernel: [    0.141281] pci 0000:00:1a.0: reg 0x14: [mem 0xd0700000-0xd07fffff]
2021-02-22T10:39:46.378645+00:00 DEBUG kernel: [    0.141387] pci 0000:00:1a.0: PME# supported from D0 D3hot
2021-02-22T10:39:46.378649+00:00 DEBUG kernel: [    0.141519] pci 0000:00:1b.0: [8086:0f04] type 00 class 0x040300
2021-02-22T10:39:46.378651+00:00 DEBUG kernel: [    0.141558] pci 0000:00:1b.0: reg 0x10: [mem 0xd0914000-0xd0917fff 64bit]
2021-02-22T10:39:46.378653+00:00 DEBUG kernel: [    0.141634] pci 0000:00:1b.0: PME# supported from D0 D3hot D3cold
2021-02-22T10:39:46.378656+00:00 DEBUG kernel: [    0.141761] pci 0000:00:1c.0: [8086:0f48] type 01 class 0x060400
2021-02-22T10:39:46.378658+00:00 DEBUG kernel: [    0.141848] pci 0000:00:1c.0: PME# supported from D0 D3hot D3cold
2021-02-22T10:39:46.378660+00:00 DEBUG kernel: [    0.142001] pci 0000:00:1f.0: [8086:0f1c] type 00 class 0x060100
2021-02-22T10:39:46.378670+00:00 DEBUG kernel: [    0.142318] pci 0000:01:00.0: [8086:08b2] type 00 class 0x028000
2021-02-22T10:39:46.378674+00:00 DEBUG kernel: [    0.142399] pci 0000:01:00.0: reg 0x10: [mem 0xd0800000-0xd0801fff 64bit]
2021-02-22T10:39:46.378676+00:00 DEBUG kernel: [    0.142602] pci 0000:01:00.0: PME# supported from D0 D3hot D3cold
2021-02-22T10:39:46.378678+00:00 INFO kernel: [    0.143908] pci 0000:00:1c.0: PCI bridge to [bus 01]
2021-02-22T10:39:46.378681+00:00 DEBUG kernel: [    0.143919] pci 0000:00:1c.0:   bridge window [mem 0xd0800000-0xd08fffff]
2021-02-22T10:39:46.378683+00:00 DEBUG kernel: [    0.143935] pci_bus 0000:00: on NUMA node 0
2021-02-22T10:39:46.378685+00:00 INFO kernel: [    0.144240] ACPI: PCI Interrupt Link [LNKA] (IRQs 1 3 4 5 6 7 10 12 14 15) *0
2021-02-22T10:39:46.378694+00:00 INFO kernel: [    0.144395] ACPI: PCI Interrupt Link [LNKB] (IRQs 1 3 4 5 6 7 11 12 14 15) *0
2021-02-22T10:39:46.378698+00:00 INFO kernel: [    0.144543] ACPI: PCI Interrupt Link [LNKC] (IRQs 1 3 4 5 6 7 10 12 14 15) *0
2021-02-22T10:39:46.378701+00:00 INFO kernel: [    0.144690] ACPI: PCI Interrupt Link [LNKD] (IRQs 1 3 4 5 6 7 11 12 14 15) *0
2021-02-22T10:39:46.378703+00:00 INFO kernel: [    0.144837] ACPI: PCI Interrupt Link [LNKE] (IRQs 1 3 4 5 6 7 10 12 14 15) *0
2021-02-22T10:39:46.378706+00:00 INFO kernel: [    0.144995] ACPI: PCI Interrupt Link [LNKF] (IRQs 1 3 4 5 6 7 11 12 14 15) *0
2021-02-22T10:39:46.378708+00:00 INFO kernel: [    0.145143] ACPI: PCI Interrupt Link [LNKG] (IRQs 1 3 4 5 6 7 10 12 14 15) *0
2021-02-22T10:39:46.378717+00:00 INFO kernel: [    0.145290] ACPI: PCI Interrupt Link [LNKH] (IRQs 1 3 4 5 6 7 11 12 14 15) *0
2021-02-22T10:39:46.378721+00:00 DEBUG kernel: [    0.146084] gpiochip_find_base: found new base at 410
2021-02-22T10:39:46.378724+00:00 DEBUG kernel: [    0.146149] gpiochip_add_data: registered GPIOs 410 to 511 on device: INT33FC:00
2021-02-22T10:39:46.378726+00:00 DEBUG kernel: [    0.146890] gpiochip_find_base: found new base at 382
2021-02-22T10:39:46.378728+00:00 DEBUG kernel: [    0.146961] gpiochip_add_data: registered GPIOs 382 to 409 on device: INT33FC:01
2021-02-22T10:39:46.378730+00:00 DEBUG kernel: [    0.147286] gpiochip_find_base: found new base at 338
2021-02-22T10:39:46.378732+00:00 DEBUG kernel: [    0.147351] gpiochip_add_data: registered GPIOs 338 to 381 on device: INT33FC:02
2021-02-22T10:39:46.378742+00:00 INFO kernel: [    0.152306] ACPI : EC: GPE = 0x18, I/O: command/status = 0x66, data = 0x62
2021-02-22T10:39:46.378746+00:00 ERR kernel: [    0.152438] dw_dmac INTL9C60:00: Missing DT data
2021-02-22T10:39:46.378749+00:00 INFO kernel: [    0.152827] dw_dmac INTL9C60:00: DesignWare DMA Controller, 8 channels
2021-02-22T10:39:46.378751+00:00 ERR kernel: [    0.152864] dw_dmac INTL9C60:01: Missing DT data
2021-02-22T10:39:46.378753+00:00 INFO kernel: [    0.153242] dw_dmac INTL9C60:01: DesignWare DMA Controller, 8 channels
2021-02-22T10:39:46.378755+00:00 NOTICE kernel: [    0.153495] SCSI subsystem initialized
2021-02-22T10:39:46.378765+00:00 DEBUG kernel: [    0.153627] libata version 3.00 loaded.
2021-02-22T10:39:46.378769+00:00 INFO kernel: [    0.153728] ACPI: bus type USB registered
2021-02-22T10:39:46.378771+00:00 INFO kernel: [    0.153783] usbcore: registered new interface driver usbfs
2021-02-22T10:39:46.378773+00:00 INFO kernel: [    0.153811] usbcore: registered new interface driver hub
2021-02-22T10:39:46.378776+00:00 INFO kernel: [    0.153858] usbcore: registered new device driver usb
2021-02-22T10:39:46.378778+00:00 INFO kernel: [    0.176888] media: Linux media interface: v0.10
2021-02-22T10:39:46.378780+00:00 INFO kernel: [    0.176917] Linux video capture interface: v2.00
2021-02-22T10:39:46.378790+00:00 NOTICE kernel: [    0.177255] chromeos_acpi: registering CHSW 0
2021-02-22T10:39:46.378793+00:00 NOTICE kernel: [    0.177642] chromeos_acpi: registering VBNV 0
2021-02-22T10:39:46.378796+00:00 NOTICE kernel: [    0.177651] chromeos_acpi: registering VBNV 1
2021-02-22T10:39:46.378798+00:00 INFO kernel: [    0.178135] chromeos_acpi: truncating buffer from 3072 to 1336
2021-02-22T10:39:46.378800+00:00 INFO kernel: [    0.178518] chromeos_acpi: installed
2021-02-22T10:39:46.378803+00:00 INFO kernel: [    0.178522] chromeos_acpi: chromeos_acpi: enabling S3 USB wake
2021-02-22T10:39:46.378812+00:00 INFO kernel: [    0.178616] Advanced Linux Sound Architecture Driver Initialized.
2021-02-22T10:39:46.378816+00:00 INFO kernel: [    0.178624] PCI: Using ACPI for IRQ routing
2021-02-22T10:39:46.378818+00:00 DEBUG kernel: [    0.185220] PCI: pci_cache_line_size set to 64 bytes
2021-02-22T10:39:46.378821+00:00 DEBUG kernel: [    0.185280] e820: reserve RAM buffer [mem 0x7ae6e000-0x7bffffff]
2021-02-22T10:39:46.378823+00:00 NOTICE kernel: [    0.186001] amd_nb: Cannot enumerate AMD northbridges
2021-02-22T10:39:46.378825+00:00 INFO kernel: [    0.208466] pnp: PnP ACPI init
2021-02-22T10:39:46.378827+00:00 INFO kernel: [    0.208679] system 00:00: [mem 0xfeb00000-0xfebfffff] has been reserved
2021-02-22T10:39:46.378837+00:00 INFO kernel: [    0.208689] system 00:00: [mem 0xe0000000-0xefffffff] could not be reserved
2021-02-22T10:39:46.378841+00:00 INFO kernel: [    0.208696] system 00:00: [mem 0xfed03000-0xfed033ff] has been reserved
2021-02-22T10:39:46.378843+00:00 INFO kernel: [    0.208702] system 00:00: [mem 0xfed08000-0xfed083ff] has been reserved
2021-02-22T10:39:46.378845+00:00 INFO kernel: [    0.208708] system 00:00: [mem 0xfed01000-0xfed013ff] has been reserved
2021-02-22T10:39:46.378848+00:00 INFO kernel: [    0.208714] system 00:00: [mem 0xfef00000-0xfeffffff] has been reserved
2021-02-22T10:39:46.378850+00:00 INFO kernel: [    0.208720] system 00:00: [mem 0xfed05000-0xfed057ff] has been reserved
2021-02-22T10:39:46.378860+00:00 INFO kernel: [    0.208726] system 00:00: [mem 0xfed1c000-0xfed1c3ff] has been reserved
2021-02-22T10:39:46.378864+00:00 DEBUG kernel: [    0.208737] system 00:00: Plug and Play ACPI device, IDs PNP0c02 (active)
2021-02-22T10:39:46.378866+00:00 INFO kernel: [    0.209192] system 00:01: [mem 0xfed00000-0xfed003ff] has been reserved
2021-02-22T10:39:46.378868+00:00 DEBUG kernel: [    0.209203] system 00:01: Plug and Play ACPI device, IDs PNP0103 PNP0c01 (active)
2021-02-22T10:39:46.378871+00:00 DEBUG kernel: [    0.209321] system 00:02: Plug and Play ACPI device, IDs PNP0c02 (active)
2021-02-22T10:39:46.378873+00:00 DEBUG kernel: [    0.209393] pnp 00:03: Plug and Play ACPI device, IDs PNP0b00 (active)
2021-02-22T10:39:46.378875+00:00 INFO kernel: [    0.209516] system 00:04: [io  0x0900-0x09fe] has been reserved
2021-02-22T10:39:46.378885+00:00 DEBUG kernel: [    0.209527] system 00:04: Plug and Play ACPI device, IDs PNP0c02 (active)
2021-02-22T10:39:46.378889+00:00 INFO kernel: [    0.209635] system 00:05: [io  0x0200] has been reserved
2021-02-22T10:39:46.378891+00:00 INFO kernel: [    0.209643] system 00:05: [io  0x0204] has been reserved
2021-02-22T10:39:46.378893+00:00 INFO kernel: [    0.209649] system 00:05: [io  0x0800-0x087f] has been reserved
2021-02-22T10:39:46.378896+00:00 INFO kernel: [    0.209655] system 00:05: [io  0x0880-0x08ff] has been reserved
2021-02-22T10:39:46.378898+00:00 DEBUG kernel: [    0.209664] system 00:05: Plug and Play ACPI device, IDs PNP0c02 (active)
2021-02-22T10:39:46.378900+00:00 DEBUG kernel: [    0.209777] pnp 00:06: Plug and Play ACPI device, IDs PNP0303 PNP030b (active)
2021-02-22T10:39:46.378913+00:00 DEBUG kernel: [    0.209914] pnp 00:07: Plug and Play ACPI device, IDs IFX0102 PNP0c31 (active)
2021-02-22T10:39:46.378917+00:00 INFO kernel: [    0.210903] pnp: PnP ACPI: found 8 devices
2021-02-22T10:39:46.378920+00:00 INFO kernel: [    0.216365] clocksource: acpi_pm: mask: 0xffffff max_cycles: 0xffffff, max_idle_ns: 2085701024 ns
2021-02-22T10:39:46.378922+00:00 INFO kernel: [    0.216399] clocksource: Switched to clocksource acpi_pm
2021-02-22T10:39:46.378924+00:00 INFO kernel: [    0.216537] pci 0000:00:1c.0: PCI bridge to [bus 01]
2021-02-22T10:39:46.378926+00:00 INFO kernel: [    0.216548] pci 0000:00:1c.0:   bridge window [mem 0xd0800000-0xd08fffff]
2021-02-22T10:39:46.378936+00:00 DEBUG kernel: [    0.216560] pci_bus 0000:00: resource 4 [io  0x0000-0x0cf7 window]
2021-02-22T10:39:46.378940+00:00 DEBUG kernel: [    0.216566] pci_bus 0000:00: resource 5 [io  0x0d00-0xffff window]
2021-02-22T10:39:46.378942+00:00 DEBUG kernel: [    0.216571] pci_bus 0000:00: resource 6 [mem 0x000a0000-0x000bffff window]
2021-02-22T10:39:46.378945+00:00 DEBUG kernel: [    0.216576] pci_bus 0000:00: resource 7 [mem 0x000c0000-0x000c3fff window]
2021-02-22T10:39:46.378947+00:00 DEBUG kernel: [    0.216582] pci_bus 0000:00: resource 8 [mem 0x000c4000-0x000c7fff window]
2021-02-22T10:39:46.378949+00:00 DEBUG kernel: [    0.216587] pci_bus 0000:00: resource 9 [mem 0x000c8000-0x000cbfff window]
2021-02-22T10:39:46.378952+00:00 DEBUG kernel: [    0.216592] pci_bus 0000:00: resource 10 [mem 0x000cc000-0x000cffff window]
2021-02-22T10:39:46.378962+00:00 DEBUG kernel: [    0.216597] pci_bus 0000:00: resource 11 [mem 0x000d0000-0x000d3fff window]
2021-02-22T10:39:46.378966+00:00 DEBUG kernel: [    0.216602] pci_bus 0000:00: resource 12 [mem 0x000d4000-0x000d7fff window]
2021-02-22T10:39:46.378968+00:00 DEBUG kernel: [    0.216607] pci_bus 0000:00: resource 13 [mem 0x000d8000-0x000dbfff window]
2021-02-22T10:39:46.378970+00:00 DEBUG kernel: [    0.216612] pci_bus 0000:00: resource 14 [mem 0x000dc000-0x000dffff window]
2021-02-22T10:39:46.378973+00:00 DEBUG kernel: [    0.216617] pci_bus 0000:00: resource 15 [mem 0x000e0000-0x000e3fff window]
2021-02-22T10:39:46.379156+00:00 DEBUG kernel: [    0.216622] pci_bus 0000:00: resource 16 [mem 0x000e4000-0x000e7fff window]
2021-02-22T10:39:46.379169+00:00 DEBUG kernel: [    0.216628] pci_bus 0000:00: resource 17 [mem 0x000e8000-0x000ebfff window]
2021-02-22T10:39:46.379174+00:00 DEBUG kernel: [    0.216633] pci_bus 0000:00: resource 18 [mem 0x000ec000-0x000effff window]
2021-02-22T10:39:46.379177+00:00 DEBUG kernel: [    0.216638] pci_bus 0000:00: resource 19 [mem 0x000f0000-0x000fffff window]
2021-02-22T10:39:46.379179+00:00 DEBUG kernel: [    0.216643] pci_bus 0000:00: resource 20 [mem 0x80000000-0xfeafffff window]
2021-02-22T10:39:46.379181+00:00 DEBUG kernel: [    0.216648] pci_bus 0000:00: resource 21 [mem 0xfed40000-0xfed44fff window]
2021-02-22T10:39:46.379183+00:00 DEBUG kernel: [    0.216654] pci_bus 0000:01: resource 1 [mem 0xd0800000-0xd08fffff]
2021-02-22T10:39:46.379186+00:00 INFO kernel: [    0.216716] NET: Registered protocol family 2
2021-02-22T10:39:46.379196+00:00 INFO kernel: [    0.217011] TCP established hash table entries: 32768 (order: 6, 262144 bytes)
2021-02-22T10:39:46.379200+00:00 INFO kernel: [    0.217121] TCP bind hash table entries: 32768 (order: 8, 1048576 bytes)
2021-02-22T10:39:46.379203+00:00 INFO kernel: [    0.217512] TCP: Hash tables configured (established 32768 bind 32768)
2021-02-22T10:39:46.379205+00:00 INFO kernel: [    0.217589] UDP hash table entries: 2048 (order: 5, 196608 bytes)
2021-02-22T10:39:46.379207+00:00 INFO kernel: [    0.217661] UDP-Lite hash table entries: 2048 (order: 5, 196608 bytes)
2021-02-22T10:39:46.379210+00:00 INFO kernel: [    0.217855] NET: Registered protocol family 1
2021-02-22T10:39:46.379219+00:00 DEBUG kernel: [    0.217897] pci 0000:00:02.0: Video device with shadowed ROM
2021-02-22T10:39:46.379223+00:00 DEBUG kernel: [    0.219202] PCI: CLS 64 bytes, default 64
2021-02-22T10:39:46.379226+00:00 INFO kernel: [    0.219346] PCI-DMA: Using software bounce buffering for IO (SWIOTLB)
2021-02-22T10:39:46.379228+00:00 INFO kernel: [    0.219353] software IO TLB: mapped [mem 0x76e6e000-0x7ae6e000] (64MB)
2021-02-22T10:39:46.379230+00:00 INFO kernel: [    0.220580] Scanning for low memory corruption every 60 seconds
2021-02-22T10:39:46.379233+00:00 INFO kernel: [    0.221471] audit: initializing netlink subsys (disabled)
2021-02-22T10:39:46.379235+00:00 NOTICE kernel: [    0.221504] audit: type=2000 audit(1613990384.162:1): initialized
2021-02-22T10:39:46.379244+00:00 NOTICE kernel: [    0.226635] VFS: Disk quotas dquot_6.6.0
2021-02-22T10:39:46.379248+00:00 INFO kernel: [    0.226733] VFS: Dquot-cache hash table entries: 512 (order 0, 4096 bytes)
2021-02-22T10:39:46.379250+00:00 INFO kernel: [    0.227548] squashfs: version 4.0 (2009/01/31) Phillip Lougher
2021-02-22T10:39:46.379253+00:00 INFO kernel: [    0.227897] Registering esdfs 0.2
2021-02-22T10:39:46.379255+00:00 INFO kernel: [    0.228018] device_jail: allocated device range 261095424 -> 261095680
2021-02-22T10:39:46.379257+00:00 INFO kernel: [    0.228243] alt_syscall: table 'read_write_test' available.
2021-02-22T10:39:46.379259+00:00 INFO kernel: [    0.228268] alt_syscall: table 'android' available.
2021-02-22T10:39:46.379269+00:00 INFO kernel: [    0.228289] alt_syscall: table 'android_permissive' available.
2021-02-22T10:39:46.379273+00:00 INFO kernel: [    0.228306] alt_syscall: table 'third_party' available.
2021-02-22T10:39:46.379275+00:00 INFO kernel: [    0.228323] alt_syscall: table 'third_party_permissive' available.
2021-02-22T10:39:46.379278+00:00 INFO kernel: [    0.228340] alt_syscall: table 'complete' available.
2021-02-22T10:39:46.379280+00:00 INFO kernel: [    0.228357] alt_syscall: table 'complete_permissive' available.
2021-02-22T10:39:46.379282+00:00 DEBUG kernel: [    0.228363] SELinux:  Registering netfilter hooks
2021-02-22T10:39:46.379291+00:00 INFO kernel: [    0.231537] Block layer SCSI generic (bsg) driver version 0.4 loaded (major 248)
2021-02-22T10:39:46.379295+00:00 INFO kernel: [    0.231548] io scheduler noop registered
2021-02-22T10:39:46.379298+00:00 INFO kernel: [    0.231555] io scheduler deadline registered
2021-02-22T10:39:46.379300+00:00 INFO kernel: [    0.231687] io scheduler cfq registered (default)
2021-02-22T10:39:46.379302+00:00 DEBUG kernel: [    0.232825] aer 0000:00:1c.0:pcie02: service driver aer loaded
2021-02-22T10:39:46.379305+00:00 INFO kernel: [    0.232870] pcieport 0000:00:1c.0: Signaling PME through PCIe PME interrupt
2021-02-22T10:39:46.379307+00:00 INFO kernel: [    0.232876] pci 0000:01:00.0: Signaling PME through PCIe PME interrupt
2021-02-22T10:39:46.379316+00:00 DEBUG kernel: [    0.232883] pcie_pme 0000:00:1c.0:pcie01: service driver pcie_pme loaded
2021-02-22T10:39:46.379320+00:00 INFO kernel: [    0.232903] pci_hotplug: PCI Hot Plug PCI Core version: 0.5
2021-02-22T10:39:46.379323+00:00 INFO kernel: [    0.232924] pciehp: PCI Express Hot Plug Controller Driver version: 0.4
2021-02-22T10:39:46.379325+00:00 DEBUG kernel: [    0.232959] intel_idle: MWAIT substates: 0x33000020
2021-02-22T10:39:46.379327+00:00 DEBUG kernel: [    0.232963] intel_idle: v0.4.1 model 0x37
2021-02-22T10:39:46.379330+00:00 DEBUG kernel: [    0.233366] intel_idle: lapic_timer_reliable_states 0xffffffff
2021-02-22T10:39:46.379339+00:00 INFO kernel: [    0.233572] ACPI: AC Adapter [AC] (off-line)
2021-02-22T10:39:46.379343+00:00 INFO kernel: [    0.233760] input: Lid Switch as /devices/LNXSYSTM:00/LNXSYBUS:00/PNP0C0D:00/input/input0
2021-02-22T10:39:46.379346+00:00 INFO kernel: [    0.233851] ACPI: Lid Switch [LID0]
2021-02-22T10:39:46.379348+00:00 INFO kernel: [    0.233960] input: Power Button as /devices/LNXSYSTM:00/LNXSYBUS:00/PNP0C0C:00/input/input1
2021-02-22T10:39:46.379350+00:00 INFO kernel: [    0.233964] ACPI: Power Button [PWRB]
2021-02-22T10:39:46.379353+00:00 INFO kernel: [    0.234067] input: Sleep Button as /devices/LNXSYSTM:00/LNXSYBUS:00/PNP0C0E:00/input/input2
2021-02-22T10:39:46.379355+00:00 INFO kernel: [    0.234071] ACPI: Sleep Button [TPAD]
2021-02-22T10:39:46.379364+00:00 INFO kernel: [    0.234172] input: Sleep Button as /devices/LNXSYSTM:00/LNXSYBUS:00/PNP0C0E:01/input/input3
2021-02-22T10:39:46.379368+00:00 INFO kernel: [    0.234177] ACPI: Sleep Button [TSCR]
2021-02-22T10:39:46.379371+00:00 INFO kernel: [    0.234280] input: Power Button as /devices/LNXSYSTM:00/LNXPWRBN:00/input/input4
2021-02-22T10:39:46.379373+00:00 INFO kernel: [    0.234284] ACPI: Power Button [PWRF]
2021-02-22T10:39:46.379375+00:00 INFO kernel: [    0.237492] ACPI: Battery Slot [BAT0] (battery present)
2021-02-22T10:39:46.379378+00:00 WARNING kernel: [    0.238496] hpet_acpi_add: no address or irqs in _CRS
2021-02-22T10:39:46.379388+00:00 INFO kernel: [    0.238709] Non-volatile memory driver v1.3
2021-02-22T10:39:46.379392+00:00 INFO kernel: [    0.239196] Linux agpgart interface v0.103
2021-02-22T10:39:46.379394+00:00 INFO kernel: [    0.268985] tpm_tis tpm_tis: 1.2 TPM (device-id 0xB, rev-id 16)
2021-02-22T10:39:46.379397+00:00 ERR kernel: [    0.473654] tpm_tis 00:07: can't request region for resource [mem 0xfed40000-0xfed44fff]
2021-02-22T10:39:46.379399+00:00 WARNING kernel: [    0.473667] tpm_tis: probe of 00:07 failed with error -16
2021-02-22T10:39:46.379401+00:00 INFO kernel: [    0.473768] [drm] Initialized drm 1.1.0 20060810
2021-02-22T10:39:46.379403+00:00 INFO kernel: [    0.477526] [drm] Memory usable by graphics device = 2048M
2021-02-22T10:39:46.379413+00:00 INFO kernel: [    0.477655] [drm] Supports vblank timestamp caching Rev 2 (21.10.2013).
2021-02-22T10:39:46.379417+00:00 INFO kernel: [    0.477659] [drm] Driver supports precise vblank timestamp query.
2021-02-22T10:39:46.379419+00:00 INFO kernel: [    0.519040] [drm] Use max GFX freq on quad-core Baytrail due to crbug.com/719040
2021-02-22T10:39:46.379422+00:00 INFO kernel: [    0.522656] [drm] Initialized i915 1.6.0 20160411 for 0000:00:02.0 on minor 0
2021-02-22T10:39:46.379424+00:00 INFO kernel: [    0.523022] [drm] Initialized vgem 1.0.0 20120112 on minor 1
2021-02-22T10:39:46.379426+00:00 INFO kernel: [    0.523064] usbcore: registered new interface driver udl
2021-02-22T10:39:46.379431+00:00 INFO kernel: [    0.539440] loop: module loaded
2021-02-22T10:39:46.379441+00:00 INFO kernel: [    0.539465] lkdtm: No crash points registered, enable through debugfs
2021-02-22T10:39:46.379444+00:00 INFO kernel: [    0.540300] PPP generic driver version 2.4.2
2021-02-22T10:39:46.379447+00:00 INFO kernel: [    0.540400] PPP MPPE Compression module registered
2021-02-22T10:39:46.379449+00:00 INFO kernel: [    0.540409] NET: Registered protocol family 24
2021-02-22T10:39:46.379451+00:00 INFO kernel: [    0.540518] ehci_hcd: USB 2.0 'Enhanced' Host Controller (EHCI) Driver
2021-02-22T10:39:46.379454+00:00 INFO kernel: [    0.540526] ehci-pci: EHCI PCI platform driver
2021-02-22T10:39:46.379464+00:00 INFO kernel: [    0.540556] ohci_hcd: USB 1.1 'Open' Host Controller (OHCI) Driver
2021-02-22T10:39:46.379468+00:00 INFO kernel: [    0.540568] ohci-pci: OHCI PCI platform driver
2021-02-22T10:39:46.379470+00:00 INFO kernel: [    0.540597] uhci_hcd: USB Universal Host Controller Interface driver
2021-02-22T10:39:46.379472+00:00 INFO kernel: [    0.541322] xhci_hcd 0000:00:14.0: xHCI Host Controller
2021-02-22T10:39:46.379475+00:00 INFO kernel: [    0.541436] xhci_hcd 0000:00:14.0: new USB bus registered, assigned bus number 1
2021-02-22T10:39:46.379477+00:00 INFO kernel: [    0.542544] xhci_hcd 0000:00:14.0: hcc params 0x200077c1 hci version 0x100 quirks 0x00009810
2021-02-22T10:39:46.379479+00:00 DEBUG kernel: [    0.542554] xhci_hcd 0000:00:14.0: cache line size of 64 is not supported
2021-02-22T10:39:46.379489+00:00 INFO kernel: [    0.542722] usb usb1: New USB device found, idVendor=1d6b, idProduct=0002, bcdDevice= 4.04
2021-02-22T10:39:46.379493+00:00 INFO kernel: [    0.542728] usb usb1: New USB device strings: Mfr=3, Product=2, SerialNumber=1
2021-02-22T10:39:46.379495+00:00 INFO kernel: [    0.542733] usb usb1: Product: xHCI Host Controller
2021-02-22T10:39:46.379497+00:00 INFO kernel: [    0.542738] usb usb1: Manufacturer: Linux 4.4.180-16566-g51163f4278d1 xhci-hcd
2021-02-22T10:39:46.379500+00:00 INFO kernel: [    0.542743] usb usb1: SerialNumber: 0000:00:14.0
2021-02-22T10:39:46.379502+00:00 INFO kernel: [    0.543066] hub 1-0:1.0: USB hub found
2021-02-22T10:39:46.379511+00:00 INFO kernel: [    0.543089] hub 1-0:1.0: 6 ports detected
2021-02-22T10:39:46.379515+00:00 INFO kernel: [    0.543582] xhci_hcd 0000:00:14.0: xHCI Host Controller
2021-02-22T10:39:46.379517+00:00 INFO kernel: [    0.543672] xhci_hcd 0000:00:14.0: new USB bus registered, assigned bus number 2
2021-02-22T10:39:46.379520+00:00 INFO kernel: [    0.543767] usb usb2: New USB device found, idVendor=1d6b, idProduct=0003, bcdDevice= 4.04
2021-02-22T10:39:46.379522+00:00 INFO kernel: [    0.543773] usb usb2: New USB device strings: Mfr=3, Product=2, SerialNumber=1
2021-02-22T10:39:46.379524+00:00 INFO kernel: [    0.543778] usb usb2: Product: xHCI Host Controller
2021-02-22T10:39:46.379526+00:00 INFO kernel: [    0.543783] usb usb2: Manufacturer: Linux 4.4.180-16566-g51163f4278d1 xhci-hcd
2021-02-22T10:39:46.379536+00:00 INFO kernel: [    0.543787] usb usb2: SerialNumber: 0000:00:14.0
2021-02-22T10:39:46.379540+00:00 INFO kernel: [    0.544087] hub 2-0:1.0: USB hub found
2021-02-22T10:39:46.379542+00:00 INFO kernel: [    0.544107] hub 2-0:1.0: 1 port detected
2021-02-22T10:39:46.379544+00:00 INFO kernel: [    0.544366] usbcore: registered new interface driver cdc_acm
2021-02-22T10:39:46.379547+00:00 INFO kernel: [    0.544371] cdc_acm: USB Abstract Control Model driver for USB modems and ISDN adapters
2021-02-22T10:39:46.379549+00:00 INFO kernel: [    0.544399] usbcore: registered new interface driver uas
2021-02-22T10:39:46.379558+00:00 INFO kernel: [    0.544451] usbcore: registered new interface driver usb-storage
2021-02-22T10:39:46.379562+00:00 INFO kernel: [    0.544484] usbcore: registered new interface driver ums-realtek
2021-02-22T10:39:46.379565+00:00 INFO kernel: [    0.544536] usbcore: registered new interface driver usbserial
2021-02-22T10:39:46.379567+00:00 INFO kernel: [    0.544556] usbcore: registered new interface driver usbserial_generic
2021-02-22T10:39:46.379569+00:00 INFO kernel: [    0.544574] usbserial: USB Serial support registered for generic
2021-02-22T10:39:46.379571+00:00 INFO kernel: [    0.544649] i8042: PNP: PS/2 Controller [PNP0303:PS2K] at 0x60,0x64 irq 53
2021-02-22T10:39:46.379574+00:00 WARNING kernel: [    0.544654] i8042: PNP: PS/2 appears to have AUX port disabled, if this is incorrect please boot with i8042.nopnp
2021-02-22T10:39:46.379584+00:00 WARNING kernel: [    0.545172] i8042: Warning: Keylock active
2021-02-22T10:39:46.379587+00:00 INFO kernel: [    0.545323] serio: i8042 KBD port at 0x60,0x64 irq 53
2021-02-22T10:39:46.379590+00:00 INFO kernel: [    0.547420] rtc_cmos 00:03: RTC can wake from S4
2021-02-22T10:39:46.379592+00:00 INFO kernel: [    0.547621] rtc_cmos 00:03: rtc core: registered rtc_cmos as rtc0
2021-02-22T10:39:46.379751+00:00 INFO kernel: [    0.547655] rtc_cmos 00:03: alarms up to one month, 242 bytes nvram
2021-02-22T10:39:46.379756+00:00 INFO kernel: [    0.547677] i2c /dev entries driver
2021-02-22T10:39:46.379766+00:00 INFO kernel: [    0.548751] input: AT Translated Set 2 keyboard as /devices/platform/i8042/serio0/input/input5
2021-02-22T10:39:46.379771+00:00 WARNING kernel: [    0.550204] intel_soc_dts_thermal: request_threaded_irq ret -22
2021-02-22T10:39:46.379773+00:00 INFO kernel: [    0.553425] iTCO_wdt: Intel TCO WatchDog Timer Driver v1.11
2021-02-22T10:39:46.379775+00:00 INFO kernel: [    0.553500] iTCO_wdt: Found a Bay Trail SoC TCO device (Version=3, TCOBASE=0x0460)
2021-02-22T10:39:46.379778+00:00 INFO kernel: [    0.553687] iTCO_wdt: initialized. heartbeat=30 sec (nowayout=0)
2021-02-22T10:39:46.379780+00:00 INFO kernel: [    0.553709] iTCO_vendor_support: vendor-support=0
2021-02-22T10:39:46.379782+00:00 INFO kernel: [    0.553898] device-mapper: ioctl: 4.34.0-ioctl (2015-10-28) initialised: dm-devel@redhat.com
2021-02-22T10:39:46.379792+00:00 INFO kernel: [    0.554594] device-mapper: verity-chromeos: dm-verity-chromeos registered
2021-02-22T10:39:46.379796+00:00 INFO kernel: [    0.554620] Intel P-state driver initializing.
2021-02-22T10:39:46.379798+00:00 INFO kernel: [    0.555500] sdhci: Secure Digital Host Controller Interface driver
2021-02-22T10:39:46.379801+00:00 INFO kernel: [    0.555514] sdhci: Copyright(c) Pierre Ossman
2021-02-22T10:39:46.379803+00:00 INFO kernel: [    0.556135] sdhci-acpi 80860F14:00: No vmmc regulator found
2021-02-22T10:39:46.379805+00:00 INFO kernel: [    0.556157] sdhci-acpi 80860F14:00: No vqmmc regulator found
2021-02-22T10:39:46.379815+00:00 INFO kernel: [    0.559403] mmc0: SDHCI controller on ACPI [80860F14:00] using ADMA
2021-02-22T10:39:46.379819+00:00 DEBUG kernel: [    0.559835] sdhci-acpi 80860F16:00: GPIO lookup for consumer 80860F16:00 cd
2021-02-22T10:39:46.379821+00:00 DEBUG kernel: [    0.559857] sdhci-acpi 80860F16:00: using ACPI for GPIO lookup
2021-02-22T10:39:46.379823+00:00 DEBUG kernel: [    0.559877] acpi 80860F16:00: GPIO: looking up 80860F16:00 cd-gpios
2021-02-22T10:39:46.379826+00:00 DEBUG kernel: [    0.559896] acpi 80860F16:00: GPIO: looking up 80860F16:00 cd-gpio
2021-02-22T10:39:46.379828+00:00 DEBUG kernel: [    0.559913] acpi 80860F16:00: GPIO: looking up 0 in _CRS
2021-02-22T10:39:46.379830+00:00 DEBUG kernel: [    0.560166] sdhci-acpi 80860F16:00: using lookup tables for GPIO lookup
2021-02-22T10:39:46.379840+00:00 DEBUG kernel: [    0.560190] sdhci-acpi 80860F16:00: lookup for GPIO 80860F16:00 cd failed
2021-02-22T10:39:46.379844+00:00 WARNING kernel: [    0.560208] sdhci-acpi 80860F16:00: failed to setup card detect gpio
2021-02-22T10:39:46.379847+00:00 INFO kernel: [    0.560245] sdhci-acpi 80860F16:00: No vmmc regulator found
2021-02-22T10:39:46.379849+00:00 INFO kernel: [    0.560261] sdhci-acpi 80860F16:00: No vqmmc regulator found
2021-02-22T10:39:46.379851+00:00 INFO kernel: [    0.563410] mmc1: SDHCI controller on ACPI [80860F16:00] using ADMA
2021-02-22T10:39:46.379853+00:00 INFO kernel: [    0.565717] gsmi version 1.0 loaded
2021-02-22T10:39:46.379858+00:00 INFO kernel: [    0.566234] hidraw: raw HID events driver (C) Jiri Kosina
2021-02-22T10:39:46.379867+00:00 INFO kernel: [    0.566657] usbcore: registered new interface driver usbhid
2021-02-22T10:39:46.379870+00:00 INFO kernel: [    0.566664] usbhid: USB HID core driver
2021-02-22T10:39:46.379873+00:00 INFO kernel: [    0.566864] ashmem: initialized
2021-02-22T10:39:46.379875+00:00 INFO kernel: [    0.567011] intel_telemetry_core Init
2021-02-22T10:39:46.379877+00:00 INFO kernel: [    0.567024] intel_telemetry: version 1.0.0 loaded
2021-02-22T10:39:46.379879+00:00 INFO kernel: [    0.567150] chromeos ramoops using acpi device.
2021-02-22T10:39:46.379889+00:00 INFO kernel: [    0.567523] pstore: using zlib compression
2021-02-22T10:39:46.379892+00:00 INFO kernel: [    0.569007] console [pstore-1] enabled
2021-02-22T10:39:46.379895+00:00 INFO kernel: [    0.569016] pstore: Registered ramoops as persistent store backend
2021-02-22T10:39:46.379897+00:00 INFO kernel: [    0.569025] ramoops: attached 0x100000@0x7ae77000, ecc: 0/0
2021-02-22T10:39:46.379899+00:00 INFO kernel: [    0.571846] cros_ec_lpcs cros_ec_lpcs.0: MKBP not supported
2021-02-22T10:39:46.379902+00:00 WARNING kernel: [    0.573007] cros-ec-ctl cros-ec-ctl.1.auto: cannot get EC features: 0/1
2021-02-22T10:39:46.379904+00:00 INFO kernel: [    0.573025] cros-ec-ctl cros-ec-ctl.1.auto: EC does not have accelerometers.
2021-02-22T10:39:46.379914+00:00 WARNING kernel: [    0.574582] cros-ec-ctl cros-ec-ctl.1.auto: device does not support reading the console log
2021-02-22T10:39:46.379917+00:00 INFO kernel: [    0.575231] cros_ec_lpcs cros_ec_lpcs.0: Chrome EC device registered
2021-02-22T10:39:46.379920+00:00 INFO kernel: [    0.575463] intel_rapl: Found RAPL domain package
2021-02-22T10:39:46.379922+00:00 INFO kernel: [    0.575487] intel_rapl: Found RAPL domain core
2021-02-22T10:39:46.379924+00:00 INFO kernel: [    0.577875] GACT probability NOT on
2021-02-22T10:39:46.379927+00:00 INFO kernel: [    0.577889] Netfilter messages via NETLINK v0.30.
2021-02-22T10:39:46.379937+00:00 INFO kernel: [    0.577935] nf_conntrack version 0.5.0 (16384 buckets, 65536 max)
2021-02-22T10:39:46.379941+00:00 INFO kernel: [    0.578166] ctnetlink v0.93: registering with nfnetlink.
2021-02-22T10:39:46.379944+00:00 INFO kernel: [    0.578639] ip_tables: (C) 2000-2006 Netfilter Core Team
2021-02-22T10:39:46.379946+00:00 INFO kernel: [    0.578788] Initializing XFRM netlink socket
2021-02-22T10:39:46.379948+00:00 INFO kernel: [    0.579178] NET: Registered protocol family 10
2021-02-22T10:39:46.379950+00:00 INFO kernel: [    0.580740] ip6_tables: (C) 2000-2006 Netfilter Core Team
2021-02-22T10:39:46.379953+00:00 INFO kernel: [    0.580868] NET: Registered protocol family 17
2021-02-22T10:39:46.379962+00:00 INFO kernel: [    0.580889] NET: Registered protocol family 15
2021-02-22T10:39:46.379966+00:00 INFO kernel: [    0.581793] microcode: CPU0 sig=0x30678, pf=0x8, revision=0x838
2021-02-22T10:39:46.379969+00:00 INFO kernel: [    0.581809] microcode: CPU1 sig=0x30678, pf=0x8, revision=0x838
2021-02-22T10:39:46.379971+00:00 INFO kernel: [    0.582285] microcode: CPU2 sig=0x30678, pf=0x8, revision=0x838
2021-02-22T10:39:46.379973+00:00 INFO kernel: [    0.582543] microcode: CPU3 sig=0x30678, pf=0x8, revision=0x838
2021-02-22T10:39:46.379976+00:00 INFO kernel: [    0.582639] microcode: Microcode Update Driver: v2.01 <tigran@aivazian.fsnet.co.uk>, Peter Oruba
2021-02-22T10:39:46.379985+00:00 INFO kernel: [    0.583057] registered taskstats version 1
2021-02-22T10:39:46.379989+00:00 NOTICE kernel: [    0.586893] Key type encrypted registered
2021-02-22T10:39:46.379991+00:00 INFO kernel: [    0.644214]   Magic number: 9:819:679
2021-02-22T10:39:46.379994+00:00 INFO kernel: [    0.644635] ALSA device list:
2021-02-22T10:39:46.379996+00:00 INFO kernel: [    0.644642]   No soundcards found.
2021-02-22T10:39:46.380017+00:00 ERR kernel: [    0.644703] Warning: unable to open an initial console.
2021-02-22T10:39:46.380021+00:00 INFO kernel: [    0.662181] mmc0: new HS200 MMC card at address 0001
2021-02-22T10:39:46.380032+00:00 INFO kernel: [    0.663562] mmcblk0: mmc0:0001 SEM16G 14.7 GiB 
2021-02-22T10:39:46.380036+00:00 INFO kernel: [    0.664861] mmcblk0boot0: mmc0:0001 SEM16G partition 1 4.00 MiB
2021-02-22T10:39:46.380039+00:00 INFO kernel: [    0.666147] mmcblk0boot1: mmc0:0001 SEM16G partition 2 4.00 MiB
2021-02-22T10:39:46.380041+00:00 NOTICE kernel: [    0.666962] random: nonblocking pool is initialized
2021-02-22T10:39:46.380043+00:00 INFO kernel: [    0.669275] mmcblk0rpmb: mmc0:0001 SEM16G partition 3 4.00 MiB
2021-02-22T10:39:46.380046+00:00 INFO kernel: [    0.671940] elan_i2c i2c-ELAN0000:00: Elan Touchpad: Module ID: 0x003d, Firmware: 0x0004, Sample: 0x0004, IAP: 0x0003
2021-02-22T10:39:46.380056+00:00 INFO kernel: [    0.672245] input: Elan Touchpad as /devices/platform/80860F41:00/i2c-0/i2c-ELAN0000:00/input/input6
2021-02-22T10:39:46.380061+00:00 DEBUG kernel: [    0.672462] atmel_mxt_ts i2c-ATML0000:00: GPIO lookup for consumer atmel,reset
2021-02-22T10:39:46.380063+00:00 DEBUG kernel: [    0.672469] atmel_mxt_ts i2c-ATML0000:00: using ACPI for GPIO lookup
2021-02-22T10:39:46.380066+00:00 DEBUG kernel: [    0.672476] acpi ATML0000:00: GPIO: looking up atmel,reset-gpios
2021-02-22T10:39:46.380068+00:00 DEBUG kernel: [    0.672483] acpi ATML0000:00: GPIO: looking up atmel,reset-gpio
2021-02-22T10:39:46.380070+00:00 DEBUG kernel: [    0.672488] acpi ATML0000:00: GPIO: looking up 0 in _CRS
2021-02-22T10:39:46.380072+00:00 DEBUG kernel: [    0.672518] atmel_mxt_ts i2c-ATML0000:00: using lookup tables for GPIO lookup
2021-02-22T10:39:46.380082+00:00 DEBUG kernel: [    0.672525] atmel_mxt_ts i2c-ATML0000:00: lookup for GPIO atmel,reset failed
2021-02-22T10:39:46.380086+00:00 DEBUG kernel: [    0.672668] atmel_mxt_ts i2c-ATML0000:01: GPIO lookup for consumer atmel,reset
2021-02-22T10:39:46.380089+00:00 DEBUG kernel: [    0.672675] atmel_mxt_ts i2c-ATML0000:01: using ACPI for GPIO lookup
2021-02-22T10:39:46.380091+00:00 DEBUG kernel: [    0.672681] acpi ATML0000:01: GPIO: looking up atmel,reset-gpios
2021-02-22T10:39:46.380093+00:00 DEBUG kernel: [    0.672686] acpi ATML0000:01: GPIO: looking up atmel,reset-gpio
2021-02-22T10:39:46.380096+00:00 DEBUG kernel: [    0.672692] acpi ATML0000:01: GPIO: looking up 0 in _CRS
2021-02-22T10:39:46.380105+00:00 DEBUG kernel: [    0.672711] atmel_mxt_ts i2c-ATML0000:01: using lookup tables for GPIO lookup
2021-02-22T10:39:46.380109+00:00 DEBUG kernel: [    0.672718] atmel_mxt_ts i2c-ATML0000:01: lookup for GPIO atmel,reset failed
2021-02-22T10:39:46.380112+00:00 DEBUG kernel: [    0.673602] atmel_mxt_ts i2c-ATML0001:00: GPIO lookup for consumer atmel,reset
2021-02-22T10:39:46.380114+00:00 DEBUG kernel: [    0.673610] atmel_mxt_ts i2c-ATML0001:00: using ACPI for GPIO lookup
2021-02-22T10:39:46.380116+00:00 DEBUG kernel: [    0.673616] acpi ATML0001:00: GPIO: looking up atmel,reset-gpios
2021-02-22T10:39:46.380119+00:00 DEBUG kernel: [    0.673622] acpi ATML0001:00: GPIO: looking up atmel,reset-gpio
2021-02-22T10:39:46.380121+00:00 DEBUG kernel: [    0.673627] acpi ATML0001:00: GPIO: looking up 0 in _CRS
2021-02-22T10:39:46.380130+00:00 DEBUG kernel: [    0.673648] atmel_mxt_ts i2c-ATML0001:00: using lookup tables for GPIO lookup
2021-02-22T10:39:46.380134+00:00 DEBUG kernel: [    0.673654] atmel_mxt_ts i2c-ATML0001:00: lookup for GPIO atmel,reset failed
2021-02-22T10:39:46.380137+00:00 INFO kernel: [    0.675191]  mmcblk0: p1 p2 p3 p4 p5 p6 p7 p8 p9 p10 p11 p12
2021-02-22T10:39:46.380139+00:00 DEBUG kernel: [    0.684839] atmel_mxt_ts i2c-ATML0001:01: GPIO lookup for consumer atmel,reset
2021-02-22T10:39:46.380141+00:00 DEBUG kernel: [    0.684845] atmel_mxt_ts i2c-ATML0001:01: using ACPI for GPIO lookup
2021-02-22T10:39:46.380144+00:00 DEBUG kernel: [    0.684849] acpi ATML0001:01: GPIO: looking up atmel,reset-gpios
2021-02-22T10:39:46.380154+00:00 DEBUG kernel: [    0.684853] acpi ATML0001:01: GPIO: looking up atmel,reset-gpio
2021-02-22T10:39:46.380157+00:00 DEBUG kernel: [    0.684857] acpi ATML0001:01: GPIO: looking up 0 in _CRS
2021-02-22T10:39:46.380160+00:00 DEBUG kernel: [    0.684871] atmel_mxt_ts i2c-ATML0001:01: using lookup tables for GPIO lookup
2021-02-22T10:39:46.380162+00:00 DEBUG kernel: [    0.684876] atmel_mxt_ts i2c-ATML0001:01: lookup for GPIO atmel,reset failed
2021-02-22T10:39:46.380164+00:00 INFO kernel: [    0.685630] device-mapper: init: attempting early device configuration.
2021-02-22T10:39:46.380167+00:00 INFO kernel: [    0.687451] device-mapper: init: adding target '0 3584000 verity payload=PARTUUID=6c8bc571-8e95-a843-bc0a-9608a1c2ac65/PARTNROFF=1 hashtree=PARTUUID=6c8bc571-8e95-a843-bc0a-9608a1c2ac65/PARTNROFF=1 hashstart=3584000 alg=sha1 root_hexdigest=3e8df1ad07c15f9a811aa2a9915a17e8409ccf65 salt=0c7d85cad68fb231a34c12121d933c468594106200a09a1c158d34a9cc182c5e'
2021-02-22T10:39:46.380177+00:00 WARNING kernel: [    0.687462] device-mapper: verity: Argument 0: 'payload=PARTUUID=6c8bc571-8e95-a843-bc0a-9608a1c2ac65/PARTNROFF=1'
2021-02-22T10:39:46.380181+00:00 WARNING kernel: [    0.687467] device-mapper: verity: Argument 1: 'hashtree=PARTUUID=6c8bc571-8e95-a843-bc0a-9608a1c2ac65/PARTNROFF=1'
2021-02-22T10:39:46.380183+00:00 WARNING kernel: [    0.687471] device-mapper: verity: Argument 2: 'hashstart=3584000'
2021-02-22T10:39:46.380185+00:00 WARNING kernel: [    0.687475] device-mapper: verity: Argument 3: 'alg=sha1'
2021-02-22T10:39:46.380188+00:00 WARNING kernel: [    0.687478] device-mapper: verity: Argument 4: 'root_hexdigest=3e8df1ad07c15f9a811aa2a9915a17e8409ccf65'
2021-02-22T10:39:46.380284+00:00 WARNING kernel: [    0.687482] device-mapper: verity: Argument 5: 'salt=0c7d85cad68fb231a34c12121d933c468594106200a09a1c158d34a9cc182c5e'
2021-02-22T10:39:46.380296+00:00 INFO kernel: [    0.690162] device-mapper: init: dm-0 is ready
2021-02-22T10:39:46.380300+00:00 ERR kernel: [    0.692505] EXT4-fs (dm-0): couldn't mount as ext3 due to feature incompatibilities
2021-02-22T10:39:46.380303+00:00 INFO kernel: [    0.693786] EXT4-fs (dm-0): mounting ext2 file system using the ext4 subsystem
2021-02-22T10:39:46.380305+00:00 INFO kernel: [    0.696308] EXT4-fs (dm-0): mounted filesystem without journal. Opts: (null)
2021-02-22T10:39:46.380308+00:00 INFO kernel: [    0.696332] VFS: Mounted root (ext2 filesystem) readonly on device 253:0.
2021-02-22T10:39:46.380310+00:00 INFO kernel: [    0.702284] devtmpfs: mounted
2021-02-22T10:39:46.380312+00:00 INFO kernel: [    0.704608] Freeing unused kernel memory: 1308K
2021-02-22T10:39:46.380322+00:00 INFO kernel: [    0.704619] Write protecting the kernel read-only data: 14336k
2021-02-22T10:39:46.380326+00:00 INFO kernel: [    0.706390] Freeing unused kernel memory: 1640K
2021-02-22T10:39:46.380329+00:00 INFO kernel: [    0.712008] Freeing unused kernel memory: 1144K
2021-02-22T10:39:46.380331+00:00 INFO kernel: [    0.896598] usb 1-3: new high-speed USB device number 2 using xhci_hcd
2021-02-22T10:39:46.380333+00:00 INFO kernel: [    1.062990] NMI watchdog: enabled on all CPUs, permanently consumes one hw-PMU counter.
2021-02-22T10:39:46.380335+00:00 WARNING kernel: [    1.063506] Unsafe core_pattern used with suid_dumpable=2. Pipe handler or fully qualified core dump path required.
2021-02-22T10:39:46.380345+00:00 INFO kernel: [    1.094808] usb 1-3: New USB device found, idVendor=04f2, idProduct=b462, bcdDevice= 0.06
2021-02-22T10:39:46.380349+00:00 INFO kernel: [    1.094850] usb 1-3: New USB device strings: Mfr=3, Product=1, SerialNumber=2
2021-02-22T10:39:46.380352+00:00 INFO kernel: [    1.094856] usb 1-3: Product: Chromebook HD Camera
2021-02-22T10:39:46.380354+00:00 INFO kernel: [    1.094861] usb 1-3: Manufacturer: Generic_C
2021-02-22T10:39:46.380356+00:00 INFO kernel: [    1.094865] usb 1-3: SerialNumber: 0x0001
2021-02-22T10:39:46.380359+00:00 INFO kernel: [    1.152163] udevd[157]: starting version 225
2021-02-22T10:39:46.380370+00:00 INFO kernel: [    1.223078] tsc: Refined TSC clocksource calibration: 1833.338 MHz
2021-02-22T10:39:46.380374+00:00 INFO kernel: [    1.223088] clocksource: tsc: mask: 0xffffffffffffffff max_cycles: 0x34da5d52e45, max_idle_ns: 881590493967 ns
2021-02-22T10:39:46.380377+00:00 INFO kernel: [    1.250114] usb 1-4: new full-speed USB device number 3 using xhci_hcd
2021-02-22T10:39:46.380379+00:00 INFO kernel: [    1.253222] EXT4-fs (mmcblk0p1): mounted filesystem with ordered data mode. Opts: commit=600
2021-02-22T10:39:46.380381+00:00 INFO kernel: [    1.261440] EXT4-fs (mmcblk0p8): mounted filesystem with ordered data mode. Opts: (null)
2021-02-22T10:39:46.380384+00:00 INFO kernel: [    1.369094] Chromium OS LSM: dev(253,0): read-only
2021-02-22T10:39:46.380386+00:00 INFO kernel: [    1.369104] Chromium OS LSM: module locking engaged.
2021-02-22T10:39:46.380396+00:00 NOTICE kernel: [    1.369119] Chromium OS LSM: init_module locked obj="/lib/modules/4.4.180-16566-g51163f4278d1/kernel/drivers/input/joydev.ko" pid=190 cmdline="udevd --daemon"
2021-02-22T10:39:46.380400+00:00 INFO kernel: [    1.417467] usb 1-4: New USB device found, idVendor=8087, idProduct=07dc, bcdDevice= 0.01
2021-02-22T10:39:46.380402+00:00 INFO kernel: [    1.417478] usb 1-4: New USB device strings: Mfr=0, Product=0, SerialNumber=0
2021-02-22T10:39:46.380405+00:00 INFO kernel: [    1.453387] Bluetooth: af_bluetooth.c:bt_init() Core ver 2.22
2021-02-22T10:39:46.380407+00:00 INFO kernel: [    1.453465] NET: Registered protocol family 31
2021-02-22T10:39:46.380409+00:00 INFO kernel: [    1.453471] Bluetooth: af_bluetooth.c:bt_init() HCI device and connection manager initialized
2021-02-22T10:39:46.380419+00:00 INFO kernel: [    1.453475] Bluetooth: hci_le_splitter.c:hci_le_splitter_sysfs_init() Initializing LE splitter sysfs
2021-02-22T10:39:46.380423+00:00 INFO kernel: [    1.453621] Bluetooth: hci_sock.c:hci_sock_init() HCI socket layer initialized
2021-02-22T10:39:46.380425+00:00 INFO kernel: [    1.453630] Bluetooth: l2cap_sock.c:l2cap_init_sockets() L2CAP socket layer initialized
2021-02-22T10:39:46.380427+00:00 INFO kernel: [    1.453648] Bluetooth: sco.c:sco_init() SCO socket layer initialized
2021-02-22T10:39:46.380430+00:00 DEBUG kernel: [    1.469580] usb 1-4: GPIO lookup for consumer reset
2021-02-22T10:39:46.380432+00:00 DEBUG kernel: [    1.469588] usb 1-4: using ACPI for GPIO lookup
2021-02-22T10:39:46.380437+00:00 DEBUG kernel: [    1.469595] acpi device:07: GPIO: looking up reset-gpios
2021-02-22T10:39:46.380445+00:00 DEBUG kernel: [    1.469600] acpi device:07: GPIO: looking up reset-gpio
2021-02-22T10:39:46.380448+00:00 DEBUG kernel: [    1.469604] acpi device:07: GPIO: looking up 0 in _CRS
2021-02-22T10:39:46.380451+00:00 DEBUG kernel: [    1.469613] usb 1-4: using lookup tables for GPIO lookup
2021-02-22T10:39:46.380453+00:00 DEBUG kernel: [    1.469617] usb 1-4: lookup for GPIO reset failed
2021-02-22T10:39:46.380455+00:00 INFO kernel: [    1.470138] usbcore: registered new interface driver btusb
2021-02-22T10:39:46.380458+00:00 ERR kernel: [    1.627861] frecon[287]: Failed to set atomic cap.
2021-02-22T10:39:46.380467+00:00 INFO kernel: [    1.631166] frecon[287]: Frecon using drm driver i915, version 1.6, date(20160411), desc(Intel Graphics)
2021-02-22T10:39:46.380471+00:00 DEBUG kernel: [    1.637098] frecon[287]: tsm_screen: new screen
2021-02-22T10:39:46.380474+00:00 DEBUG kernel: [    1.637125] frecon[287]: tsm_vte: new vte object
2021-02-22T10:39:46.380476+00:00 INFO kernel: [    1.912761] EXT4-fs (dm-1): mounted filesystem with ordered data mode. Opts: discard,commit=600
2021-02-22T10:39:46.380478+00:00 INFO kernel: [    1.919311] EXT4-fs (dm-1): resizing filesystem from 4096 to 809819 blocks
2021-02-22T10:39:46.380481+00:00 INFO kernel: [    1.933822] EXT4-fs (dm-1): resized filesystem to 809819
2021-02-22T10:39:46.380490+00:00 ERR kernel: [    2.199343] frecon[287]: Failed to set atomic cap.
2021-02-22T10:39:46.380495+00:00 INFO kernel: [    2.201316] frecon[287]: Frecon using drm driver i915, version 1.6, date(20160411), desc(Intel Graphics)
2021-02-22T10:39:46.380497+00:00 ERR kernel: [    2.202142] frecon[287]: Cannot get DBUS connection
2021-02-22T10:39:46.380500+00:00 ERR kernel: [    2.204066] frecon[287]: Failed to set atomic cap.
2021-02-22T10:39:46.380502+00:00 INFO kernel: [    2.205973] frecon[287]: Frecon using drm driver i915, version 1.6, date(20160411), desc(Intel Graphics)
2021-02-22T10:39:46.380504+00:00 WARNING kernel: [    2.217974] pstore: ignored compressed record type 2
2021-02-22T10:39:46.380507+00:00 INFO kernel: [    2.225797] clocksource: Switched to clocksource tsc
2021-02-22T10:39:46.380518+00:00 ERR kernel: [    2.229035] frecon[287]: Failed to set atomic cap.
2021-02-22T10:39:46.380521+00:00 INFO kernel: [    2.230941] frecon[287]: Frecon using drm driver i915, version 1.6, date(20160411), desc(Intel Graphics)
2021-02-22T10:39:46.380524+00:00 NOTICE kernel: [    2.315454] systemd-journald[434]: Running without systemd.
2021-02-22T10:39:46.380526+00:00 INFO kernel: [    2.349954] systemd-journald[434]: Received request to flush runtime journal from PID 473
2021-02-22T10:39:46.380528+00:00 INFO kernel: [    2.384635] frecon[287]: DBUS connected after 0.2 seconds
2021-02-22T10:39:46.384329+00:00 INFO crash_reporter[525]: Enabling user crash handling
2021-02-22T10:39:48.051763+00:00 NOTICE boot-update-firmware[609]: Update touch firmware.
2021-02-22T10:39:48.100722+00:00 INFO imageloader[595]: The latest-version file does not exist. Component PepperFlashPlayer is probably not installed.
2021-02-22T10:39:48.298824+00:00 WARNING mosys[817]: libminijail[817]: not locking any securebits
2021-02-22T10:39:48.298982+00:00 WARNING mosys[817]: libminijail[817]: SECURE_NOROOT not set, not dropping bounding set
2021-02-22T10:39:48.343857+00:00 WARNING tcsd[1002]: TSS: ioctl: (25) Inappropriate ioctl for device
2021-02-22T10:39:48.344034+00:00 INFO tcsd[1002]: TSS: Falling back to Read/Write device support.
2021-02-22T10:39:48.377345+00:00 NOTICE chromeos-elan-touch-firmware-update[936]: ELAN0000:00 Board detected as 'glimmer-signed-mp-v4keys'
2021-02-22T10:39:48.402778+00:00 WARNING mosys[992]: libminijail[992]: not locking any securebits
2021-02-22T10:39:48.402934+00:00 WARNING mosys[992]: libminijail[992]: SECURE_NOROOT not set, not dropping bounding set
2021-02-22T10:39:48.408078+00:00 WARNING powerd[1068]: libminijail[1068]: SECURE_NOROOT not set, not dropping bounding set
2021-02-22T10:39:48.429979+00:00 NOTICE chromeos-elan-touch-firmware-update[936]: ELAN0000:00 Touch controller reported Product ID: 61.0
2021-02-22T10:39:48.440296+00:00 NOTICE chromeos-elan-touch-firmware-update[936]: ELAN0000:00 Attempting to load FW: '/lib/firmware/elan_i2c.bin'
2021-02-22T10:39:48.443771+00:00 NOTICE chromeos-elan-touch-firmware-update[936]: ELAN0000:00 (which points to '/opt/google/touch/firmware/61.0_4.0.bin')
2021-02-22T10:39:48.447983+00:00 NOTICE chromeos-elan-touch-firmware-update[936]: ELAN0000:00 Hardware product id : 61.0
2021-02-22T10:39:48.451525+00:00 NOTICE chromeos-elan-touch-firmware-update[936]: ELAN0000:00 Updater product id  : 61.0
2021-02-22T10:39:48.457601+00:00 NOTICE chromeos-elan-touch-firmware-update[936]: ELAN0000:00 Current Firmware: 4.0
2021-02-22T10:39:48.461530+00:00 NOTICE chromeos-elan-touch-firmware-update[936]: ELAN0000:00 Updater Firmware: 4.0
2021-02-22T10:39:48.468761+00:00 NOTICE chromeos-elan-touch-firmware-update[936]: ELAN0000:00 Firmware up to date.
2021-02-22T10:39:48.567196+00:00 WARNING session_manager[1132]: [WARNING:chrome_setup.cc(97)] Could not find both paths: /usr/share/chromeos-assets/wallpaper/oem_large.jpg and /usr/share/chromeos-assets/wallpaper/oem_small.jpg
2021-02-22T10:39:48.572677+00:00 WARNING session_manager[1132]: [WARNING:libpolicy.cc(38)] Could not load the device policy file.
2021-02-22T10:39:48.632670+00:00 INFO session_manager[1132]: [INFO:session_manager_service.cc(145)] SessionManagerService starting
2021-02-22T10:39:48.635309+00:00 INFO session_manager[1132]: [INFO:policy_key.cc(49)] No policy key on disk at /var/lib/whitelist/owner.key
2021-02-22T10:39:48.644854+00:00 WARNING tcsd[1002]: TSS: IPv4 support disabled by configuration option
2021-02-22T10:39:48.644976+00:00 WARNING tcsd[1002]: TSS: IPv6 support disabled by configuration option
2021-02-22T10:39:48.646286+00:00 INFO tcsd[1168]: TSS: trousers 0.3.13: TCSD up and running.
2021-02-22T10:39:48.647584+00:00 INFO session_manager[1132]: [INFO:browser_job.cc(155)] Running browser /opt/google/chrome/chrome --ppapi-flash-path=/opt/google/chrome/pepper/libpepflashplayer.so --ppapi-flash-version=32.0.0.238 --use-gl=egl --enable-native-gpu-memory-buffers --gpu-sandbox-failures-fatal=yes --enable-logging --log-level=1 --use-cras --enable-wayland-server --user-data-dir=/home/chronos --enable-features=MachineLearningService,ChromeOSAssistant,EnableBackgroundBlur,MyFilesVolume --login-profile=user --has-chromeos-keyboard --enable-touchview --guest-wallpaper-large=/usr/share/chromeos-assets/wallpaper/guest_large.jpg --guest-wallpaper-small=/usr/share/chromeos-assets/wallpaper/guest_small.jpg --child-wallpaper-large=/usr/share/chromeos-assets/wallpaper/child_large.jpg --child-wallpaper-small=/usr/share/chromeos-assets/wallpaper/child_small.jpg --default-wallpaper-large=/usr/share/chromeos-assets/wallpaper/default_large.jpg --default-wallpaper-small=/usr/share/chromeos-assets/wallpaper/default_small.jpg --enable-consumer-kiosk --enterprise-enrollment-initial-modulus=15 --enterprise-enrollment-modulus-limit=19 --login-manager --first-exec-after-boot --vmodule=*/chrome/browser/chromeos/account_manager/*=1,*/chromeos/components/account_manager/*=1,app_list_syncable_service=1,*/chromeos/power/auto_screen_brightness/*=1,*/forced_extensions/installation_tracker*=2,extension_downloader=2,existing_user_controller=2,*/ash/wm/tablet_mode/*=1,auto_enrollment_controller=1,*/ui/ozone/*=1,*/ui/display/manager/chromeos/*=1,update_engine=1,component_updater_service=1 --enable-features=MachineLearningService,ChromeOSAssistant,EnableBackgroundBlur,MyFilesVolume
2021-02-22T10:39:48.690732+00:00 INFO minijail0[1181]: libminijail[1181]: child process 1182 exited with status 1
2021-02-22T10:39:48.711890+00:00 INFO oobe_config_restore[1184]: Starting oobe_config_restore daemon
2021-02-22T10:39:48.720527+00:00 INFO chapsd[1176]: Starting PKCS #11 services.
2021-02-22T10:39:48.721819+00:00 INFO chapsd[1176]: Starting D-Bus dispatcher.
2021-02-22T10:39:48.724630+00:00 INFO chapsd[1176]: Adding slot: 0
2021-02-22T10:39:48.724756+00:00 INFO chapsd[1176]: Adding slot: 1
2021-02-22T10:39:48.725515+00:00 INFO chapsd[1176]: Starting asynchronous initialization.
2021-02-22T10:39:48.750663+00:00 WARNING chapsd[1176]: SRK does not exist - this is normal when the TPM is not yet owned.
2021-02-22T10:39:48.750792+00:00 WARNING chapsd[1176]: SRK does not exist - this is normal when the TPM is not yet owned.
2021-02-22T10:39:49.091973+00:00 INFO cryptohomed[1234]: TPM error 0x2020 (Key not found in persistent storage): LoadKeyByUuid: failed LoadKeyByUUID
2021-02-22T10:39:49.092153+00:00 WARNING cryptohomed[1234]: Canceled creating cryptohome key - TPM is not ready.
2021-02-22T10:39:49.092232+00:00 WARNING cryptohomed[1234]: Could not load the device policy file.
2021-02-22T10:39:49.092356+00:00 ERR cryptohomed[1234]: Creating new salt at /home/.shadow/salt (0, 0)
2021-02-22T10:39:49.122469+00:00 WARNING chapsd[1176]: SRK does not exist - this is normal when the TPM is not yet owned.
2021-02-22T10:39:49.123651+00:00 WARNING chapsd[1176]: SRK does not exist - this is normal when the TPM is not yet owned.
2021-02-22T10:39:49.149634+00:00 WARNING cryptohomed[1234]: Extending PCR1.
2021-02-22T10:39:49.171081+00:00 WARNING kernel: [    5.236928] platform regulatory.0: Direct firmware load for regulatory.db failed with error -2
2021-02-22T10:39:49.171109+00:00 INFO kernel: [    5.236940] cfg80211: failed to load regulatory.db
2021-02-22T10:39:49.192986+00:00 ERR cryptohomed[1234]: stat() of /mnt/stateful_partition/unencrypted/preserve/attestation.epb failed.: No such file or directory
2021-02-22T10:39:49.193131+00:00 ERR cryptohomed[1234]: Failed to read db.: No such file or directory
2021-02-22T10:39:49.193204+00:00 INFO cryptohomed[1234]: Attestation: Attestation data not found.
2021-02-22T10:39:49.199091+00:00 INFO kernel: [    5.265126] cfg80211: World regulatory domain updated:
2021-02-22T10:39:49.199120+00:00 INFO kernel: [    5.265137] cfg80211:  DFS Master region: unset
2021-02-22T10:39:49.199124+00:00 INFO kernel: [    5.265140] cfg80211:   (start_freq - end_freq @ bandwidth), (max_antenna_gain, max_eirp), (dfs_cac_time)
2021-02-22T10:39:49.199129+00:00 INFO kernel: [    5.265146] cfg80211:   (2402000 KHz - 2472000 KHz @ 40000 KHz), (N/A, 2000 mBm), (N/A)
2021-02-22T10:39:49.199132+00:00 INFO kernel: [    5.265151] cfg80211:   (2457000 KHz - 2482000 KHz @ 20000 KHz), (N/A, 2000 mBm), (N/A)
2021-02-22T10:39:49.199135+00:00 INFO kernel: [    5.265155] cfg80211:   (2474000 KHz - 2494000 KHz @ 20000 KHz), (N/A, 2000 mBm), (N/A)
2021-02-22T10:39:49.199138+00:00 INFO kernel: [    5.265160] cfg80211:   (5170000 KHz - 5250000 KHz @ 80000 KHz), (N/A, 2000 mBm), (N/A)
2021-02-22T10:39:49.199140+00:00 INFO kernel: [    5.265165] cfg80211:   (5250000 KHz - 5330000 KHz @ 80000 KHz), (N/A, 2000 mBm), (0 s)
2021-02-22T10:39:49.199142+00:00 INFO kernel: [    5.265169] cfg80211:   (5490000 KHz - 5730000 KHz @ 160000 KHz), (N/A, 2000 mBm), (0 s)
2021-02-22T10:39:49.199145+00:00 INFO kernel: [    5.265174] cfg80211:   (5735000 KHz - 5835000 KHz @ 80000 KHz), (N/A, 2000 mBm), (N/A)
2021-02-22T10:39:49.199147+00:00 INFO kernel: [    5.265178] cfg80211:   (57240000 KHz - 63720000 KHz @ 2160000 KHz), (N/A, 0 mBm), (N/A)
2021-02-22T10:39:49.264700+00:00 INFO cryptohomed[1234]: Cannot read boot lockbox files.
2021-02-22T10:39:49.264814+00:00 INFO cryptohomed[1234]: The TPM chip does not support GetAlertsData. Stop UploadAlertsData task.
2021-02-22T10:39:49.305122+00:00 ERR shill[1312]: [ERROR:crypto_des_cbc.cc(95)] Unable to load key matter from /var/lib/whitelist/owner.key
2021-02-22T10:39:49.335030+00:00 ERR shill[1312]: [ERROR:crypto_des_cbc.cc(95)] Unable to load key matter from /var/lib/whitelist/owner.key
2021-02-22T10:39:49.335531+00:00 ERR shill[1312]: [ERROR:crypto_des_cbc.cc(95)] Unable to load key matter from /var/lib/whitelist/owner.key
2021-02-22T10:39:49.440360+00:00 NOTICE cros-machine-id-regen[1348]: Regenerated /var/lib/dbus/machine-id (reason: network).
2021-02-22T10:39:52.644292+00:00 INFO oobe_config_restore[1184]: Chrome requested OOBE config.
2021-02-22T10:39:52.644481+00:00 INFO oobe_config_restore[1184]: Looking for rollback state.
2021-02-22T10:39:52.644558+00:00 INFO oobe_config_restore[1184]: CheckFirstStage: Rollback data /mnt/stateful_partition/unencrypted/preserve/rollback_data does not exist.
2021-02-22T10:39:52.644631+00:00 INFO oobe_config_restore[1184]: CheckThirdStage: Second stage not yet completed.
2021-02-22T10:39:52.644703+00:00 INFO oobe_config_restore[1184]: CheckSecondStage: First stage not yet completed.
2021-02-22T10:39:52.644880+00:00 INFO oobe_config_restore[1184]: Rollback oobe config not found.
2021-02-22T10:39:52.644961+00:00 ERR oobe_config_restore[1184]: Failed to read in the config file: /var/lib/oobe_config_restore/config.json: No such file or directory
2021-02-22T10:39:52.645058+00:00 WARNING oobe_config_restore[1184]: USB oobe config not found :(
2021-02-22T10:39:57.576959+00:00 ERR chrome[1170]: cras_client: server connect failed: No such file or directory
2021-02-22T10:39:58.781262+00:00 INFO kernel: [   14.862569] frecon[287]: Chrome started, our work is done, exiting.
2021-02-22T10:39:58.847103+00:00 NOTICE cups-clear-state[1620]: Removing privileged directories
2021-02-22T10:39:59.332044+00:00 INFO kernel: [   15.413922] low_mem: threshold[0] 200 MB
2021-02-22T10:39:59.340577+00:00 DEBUG chrome[1170]: file_wait->watch_id: 1, event->wd: 1, event->mask: 40000100, event->name: cras
2021-02-22T10:39:59.340751+00:00 ERR chrome[1170]: cras_file_wait_dispatch: Permission denied
2021-02-22T10:39:59.340841+00:00 ERR chrome[1170]: cras_client: Connect server failed: Permission denied
2021-02-22T10:39:59.367574+00:00 NOTICE cros-disks[1679]: Loading FUSE module
2021-02-22T10:39:59.415057+00:00 INFO kernel: [   15.497647] fuse init (API version 7.23)
2021-02-22T10:39:59.450740+00:00 WARNING mosys[1711]: libminijail[1711]: not locking any securebits
2021-02-22T10:39:59.450867+00:00 WARNING mosys[1711]: libminijail[1711]: SECURE_NOROOT not set, not dropping bounding set
2021-02-22T10:39:59.498134+00:00 INFO avahi-daemon[1688]: Found user 'avahi' (UID 238) and group 'avahi' (GID 238).
2021-02-22T10:39:59.498574+00:00 INFO avahi-daemon[1688]: Successfully dropped root privileges.
2021-02-22T10:39:59.498685+00:00 INFO avahi-daemon[1688]: avahi-daemon 0.7 starting up.
2021-02-22T10:39:59.513564+00:00 INFO avahi-daemon[1688]: Successfully called chroot().
2021-02-22T10:39:59.513721+00:00 INFO avahi-daemon[1688]: Successfully dropped remaining capabilities.
2021-02-22T10:39:59.524989+00:00 ERR avahi-daemon[1764]: chroot.c: open() failed: No such file or directory
2021-02-22T10:39:59.525146+00:00 WARNING avahi-daemon[1688]: Failed to open /etc/resolv.conf: Invalid argument
2021-02-22T10:39:59.525975+00:00 INFO avahi-daemon[1688]: No service file found in /etc/avahi/services.
2021-02-22T10:39:59.530150+00:00 INFO avahi-daemon[1688]: Network interface enumeration completed.
2021-02-22T10:39:59.530271+00:00 INFO avahi-daemon[1688]: Server startup complete. Host name is c6f7b6d21afca585592bbebf603389f5.local. Local service cookie is 1052385278.
2021-02-22T10:39:59.627617+00:00 INFO kernel: [   15.710512] snd_hda_intel 0000:00:1b.0: bound 0000:00:02.0 (ops 0xffffffffba271110)
2021-02-22T10:39:59.681389+00:00 NOTICE conntrack-tools[1821]: configuring helper `mdns' with queuenum=6 and queuelen=10240
2021-02-22T10:39:59.681515+00:00 NOTICE conntrack-tools[1821]: policy name=mdns expect_timeout=30 expect_max=8
2021-02-22T10:39:59.681597+00:00 NOTICE conntrack-tools[1821]: helper `mdns' configured successfully
2021-02-22T10:39:59.681708+00:00 NOTICE conntrack-tools[1821]: configuring helper `ssdp' with queuenum=5 and queuelen=10240
2021-02-22T10:39:59.681785+00:00 NOTICE conntrack-tools[1821]: policy name=ssdp expect_timeout=300 expect_max=8
2021-02-22T10:39:59.681855+00:00 NOTICE conntrack-tools[1821]: helper `ssdp' configured successfully
2021-02-22T10:39:59.681928+00:00 NOTICE conntrack-tools[1821]: configuring helper `ssdp' with queuenum=5 and queuelen=10240
2021-02-22T10:39:59.682015+00:00 NOTICE conntrack-tools[1821]: policy name=ssdp expect_timeout=300 expect_max=8
2021-02-22T10:39:59.682089+00:00 NOTICE conntrack-tools[1821]: helper `ssdp' configured successfully
2021-02-22T10:39:59.682185+00:00 NOTICE conntrack-tools[1821]: initialization completed
2021-02-22T10:39:59.682256+00:00 NOTICE conntrack-tools[1821]: -- starting in console mode --
2021-02-22T10:39:59.682327+00:00 ERR conntrack-tools[1821]: failed to process message
2021-02-22T10:39:59.700042+00:00 INFO kernel: [   15.782416] Intel(R) Wireless WiFi driver for Linux
2021-02-22T10:39:59.700068+00:00 INFO kernel: [   15.782426] Copyright(c) 2003- 2015 Intel Corporation
2021-02-22T10:39:59.703052+00:00 WARNING kernel: [   15.785714] iwlwifi 0000:01:00.0: Direct firmware load for iwl-dbg-cfg.ini failed with error -2
2021-02-22T10:39:59.715045+00:00 INFO kernel: [   15.797539] uvcvideo: Found UVC 1.00 device Chromebook HD Camera (04f2:b462)
2021-02-22T10:39:59.717102+00:00 INFO kernel: [   15.799793] usbcore: registered new interface driver uvcvideo
2021-02-22T10:39:59.717128+00:00 INFO kernel: [   15.799802] USB Video Class driver (1.1.1)
2021-02-22T10:39:59.776317+00:00 INFO kernel: [   15.858815] iwlwifi 0000:01:00.0: loaded firmware version 17.bfb58538.0 op_mode iwlmvm
2021-02-22T10:39:59.776346+00:00 INFO kernel: [   15.859247] input: HDA Intel PCH HDMI/DP,pcm=3 as /devices/pci0000:00/0000:00:1b.0/sound/card0/input7
2021-02-22T10:39:59.777989+00:00 INFO kernel: [   15.860245] input: HDA Intel PCH HDMI/DP,pcm=7 as /devices/pci0000:00/0000:00:1b.0/sound/card0/input8
2021-02-22T10:39:59.802081+00:00 INFO kernel: [   15.885197] zram: Added device: zram0
2021-02-22T10:39:59.810243+00:00 ERR kernel: [   15.893067] byt-max98090 byt-max98090: ASoC: CPU DAI baytrail-pcm-audio not registered
2021-02-22T10:39:59.810271+00:00 ERR kernel: [   15.893079] byt-max98090 byt-max98090: snd_soc_register_card failed -517
2021-02-22T10:39:59.815034+00:00 NOTICE swap[1848]: setting zram size to 5935920 Kb
2021-02-22T10:39:59.836288+00:00 INFO kernel: [   15.918923] zram0: detected capacity change from 0 to 5935923200
2021-02-22T10:39:59.854064+00:00 INFO kernel: [   15.937149] iwlwifi 0000:01:00.0: Detected Intel(R) Dual Band Wireless AC 7260, REV=0x144
2021-02-22T10:39:59.875046+00:00 INFO kernel: [   15.957875] iwlwifi 0000:01:00.0: base HW address: 10:4a:7d:15:50:95
2021-02-22T10:39:59.886150+00:00 INFO kernel: [   15.969442] Adding 5796796k swap on /dev/zram0.  Priority:-1 extents:1 across:5796796k SS
2021-02-22T10:39:59.917135+00:00 INFO kernel: [   16.000533] baytrail-pcm-audio baytrail-pcm-audio: FW version: 04.05.12.02
2021-02-22T10:39:59.917162+00:00 INFO kernel: [   16.000543] baytrail-pcm-audio baytrail-pcm-audio: Build type: 2
2021-02-22T10:39:59.917167+00:00 INFO kernel: [   16.000548] baytrail-pcm-audio baytrail-pcm-audio: Build date: Mar 13 2014 14:17:31
2021-02-22T10:39:59.950043+00:00 INFO kernel: [   16.033189] max98090 i2c-193C9890:00: MAX98090 REVID=0x43
2021-02-22T10:39:59.950079+00:00 INFO kernel: [   16.033797] max98090 i2c-193C9890:00: use default 2.8v micbias
2021-02-22T10:39:59.952376+00:00 DEBUG kernel: [   16.034365] sst-acpi 80860F28:00: GPIO lookup for consumer hp-gpio
2021-02-22T10:39:59.952407+00:00 DEBUG kernel: [   16.034371] sst-acpi 80860F28:00: using ACPI for GPIO lookup
2021-02-22T10:39:59.952411+00:00 DEBUG kernel: [   16.034377] acpi 80860F28:00: GPIO: looking up hp-gpio-gpios
2021-02-22T10:39:59.952415+00:00 DEBUG kernel: [   16.034381] acpi 80860F28:00: GPIO: looking up hp-gpio-gpio
2021-02-22T10:39:59.952417+00:00 DEBUG kernel: [   16.034385] acpi 80860F28:00: GPIO: looking up 0 in _CRS
2021-02-22T10:39:59.952419+00:00 DEBUG kernel: [   16.034669] sst-acpi 80860F28:00: GPIO lookup for consumer mic-gpio
2021-02-22T10:39:59.952422+00:00 DEBUG kernel: [   16.034674] sst-acpi 80860F28:00: using ACPI for GPIO lookup
2021-02-22T10:39:59.952425+00:00 DEBUG kernel: [   16.034679] acpi 80860F28:00: GPIO: looking up mic-gpio-gpios
2021-02-22T10:39:59.952427+00:00 DEBUG kernel: [   16.034683] acpi 80860F28:00: GPIO: looking up mic-gpio-gpio
2021-02-22T10:39:59.952429+00:00 DEBUG kernel: [   16.034687] acpi 80860F28:00: GPIO: looking up 1 in _CRS
2021-02-22T10:39:59.952432+00:00 INFO kernel: [   16.035527] byt-max98090 byt-max98090: HiFi <-> baytrail-pcm-audio mapping ok
2021-02-22T10:39:59.954060+00:00 INFO kernel: [   16.037047] input: byt-max98090 Headset as /devices/platform/80860F28:00/byt-max98090/sound/card1/input9
2021-02-22T10:39:59.994049+00:00 INFO kernel: [   16.077146] usbcore: deregistering interface driver btusb
2021-02-22T10:40:00.093074+00:00 DEBUG kernel: [   16.176743] ieee80211 phy0: Selected rate control algorithm 'iwl-mvm-rs'
2021-02-22T10:40:00.104051+00:00 DEBUG kernel: [   16.187790] usb 1-4: GPIO lookup for consumer reset
2021-02-22T10:40:00.104082+00:00 DEBUG kernel: [   16.187799] usb 1-4: using ACPI for GPIO lookup
2021-02-22T10:40:00.104086+00:00 DEBUG kernel: [   16.187805] acpi device:07: GPIO: looking up reset-gpios
2021-02-22T10:40:00.104088+00:00 DEBUG kernel: [   16.187811] acpi device:07: GPIO: looking up reset-gpio
2021-02-22T10:40:00.104090+00:00 DEBUG kernel: [   16.187814] acpi device:07: GPIO: looking up 0 in _CRS
2021-02-22T10:40:00.104094+00:00 DEBUG kernel: [   16.187824] usb 1-4: using lookup tables for GPIO lookup
2021-02-22T10:40:00.104097+00:00 DEBUG kernel: [   16.187829] usb 1-4: lookup for GPIO reset failed
2021-02-22T10:40:00.143348+00:00 INFO kernel: [   16.227039] le_splitter HCI splitter inited
2021-02-22T10:40:00.143376+00:00 INFO kernel: [   16.227057] usbcore: registered new interface driver btusb
2021-02-22T10:40:00.188113+00:00 INFO kernel: [   16.269815] Bluetooth: btusb.c:btusb_setup_intel() hci0: read Intel version: 3707100180012d0d00
2021-02-22T10:40:00.196114+00:00 INFO kernel: [   16.279908] Bluetooth: btusb.c:btusb_setup_intel_get_fw() hci0: Intel Bluetooth firmware file: intel/ibt-hw-37.7.10-fw-1.80.1.2d.d.bseq
2021-02-22T10:40:00.223959+00:00 NOTICE mount-encrypted[2037]: [0222/103945.446517:INFO:mount_encrypted.cc(245)] Starting.
2021-02-22T10:40:00.224103+00:00 NOTICE mount-encrypted[2037]: [0222/103945.446590:ERROR:metric_sample.cc(43)] No buckets for linear histogram "Platform.MountEncrypted.EncryptedFsType"
2021-02-22T10:40:00.224207+00:00 NOTICE mount-encrypted[2037]: [0222/103945.446667:INFO:encrypted_fs.cc(542)] VFS mount state sanity check ok.
2021-02-22T10:40:00.224279+00:00 NOTICE mount-encrypted[2037]: [0222/103945.446721:INFO:tpm.cc(304)] TPM ready
2021-02-22T10:40:00.224350+00:00 NOTICE mount-encrypted[2037]: [0222/103945.446750:INFO:mount_encrypted.cc(63)] Fetching System Property: mainfw_type
2021-02-22T10:40:00.224421+00:00 NOTICE mount-encrypted[2037]: [0222/103945.446829:INFO:mount_encrypted.cc(65)] Got System Property 'mainfw_type': normal
2021-02-22T10:40:00.224494+00:00 NOTICE mount-encrypted[2037]: [0222/103945.476345:INFO:tpm.cc(459)] No encstateful NVRAM area defined.
2021-02-22T10:40:00.224568+00:00 NOTICE mount-encrypted[2037]: [0222/103945.476402:ERROR:tpm1.cc(495)] encstateful space contents absent or too short.
2021-02-22T10:40:00.224654+00:00 NOTICE mount-encrypted[2037]: [0222/103945.509346:INFO:encryption_key.cc(211)] Using NVRAM as system key; finalization needed.
2021-02-22T10:40:00.224729+00:00 NOTICE mount-encrypted[2037]: [0222/103945.509438:INFO:encryption_key.cc(275)] Attempting to generate fresh NVRAM system key.
2021-02-22T10:40:00.224815+00:00 NOTICE mount-encrypted[2037]: [0222/103945.517923:ERROR:tpm1.cc(495)] encstateful space contents absent or too short.
2021-02-22T10:40:00.224888+00:00 NOTICE mount-encrypted[2037]: [0222/103945.518045:INFO:encryption_key.cc(309)] No usable system key found.
2021-02-22T10:40:00.224959+00:00 NOTICE mount-encrypted[2037]: [0222/103945.518103:ERROR:encryption_key.cc(45)] Data read failed from /mnt/stateful_partition/encrypted.needs-finalization
2021-02-22T10:40:00.225045+00:00 NOTICE mount-encrypted[2037]: [0222/103945.518127:INFO:encryption_key.cc(322)] Generating new encryption key.
2021-02-22T10:40:00.225118+00:00 NOTICE mount-encrypted[2037]: [0222/103945.518159:INFO:encryption_key.cc(346)] Writing finalization intent /mnt/stateful_partition/encrypted.needs-finalization
2021-02-22T10:40:00.225219+00:00 NOTICE mount-encrypted[2037]: [0222/103945.538938:INFO:mount_encrypted.cc(193)] There is no biod, so skip sending TPM seed.
2021-02-22T10:40:00.225292+00:00 NOTICE mount-encrypted[2037]: [0222/103945.538980:INFO:encrypted_fs.cc(266)] Purging block file
2021-02-22T10:40:00.225364+00:00 NOTICE mount-encrypted[2037]: [0222/103945.539052:INFO:encrypted_fs.cc(283)] Creating sparse backing file with size 3317018624
2021-02-22T10:40:00.225436+00:00 NOTICE mount-encrypted[2037]: [0222/103945.539233:INFO:encrypted_fs.cc(307)] Loopback attaching /mnt/stateful_partition/encrypted.block named encstateful
2021-02-22T10:40:00.225508+00:00 NOTICE mount-encrypted[2037]: [0222/103945.549463:INFO:encrypted_fs.cc(334)] Setting up dm-crypt /dev/loop0 as /dev/mapper/encstateful
2021-02-22T10:40:00.225580+00:00 NOTICE mount-encrypted[2037]: [0222/103945.630675:INFO:encrypted_fs.cc(382)] Building filesystem on /dev/mapper/encstateful(blocksize: 4096, min: 4096, max: 809819
2021-02-22T10:40:00.225654+00:00 NOTICE mount-encrypted[2037]: mke2fs 1.44.5 (15-Dec-2018)
2021-02-22T10:40:00.225726+00:00 NOTICE mount-encrypted[2037]: Discarding device blocks:          #010#010#010#010#010#010#010#010#010done
2021-02-22T10:40:00.225816+00:00 NOTICE mount-encrypted[2037]: Creating filesystem with 4096 4k blocks and 8112 inodes
2021-02-22T10:40:00.225888+00:00 NOTICE mount-encrypted[2037]: 
2021-02-22T10:40:00.225961+00:00 NOTICE mount-encrypted[2037]: Allocating group tables: 0/1#010#010#010   #010#010#010done
2021-02-22T10:40:00.226053+00:00 NOTICE mount-encrypted[2037]: Writing inode tables: 0/1#010#010#010   #010#010#010done
2021-02-22T10:40:00.226126+00:00 NOTICE mount-encrypted[2037]: Creating journal (1024 blocks): done
2021-02-22T10:40:00.226198+00:00 NOTICE mount-encrypted[2037]: Writing superblocks and filesystem accounting information: 0/1#010#010#010   #010#010#010done
2021-02-22T10:40:00.226298+00:00 NOTICE mount-encrypted[2037]: 
2021-02-22T10:40:00.226372+00:00 NOTICE mount-encrypted[2037]: tune2fs 1.44.5 (15-Dec-2018)
2021-02-22T10:40:00.226443+00:00 NOTICE mount-encrypted[2037]: Setting maximal mount count to -1
2021-02-22T10:40:00.226514+00:00 NOTICE mount-encrypted[2037]: Setting interval between checks to 0 seconds
2021-02-22T10:40:00.226587+00:00 NOTICE mount-encrypted[2037]: [0222/103945.839499:INFO:encrypted_fs.cc(395)] Mounting /dev/mapper/encstateful onto /mnt/stateful_partition/encrypted
2021-02-22T10:40:00.226658+00:00 NOTICE mount-encrypted[2037]: [0222/103945.851705:INFO:encrypted_fs.cc(103)] Resizing started in 2 second steps.
2021-02-22T10:40:00.226730+00:00 NOTICE mount-encrypted[2037]: [0222/103945.851765:INFO:platform.cc(1313)] Resizing filesystem on /dev/mapper/encstateful to 809819
2021-02-22T10:40:00.226823+00:00 NOTICE mount-encrypted[2037]: resize2fs 1.44.5 (15-Dec-2018)
2021-02-22T10:40:00.226899+00:00 NOTICE mount-encrypted[2037]: Filesystem at /dev/mapper/encstateful is mounted on /mnt/stateful_partition/encrypted; on-line resizing required
2021-02-22T10:40:00.226973+00:00 NOTICE mount-encrypted[2037]: old_desc_blocks = 1, new_desc_blocks = 1
2021-02-22T10:40:00.227067+00:00 NOTICE mount-encrypted[2037]: The filesystem on /dev/mapper/encstateful is now 809819 (4k) blocks long.
2021-02-22T10:40:00.227169+00:00 NOTICE mount-encrypted[2037]: 
2021-02-22T10:40:00.227244+00:00 NOTICE mount-encrypted[2037]: [0222/103945.914061:INFO:platform.cc(1319)] Resizing process started.
2021-02-22T10:40:00.227316+00:00 NOTICE mount-encrypted[2037]: [0222/103945.914121:INFO:encrypted_fs.cc(117)] Resizing done.
2021-02-22T10:40:00.227389+00:00 NOTICE mount-encrypted[2037]: [0222/103945.914143:INFO:encrypted_fs.cc(418)] Bind mounting /mnt/stateful_partition/encrypted/var onto /var
2021-02-22T10:40:00.227460+00:00 NOTICE mount-encrypted[2037]: [0222/103945.914831:INFO:encrypted_fs.cc(418)] Bind mounting /mnt/stateful_partition/encrypted/chronos onto /home/chronos
2021-02-22T10:40:00.227535+00:00 NOTICE mount-encrypted[2037]: [0222/103945.915139:ERROR:tpm1.cc(495)] encstateful space contents absent or too short.
2021-02-22T10:40:00.227623+00:00 NOTICE mount-encrypted[2037]: [0222/103945.981567:INFO:tpm.cc(437)] No Lockbox NVRAM area defined.
2021-02-22T10:40:00.227699+00:00 NOTICE mount-encrypted[2037]: [0222/103945.981631:INFO:mount_encrypted.cc(319)] Done.
2021-02-22T10:40:00.264770+00:00 NOTICE /usr/share/cros/init/crx-import.sh[2043]: Performing CRX import for: /usr/share/import_extensions/validation/chromeos-default-apps-1.9.4.validation
2021-02-22T10:40:00.322257+00:00 NOTICE /usr/share/cros/init/crx-import.sh[2065]: Copy /mnt/stateful_partition/unencrypted/import_extensions -> /var/cache/external_cache, validated by /usr/share/import_extensions/validation/chromeos-default-apps-1.9.4.validation.
2021-02-22T10:40:00.387320+00:00 INFO kernel: [   16.470987] max98090 i2c-193C9890:00: DMIC Mux: put_dmic_mux enable DMIC
2021-02-22T10:40:00.387354+00:00 INFO kernel: [   16.471039] max98090 i2c-193C9890:00: DMIC Mux: bottom half enable DMIC
2021-02-22T10:40:00.406197+00:00 INFO kernel: [   16.490216] IPv6: ADDRCONF(NETDEV_UP): wlan0: link is not ready
2021-02-22T10:40:00.435772+00:00 WARNING mosys[2039]: libminijail[2039]: not locking any securebits
2021-02-22T10:40:00.435895+00:00 WARNING mosys[2039]: libminijail[2039]: SECURE_NOROOT not set, not dropping bounding set
2021-02-22T10:40:00.489435+00:00 INFO btdispatch[2151]: Bluetooth daemon started with passthrough mode = 1
2021-02-22T10:40:00.520669+00:00 INFO bluetoothd[2143]: Bluetooth daemon 5.44
2021-02-22T10:40:00.525810+00:00 INFO newblued[2149]: LE splitter not enabled, newblued running in idle mode.
