2021-03-04T03:07:34.043319-05:00 INFO rsyslogd[547]:  [origin software="rsyslogd" swVersion="8.1901.0" x-pid="547" x-info="https://www.rsyslog.com"] rsyslogd was HUPed
2021-03-04T03:07:34.307274-05:00 INFO periodic_scheduler[3964]: cleanup_logs: job completed
2021-03-04T03:07:35.012219-05:00 INFO periodic_scheduler[3971]: cros-machine-id-regen: running /usr/sbin/cros-machine-id-regen -r periodic -t 21600
2021-03-04T03:07:35.035637-05:00 NOTICE cros-machine-id-regen[3985]: Not regenerating since we did so 223 seconds ago.
2021-03-04T03:07:35.038173-05:00 INFO periodic_scheduler[3986]: cros-machine-id-regen: job completed
2021-03-04T03:07:35.173585-05:00 INFO periodic_scheduler[3993]: trim: running chromeos-trim
2021-03-04T03:12:33.452083-05:00 INFO periodic_scheduler[4958]: crash_sender: running /sbin/crash_sender
2021-03-04T03:12:33.480592-05:00 INFO crash_sender[4961]: Version is too old, will not upload crash reports
2021-03-04T03:12:33.489419-05:00 INFO crash_sender[4960]: libminijail[4960]: child process 4961 exited with status 1
2021-03-04T03:12:33.492749-05:00 INFO periodic_scheduler[4962]: crash_sender: job completed
2021-03-04T03:14:57.338943-05:00 NOTICE /usr/sbin/chromeos-trim[5356]: /mnt/stateful_partition fully trimmed in 442 seconds
2021-03-04T03:14:57.345630-05:00 INFO periodic_scheduler[5358]: trim: job completed
2021-03-04T03:16:32.096092-05:00 INFO chrome[1195]: [1195:1195:0304/031632.095128:INFO:chrome_screenshot_grabber.cc(547)] Screenshot taken
2021-03-04T03:17:06.292114-05:00 INFO chrome[1195]: [1195:1195:0304/031706.291468:INFO:chrome_screenshot_grabber.cc(547)] Screenshot taken
2021-03-04T03:22:19.285938-05:00 INFO rsyslogd[547]: -- MARK --
2021-03-04T03:30:53.994580-05:00 INFO avahi-daemon[1643]: Withdrawing address record for 192.168.137.135 on wlan0.
2021-03-04T03:30:53.994833-05:00 INFO avahi-daemon[1643]: Leaving mDNS multicast group on interface wlan0.IPv4 with address 192.168.137.135.
2021-03-04T03:30:53.995136-05:00 INFO kernel: [ 1719.802921] wlan0: deauthenticating from 16:f6:d8:42:43:7a by local choice (Reason: 3=DEAUTH_LEAVING)
2021-03-04T03:30:54.021621-05:00 INFO avahi-daemon[1643]: Interface wlan0.IPv4 no longer relevant for mDNS.
2021-03-04T03:30:54.021869-05:00 ERR wpa_supplicant[604]: nl80211: Failed to open /proc/sys/net/ipv4/conf/wlan0/drop_unicast_in_l2_multicast: No such file or directory
2021-03-04T03:30:54.022021-05:00 ERR wpa_supplicant[604]: nl80211: Failed to set IPv4 unicast in multicast filter
2021-03-04T03:30:54.022906-05:00 ERR wpa_supplicant[604]: nl80211: Failed to open /proc/sys/net/ipv4/conf/wlan0/drop_unicast_in_l2_multicast: No such file or directory
2021-03-04T03:30:54.023067-05:00 ERR wpa_supplicant[604]: nl80211: Failed to set IPv4 unicast in multicast filter
2021-03-04T03:30:54.024503-05:00 ERR shill[1352]: [ERROR:object_proxy.cc(581)] Failed to call method: fi.w1.wpa_supplicant1.Interface.Disconnect: object_path= /fi/w1/wpa_supplicant1/Interfaces/1: fi.w1.wpa_supplicant1.NotConnected: This interface is not connected
2021-03-04T03:30:54.024710-05:00 ERR shill[1352]: [ERROR:dbus_method_invoker.h(113)] CallMethodAndBlockWithTimeout(...): Domain=dbus, Code=fi.w1.wpa_supplicant1.NotConnected, Message=This interface is not connected
2021-03-04T03:30:54.024839-05:00 ERR shill[1352]: [ERROR:chromeos_supplicant_interface_proxy.cc(184)] Failed to disconnect: fi.w1.wpa_supplicant1.NotConnected This interface is not connected
2021-03-04T03:30:54.026832-05:00 ERR wpa_supplicant[604]: nl80211: Failed to open /proc/sys/net/ipv4/conf/wlan0/drop_unicast_in_l2_multicast: No such file or directory
2021-03-04T03:30:54.027069-05:00 ERR wpa_supplicant[604]: nl80211: Failed to set IPv4 unicast in multicast filter
2021-03-04T03:30:54.029060-05:00 INFO kernel: [ 1719.836348] cfg80211: World regulatory domain updated:
2021-03-04T03:30:54.029086-05:00 INFO kernel: [ 1719.836360] cfg80211:  DFS Master region: unset
2021-03-04T03:30:54.029090-05:00 INFO kernel: [ 1719.836363] cfg80211:   (start_freq - end_freq @ bandwidth), (max_antenna_gain, max_eirp), (dfs_cac_time)
2021-03-04T03:30:54.029093-05:00 INFO kernel: [ 1719.836370] cfg80211:   (2402000 KHz - 2472000 KHz @ 40000 KHz), (N/A, 2000 mBm), (N/A)
2021-03-04T03:30:54.029096-05:00 INFO kernel: [ 1719.836374] cfg80211:   (2457000 KHz - 2482000 KHz @ 20000 KHz), (N/A, 2000 mBm), (N/A)
2021-03-04T03:30:54.029099-05:00 INFO kernel: [ 1719.836379] cfg80211:   (2474000 KHz - 2494000 KHz @ 20000 KHz), (N/A, 2000 mBm), (N/A)
2021-03-04T03:30:54.029102-05:00 INFO kernel: [ 1719.836383] cfg80211:   (5170000 KHz - 5250000 KHz @ 80000 KHz), (N/A, 2000 mBm), (N/A)
2021-03-04T03:30:54.029105-05:00 INFO kernel: [ 1719.836388] cfg80211:   (5250000 KHz - 5330000 KHz @ 80000 KHz), (N/A, 2000 mBm), (0 s)
2021-03-04T03:30:54.029108-05:00 INFO kernel: [ 1719.836393] cfg80211:   (5490000 KHz - 5730000 KHz @ 160000 KHz), (N/A, 2000 mBm), (0 s)
2021-03-04T03:30:54.029110-05:00 INFO kernel: [ 1719.836398] cfg80211:   (5735000 KHz - 5835000 KHz @ 80000 KHz), (N/A, 2000 mBm), (N/A)
2021-03-04T03:30:54.029112-05:00 INFO kernel: [ 1719.836402] cfg80211:   (57240000 KHz - 63720000 KHz @ 2160000 KHz), (N/A, 0 mBm), (N/A)
2021-03-04T03:30:54.035355-05:00 INFO kernel: [ 1719.842686] cfg80211: Regulatory domain changed to country: US
2021-03-04T03:30:54.035382-05:00 INFO kernel: [ 1719.842697] cfg80211:  DFS Master region: unset
2021-03-04T03:30:54.035387-05:00 INFO kernel: [ 1719.842700] cfg80211:   (start_freq - end_freq @ bandwidth), (max_antenna_gain, max_eirp), (dfs_cac_time)
2021-03-04T03:30:54.035389-05:00 INFO kernel: [ 1719.842706] cfg80211:   (2402000 KHz - 2472000 KHz @ 40000 KHz), (N/A, 3000 mBm), (N/A)
2021-03-04T03:30:54.035392-05:00 INFO kernel: [ 1719.842711] cfg80211:   (5170000 KHz - 5250000 KHz @ 80000 KHz), (N/A, 1700 mBm), (N/A)
2021-03-04T03:30:54.035395-05:00 INFO kernel: [ 1719.842716] cfg80211:   (5250000 KHz - 5330000 KHz @ 80000 KHz), (N/A, 2300 mBm), (0 s)
2021-03-04T03:30:54.035398-05:00 INFO kernel: [ 1719.842720] cfg80211:   (5490000 KHz - 5730000 KHz @ 160000 KHz), (N/A, 2300 mBm), (0 s)
2021-03-04T03:30:54.035400-05:00 INFO kernel: [ 1719.842725] cfg80211:   (5735000 KHz - 5835000 KHz @ 80000 KHz), (N/A, 3000 mBm), (N/A)
2021-03-04T03:30:54.035403-05:00 INFO kernel: [ 1719.842729] cfg80211:   (57240000 KHz - 63720000 KHz @ 2160000 KHz), (N/A, 4000 mBm), (N/A)
2021-03-04T03:30:54.038658-05:00 ERR wpa_supplicant[604]: nl80211: Failed to open /proc/sys/net/ipv4/conf/wlan0/drop_unicast_in_l2_multicast: No such file or directory
2021-03-04T03:30:54.038764-05:00 ERR wpa_supplicant[604]: nl80211: Failed to set IPv4 unicast in multicast filter
2021-03-04T03:30:54.042712-05:00 ERR wpa_supplicant[604]: rmdir[ctrl_interface=/run/wpa_supplicant]: Permission denied
2021-03-04T03:30:54.110542-05:00 INFO avahi-daemon[1643]: Server startup complete. Host name is 94c2c613d243a3f3c5233aa660409abe.local. Local service cookie is 3259039384.
2021-03-04T03:30:54.110790-05:00 INFO avahi-daemon[1643]: Changing host name to '94c2c613d243a3f3c5233aa660409abe'.
2021-03-04T03:30:54.117349-05:00 NOTICE cros-machine-id-regen[6335]: Regenerated /var/lib/dbus/machine-id (reason: network).
2021-03-04T03:30:56.139074-05:00 INFO session_manager[1114]: [INFO:session_manager_impl.cc(705)] Stopping all sessions
2021-03-04T03:30:56.139757-05:00 INFO session_manager[1114]: [INFO:browser_job.cc(178)] Terminating browser process 1195 with signal 15: exiting cleanly
2021-03-04T03:30:56.140308-05:00 INFO session_manager[1114]: [INFO:system_utils_impl.cc(125)] Sending signal 15 to PID 1195 as UID 1000
2021-03-04T03:30:57.047727-05:00 INFO session_manager[1114]: [INFO:session_manager_service.cc(486)] SessionManagerService quitting run loop
2021-03-04T03:30:57.048028-05:00 INFO session_manager[1114]: [INFO:session_manager_service.cc(207)] SessionManagerService exiting
2021-03-04T03:30:57.141664-05:00 INFO chapsd[1143]: Closing database for /home/root/7c37097f86694f0645e38af5cf316592cce86789/chaps/database
2021-03-04T03:30:57.141893-05:00 INFO chapsd[1143]: leveldb /home/root/7c37097f86694f0645e38af5cf316592cce86789/chaps/database dump:#012  /home/root/7c37097f86694f0645e38af5cf316592cce86789/chaps/database/000016.log (0 bytes, 2021-03-04 08:02:32.000 UTC)#012  /home/root/7c37097f86694f0645e38af5cf316592cce86789/chaps/database/000005.ldb (1025 bytes, 2021-02-22 11:57:35.000 UTC)#012  /home/root/7c37097f86694f0645e38af5cf316592cce86789/chaps/database/LOG (175 bytes, 2021-03-04 08:02:32.000 UTC)#012  /home/root/7c37097f86694f0645e38af5cf316592cce86789/chaps/database/MANIFEST-000015 (92 bytes, 2021-03-04 08:02:32.000 UTC)#012  /home/root/7c37097f86694f0645e38af5cf316592cce86789/chaps/database/LOCK (0 bytes, 2021-02-22 10:41:33.000 UTC)#012  /home/root/7c37097f86694f0645e38af5cf316592cce86789/chaps/database/LOG.old (175 bytes, 2021-03-01 05:57:17.000 UTC)#012  /home/root/7c37097f86694f0645e38af5cf316592cce86789/chaps/database/CURRENT (16 bytes, 2021-03-04 08:02:32.000 UTC)
2021-03-04T03:30:57.142054-05:00 INFO chapsd[1143]: Token at /home/root/7c37097f86694f0645e38af5cf316592cce86789/chaps has been removed from slot 1
2021-03-04T03:30:57.171742-05:00 INFO chapsd[1143]: Unloaded keys for slot 1
2021-03-04T03:31:00.981060-05:00 WARNING chapsd[1143]: Unload Token event received for unknown path: /home/root/7c37097f86694f0645e38af5cf316592cce86789/chaps
2021-03-04T03:31:01.030067-05:00 INFO imageloader[6402]: The latest-version file does not exist. Component PepperFlashPlayer is probably not installed.
2021-03-04T03:31:01.121176-05:00 WARNING mosys[6486]: libminijail[6486]: not locking any securebits
2021-03-04T03:31:01.121401-05:00 WARNING mosys[6486]: libminijail[6486]: SECURE_NOROOT not set, not dropping bounding set
2021-03-04T03:31:01.213079-05:00 WARNING mosys[6493]: libminijail[6493]: not locking any securebits
2021-03-04T03:31:01.213331-05:00 WARNING mosys[6493]: libminijail[6493]: SECURE_NOROOT not set, not dropping bounding set
2021-03-04T03:31:01.271775-05:00 WARNING session_manager[6503]: [WARNING:chrome_setup.cc(97)] Could not find both paths: /usr/share/chromeos-assets/wallpaper/oem_large.jpg and /usr/share/chromeos-assets/wallpaper/oem_small.jpg
2021-03-04T03:31:01.277636-05:00 INFO session_manager[6503]: [INFO:session_manager_service.cc(145)] SessionManagerService starting
2021-03-04T03:31:01.287792-05:00 INFO session_manager[6503]: [INFO:browser_job.cc(155)] Running browser /opt/google/chrome/chrome --ppapi-flash-path=/opt/google/chrome/pepper/libpepflashplayer.so --ppapi-flash-version=32.0.0.238 --use-gl=egl --enable-native-gpu-memory-buffers --gpu-sandbox-failures-fatal=yes --enable-logging --log-level=1 --use-cras --enable-wayland-server --user-data-dir=/home/chronos --enable-features=MachineLearningService,ChromeOSAssistant,EnableBackgroundBlur,MyFilesVolume --login-profile=user --has-chromeos-keyboard --enable-touchview --guest-wallpaper-large=/usr/share/chromeos-assets/wallpaper/guest_large.jpg --guest-wallpaper-small=/usr/share/chromeos-assets/wallpaper/guest_small.jpg --child-wallpaper-large=/usr/share/chromeos-assets/wallpaper/child_large.jpg --child-wallpaper-small=/usr/share/chromeos-assets/wallpaper/child_small.jpg --default-wallpaper-large=/usr/share/chromeos-assets/wallpaper/default_large.jpg --default-wallpaper-small=/usr/share/chromeos-assets/wallpaper/default_small.jpg --enable-consumer-kiosk --enterprise-enrollment-initial-modulus=15 --enterprise-enrollment-modulus-limit=19 --login-manager --vmodule=*/chrome/browser/chromeos/account_manager/*=1,*/chromeos/components/account_manager/*=1,app_list_syncable_service=1,*/chromeos/power/auto_screen_brightness/*=1,*/forced_extensions/installation_tracker*=2,extension_downloader=2,existing_user_controller=2,*/ash/wm/tablet_mode/*=1,auto_enrollment_controller=1,*/ui/ozone/*=1,*/ui/display/manager/chromeos/*=1,update_engine=1,component_updater_service=1 --enable-features=MachineLearningService,ChromeOSAssistant,EnableBackgroundBlur,MyFilesVolume
2021-03-04T03:31:01.342938-05:00 INFO minijail0[6555]: libminijail[6555]: child process 6556 exited with status 1
2021-03-04T03:31:03.337036-05:00 INFO session_manager[6503]: [INFO:server_backed_state_key_generator.cc(124)] Stable device secret missing!
2021-03-04T03:31:03.354486-05:00 NOTICE cups-clear-state[6734]: Removing privileged directories
2021-03-04T03:31:04.295616-05:00 INFO bluetoothd[2103]: adapter /org/bluez/hci0 set power to 1
2021-03-04T03:31:09.536102-05:00 INFO rollback_prepare_save[6812]: Starting rollback_prepare_save
2021-03-04T03:31:09.536318-05:00 INFO rollback_prepare_save[6812]: Exiting no rollback
2021-03-04T03:31:09.611610-05:00 NOTICE shill_logout_user[6814]: Failed to pop shill user profiles
2021-03-04T03:31:09.620930-05:00 INFO session_manager[6503]: [INFO:browser_job.cc(178)] Terminating browser process 6528 with signal 15: exiting cleanly
2021-03-04T03:31:09.621134-05:00 INFO session_manager[6503]: [INFO:system_utils_impl.cc(125)] Sending signal 15 to PID 6528 as UID 1000
2021-03-04T03:31:09.990936-05:00 INFO session_manager[6503]: [INFO:session_manager_service.cc(486)] SessionManagerService quitting run loop
2021-03-04T03:31:09.991290-05:00 INFO session_manager[6503]: [INFO:session_manager_service.cc(207)] SessionManagerService exiting
2021-03-04T03:31:10.225422-05:00 NOTICE pre-shutdown[6840]: Shutting down for halt: user-request
2021-03-04T03:31:10.235495-05:00 INFO chapsd[1143]: Shutdown triggered by signal 15.
2021-03-04T03:31:10.235681-05:00 INFO chapsd[1143]: chapsd Daemon::OnShutdown invoked.
2021-03-04T03:31:10.236483-05:00 INFO chapsd[1143]: SlotManagerImpl is shutting down.
2021-03-04T03:31:10.236644-05:00 INFO chapsd[1143]: Waiting for worker thread for slot 0 to exit.
2021-03-04T03:31:10.236754-05:00 INFO chapsd[1143]: Unloading keys for slot 0.
2021-03-04T03:31:10.249117-05:00 INFO kernel: [ 1736.082354] EXT4-fs (dm-0): re-mounted. Opts: block_validity,barrier,user_xattr,acl
2021-03-04T03:31:10.252280-05:00 INFO avahi-daemon[1643]: Got SIGTERM, quitting.
2021-03-04T03:31:10.252449-05:00 INFO avahi-daemon[1643]: avahi-daemon 0.7 exiting.
2021-03-04T03:31:10.256460-05:00 NOTICE conntrack-tools[1758]: ---- shutdown received ----
2021-03-04T03:31:10.262365-05:00 INFO kernel: [ 1736.096049] Bluetooth: hci_core.c:skip_conditional_cmd()   COND LE cmd (0x200a) is already 0 (chg 0), skip transition to 0
2021-03-04T03:31:10.262394-05:00 INFO kernel: [ 1736.096061] Bluetooth: hci_core.c:skip_conditional_cmd()   COND call queue_work.
2021-03-08T18:50:03.143538-05:00 INFO kernel: [    0.000000] microcode: microcode updated early to revision 0x838, date = 2019-04-22
2021-03-08T18:50:03.143678-05:00 INFO kernel: [    0.000000] Initializing cgroup subsys cpuset
2021-03-08T18:50:03.143690-05:00 INFO kernel: [    0.000000] Initializing cgroup subsys cpu
2021-03-08T18:50:03.143698-05:00 INFO kernel: [    0.000000] Initializing cgroup subsys cpuacct
2021-03-08T18:50:03.143705-05:00 NOTICE kernel: [    0.000000] Linux version 4.4.180-16566-g51163f4278d1 (chrome-bot@chromeos-ci-legacy-us-east1-d-x32-6-xp9r) (Chromium OS 9.0_pre353983_p20190325-r14 clang version 9.0.0 (/var/cache/chromeos-cache/distfiles/host/egit-src/llvm-project de7a0a152648d1a74cf4319920b1848aa00d1ca3) (based on LLVM 9.0.0svn)) #1 SMP PREEMPT Tue Aug 27 17:13:36 PDT 2019
2021-03-08T18:50:03.143714-05:00 INFO kernel: [    0.000000] Command line: cros_secure console= loglevel=7 init=/sbin/init cros_secure root=/dev/dm-0 rootwait ro dm_verity.error_behavior=3 dm_verity.max_bios=-1 dm_verity.dev_wait=1 dm="1 vroot none ro 1,0 3584000 verity payload=PARTUUID=6c8bc571-8e95-a843-bc0a-9608a1c2ac65/PARTNROFF=1 hashtree=PARTUUID=6c8bc571-8e95-a843-bc0a-9608a1c2ac65/PARTNROFF=1 hashstart=3584000 alg=sha1 root_hexdigest=3e8df1ad07c15f9a811aa2a9915a17e8409ccf65 salt=0c7d85cad68fb231a34c12121d933c468594106200a09a1c158d34a9cc182c5e" noinitrd vt.global_cursor_default=0 kern_guid=6c8bc571-8e95-a843-bc0a-9608a1c2ac65 add_efi_memmap boot=local noresume noswap i915.modeset=1 tpm_tis.force=1 tpm_tis.interrupts=0 nmi_watchdog=panic,lapic  
2021-03-08T18:50:03.143730-05:00 INFO kernel: [    0.000000] x86/fpu: Legacy x87 FPU detected.
2021-03-08T18:50:03.143739-05:00 INFO kernel: [    0.000000] e820: BIOS-provided physical RAM map:
2021-03-08T18:50:03.143747-05:00 INFO kernel: [    0.000000] BIOS-e820: [mem 0x0000000000000000-0x0000000000000fff] type 16
2021-03-08T18:50:03.143754-05:00 INFO kernel: [    0.000000] BIOS-e820: [mem 0x0000000000001000-0x000000000009ffff] usable
2021-03-08T18:50:03.143762-05:00 INFO kernel: [    0.000000] BIOS-e820: [mem 0x00000000000a0000-0x00000000000fffff] reserved
2021-03-08T18:50:03.143769-05:00 INFO kernel: [    0.000000] BIOS-e820: [mem 0x0000000000100000-0x000000001fffffff] usable
2021-03-08T18:50:03.143781-05:00 INFO kernel: [    0.000000] BIOS-e820: [mem 0x0000000020000000-0x00000000200fffff] reserved
2021-03-08T18:50:03.143789-05:00 INFO kernel: [    0.000000] BIOS-e820: [mem 0x0000000020100000-0x000000007ae6dfff] usable
2021-03-08T18:50:03.143797-05:00 INFO kernel: [    0.000000] BIOS-e820: [mem 0x000000007ae6e000-0x000000007affffff] type 16
2021-03-08T18:50:03.143804-05:00 INFO kernel: [    0.000000] BIOS-e820: [mem 0x000000007b000000-0x000000007fffffff] reserved
2021-03-08T18:50:03.143812-05:00 INFO kernel: [    0.000000] BIOS-e820: [mem 0x00000000e0000000-0x00000000efffffff] reserved
2021-03-08T18:50:03.143819-05:00 INFO kernel: [    0.000000] BIOS-e820: [mem 0x00000000feb00000-0x00000000febfffff] reserved
2021-03-08T18:50:03.143827-05:00 INFO kernel: [    0.000000] BIOS-e820: [mem 0x00000000fed01000-0x00000000fed01fff] reserved
2021-03-08T18:50:03.143839-05:00 INFO kernel: [    0.000000] BIOS-e820: [mem 0x00000000fed03000-0x00000000fed03fff] reserved
2021-03-08T18:50:03.143847-05:00 INFO kernel: [    0.000000] BIOS-e820: [mem 0x00000000fed05000-0x00000000fed05fff] reserved
2021-03-08T18:50:03.143855-05:00 INFO kernel: [    0.000000] BIOS-e820: [mem 0x00000000fed08000-0x00000000fed08fff] reserved
2021-03-08T18:50:03.143862-05:00 INFO kernel: [    0.000000] BIOS-e820: [mem 0x00000000fed0c000-0x00000000fed0ffff] reserved
2021-03-08T18:50:03.143869-05:00 INFO kernel: [    0.000000] BIOS-e820: [mem 0x00000000fed1c000-0x00000000fed1cfff] reserved
2021-03-08T18:50:03.143877-05:00 INFO kernel: [    0.000000] BIOS-e820: [mem 0x00000000fef00000-0x00000000feffffff] reserved
2021-03-08T18:50:03.143889-05:00 INFO kernel: [    0.000000] BIOS-e820: [mem 0x0000000100000000-0x000000017fffffff] usable
2021-03-08T18:50:03.143896-05:00 INFO kernel: [    0.000000] NX (Execute Disable) protection: active
2021-03-08T18:50:03.143904-05:00 INFO kernel: [    0.000000] SMBIOS 2.7 present.
2021-03-08T18:50:03.143911-05:00 DEBUG kernel: [    0.000000] DMI: GOOGLE Glimmer, BIOS Google_Glimmer.5216.198.188 05/27/2018
2021-03-08T18:50:03.143918-05:00 DEBUG kernel: [    0.000000] e820: update [mem 0x00000000-0x00000fff] usable ==> reserved
2021-03-08T18:50:03.143926-05:00 DEBUG kernel: [    0.000000] e820: remove [mem 0x000a0000-0x000fffff] usable
2021-03-08T18:50:03.143933-05:00 INFO kernel: [    0.000000] e820: last_pfn = 0x180000 max_arch_pfn = 0x400000000
2021-03-08T18:50:03.143945-05:00 DEBUG kernel: [    0.000000] MTRR default type: uncachable
2021-03-08T18:50:03.143953-05:00 DEBUG kernel: [    0.000000] MTRR fixed ranges enabled:
2021-03-08T18:50:03.143961-05:00 DEBUG kernel: [    0.000000]   00000-9FFFF write-back
2021-03-08T18:50:03.143967-05:00 DEBUG kernel: [    0.000000]   A0000-BFFFF uncachable
2021-03-08T18:50:03.143976-05:00 DEBUG kernel: [    0.000000]   C0000-FFFFF write-back
2021-03-08T18:50:03.143984-05:00 DEBUG kernel: [    0.000000] MTRR variable ranges enabled:
2021-03-08T18:50:03.143991-05:00 DEBUG kernel: [    0.000000]   0 base 000000000 mask FC0000000 write-back
2021-03-08T18:50:03.144090-05:00 DEBUG kernel: [    0.000000]   1 base 040000000 mask FE0000000 write-back
2021-03-08T18:50:03.144101-05:00 DEBUG kernel: [    0.000000]   2 base 060000000 mask FF0000000 write-back
2021-03-08T18:50:03.144109-05:00 DEBUG kernel: [    0.000000]   3 base 070000000 mask FF8000000 write-back
2021-03-08T18:50:03.144116-05:00 DEBUG kernel: [    0.000000]   4 base 078000000 mask FFC000000 write-back
2021-03-08T18:50:03.144123-05:00 DEBUG kernel: [    0.000000]   5 base 07B800000 mask FFF800000 uncachable
2021-03-08T18:50:03.144130-05:00 DEBUG kernel: [    0.000000]   6 base 0FF800000 mask FFF800000 uncachable
2021-03-08T18:50:03.144144-05:00 DEBUG kernel: [    0.000000]   7 base 100000000 mask F00000000 write-back
2021-03-08T18:50:03.144152-05:00 INFO kernel: [    0.000000] x86/PAT: Configuration [0-7]: WB  WC  UC- UC  WB  WC  UC- WT  
2021-03-08T18:50:03.144160-05:00 DEBUG kernel: [    0.000000] e820: update [mem 0x7b800000-0xffffffff] usable ==> reserved
2021-03-08T18:50:03.144168-05:00 INFO kernel: [    0.000000] e820: last_pfn = 0x7ae6e max_arch_pfn = 0x400000000
2021-03-08T18:50:03.144175-05:00 INFO kernel: [    0.000000] Scanning 1 areas for low memory corruption
2021-03-08T18:50:03.144182-05:00 DEBUG kernel: [    0.000000] Base memory trampoline at [ffff880000098000] 98000 size 28672
2021-03-08T18:50:03.144189-05:00 DEBUG kernel: [    0.000000] BRK [0x0f738000, 0x0f738fff] PGTABLE
2021-03-08T18:50:03.144202-05:00 DEBUG kernel: [    0.000000] BRK [0x0f739000, 0x0f739fff] PGTABLE
2021-03-08T18:50:03.144210-05:00 DEBUG kernel: [    0.000000] BRK [0x0f73a000, 0x0f73afff] PGTABLE
2021-03-08T18:50:03.144217-05:00 DEBUG kernel: [    0.000000] BRK [0x0f73b000, 0x0f73bfff] PGTABLE
2021-03-08T18:50:03.144225-05:00 DEBUG kernel: [    0.000000] BRK [0x0f73c000, 0x0f73cfff] PGTABLE
2021-03-08T18:50:03.144232-05:00 DEBUG kernel: [    0.000000] BRK [0x0f73d000, 0x0f73dfff] PGTABLE
2021-03-08T18:50:03.144239-05:00 INFO kernel: [    0.000000] ACPI: Early table checksum verification disabled
2021-03-08T18:50:03.144251-05:00 WARNING kernel: [    0.000000] ACPI: RSDP 0x00000000000F0000 000024 (v02 CORE  )
2021-03-08T18:50:03.144259-05:00 WARNING kernel: [    0.000000] ACPI: XSDT 0x000000007AF780E0 00004C (v01 CORE   COREBOOT 00000000 CORE 00000000)
2021-03-08T18:50:03.144267-05:00 WARNING kernel: [    0.000000] ACPI: FACP 0x000000007AF7C720 0000F4 (v03 CORE   COREBOOT 00000000 CORE 00000001)
2021-03-08T18:50:03.144274-05:00 WARNING kernel: [    0.000000] ACPI: DSDT 0x000000007AF78250 0044CF (v05 COREv4 COREBOOT 20110725 INTL 20130117)
2021-03-08T18:50:03.144281-05:00 WARNING kernel: [    0.000000] ACPI: FACS 0x000000007AF78210 000040
2021-03-08T18:50:03.144289-05:00 WARNING kernel: [    0.000000] ACPI: FACS 0x000000007AF78210 000040
2021-03-08T18:50:03.144298-05:00 WARNING kernel: [    0.000000] ACPI: HPET 0x000000007AF7C820 000038 (v01 CORE   COREBOOT 00000000 CORE 00000000)
2021-03-08T18:50:03.144311-05:00 WARNING kernel: [    0.000000] ACPI: APIC 0x000000007AF7C860 00006C (v01 CORE   COREBOOT 00000000 CORE 00000000)
2021-03-08T18:50:03.144319-05:00 WARNING kernel: [    0.000000] ACPI: MCFG 0x000000007AF7C8D0 00003C (v01 CORE   COREBOOT 00000000 CORE 00000000)
2021-03-08T18:50:03.144326-05:00 WARNING kernel: [    0.000000] ACPI: SSDT 0x000000007AF7D9C0 000EEC (v02 CORE   COREBOOT 0000002A CORE 0000002A)
2021-03-08T18:50:03.144334-05:00 DEBUG kernel: [    0.000000] ACPI: Local APIC address 0xfee00000
2021-03-08T18:50:03.144341-05:00 INFO kernel: [    0.000000] Zone ranges:
2021-03-08T18:50:03.144349-05:00 INFO kernel: [    0.000000]   DMA      [mem 0x0000000000001000-0x0000000000ffffff]
2021-03-08T18:50:03.144361-05:00 INFO kernel: [    0.000000]   DMA32    [mem 0x0000000001000000-0x00000000ffffffff]
2021-03-08T18:50:03.144369-05:00 INFO kernel: [    0.000000]   Normal   [mem 0x0000000100000000-0x000000017fffffff]
2021-03-08T18:50:03.144377-05:00 INFO kernel: [    0.000000] Movable zone start for each node
2021-03-08T18:50:03.144384-05:00 INFO kernel: [    0.000000] Early memory node ranges
2021-03-08T18:50:03.144391-05:00 INFO kernel: [    0.000000]   node   0: [mem 0x0000000000001000-0x000000000009ffff]
2021-03-08T18:50:03.144399-05:00 INFO kernel: [    0.000000]   node   0: [mem 0x0000000000100000-0x000000001fffffff]
2021-03-08T18:50:03.144406-05:00 INFO kernel: [    0.000000]   node   0: [mem 0x0000000020100000-0x000000007ae6dfff]
2021-03-08T18:50:03.144418-05:00 INFO kernel: [    0.000000]   node   0: [mem 0x0000000100000000-0x000000017fffffff]
2021-03-08T18:50:03.144426-05:00 INFO kernel: [    0.000000] Initmem setup node 0 [mem 0x0000000000001000-0x000000017fffffff]
2021-03-08T18:50:03.144434-05:00 DEBUG kernel: [    0.000000] On node 0 totalpages: 1027341
2021-03-08T18:50:03.144441-05:00 DEBUG kernel: [    0.000000]   DMA zone: 64 pages used for memmap
2021-03-08T18:50:03.144448-05:00 DEBUG kernel: [    0.000000]   DMA zone: 23 pages reserved
2021-03-08T18:50:03.144455-05:00 DEBUG kernel: [    0.000000]   DMA zone: 3999 pages, LIFO batch:0
2021-03-08T18:50:03.144467-05:00 DEBUG kernel: [    0.000000]   DMA32 zone: 7798 pages used for memmap
2021-03-08T18:50:03.144475-05:00 DEBUG kernel: [    0.000000]   DMA32 zone: 499054 pages, LIFO batch:31
2021-03-08T18:50:03.144482-05:00 DEBUG kernel: [    0.000000]   Normal zone: 8192 pages used for memmap
2021-03-08T18:50:03.144489-05:00 DEBUG kernel: [    0.000000]   Normal zone: 524288 pages, LIFO batch:31
2021-03-08T18:50:03.144497-05:00 INFO kernel: [    0.000000] x86/hpet: Will disable the HPET for this platform because it's not reliable
2021-03-08T18:50:03.144504-05:00 INFO kernel: [    0.000000] Reserving Intel graphics stolen memory at 0x7c000000-0x7fffffff
2021-03-08T18:50:03.144511-05:00 INFO kernel: [    0.000000] ACPI: PM-Timer IO Port: 0x408
2021-03-08T18:50:03.144523-05:00 DEBUG kernel: [    0.000000] ACPI: Local APIC address 0xfee00000
2021-03-08T18:50:03.144530-05:00 INFO kernel: [    0.000000] IOAPIC[0]: apic_id 2, version 32, address 0xfec00000, GSI 0-86
2021-03-08T18:50:03.144538-05:00 INFO kernel: [    0.000000] ACPI: INT_SRC_OVR (bus 0 bus_irq 0 global_irq 2 dfl dfl)
2021-03-08T18:50:03.144545-05:00 INFO kernel: [    0.000000] ACPI: INT_SRC_OVR (bus 0 bus_irq 9 global_irq 9 high level)
2021-03-08T18:50:03.144552-05:00 DEBUG kernel: [    0.000000] ACPI: IRQ0 used by override.
2021-03-08T18:50:03.144559-05:00 DEBUG kernel: [    0.000000] ACPI: IRQ9 used by override.
2021-03-08T18:50:03.144573-05:00 INFO kernel: [    0.000000] Using ACPI (MADT) for SMP configuration information
2021-03-08T18:50:03.144581-05:00 INFO kernel: [    0.000000] ACPI: HPET id: 0x8086a201 base: 0xfed00000
2021-03-08T18:50:03.144589-05:00 INFO kernel: [    0.000000] smpboot: Allowing 4 CPUs, 0 hotplug CPUs
2021-03-08T18:50:03.144596-05:00 INFO kernel: [    0.000000] e820: [mem 0x80000000-0xdfffffff] available for PCI devices
2021-03-08T18:50:03.144603-05:00 INFO kernel: [    0.000000] clocksource: refined-jiffies: mask: 0xffffffff max_cycles: 0xffffffff, max_idle_ns: 1910969940391419 ns
2021-03-08T18:50:03.144611-05:00 INFO kernel: [    0.000000] setup_percpu: NR_CPUS:8 nr_cpumask_bits:8 nr_cpu_ids:4 nr_node_ids:1
2021-03-08T18:50:03.144780-05:00 INFO kernel: [    0.000000] PERCPU: Embedded 32 pages/cpu @ffff88017fc00000 s93352 r8192 d29528 u524288
2021-03-08T18:50:03.144794-05:00 DEBUG kernel: [    0.000000] pcpu-alloc: s93352 r8192 d29528 u524288 alloc=1*2097152
2021-03-08T18:50:03.144803-05:00 DEBUG kernel: [    0.000000] pcpu-alloc: [0] 0 1 2 3 
2021-03-08T18:50:03.144810-05:00 INFO kernel: [    0.000000] Built 1 zonelists in Zone order, mobility grouping on.  Total pages: 1011264
2021-03-08T18:50:03.144818-05:00 NOTICE kernel: [    0.000000] Kernel command line: cros_secure console= loglevel=7 init=/sbin/init cros_secure root=/dev/dm-0 rootwait ro dm_verity.error_behavior=3 dm_verity.max_bios=-1 dm_verity.dev_wait=1 dm="1 vroot none ro 1,0 3584000 verity payload=PARTUUID=6c8bc571-8e95-a843-bc0a-9608a1c2ac65/PARTNROFF=1 hashtree=PARTUUID=6c8bc571-8e95-a843-bc0a-9608a1c2ac65/PARTNROFF=1 hashstart=3584000 alg=sha1 root_hexdigest=3e8df1ad07c15f9a811aa2a9915a17e8409ccf65 salt=0c7d85cad68fb231a34c12121d933c468594106200a09a1c158d34a9cc182c5e" noinitrd vt.global_cursor_default=0 kern_guid=6c8bc571-8e95-a843-bc0a-9608a1c2ac65 add_efi_memmap boot=local noresume noswap i915.modeset=1 tpm_tis.force=1 tpm_tis.interrupts=0 nmi_watchdog=panic,lapic  
2021-03-08T18:50:03.144825-05:00 INFO kernel: [    0.000000] device-mapper: init: will configure 1 devices
2021-03-08T18:50:03.144838-05:00 INFO kernel: [    0.000000] PID hash table entries: 4096 (order: 3, 32768 bytes)
2021-03-08T18:50:03.144846-05:00 INFO kernel: [    0.000000] Dentry cache hash table entries: 524288 (order: 10, 4194304 bytes)
2021-03-08T18:50:03.144853-05:00 INFO kernel: [    0.000000] Inode-cache hash table entries: 262144 (order: 9, 2097152 bytes)
2021-03-08T18:50:03.144861-05:00 INFO kernel: [    0.000000] Memory: 3953160K/4109364K available (8588K kernel code, 1022K rwdata, 2952K rodata, 1308K init, 924K bss, 156204K reserved, 0K cma-reserved)
2021-03-08T18:50:03.144868-05:00 INFO kernel: [    0.000000] SLUB: HWalign=64, Order=0-3, MinObjects=0, CPUs=4, Nodes=1
2021-03-08T18:50:03.144875-05:00 INFO kernel: [    0.000000] Kernel/User page tables isolation: enabled
2021-03-08T18:50:03.144888-05:00 INFO kernel: [    0.000000] Preemptible hierarchical RCU implementation.
2021-03-08T18:50:03.144896-05:00 INFO kernel: [    0.000000] 	Build-time adjustment of leaf fanout to 64.
2021-03-08T18:50:03.144903-05:00 INFO kernel: [    0.000000] 	RCU restricting CPUs from NR_CPUS=8 to nr_cpu_ids=4.
2021-03-08T18:50:03.144911-05:00 INFO kernel: [    0.000000] RCU: Adjusting geometry for rcu_fanout_leaf=64, nr_cpu_ids=4
2021-03-08T18:50:03.144918-05:00 INFO kernel: [    0.000000] NR_IRQS:4352 nr_irqs:1024 16
2021-03-08T18:50:03.144925-05:00 INFO kernel: [    0.000000] Maximum core-clock to bus-clock ratio: 0x16
2021-03-08T18:50:03.144932-05:00 INFO kernel: [    0.000000] Resolved frequency ID: 0, frequency: 83200 KHz
2021-03-08T18:50:03.144944-05:00 INFO kernel: [    0.000000] TSC runs at 1830400 KHz
2021-03-08T18:50:03.144952-05:00 INFO kernel: [    0.000000] lapic_timer_frequency = 83200
2021-03-08T18:50:03.144959-05:00 INFO kernel: [    0.000000] tsc: Initial usec timer 1264328
2021-03-08T18:50:03.144966-05:00 INFO kernel: [    0.000000] tsc: Detected 1830.400 MHz processor
2021-03-08T18:50:03.144973-05:00 INFO kernel: [    0.000005] Calibrating delay loop (skipped), value calculated using timer frequency.. 3660.80 BogoMIPS (lpj=1830400)
2021-03-08T18:50:03.144981-05:00 INFO kernel: [    0.000011] pid_max: default: 32768 minimum: 301
2021-03-08T18:50:03.144992-05:00 INFO kernel: [    0.000022] ACPI: Core revision 20150930
2021-03-08T18:50:03.145075-05:00 WARNING kernel: [    0.006967] ACPI: 2 ACPI AML tables successfully acquired and loaded
2021-03-08T18:50:03.145085-05:00 INFO kernel: [    0.007007] Security Framework initialized
2021-03-08T18:50:03.145092-05:00 INFO kernel: [    0.007012] Yama: becoming mindful.
2021-03-08T18:50:03.145100-05:00 INFO kernel: [    0.007021] Chromium OS LSM: enabled
2021-03-08T18:50:03.145105-05:00 INFO kernel: [    0.007024] SELinux:  Initializing.
2021-03-08T18:50:03.145112-05:00 DEBUG kernel: [    0.007039] SELinux:  Starting in permissive mode
2021-03-08T18:50:03.145125-05:00 INFO kernel: [    0.007063] Mount-cache hash table entries: 8192 (order: 4, 65536 bytes)
2021-03-08T18:50:03.145133-05:00 INFO kernel: [    0.007069] Mountpoint-cache hash table entries: 8192 (order: 4, 65536 bytes)
2021-03-08T18:50:03.145141-05:00 INFO kernel: [    0.007425] Initializing cgroup subsys devices
2021-03-08T18:50:03.145148-05:00 INFO kernel: [    0.007435] Initializing cgroup subsys freezer
2021-03-08T18:50:03.145155-05:00 INFO kernel: [    0.007458] CPU: Physical Processor ID: 0
2021-03-08T18:50:03.145162-05:00 INFO kernel: [    0.007462] CPU: Processor Core ID: 0
2021-03-08T18:50:03.145169-05:00 WARNING kernel: [    0.007468] ENERGY_PERF_BIAS: Set to 'normal', was 'performance'
2021-03-08T18:50:03.145182-05:00 WARNING kernel: [    0.007471] ENERGY_PERF_BIAS: View and update with x86_energy_perf_policy(8)
2021-03-08T18:50:03.145190-05:00 INFO kernel: [    0.007476] Disabling VMX on cpu 0
2021-03-08T18:50:03.145197-05:00 INFO kernel: [    0.012255] mce: CPU supports 6 MCE banks
2021-03-08T18:50:03.145204-05:00 INFO kernel: [    0.012270] CPU0: Thermal monitoring enabled (TM1)
2021-03-08T18:50:03.145212-05:00 INFO kernel: [    0.012275] process: using mwait in idle threads
2021-03-08T18:50:03.145218-05:00 INFO kernel: [    0.012281] Last level iTLB entries: 4KB 48, 2MB 0, 4MB 0
2021-03-08T18:50:03.145230-05:00 INFO kernel: [    0.012285] Last level dTLB entries: 4KB 128, 2MB 16, 4MB 16, 1GB 0
2021-03-08T18:50:03.145238-05:00 INFO kernel: [    0.012297] Spectre V2 : Mitigation: Full generic retpoline
2021-03-08T18:50:03.145244-05:00 INFO kernel: [    0.012300] Spectre V2 : Spectre v2 / SpectreRSB mitigation: Filling RSB on context switch
2021-03-08T18:50:03.145251-05:00 INFO kernel: [    0.012303] Spectre V2 : Enabling Restricted Speculation for firmware calls
2021-03-08T18:50:03.145258-05:00 INFO kernel: [    0.012310] Spectre V2 : mitigation: Enabling conditional Indirect Branch Prediction Barrier
2021-03-08T18:50:03.145265-05:00 INFO kernel: [    0.012313] Spectre V2 : User space: Mitigation: STIBP via seccomp and prctl
2021-03-08T18:50:03.145273-05:00 INFO kernel: [    0.012316] MDS: Mitigation: Clear CPU buffers
2021-03-08T18:50:03.145285-05:00 INFO kernel: [    0.012870] Freeing SMP alternatives memory: 32K
2021-03-08T18:50:03.145292-05:00 INFO kernel: [    0.014260] ftrace: allocating 30825 entries in 121 pages
2021-03-08T18:50:03.145300-05:00 INFO kernel: [    0.048493] ..TIMER: vector=0x30 apic1=0 pin1=2 apic2=-1 pin2=-1
2021-03-08T18:50:03.145307-05:00 DEBUG kernel: [    0.058521] TSC deadline timer enabled
2021-03-08T18:50:03.145314-05:00 INFO kernel: [    0.058528] smpboot: CPU0: Intel(R) Celeron(R) CPU  N2940  @ 1.83GHz (family: 0x6, model: 0x37, stepping: 0x8)
2021-03-08T18:50:03.145322-05:00 INFO kernel: [    0.058567] Performance Events: PEBS fmt2+, 8-deep LBR, Silvermont events, full-width counters, Intel PMU driver.
2021-03-08T18:50:03.145334-05:00 INFO kernel: [    0.058585] ... version:                3
2021-03-08T18:50:03.145342-05:00 INFO kernel: [    0.058588] ... bit width:              40
2021-03-08T18:50:03.145350-05:00 INFO kernel: [    0.058591] ... generic registers:      2
2021-03-08T18:50:03.145357-05:00 INFO kernel: [    0.058594] ... value mask:             000000ffffffffff
2021-03-08T18:50:03.145364-05:00 INFO kernel: [    0.058597] ... max period:             0000007fffffffff
2021-03-08T18:50:03.145371-05:00 INFO kernel: [    0.058599] ... fixed-purpose events:   3
2021-03-08T18:50:03.145384-05:00 INFO kernel: [    0.058602] ... event mask:             0000000700000003
2021-03-08T18:50:03.145391-05:00 INFO kernel: [    0.067621] x86: Booting SMP configuration:
2021-03-08T18:50:03.145398-05:00 INFO kernel: [    0.067627] .... node  #0, CPUs:      #1
2021-03-08T18:50:03.145405-05:00 INFO kernel: [    0.067772] Disabling VMX on cpu 1
2021-03-08T18:50:03.145413-05:00 INFO kernel: [    0.074804] NMI watchdog: enabled on all CPUs, permanently consumes one hw-PMU counter.
2021-03-08T18:50:03.145420-05:00 WARNING kernel: [    0.077632]  #2
2021-03-08T18:50:03.145427-05:00 INFO kernel: [    0.079961] Disabling VMX on cpu 2
2021-03-08T18:50:03.145439-05:00 WARNING kernel: [    0.089822]  #3<6>[    0.089898] Disabling VMX on cpu 3
2021-03-08T18:50:03.145447-05:00 INFO kernel: [    0.096749] x86: Booted up 1 node, 4 CPUs
2021-03-08T18:50:03.145454-05:00 INFO kernel: [    0.096757] smpboot: Total of 4 processors activated (14643.20 BogoMIPS)
2021-03-08T18:50:03.145461-05:00 INFO kernel: [    0.097292] CPU3: update max cpu_capacity 1024
2021-03-08T18:50:03.145468-05:00 INFO kernel: [    0.097744] devtmpfs: initialized
2021-03-08T18:50:03.145476-05:00 INFO kernel: [    0.098732] CPU0: update max cpu_capacity 1024
2021-03-08T18:50:03.145488-05:00 INFO kernel: [    0.098838] clocksource: jiffies: mask: 0xffffffff max_cycles: 0xffffffff, max_idle_ns: 1911260446275000 ns
2021-03-08T18:50:03.145496-05:00 INFO kernel: [    0.098853] futex hash table entries: 1024 (order: 4, 65536 bytes)
2021-03-08T18:50:03.145503-05:00 INFO kernel: [    0.099065] pinctrl core: initialized pinctrl subsystem
2021-03-08T18:50:03.145510-05:00 INFO kernel: [    0.099166] RTC time: 23:50:01, date: 03/08/21
2021-03-08T18:50:03.145517-05:00 INFO kernel: [    0.099482] NET: Registered protocol family 16
2021-03-08T18:50:03.145524-05:00 INFO kernel: [    0.103274] cpuidle: using governor ladder
2021-03-08T18:50:03.145529-05:00 INFO kernel: [    0.107289] cpuidle: using governor menu
2021-03-08T18:50:03.145543-05:00 INFO kernel: [    0.107627] clocksource: Switched to clocksource refined-jiffies
2021-03-08T18:50:03.145551-05:00 INFO kernel: [    0.107636] ACPI: bus type PCI registered
2021-03-08T18:50:03.145558-05:00 INFO kernel: [    0.107762] PCI: MMCONFIG for domain 0000 [bus 00-ff] at [mem 0xe0000000-0xefffffff] (base 0xe0000000)
2021-03-08T18:50:03.145565-05:00 INFO kernel: [    0.107768] PCI: MMCONFIG at [mem 0xe0000000-0xefffffff] reserved in E820
2021-03-08T18:50:03.145572-05:00 INFO kernel: [    0.107808] PCI: Using configuration type 1 for base access
2021-03-08T18:50:03.145580-05:00 INFO kernel: [    0.117138] ACPI: Added _OSI(Module Device)
2021-03-08T18:50:03.145591-05:00 INFO kernel: [    0.117144] ACPI: Added _OSI(Processor Device)
2021-03-08T18:50:03.145599-05:00 INFO kernel: [    0.117148] ACPI: Added _OSI(3.0 _SCP Extensions)
2021-03-08T18:50:03.145606-05:00 INFO kernel: [    0.117152] ACPI: Added _OSI(Processor Aggregator Device)
2021-03-08T18:50:03.145614-05:00 INFO kernel: [    0.126191] ACPI : EC: EC started
2021-03-08T18:50:03.145621-05:00 INFO kernel: [    0.126395] ACPI: Interpreter enabled
2021-03-08T18:50:03.145628-05:00 INFO kernel: [    0.126426] ACPI: (supports S0 S3 S5)
2021-03-08T18:50:03.145635-05:00 INFO kernel: [    0.126430] ACPI: Using IOAPIC for interrupt routing
2021-03-08T18:50:03.145647-05:00 INFO kernel: [    0.126486] PCI: Using host bridge windows from ACPI; if necessary, use "pci=nocrs" and report a bug
2021-03-08T18:50:03.145655-05:00 INFO kernel: [    0.136181] ACPI: Power Resource [PLPE] (on)
2021-03-08T18:50:03.145662-05:00 INFO kernel: [    0.138763] ACPI: PCI Root Bridge [PCI0] (domain 0000 [bus 00-ff])
2021-03-08T18:50:03.145669-05:00 INFO kernel: [    0.138777] acpi PNP0A08:00: _OSC: OS supports [ExtendedConfig ASPM ClockPM Segments MSI]
2021-03-08T18:50:03.145676-05:00 INFO kernel: [    0.138900] acpi PNP0A08:00: _OSC: OS now controls [PCIeHotplug PME AER PCIeCapability]
2021-03-08T18:50:03.145683-05:00 INFO kernel: [    0.139119] PCI host bridge to bus 0000:00
2021-03-08T18:50:03.145702-05:00 INFO kernel: [    0.139127] pci_bus 0000:00: root bus resource [io  0x0000-0x0cf7 window]
2021-03-08T18:50:03.145711-05:00 INFO kernel: [    0.139133] pci_bus 0000:00: root bus resource [io  0x0d00-0xffff window]
2021-03-08T18:50:03.145718-05:00 INFO kernel: [    0.139139] pci_bus 0000:00: root bus resource [mem 0x000a0000-0x000bffff window]
2021-03-08T18:50:03.145726-05:00 INFO kernel: [    0.139144] pci_bus 0000:00: root bus resource [mem 0x000c0000-0x000c3fff window]
2021-03-08T18:50:03.145733-05:00 INFO kernel: [    0.139149] pci_bus 0000:00: root bus resource [mem 0x000c4000-0x000c7fff window]
2021-03-08T18:50:03.145743-05:00 INFO kernel: [    0.139154] pci_bus 0000:00: root bus resource [mem 0x000c8000-0x000cbfff window]
2021-03-08T18:50:03.145750-05:00 INFO kernel: [    0.139160] pci_bus 0000:00: root bus resource [mem 0x000cc000-0x000cffff window]
2021-03-08T18:50:03.145960-05:00 INFO kernel: [    0.139165] pci_bus 0000:00: root bus resource [mem 0x000d0000-0x000d3fff window]
2021-03-08T18:50:03.146197-05:00 INFO kernel: [    0.139170] pci_bus 0000:00: root bus resource [mem 0x000d4000-0x000d7fff window]
2021-03-08T18:50:03.146207-05:00 INFO kernel: [    0.139175] pci_bus 0000:00: root bus resource [mem 0x000d8000-0x000dbfff window]
2021-03-08T18:50:03.146214-05:00 INFO kernel: [    0.139180] pci_bus 0000:00: root bus resource [mem 0x000dc000-0x000dffff window]
2021-03-08T18:50:03.146222-05:00 INFO kernel: [    0.139188] pci_bus 0000:00: root bus resource [mem 0x000e0000-0x000e3fff window]
2021-03-08T18:50:03.146229-05:00 INFO kernel: [    0.139194] pci_bus 0000:00: root bus resource [mem 0x000e4000-0x000e7fff window]
2021-03-08T18:50:03.146246-05:00 INFO kernel: [    0.139199] pci_bus 0000:00: root bus resource [mem 0x000e8000-0x000ebfff window]
2021-03-08T18:50:03.146254-05:00 INFO kernel: [    0.139204] pci_bus 0000:00: root bus resource [mem 0x000ec000-0x000effff window]
2021-03-08T18:50:03.146262-05:00 INFO kernel: [    0.139209] pci_bus 0000:00: root bus resource [mem 0x000f0000-0x000fffff window]
2021-03-08T18:50:03.146270-05:00 INFO kernel: [    0.139214] pci_bus 0000:00: root bus resource [mem 0x80000000-0xfeafffff window]
2021-03-08T18:50:03.146277-05:00 INFO kernel: [    0.139220] pci_bus 0000:00: root bus resource [mem 0xfed40000-0xfed44fff window]
2021-03-08T18:50:03.146284-05:00 INFO kernel: [    0.139226] pci_bus 0000:00: root bus resource [bus 00-ff]
2021-03-08T18:50:03.146291-05:00 DEBUG kernel: [    0.139242] pci 0000:00:00.0: [8086:0f00] type 00 class 0x060000
2021-03-08T18:50:03.146306-05:00 DEBUG kernel: [    0.139403] pci 0000:00:02.0: [8086:0f31] type 00 class 0x030000
2021-03-08T18:50:03.146314-05:00 DEBUG kernel: [    0.139430] pci 0000:00:02.0: reg 0x10: [mem 0xd0000000-0xd03fffff]
2021-03-08T18:50:03.146322-05:00 DEBUG kernel: [    0.139446] pci 0000:00:02.0: reg 0x18: [mem 0xc0000000-0xcfffffff pref]
2021-03-08T18:50:03.146332-05:00 DEBUG kernel: [    0.139462] pci 0000:00:02.0: reg 0x20: [io  0x1000-0x1007]
2021-03-08T18:50:03.146340-05:00 DEBUG kernel: [    0.139631] pci 0000:00:14.0: [8086:0f35] type 00 class 0x0c0330
2021-03-08T18:50:03.146676-05:00 DEBUG kernel: [    0.139666] pci 0000:00:14.0: reg 0x10: [mem 0xd0900000-0xd090ffff 64bit]
2021-03-08T18:50:03.146692-05:00 DEBUG kernel: [    0.139733] pci 0000:00:14.0: PME# supported from D3hot D3cold
2021-03-08T18:50:03.146701-05:00 INFO kernel: [    0.139785] pci 0000:00:14.0: System wakeup disabled by ACPI
2021-03-08T18:50:03.146709-05:00 DEBUG kernel: [    0.139898] pci 0000:00:1a.0: [8086:0f18] type 00 class 0x108000
2021-03-08T18:50:03.146716-05:00 DEBUG kernel: [    0.139946] pci 0000:00:1a.0: reg 0x10: [mem 0xd0600000-0xd06fffff]
2021-03-08T18:50:03.146723-05:00 DEBUG kernel: [    0.139964] pci 0000:00:1a.0: reg 0x14: [mem 0xd0700000-0xd07fffff]
2021-03-08T18:50:03.146730-05:00 DEBUG kernel: [    0.140069] pci 0000:00:1a.0: PME# supported from D0 D3hot
2021-03-08T18:50:03.146737-05:00 DEBUG kernel: [    0.140201] pci 0000:00:1b.0: [8086:0f04] type 00 class 0x040300
2021-03-08T18:50:03.146752-05:00 DEBUG kernel: [    0.140240] pci 0000:00:1b.0: reg 0x10: [mem 0xd0914000-0xd0917fff 64bit]
2021-03-08T18:50:03.146761-05:00 DEBUG kernel: [    0.140317] pci 0000:00:1b.0: PME# supported from D0 D3hot D3cold
2021-03-08T18:50:03.146768-05:00 DEBUG kernel: [    0.140446] pci 0000:00:1c.0: [8086:0f48] type 01 class 0x060400
2021-03-08T18:50:03.146775-05:00 DEBUG kernel: [    0.140533] pci 0000:00:1c.0: PME# supported from D0 D3hot D3cold
2021-03-08T18:50:03.146783-05:00 DEBUG kernel: [    0.140686] pci 0000:00:1f.0: [8086:0f1c] type 00 class 0x060100
2021-03-08T18:50:03.146790-05:00 DEBUG kernel: [    0.141007] pci 0000:01:00.0: [8086:08b2] type 00 class 0x028000
2021-03-08T18:50:03.146797-05:00 DEBUG kernel: [    0.141088] pci 0000:01:00.0: reg 0x10: [mem 0xd0800000-0xd0801fff 64bit]
2021-03-08T18:50:03.146811-05:00 DEBUG kernel: [    0.141291] pci 0000:01:00.0: PME# supported from D0 D3hot D3cold
2021-03-08T18:50:03.146820-05:00 INFO kernel: [    0.143586] pci 0000:00:1c.0: PCI bridge to [bus 01]
2021-03-08T18:50:03.146828-05:00 DEBUG kernel: [    0.143597] pci 0000:00:1c.0:   bridge window [mem 0xd0800000-0xd08fffff]
2021-03-08T18:50:03.146835-05:00 DEBUG kernel: [    0.143613] pci_bus 0000:00: on NUMA node 0
2021-03-08T18:50:03.146842-05:00 INFO kernel: [    0.143918] ACPI: PCI Interrupt Link [LNKA] (IRQs 1 3 4 5 6 7 10 12 14 15) *0
2021-03-08T18:50:03.146849-05:00 INFO kernel: [    0.144073] ACPI: PCI Interrupt Link [LNKB] (IRQs 1 3 4 5 6 7 11 12 14 15) *0
2021-03-08T18:50:03.146864-05:00 INFO kernel: [    0.144222] ACPI: PCI Interrupt Link [LNKC] (IRQs 1 3 4 5 6 7 10 12 14 15) *0
2021-03-08T18:50:03.146873-05:00 INFO kernel: [    0.144370] ACPI: PCI Interrupt Link [LNKD] (IRQs 1 3 4 5 6 7 11 12 14 15) *0
2021-03-08T18:50:03.146880-05:00 INFO kernel: [    0.144517] ACPI: PCI Interrupt Link [LNKE] (IRQs 1 3 4 5 6 7 10 12 14 15) *0
2021-03-08T18:50:03.146888-05:00 INFO kernel: [    0.144675] ACPI: PCI Interrupt Link [LNKF] (IRQs 1 3 4 5 6 7 11 12 14 15) *0
2021-03-08T18:50:03.146895-05:00 INFO kernel: [    0.144822] ACPI: PCI Interrupt Link [LNKG] (IRQs 1 3 4 5 6 7 10 12 14 15) *0
2021-03-08T18:50:03.146902-05:00 INFO kernel: [    0.144970] ACPI: PCI Interrupt Link [LNKH] (IRQs 1 3 4 5 6 7 11 12 14 15) *0
2021-03-08T18:50:03.146909-05:00 DEBUG kernel: [    0.145771] gpiochip_find_base: found new base at 410
2021-03-08T18:50:03.146924-05:00 DEBUG kernel: [    0.145834] gpiochip_add_data: registered GPIOs 410 to 511 on device: INT33FC:00
2021-03-08T18:50:03.146933-05:00 DEBUG kernel: [    0.146572] gpiochip_find_base: found new base at 382
2021-03-08T18:50:03.146940-05:00 DEBUG kernel: [    0.146637] gpiochip_add_data: registered GPIOs 382 to 409 on device: INT33FC:01
2021-03-08T18:50:03.146945-05:00 DEBUG kernel: [    0.146962] gpiochip_find_base: found new base at 338
2021-03-08T18:50:03.146953-05:00 DEBUG kernel: [    0.147021] gpiochip_add_data: registered GPIOs 338 to 381 on device: INT33FC:02
2021-03-08T18:50:03.146960-05:00 INFO kernel: [    0.151966] ACPI : EC: GPE = 0x18, I/O: command/status = 0x66, data = 0x62
2021-03-08T18:50:03.146975-05:00 ERR kernel: [    0.152094] dw_dmac INTL9C60:00: Missing DT data
2021-03-08T18:50:03.146983-05:00 INFO kernel: [    0.152480] dw_dmac INTL9C60:00: DesignWare DMA Controller, 8 channels
2021-03-08T18:50:03.146990-05:00 ERR kernel: [    0.152519] dw_dmac INTL9C60:01: Missing DT data
2021-03-08T18:50:03.146998-05:00 INFO kernel: [    0.152898] dw_dmac INTL9C60:01: DesignWare DMA Controller, 8 channels
2021-03-08T18:50:03.147074-05:00 NOTICE kernel: [    0.153148] SCSI subsystem initialized
2021-03-08T18:50:03.147083-05:00 DEBUG kernel: [    0.153287] libata version 3.00 loaded.
2021-03-08T18:50:03.147090-05:00 INFO kernel: [    0.153392] ACPI: bus type USB registered
2021-03-08T18:50:03.147106-05:00 INFO kernel: [    0.153448] usbcore: registered new interface driver usbfs
2021-03-08T18:50:03.147153-05:00 INFO kernel: [    0.153483] usbcore: registered new interface driver hub
2021-03-08T18:50:03.147164-05:00 INFO kernel: [    0.153527] usbcore: registered new device driver usb
2021-03-08T18:50:03.147172-05:00 INFO kernel: [    0.176542] media: Linux media interface: v0.10
2021-03-08T18:50:03.147180-05:00 INFO kernel: [    0.176569] Linux video capture interface: v2.00
2021-03-08T18:50:03.147187-05:00 NOTICE kernel: [    0.176910] chromeos_acpi: registering CHSW 0
2021-03-08T18:50:03.147209-05:00 NOTICE kernel: [    0.177296] chromeos_acpi: registering VBNV 0
2021-03-08T18:50:03.147218-05:00 NOTICE kernel: [    0.177305] chromeos_acpi: registering VBNV 1
2021-03-08T18:50:03.147226-05:00 INFO kernel: [    0.177790] chromeos_acpi: truncating buffer from 3072 to 1336
2021-03-08T18:50:03.147231-05:00 INFO kernel: [    0.178172] chromeos_acpi: installed
2021-03-08T18:50:03.147238-05:00 INFO kernel: [    0.178176] chromeos_acpi: chromeos_acpi: enabling S3 USB wake
2021-03-08T18:50:03.147246-05:00 INFO kernel: [    0.178269] Advanced Linux Sound Architecture Driver Initialized.
2021-03-08T18:50:03.147253-05:00 INFO kernel: [    0.178276] PCI: Using ACPI for IRQ routing
2021-03-08T18:50:03.147268-05:00 DEBUG kernel: [    0.184867] PCI: pci_cache_line_size set to 64 bytes
2021-03-08T18:50:03.147277-05:00 DEBUG kernel: [    0.184927] e820: reserve RAM buffer [mem 0x7ae6e000-0x7bffffff]
2021-03-08T18:50:03.147283-05:00 NOTICE kernel: [    0.185647] amd_nb: Cannot enumerate AMD northbridges
2021-03-08T18:50:03.147290-05:00 INFO kernel: [    0.208024] pnp: PnP ACPI init
2021-03-08T18:50:03.147298-05:00 INFO kernel: [    0.208236] system 00:00: [mem 0xfeb00000-0xfebfffff] has been reserved
2021-03-08T18:50:03.147305-05:00 INFO kernel: [    0.208245] system 00:00: [mem 0xe0000000-0xefffffff] could not be reserved
2021-03-08T18:50:03.147320-05:00 INFO kernel: [    0.208252] system 00:00: [mem 0xfed03000-0xfed033ff] has been reserved
2021-03-08T18:50:03.147328-05:00 INFO kernel: [    0.208258] system 00:00: [mem 0xfed08000-0xfed083ff] has been reserved
2021-03-08T18:50:03.147336-05:00 INFO kernel: [    0.208264] system 00:00: [mem 0xfed01000-0xfed013ff] has been reserved
2021-03-08T18:50:03.147344-05:00 INFO kernel: [    0.208270] system 00:00: [mem 0xfef00000-0xfeffffff] has been reserved
2021-03-08T18:50:03.147351-05:00 INFO kernel: [    0.208276] system 00:00: [mem 0xfed05000-0xfed057ff] has been reserved
2021-03-08T18:50:03.147359-05:00 INFO kernel: [    0.208282] system 00:00: [mem 0xfed1c000-0xfed1c3ff] has been reserved
2021-03-08T18:50:03.147366-05:00 DEBUG kernel: [    0.208294] system 00:00: Plug and Play ACPI device, IDs PNP0c02 (active)
2021-03-08T18:50:03.147381-05:00 INFO kernel: [    0.208745] system 00:01: [mem 0xfed00000-0xfed003ff] has been reserved
2021-03-08T18:50:03.147389-05:00 DEBUG kernel: [    0.208757] system 00:01: Plug and Play ACPI device, IDs PNP0103 PNP0c01 (active)
2021-03-08T18:50:03.147397-05:00 DEBUG kernel: [    0.208872] system 00:02: Plug and Play ACPI device, IDs PNP0c02 (active)
2021-03-08T18:50:03.147404-05:00 DEBUG kernel: [    0.208945] pnp 00:03: Plug and Play ACPI device, IDs PNP0b00 (active)
2021-03-08T18:50:03.147411-05:00 INFO kernel: [    0.209063] system 00:04: [io  0x0900-0x09fe] has been reserved
2021-03-08T18:50:03.147418-05:00 DEBUG kernel: [    0.209074] system 00:04: Plug and Play ACPI device, IDs PNP0c02 (active)
2021-03-08T18:50:03.147425-05:00 INFO kernel: [    0.209185] system 00:05: [io  0x0200] has been reserved
2021-03-08T18:50:03.147440-05:00 INFO kernel: [    0.209193] system 00:05: [io  0x0204] has been reserved
2021-03-08T18:50:03.147448-05:00 INFO kernel: [    0.209199] system 00:05: [io  0x0800-0x087f] has been reserved
2021-03-08T18:50:03.147456-05:00 INFO kernel: [    0.209205] system 00:05: [io  0x0880-0x08ff] has been reserved
2021-03-08T18:50:03.147463-05:00 DEBUG kernel: [    0.209214] system 00:05: Plug and Play ACPI device, IDs PNP0c02 (active)
2021-03-08T18:50:03.147471-05:00 DEBUG kernel: [    0.209328] pnp 00:06: Plug and Play ACPI device, IDs PNP0303 PNP030b (active)
2021-03-08T18:50:03.147478-05:00 DEBUG kernel: [    0.209463] pnp 00:07: Plug and Play ACPI device, IDs IFX0102 PNP0c31 (active)
2021-03-08T18:50:03.147494-05:00 INFO kernel: [    0.210449] pnp: PnP ACPI: found 8 devices
2021-03-08T18:50:03.147503-05:00 INFO kernel: [    0.215912] clocksource: acpi_pm: mask: 0xffffff max_cycles: 0xffffff, max_idle_ns: 2085701024 ns
2021-03-08T18:50:03.147510-05:00 INFO kernel: [    0.215945] clocksource: Switched to clocksource acpi_pm
2021-03-08T18:50:03.147517-05:00 INFO kernel: [    0.216083] pci 0000:00:1c.0: PCI bridge to [bus 01]
2021-03-08T18:50:03.147525-05:00 INFO kernel: [    0.216094] pci 0000:00:1c.0:   bridge window [mem 0xd0800000-0xd08fffff]
2021-03-08T18:50:03.147532-05:00 DEBUG kernel: [    0.216107] pci_bus 0000:00: resource 4 [io  0x0000-0x0cf7 window]
2021-03-08T18:50:03.147539-05:00 DEBUG kernel: [    0.216112] pci_bus 0000:00: resource 5 [io  0x0d00-0xffff window]
2021-03-08T18:50:03.147554-05:00 DEBUG kernel: [    0.216118] pci_bus 0000:00: resource 6 [mem 0x000a0000-0x000bffff window]
2021-03-08T18:50:03.147562-05:00 DEBUG kernel: [    0.216123] pci_bus 0000:00: resource 7 [mem 0x000c0000-0x000c3fff window]
2021-03-08T18:50:03.147570-05:00 DEBUG kernel: [    0.216128] pci_bus 0000:00: resource 8 [mem 0x000c4000-0x000c7fff window]
2021-03-08T18:50:03.147577-05:00 DEBUG kernel: [    0.216133] pci_bus 0000:00: resource 9 [mem 0x000c8000-0x000cbfff window]
2021-03-08T18:50:03.147584-05:00 DEBUG kernel: [    0.216138] pci_bus 0000:00: resource 10 [mem 0x000cc000-0x000cffff window]
2021-03-08T18:50:03.147591-05:00 DEBUG kernel: [    0.216144] pci_bus 0000:00: resource 11 [mem 0x000d0000-0x000d3fff window]
2021-03-08T18:50:03.147606-05:00 DEBUG kernel: [    0.216149] pci_bus 0000:00: resource 12 [mem 0x000d4000-0x000d7fff window]
2021-03-08T18:50:03.147787-05:00 DEBUG kernel: [    0.216154] pci_bus 0000:00: resource 13 [mem 0x000d8000-0x000dbfff window]
2021-03-08T18:50:03.147795-05:00 DEBUG kernel: [    0.216159] pci_bus 0000:00: resource 14 [mem 0x000dc000-0x000dffff window]
2021-03-08T18:50:03.147803-05:00 DEBUG kernel: [    0.216164] pci_bus 0000:00: resource 15 [mem 0x000e0000-0x000e3fff window]
2021-03-08T18:50:03.147810-05:00 DEBUG kernel: [    0.216169] pci_bus 0000:00: resource 16 [mem 0x000e4000-0x000e7fff window]
2021-03-08T18:50:03.147818-05:00 DEBUG kernel: [    0.216174] pci_bus 0000:00: resource 17 [mem 0x000e8000-0x000ebfff window]
2021-03-08T18:50:03.147825-05:00 DEBUG kernel: [    0.216179] pci_bus 0000:00: resource 18 [mem 0x000ec000-0x000effff window]
2021-03-08T18:50:03.147840-05:00 DEBUG kernel: [    0.216185] pci_bus 0000:00: resource 19 [mem 0x000f0000-0x000fffff window]
2021-03-08T18:50:03.147849-05:00 DEBUG kernel: [    0.216190] pci_bus 0000:00: resource 20 [mem 0x80000000-0xfeafffff window]
2021-03-08T18:50:03.147857-05:00 DEBUG kernel: [    0.216195] pci_bus 0000:00: resource 21 [mem 0xfed40000-0xfed44fff window]
2021-03-08T18:50:03.147864-05:00 DEBUG kernel: [    0.216201] pci_bus 0000:01: resource 1 [mem 0xd0800000-0xd08fffff]
2021-03-08T18:50:03.147872-05:00 INFO kernel: [    0.216258] NET: Registered protocol family 2
2021-03-08T18:50:03.147879-05:00 INFO kernel: [    0.216548] TCP established hash table entries: 32768 (order: 6, 262144 bytes)
2021-03-08T18:50:03.147894-05:00 INFO kernel: [    0.216657] TCP bind hash table entries: 32768 (order: 8, 1048576 bytes)
2021-03-08T18:50:03.147903-05:00 INFO kernel: [    0.217044] TCP: Hash tables configured (established 32768 bind 32768)
2021-03-08T18:50:03.147911-05:00 INFO kernel: [    0.217120] UDP hash table entries: 2048 (order: 5, 196608 bytes)
2021-03-08T18:50:03.147918-05:00 INFO kernel: [    0.217192] UDP-Lite hash table entries: 2048 (order: 5, 196608 bytes)
2021-03-08T18:50:03.147925-05:00 INFO kernel: [    0.217381] NET: Registered protocol family 1
2021-03-08T18:50:03.147932-05:00 DEBUG kernel: [    0.217421] pci 0000:00:02.0: Video device with shadowed ROM
2021-03-08T18:50:03.147940-05:00 DEBUG kernel: [    0.218730] PCI: CLS 64 bytes, default 64
2021-03-08T18:50:03.147954-05:00 INFO kernel: [    0.218874] PCI-DMA: Using software bounce buffering for IO (SWIOTLB)
2021-03-08T18:50:03.147963-05:00 INFO kernel: [    0.218880] software IO TLB: mapped [mem 0x76e6e000-0x7ae6e000] (64MB)
2021-03-08T18:50:03.147971-05:00 INFO kernel: [    0.220096] Scanning for low memory corruption every 60 seconds
2021-03-08T18:50:03.147978-05:00 INFO kernel: [    0.220920] audit: initializing netlink subsys (disabled)
2021-03-08T18:50:03.147986-05:00 NOTICE kernel: [    0.220954] audit: type=2000 audit(1615247401.161:1): initialized
2021-03-08T18:50:03.147993-05:00 NOTICE kernel: [    0.226177] VFS: Disk quotas dquot_6.6.0
2021-03-08T18:50:03.148078-05:00 INFO kernel: [    0.226272] VFS: Dquot-cache hash table entries: 512 (order 0, 4096 bytes)
2021-03-08T18:50:03.148098-05:00 INFO kernel: [    0.227084] squashfs: version 4.0 (2009/01/31) Phillip Lougher
2021-03-08T18:50:03.148107-05:00 INFO kernel: [    0.227427] Registering esdfs 0.2
2021-03-08T18:50:03.148114-05:00 INFO kernel: [    0.227545] device_jail: allocated device range 261095424 -> 261095680
2021-03-08T18:50:03.148122-05:00 INFO kernel: [    0.227757] alt_syscall: table 'read_write_test' available.
2021-03-08T18:50:03.148129-05:00 INFO kernel: [    0.227785] alt_syscall: table 'android' available.
2021-03-08T18:50:03.148134-05:00 INFO kernel: [    0.227806] alt_syscall: table 'android_permissive' available.
2021-03-08T18:50:03.148150-05:00 INFO kernel: [    0.227822] alt_syscall: table 'third_party' available.
2021-03-08T18:50:03.148158-05:00 INFO kernel: [    0.227838] alt_syscall: table 'third_party_permissive' available.
2021-03-08T18:50:03.148166-05:00 INFO kernel: [    0.227856] alt_syscall: table 'complete' available.
2021-03-08T18:50:03.148173-05:00 INFO kernel: [    0.227872] alt_syscall: table 'complete_permissive' available.
2021-03-08T18:50:03.148180-05:00 DEBUG kernel: [    0.227879] SELinux:  Registering netfilter hooks
2021-03-08T18:50:03.148188-05:00 INFO kernel: [    0.231223] Block layer SCSI generic (bsg) driver version 0.4 loaded (major 248)
2021-03-08T18:50:03.148195-05:00 INFO kernel: [    0.231233] io scheduler noop registered
2021-03-08T18:50:03.148210-05:00 INFO kernel: [    0.231240] io scheduler deadline registered
2021-03-08T18:50:03.148218-05:00 INFO kernel: [    0.231371] io scheduler cfq registered (default)
2021-03-08T18:50:03.148226-05:00 DEBUG kernel: [    0.232481] aer 0000:00:1c.0:pcie02: service driver aer loaded
2021-03-08T18:50:03.148233-05:00 INFO kernel: [    0.232527] pcieport 0000:00:1c.0: Signaling PME through PCIe PME interrupt
2021-03-08T18:50:03.148240-05:00 INFO kernel: [    0.232533] pci 0000:01:00.0: Signaling PME through PCIe PME interrupt
2021-03-08T18:50:03.148248-05:00 DEBUG kernel: [    0.232540] pcie_pme 0000:00:1c.0:pcie01: service driver pcie_pme loaded
2021-03-08T18:50:03.148264-05:00 INFO kernel: [    0.232560] pci_hotplug: PCI Hot Plug PCI Core version: 0.5
2021-03-08T18:50:03.148273-05:00 INFO kernel: [    0.232583] pciehp: PCI Express Hot Plug Controller Driver version: 0.4
2021-03-08T18:50:03.148280-05:00 DEBUG kernel: [    0.232619] intel_idle: MWAIT substates: 0x33000020
2021-03-08T18:50:03.148288-05:00 DEBUG kernel: [    0.232622] intel_idle: v0.4.1 model 0x37
2021-03-08T18:50:03.148295-05:00 DEBUG kernel: [    0.233054] intel_idle: lapic_timer_reliable_states 0xffffffff
2021-03-08T18:50:03.148302-05:00 INFO kernel: [    0.233200] ACPI: AC Adapter [AC] (off-line)
2021-03-08T18:50:03.148309-05:00 INFO kernel: [    0.233388] input: Lid Switch as /devices/LNXSYSTM:00/LNXSYBUS:00/PNP0C0D:00/input/input0
2021-03-08T18:50:03.148324-05:00 INFO kernel: [    0.233476] ACPI: Lid Switch [LID0]
2021-03-08T18:50:03.148333-05:00 INFO kernel: [    0.233587] input: Power Button as /devices/LNXSYSTM:00/LNXSYBUS:00/PNP0C0C:00/input/input1
2021-03-08T18:50:03.148340-05:00 INFO kernel: [    0.233592] ACPI: Power Button [PWRB]
2021-03-08T18:50:03.148347-05:00 INFO kernel: [    0.233695] input: Sleep Button as /devices/LNXSYSTM:00/LNXSYBUS:00/PNP0C0E:00/input/input2
2021-03-08T18:50:03.148354-05:00 INFO kernel: [    0.233699] ACPI: Sleep Button [TPAD]
2021-03-08T18:50:03.148362-05:00 INFO kernel: [    0.233803] input: Sleep Button as /devices/LNXSYSTM:00/LNXSYBUS:00/PNP0C0E:01/input/input3
2021-03-08T18:50:03.148376-05:00 INFO kernel: [    0.233808] ACPI: Sleep Button [TSCR]
2021-03-08T18:50:03.148385-05:00 INFO kernel: [    0.233914] input: Power Button as /devices/LNXSYSTM:00/LNXPWRBN:00/input/input4
2021-03-08T18:50:03.148392-05:00 INFO kernel: [    0.233918] ACPI: Power Button [PWRF]
2021-03-08T18:50:03.148400-05:00 INFO kernel: [    0.237816] ACPI: Battery Slot [BAT0] (battery present)
2021-03-08T18:50:03.148407-05:00 WARNING kernel: [    0.237951] hpet_acpi_add: no address or irqs in _CRS
2021-03-08T18:50:03.148414-05:00 INFO kernel: [    0.238403] Non-volatile memory driver v1.3
2021-03-08T18:50:03.148422-05:00 INFO kernel: [    0.238852] Linux agpgart interface v0.103
2021-03-08T18:50:03.148437-05:00 INFO kernel: [    0.269521] tpm_tis tpm_tis: 1.2 TPM (device-id 0xB, rev-id 16)
2021-03-08T18:50:03.148445-05:00 ERR kernel: [    0.474177] tpm_tis 00:07: can't request region for resource [mem 0xfed40000-0xfed44fff]
2021-03-08T18:50:03.148453-05:00 WARNING kernel: [    0.474189] tpm_tis: probe of 00:07 failed with error -16
2021-03-08T18:50:03.148460-05:00 INFO kernel: [    0.474297] [drm] Initialized drm 1.1.0 20060810
2021-03-08T18:50:03.148467-05:00 INFO kernel: [    0.478104] [drm] Memory usable by graphics device = 2048M
2021-03-08T18:50:03.148475-05:00 INFO kernel: [    0.478232] [drm] Supports vblank timestamp caching Rev 2 (21.10.2013).
2021-03-08T18:50:03.148485-05:00 INFO kernel: [    0.478237] [drm] Driver supports precise vblank timestamp query.
2021-03-08T18:50:03.148499-05:00 INFO kernel: [    0.528400] [drm] Use max GFX freq on quad-core Baytrail due to crbug.com/719040
2021-03-08T18:50:03.148506-05:00 INFO kernel: [    0.529586] [drm] Initialized i915 1.6.0 20160411 for 0000:00:02.0 on minor 0
2021-03-08T18:50:03.148513-05:00 INFO kernel: [    0.529936] [drm] Initialized vgem 1.0.0 20120112 on minor 1
2021-03-08T18:50:03.148521-05:00 INFO kernel: [    0.529979] usbcore: registered new interface driver udl
2021-03-08T18:50:03.148540-05:00 INFO kernel: [    0.540746] loop: module loaded
2021-03-08T18:50:03.148547-05:00 INFO kernel: [    0.540770] lkdtm: No crash points registered, enable through debugfs
2021-03-08T18:50:03.148563-05:00 INFO kernel: [    0.543105] PPP generic driver version 2.4.2
2021-03-08T18:50:03.148571-05:00 INFO kernel: [    0.543243] PPP MPPE Compression module registered
2021-03-08T18:50:03.148579-05:00 INFO kernel: [    0.543252] NET: Registered protocol family 24
2021-03-08T18:50:03.148586-05:00 INFO kernel: [    0.543362] ehci_hcd: USB 2.0 'Enhanced' Host Controller (EHCI) Driver
2021-03-08T18:50:03.148594-05:00 INFO kernel: [    0.543370] ehci-pci: EHCI PCI platform driver
2021-03-08T18:50:03.148604-05:00 INFO kernel: [    0.543401] ohci_hcd: USB 1.1 'Open' Host Controller (OHCI) Driver
2021-03-08T18:50:03.148611-05:00 INFO kernel: [    0.543414] ohci-pci: OHCI PCI platform driver
2021-03-08T18:50:03.148630-05:00 INFO kernel: [    0.543443] uhci_hcd: USB Universal Host Controller Interface driver
2021-03-08T18:50:03.148639-05:00 INFO kernel: [    0.544176] xhci_hcd 0000:00:14.0: xHCI Host Controller
2021-03-08T18:50:03.148646-05:00 INFO kernel: [    0.544285] xhci_hcd 0000:00:14.0: new USB bus registered, assigned bus number 1
2021-03-08T18:50:03.148653-05:00 INFO kernel: [    0.545393] xhci_hcd 0000:00:14.0: hcc params 0x200077c1 hci version 0x100 quirks 0x00009810
2021-03-08T18:50:03.148661-05:00 DEBUG kernel: [    0.545403] xhci_hcd 0000:00:14.0: cache line size of 64 is not supported
2021-03-08T18:50:03.148668-05:00 INFO kernel: [    0.545604] usb usb1: New USB device found, idVendor=1d6b, idProduct=0002, bcdDevice= 4.04
2021-03-08T18:50:03.148683-05:00 INFO kernel: [    0.545611] usb usb1: New USB device strings: Mfr=3, Product=2, SerialNumber=1
2021-03-08T18:50:03.148692-05:00 INFO kernel: [    0.545616] usb usb1: Product: xHCI Host Controller
2021-03-08T18:50:03.148700-05:00 INFO kernel: [    0.545621] usb usb1: Manufacturer: Linux 4.4.180-16566-g51163f4278d1 xhci-hcd
2021-03-08T18:50:03.148707-05:00 INFO kernel: [    0.545625] usb usb1: SerialNumber: 0000:00:14.0
2021-03-08T18:50:03.148714-05:00 INFO kernel: [    0.545923] hub 1-0:1.0: USB hub found
2021-03-08T18:50:03.148722-05:00 INFO kernel: [    0.545947] hub 1-0:1.0: 6 ports detected
2021-03-08T18:50:03.148729-05:00 INFO kernel: [    0.546444] xhci_hcd 0000:00:14.0: xHCI Host Controller
2021-03-08T18:50:03.148744-05:00 INFO kernel: [    0.546559] xhci_hcd 0000:00:14.0: new USB bus registered, assigned bus number 2
2021-03-08T18:50:03.148752-05:00 INFO kernel: [    0.546655] usb usb2: New USB device found, idVendor=1d6b, idProduct=0003, bcdDevice= 4.04
2021-03-08T18:50:03.148760-05:00 INFO kernel: [    0.546662] usb usb2: New USB device strings: Mfr=3, Product=2, SerialNumber=1
2021-03-08T18:50:03.148767-05:00 INFO kernel: [    0.546667] usb usb2: Product: xHCI Host Controller
2021-03-08T18:50:03.148775-05:00 INFO kernel: [    0.546671] usb usb2: Manufacturer: Linux 4.4.180-16566-g51163f4278d1 xhci-hcd
2021-03-08T18:50:03.148783-05:00 INFO kernel: [    0.546676] usb usb2: SerialNumber: 0000:00:14.0
2021-03-08T18:50:03.148798-05:00 INFO kernel: [    0.546960] hub 2-0:1.0: USB hub found
2021-03-08T18:50:03.148807-05:00 INFO kernel: [    0.546980] hub 2-0:1.0: 1 port detected
2021-03-08T18:50:03.148814-05:00 INFO kernel: [    0.547231] usbcore: registered new interface driver cdc_acm
2021-03-08T18:50:03.148822-05:00 INFO kernel: [    0.547236] cdc_acm: USB Abstract Control Model driver for USB modems and ISDN adapters
2021-03-08T18:50:03.148829-05:00 INFO kernel: [    0.547264] usbcore: registered new interface driver uas
2021-03-08T18:50:03.148836-05:00 INFO kernel: [    0.547313] usbcore: registered new interface driver usb-storage
2021-03-08T18:50:03.148853-05:00 INFO kernel: [    0.547344] usbcore: registered new interface driver ums-realtek
2021-03-08T18:50:03.148869-05:00 INFO kernel: [    0.547398] usbcore: registered new interface driver usbserial
2021-03-08T18:50:03.148877-05:00 INFO kernel: [    0.547420] usbcore: registered new interface driver usbserial_generic
2021-03-08T18:50:03.148885-05:00 INFO kernel: [    0.547438] usbserial: USB Serial support registered for generic
2021-03-08T18:50:03.148892-05:00 INFO kernel: [    0.547535] i8042: PNP: PS/2 Controller [PNP0303:PS2K] at 0x60,0x64 irq 53
2021-03-08T18:50:03.148899-05:00 WARNING kernel: [    0.547540] i8042: PNP: PS/2 appears to have AUX port disabled, if this is incorrect please boot with i8042.nopnp
2021-03-08T18:50:03.149132-05:00 WARNING kernel: [    0.548100] i8042: Warning: Keylock active
2021-03-08T18:50:03.149151-05:00 INFO kernel: [    0.548249] serio: i8042 KBD port at 0x60,0x64 irq 53
2021-03-08T18:50:03.149159-05:00 INFO kernel: [    0.549893] rtc_cmos 00:03: RTC can wake from S4
2021-03-08T18:50:03.149167-05:00 INFO kernel: [    0.550136] rtc_cmos 00:03: rtc core: registered rtc_cmos as rtc0
2021-03-08T18:50:03.149176-05:00 INFO kernel: [    0.550171] rtc_cmos 00:03: alarms up to one month, 242 bytes nvram
2021-03-08T18:50:03.149184-05:00 INFO kernel: [    0.550194] i2c /dev entries driver
2021-03-08T18:50:03.149190-05:00 INFO kernel: [    0.552061] input: AT Translated Set 2 keyboard as /devices/platform/i8042/serio0/input/input5
2021-03-08T18:50:03.149198-05:00 WARNING kernel: [    0.552835] intel_soc_dts_thermal: request_threaded_irq ret -22
2021-03-08T18:50:03.149213-05:00 INFO kernel: [    0.556223] iTCO_wdt: Intel TCO WatchDog Timer Driver v1.11
2021-03-08T18:50:03.149222-05:00 INFO kernel: [    0.556292] iTCO_wdt: Found a Bay Trail SoC TCO device (Version=3, TCOBASE=0x0460)
2021-03-08T18:50:03.149277-05:00 INFO kernel: [    0.557135] iTCO_wdt: initialized. heartbeat=30 sec (nowayout=0)
2021-03-08T18:50:03.149285-05:00 INFO kernel: [    0.557159] iTCO_vendor_support: vendor-support=0
2021-03-08T18:50:03.149293-05:00 INFO kernel: [    0.557621] device-mapper: ioctl: 4.34.0-ioctl (2015-10-28) initialised: dm-devel@redhat.com
2021-03-08T18:50:03.149301-05:00 INFO kernel: [    0.558250] device-mapper: verity-chromeos: dm-verity-chromeos registered
2021-03-08T18:50:03.149316-05:00 INFO kernel: [    0.558276] Intel P-state driver initializing.
2021-03-08T18:50:03.149326-05:00 INFO kernel: [    0.559407] sdhci: Secure Digital Host Controller Interface driver
2021-03-08T18:50:03.149334-05:00 INFO kernel: [    0.559421] sdhci: Copyright(c) Pierre Ossman
2021-03-08T18:50:03.149341-05:00 INFO kernel: [    0.560179] sdhci-acpi 80860F14:00: No vmmc regulator found
2021-03-08T18:50:03.149349-05:00 INFO kernel: [    0.560246] sdhci-acpi 80860F14:00: No vqmmc regulator found
2021-03-08T18:50:03.149357-05:00 INFO kernel: [    0.563879] mmc0: SDHCI controller on ACPI [80860F14:00] using ADMA
2021-03-08T18:50:03.149364-05:00 DEBUG kernel: [    0.564307] sdhci-acpi 80860F16:00: GPIO lookup for consumer 80860F16:00 cd
2021-03-08T18:50:03.149380-05:00 DEBUG kernel: [    0.564328] sdhci-acpi 80860F16:00: using ACPI for GPIO lookup
2021-03-08T18:50:03.149389-05:00 DEBUG kernel: [    0.564347] acpi 80860F16:00: GPIO: looking up 80860F16:00 cd-gpios
2021-03-08T18:50:03.149397-05:00 DEBUG kernel: [    0.564366] acpi 80860F16:00: GPIO: looking up 80860F16:00 cd-gpio
2021-03-08T18:50:03.149404-05:00 DEBUG kernel: [    0.564383] acpi 80860F16:00: GPIO: looking up 0 in _CRS
2021-03-08T18:50:03.149410-05:00 DEBUG kernel: [    0.564650] sdhci-acpi 80860F16:00: using lookup tables for GPIO lookup
2021-03-08T18:50:03.149417-05:00 DEBUG kernel: [    0.564673] sdhci-acpi 80860F16:00: lookup for GPIO 80860F16:00 cd failed
2021-03-08T18:50:03.149427-05:00 WARNING kernel: [    0.564691] sdhci-acpi 80860F16:00: failed to setup card detect gpio
2021-03-08T18:50:03.149441-05:00 INFO kernel: [    0.564726] sdhci-acpi 80860F16:00: No vmmc regulator found
2021-03-08T18:50:03.149449-05:00 INFO kernel: [    0.564742] sdhci-acpi 80860F16:00: No vqmmc regulator found
2021-03-08T18:50:03.149457-05:00 INFO kernel: [    0.567790] mmc1: SDHCI controller on ACPI [80860F16:00] using ADMA
2021-03-08T18:50:03.149465-05:00 INFO kernel: [    0.569780] gsmi version 1.0 loaded
2021-03-08T18:50:03.149472-05:00 INFO kernel: [    0.570796] hidraw: raw HID events driver (C) Jiri Kosina
2021-03-08T18:50:03.149479-05:00 INFO kernel: [    0.572061] usbcore: registered new interface driver usbhid
2021-03-08T18:50:03.149495-05:00 INFO kernel: [    0.572078] usbhid: USB HID core driver
2021-03-08T18:50:03.149504-05:00 INFO kernel: [    0.572976] ashmem: initialized
2021-03-08T18:50:03.149512-05:00 INFO kernel: [    0.573299] intel_telemetry_core Init
2021-03-08T18:50:03.149520-05:00 INFO kernel: [    0.573326] intel_telemetry: version 1.0.0 loaded
2021-03-08T18:50:03.149527-05:00 INFO kernel: [    0.573634] chromeos ramoops using acpi device.
2021-03-08T18:50:03.149534-05:00 INFO kernel: [    0.573964] pstore: using zlib compression
2021-03-08T18:50:03.149542-05:00 INFO kernel: [    0.577181] console [pstore-1] enabled
2021-03-08T18:50:03.149557-05:00 INFO kernel: [    0.577200] pstore: Registered ramoops as persistent store backend
2021-03-08T18:50:03.149565-05:00 INFO kernel: [    0.577218] ramoops: attached 0x100000@0x7ae77000, ecc: 0/0
2021-03-08T18:50:03.149573-05:00 INFO kernel: [    0.581404] cros_ec_lpcs cros_ec_lpcs.0: MKBP not supported
2021-03-08T18:50:03.149581-05:00 WARNING kernel: [    0.582541] cros-ec-ctl cros-ec-ctl.1.auto: cannot get EC features: 0/1
2021-03-08T18:50:03.149589-05:00 INFO kernel: [    0.582576] cros-ec-ctl cros-ec-ctl.1.auto: EC does not have accelerometers.
2021-03-08T18:50:03.149596-05:00 WARNING kernel: [    0.584379] cros-ec-ctl cros-ec-ctl.1.auto: device does not support reading the console log
2021-03-08T18:50:03.149611-05:00 INFO kernel: [    0.585047] cros_ec_lpcs cros_ec_lpcs.0: Chrome EC device registered
2021-03-08T18:50:03.149620-05:00 INFO kernel: [    0.585381] intel_rapl: Found RAPL domain package
2021-03-08T18:50:03.149628-05:00 INFO kernel: [    0.585406] intel_rapl: Found RAPL domain core
2021-03-08T18:50:03.149636-05:00 INFO kernel: [    0.591102] GACT probability NOT on
2021-03-08T18:50:03.149643-05:00 INFO kernel: [    0.591117] Netfilter messages via NETLINK v0.30.
2021-03-08T18:50:03.149651-05:00 INFO kernel: [    0.591168] nf_conntrack version 0.5.0 (16384 buckets, 65536 max)
2021-03-08T18:50:03.149658-05:00 INFO kernel: [    0.591397] ctnetlink v0.93: registering with nfnetlink.
2021-03-08T18:50:03.149673-05:00 INFO kernel: [    0.592142] ip_tables: (C) 2000-2006 Netfilter Core Team
2021-03-08T18:50:03.149682-05:00 INFO kernel: [    0.592305] Initializing XFRM netlink socket
2021-03-08T18:50:03.149689-05:00 INFO kernel: [    0.592724] NET: Registered protocol family 10
2021-03-08T18:50:03.149697-05:00 INFO kernel: [    0.593463] ip6_tables: (C) 2000-2006 Netfilter Core Team
2021-03-08T18:50:03.149716-05:00 INFO kernel: [    0.593605] NET: Registered protocol family 17
2021-03-08T18:50:03.149724-05:00 INFO kernel: [    0.593625] NET: Registered protocol family 15
2021-03-08T18:50:03.149747-05:00 INFO kernel: [    0.595500] microcode: CPU0 sig=0x30678, pf=0x8, revision=0x838
2021-03-08T18:50:03.149755-05:00 INFO kernel: [    0.595676] microcode: CPU1 sig=0x30678, pf=0x8, revision=0x838
2021-03-08T18:50:03.149763-05:00 INFO kernel: [    0.595914] microcode: CPU2 sig=0x30678, pf=0x8, revision=0x838
2021-03-08T18:50:03.149771-05:00 INFO kernel: [    0.595934] microcode: CPU3 sig=0x30678, pf=0x8, revision=0x838
2021-03-08T18:50:03.149779-05:00 INFO kernel: [    0.596281] microcode: Microcode Update Driver: v2.01 <tigran@aivazian.fsnet.co.uk>, Peter Oruba
2021-03-08T18:50:03.149786-05:00 INFO kernel: [    0.597473] registered taskstats version 1
2021-03-08T18:50:03.149794-05:00 NOTICE kernel: [    0.601310] Key type encrypted registered
2021-03-08T18:50:03.149809-05:00 INFO kernel: [    0.658452]   Magic number: 13:809:857
2021-03-08T18:50:03.149818-05:00 INFO kernel: [    0.658488] misc acpi_thermal_rel: hash matches
2021-03-08T18:50:03.149826-05:00 INFO kernel: [    0.659031] ALSA device list:
2021-03-08T18:50:03.149841-05:00 INFO kernel: [    0.659041]   No soundcards found.
2021-03-08T18:50:03.149849-05:00 ERR kernel: [    0.659113] Warning: unable to open an initial console.
2021-03-08T18:50:03.149856-05:00 INFO kernel: [    0.664197] mmc0: new HS200 MMC card at address 0001
2021-03-08T18:50:03.149872-05:00 INFO kernel: [    0.665020] mmcblk0: mmc0:0001 SEM16G 14.7 GiB 
2021-03-08T18:50:03.149881-05:00 INFO kernel: [    0.665467] mmcblk0boot0: mmc0:0001 SEM16G partition 1 4.00 MiB
2021-03-08T18:50:03.149889-05:00 INFO kernel: [    0.666729] mmcblk0boot1: mmc0:0001 SEM16G partition 2 4.00 MiB
2021-03-08T18:50:03.149896-05:00 INFO kernel: [    0.668046] mmcblk0rpmb: mmc0:0001 SEM16G partition 3 4.00 MiB
2021-03-08T18:50:03.149904-05:00 INFO kernel: [    0.674344]  mmcblk0: p1 p2 p3 p4 p5 p6 p7 p8 p9 p10 p11 p12
2021-03-08T18:50:03.149912-05:00 INFO kernel: [    0.675091] elan_i2c i2c-ELAN0000:00: Elan Touchpad: Module ID: 0x003d, Firmware: 0x0004, Sample: 0x0004, IAP: 0x0003
2021-03-08T18:50:03.149919-05:00 INFO kernel: [    0.675721] input: Elan Touchpad as /devices/platform/80860F41:00/i2c-0/i2c-ELAN0000:00/input/input6
2021-03-08T18:50:03.149934-05:00 DEBUG kernel: [    0.676007] atmel_mxt_ts i2c-ATML0000:00: GPIO lookup for consumer atmel,reset
2021-03-08T18:50:03.149954-05:00 DEBUG kernel: [    0.676014] atmel_mxt_ts i2c-ATML0000:00: using ACPI for GPIO lookup
2021-03-08T18:50:03.149963-05:00 DEBUG kernel: [    0.676020] acpi ATML0000:00: GPIO: looking up atmel,reset-gpios
2021-03-08T18:50:03.149975-05:00 DEBUG kernel: [    0.676026] acpi ATML0000:00: GPIO: looking up atmel,reset-gpio
2021-03-08T18:50:03.149984-05:00 DEBUG kernel: [    0.676031] acpi ATML0000:00: GPIO: looking up 0 in _CRS
2021-03-08T18:50:03.149992-05:00 DEBUG kernel: [    0.676056] atmel_mxt_ts i2c-ATML0000:00: using lookup tables for GPIO lookup
2021-03-08T18:50:03.150064-05:00 DEBUG kernel: [    0.676062] atmel_mxt_ts i2c-ATML0000:00: lookup for GPIO atmel,reset failed
2021-03-08T18:50:03.150075-05:00 DEBUG kernel: [    0.676262] atmel_mxt_ts i2c-ATML0000:01: GPIO lookup for consumer atmel,reset
2021-03-08T18:50:03.150083-05:00 DEBUG kernel: [    0.676268] atmel_mxt_ts i2c-ATML0000:01: using ACPI for GPIO lookup
2021-03-08T18:50:03.150288-05:00 DEBUG kernel: [    0.676273] acpi ATML0000:01: GPIO: looking up atmel,reset-gpios
2021-03-08T18:50:03.150296-05:00 DEBUG kernel: [    0.676278] acpi ATML0000:01: GPIO: looking up atmel,reset-gpio
2021-03-08T18:50:03.150303-05:00 DEBUG kernel: [    0.676282] acpi ATML0000:01: GPIO: looking up 0 in _CRS
2021-03-08T18:50:03.150311-05:00 DEBUG kernel: [    0.676299] atmel_mxt_ts i2c-ATML0000:01: using lookup tables for GPIO lookup
2021-03-08T18:50:03.150328-05:00 DEBUG kernel: [    0.676304] atmel_mxt_ts i2c-ATML0000:01: lookup for GPIO atmel,reset failed
2021-03-08T18:50:03.150337-05:00 DEBUG kernel: [    0.676616] atmel_mxt_ts i2c-ATML0001:00: GPIO lookup for consumer atmel,reset
2021-03-08T18:50:03.150345-05:00 DEBUG kernel: [    0.676622] atmel_mxt_ts i2c-ATML0001:00: using ACPI for GPIO lookup
2021-03-08T18:50:03.150352-05:00 DEBUG kernel: [    0.676627] acpi ATML0001:00: GPIO: looking up atmel,reset-gpios
2021-03-08T18:50:03.150360-05:00 DEBUG kernel: [    0.676632] acpi ATML0001:00: GPIO: looking up atmel,reset-gpio
2021-03-08T18:50:03.150367-05:00 DEBUG kernel: [    0.676636] acpi ATML0001:00: GPIO: looking up 0 in _CRS
2021-03-08T18:50:03.150383-05:00 DEBUG kernel: [    0.676658] atmel_mxt_ts i2c-ATML0001:00: using lookup tables for GPIO lookup
2021-03-08T18:50:03.150392-05:00 DEBUG kernel: [    0.676664] atmel_mxt_ts i2c-ATML0001:00: lookup for GPIO atmel,reset failed
2021-03-08T18:50:03.150400-05:00 NOTICE kernel: [    0.681202] random: nonblocking pool is initialized
2021-03-08T18:50:03.150407-05:00 DEBUG kernel: [    0.688337] atmel_mxt_ts i2c-ATML0001:01: GPIO lookup for consumer atmel,reset
2021-03-08T18:50:03.150415-05:00 DEBUG kernel: [    0.688342] atmel_mxt_ts i2c-ATML0001:01: using ACPI for GPIO lookup
2021-03-08T18:50:03.150425-05:00 DEBUG kernel: [    0.688347] acpi ATML0001:01: GPIO: looking up atmel,reset-gpios
2021-03-08T18:50:03.150437-05:00 DEBUG kernel: [    0.688351] acpi ATML0001:01: GPIO: looking up atmel,reset-gpio
2021-03-08T18:50:03.150453-05:00 DEBUG kernel: [    0.688355] acpi ATML0001:01: GPIO: looking up 0 in _CRS
2021-03-08T18:50:03.150462-05:00 DEBUG kernel: [    0.688372] atmel_mxt_ts i2c-ATML0001:01: using lookup tables for GPIO lookup
2021-03-08T18:50:03.150471-05:00 DEBUG kernel: [    0.688377] atmel_mxt_ts i2c-ATML0001:01: lookup for GPIO atmel,reset failed
2021-03-08T18:50:03.150478-05:00 INFO kernel: [    0.689140] device-mapper: init: attempting early device configuration.
2021-03-08T18:50:03.150486-05:00 INFO kernel: [    0.690165] device-mapper: init: adding target '0 3584000 verity payload=PARTUUID=6c8bc571-8e95-a843-bc0a-9608a1c2ac65/PARTNROFF=1 hashtree=PARTUUID=6c8bc571-8e95-a843-bc0a-9608a1c2ac65/PARTNROFF=1 hashstart=3584000 alg=sha1 root_hexdigest=3e8df1ad07c15f9a811aa2a9915a17e8409ccf65 salt=0c7d85cad68fb231a34c12121d933c468594106200a09a1c158d34a9cc182c5e'
2021-03-08T18:50:03.150494-05:00 WARNING kernel: [    0.690175] device-mapper: verity: Argument 0: 'payload=PARTUUID=6c8bc571-8e95-a843-bc0a-9608a1c2ac65/PARTNROFF=1'
2021-03-08T18:50:03.150509-05:00 WARNING kernel: [    0.690181] device-mapper: verity: Argument 1: 'hashtree=PARTUUID=6c8bc571-8e95-a843-bc0a-9608a1c2ac65/PARTNROFF=1'
2021-03-08T18:50:03.150637-05:00 WARNING kernel: [    0.690184] device-mapper: verity: Argument 2: 'hashstart=3584000'
2021-03-08T18:50:03.150645-05:00 WARNING kernel: [    0.690189] device-mapper: verity: Argument 3: 'alg=sha1'
2021-03-08T18:50:03.150654-05:00 WARNING kernel: [    0.690192] device-mapper: verity: Argument 4: 'root_hexdigest=3e8df1ad07c15f9a811aa2a9915a17e8409ccf65'
2021-03-08T18:50:03.150661-05:00 WARNING kernel: [    0.690196] device-mapper: verity: Argument 5: 'salt=0c7d85cad68fb231a34c12121d933c468594106200a09a1c158d34a9cc182c5e'
2021-03-08T18:50:03.150669-05:00 INFO kernel: [    0.690656] device-mapper: init: dm-0 is ready
2021-03-08T18:50:03.150685-05:00 ERR kernel: [    0.695055] EXT4-fs (dm-0): couldn't mount as ext3 due to feature incompatibilities
2021-03-08T18:50:03.150694-05:00 INFO kernel: [    0.695638] EXT4-fs (dm-0): mounting ext2 file system using the ext4 subsystem
2021-03-08T18:50:03.150702-05:00 INFO kernel: [    0.698024] EXT4-fs (dm-0): mounted filesystem without journal. Opts: (null)
2021-03-08T18:50:03.150709-05:00 INFO kernel: [    0.698045] VFS: Mounted root (ext2 filesystem) readonly on device 253:0.
2021-03-08T18:50:03.150717-05:00 INFO kernel: [    0.705383] devtmpfs: mounted
2021-03-08T18:50:03.150724-05:00 INFO kernel: [    0.707189] Freeing unused kernel memory: 1308K
2021-03-08T18:50:03.150740-05:00 INFO kernel: [    0.707200] Write protecting the kernel read-only data: 14336k
2021-03-08T18:50:03.150749-05:00 INFO kernel: [    0.709042] Freeing unused kernel memory: 1640K
2021-03-08T18:50:03.150756-05:00 INFO kernel: [    0.714272] Freeing unused kernel memory: 1144K
2021-03-08T18:50:03.150764-05:00 INFO kernel: [    0.899094] usb 1-3: new high-speed USB device number 2 using xhci_hcd
2021-03-08T18:50:03.150772-05:00 INFO kernel: [    1.079610] NMI watchdog: enabled on all CPUs, permanently consumes one hw-PMU counter.
2021-03-08T18:50:03.150779-05:00 WARNING kernel: [    1.079927] Unsafe core_pattern used with suid_dumpable=2. Pipe handler or fully qualified core dump path required.
2021-03-08T18:50:03.150795-05:00 INFO kernel: [    1.097949] usb 1-3: New USB device found, idVendor=04f2, idProduct=b462, bcdDevice= 0.06
2021-03-08T18:50:03.150804-05:00 INFO kernel: [    1.097959] usb 1-3: New USB device strings: Mfr=3, Product=1, SerialNumber=2
2021-03-08T18:50:03.150812-05:00 INFO kernel: [    1.097965] usb 1-3: Product: Chromebook HD Camera
2021-03-08T18:50:03.150820-05:00 INFO kernel: [    1.097969] usb 1-3: Manufacturer: Generic_C
2021-03-08T18:50:03.150828-05:00 INFO kernel: [    1.097974] usb 1-3: SerialNumber: 0x0001
2021-03-08T18:50:03.150835-05:00 INFO kernel: [    1.175606] udevd[155]: starting version 225
2021-03-08T18:50:03.150843-05:00 INFO kernel: [    1.186216] EXT4-fs (mmcblk0p1): mounted filesystem with ordered data mode. Opts: commit=600
2021-03-08T18:50:03.150858-05:00 INFO kernel: [    1.195385] EXT4-fs (mmcblk0p8): mounted filesystem with ordered data mode. Opts: (null)
2021-03-08T18:50:03.150866-05:00 INFO kernel: [    1.223611] tsc: Refined TSC clocksource calibration: 1833.333 MHz
2021-03-08T18:50:03.150874-05:00 INFO kernel: [    1.223622] clocksource: tsc: mask: 0xffffffffffffffff max_cycles: 0x34da54753aa, max_idle_ns: 881590618787 ns
2021-03-08T18:50:03.150881-05:00 INFO kernel: [    1.252672] usb 1-4: new full-speed USB device number 3 using xhci_hcd
2021-03-08T18:50:03.150889-05:00 INFO kernel: [    1.370174] Chromium OS LSM: dev(253,0): read-only
2021-03-08T18:50:03.150896-05:00 INFO kernel: [    1.370183] Chromium OS LSM: module locking engaged.
2021-03-08T18:50:03.150912-05:00 NOTICE kernel: [    1.370201] Chromium OS LSM: init_module locked obj="/lib/modules/4.4.180-16566-g51163f4278d1/kernel/drivers/input/joydev.ko" pid=190 cmdline="udevd --daemon"
2021-03-08T18:50:03.150921-05:00 INFO kernel: [    1.419760] usb 1-4: New USB device found, idVendor=8087, idProduct=07dc, bcdDevice= 0.01
2021-03-08T18:50:03.150929-05:00 INFO kernel: [    1.419770] usb 1-4: New USB device strings: Mfr=0, Product=0, SerialNumber=0
2021-03-08T18:50:03.150937-05:00 INFO kernel: [    1.449843] Bluetooth: af_bluetooth.c:bt_init() Core ver 2.22
2021-03-08T18:50:03.150944-05:00 INFO kernel: [    1.449879] NET: Registered protocol family 31
2021-03-08T18:50:03.150952-05:00 INFO kernel: [    1.449885] Bluetooth: af_bluetooth.c:bt_init() HCI device and connection manager initialized
2021-03-08T18:50:03.150960-05:00 INFO kernel: [    1.449889] Bluetooth: hci_le_splitter.c:hci_le_splitter_sysfs_init() Initializing LE splitter sysfs
2021-03-08T18:50:03.150979-05:00 INFO kernel: [    1.450187] Bluetooth: hci_sock.c:hci_sock_init() HCI socket layer initialized
2021-03-08T18:50:03.150988-05:00 INFO kernel: [    1.450196] Bluetooth: l2cap_sock.c:l2cap_init_sockets() L2CAP socket layer initialized
2021-03-08T18:50:03.150996-05:00 INFO kernel: [    1.450213] Bluetooth: sco.c:sco_init() SCO socket layer initialized
2021-03-08T18:50:03.151059-05:00 DEBUG kernel: [    1.459928] usb 1-4: GPIO lookup for consumer reset
2021-03-08T18:50:03.151067-05:00 DEBUG kernel: [    1.459936] usb 1-4: using ACPI for GPIO lookup
2021-03-08T18:50:03.151077-05:00 DEBUG kernel: [    1.459942] acpi device:07: GPIO: looking up reset-gpios
2021-03-08T18:50:03.151094-05:00 DEBUG kernel: [    1.459988] acpi device:07: GPIO: looking up reset-gpio
2021-03-08T18:50:03.151104-05:00 DEBUG kernel: [    1.459993] acpi device:07: GPIO: looking up 0 in _CRS
2021-03-08T18:50:03.151110-05:00 DEBUG kernel: [    1.460001] usb 1-4: using lookup tables for GPIO lookup
2021-03-08T18:50:03.151118-05:00 DEBUG kernel: [    1.460006] usb 1-4: lookup for GPIO reset failed
2021-03-08T18:50:03.151125-05:00 INFO kernel: [    1.460548] usbcore: registered new interface driver btusb
2021-03-08T18:50:03.151133-05:00 ERR kernel: [    1.593521] frecon[283]: Failed to set atomic cap.
2021-03-08T18:50:03.151140-05:00 INFO kernel: [    1.596523] frecon[283]: Frecon using drm driver i915, version 1.6, date(20160411), desc(Intel Graphics)
2021-03-08T18:50:03.151157-05:00 DEBUG kernel: [    1.602439] frecon[283]: tsm_screen: new screen
2021-03-08T18:50:03.151166-05:00 DEBUG kernel: [    1.602467] frecon[283]: tsm_vte: new vte object
2021-03-08T18:50:03.151173-05:00 INFO kernel: [    1.617852] EXT4-fs (dm-1): mounted filesystem with ordered data mode. Opts: discard,commit=600
2021-03-08T18:50:03.151181-05:00 WARNING kernel: [    2.025470] platform regulatory.0: Direct firmware load for regulatory.db failed with error -2
2021-03-08T18:50:03.151189-05:00 INFO kernel: [    2.025483] cfg80211: failed to load regulatory.db
2021-03-08T18:50:03.151196-05:00 INFO kernel: [    2.090071] cfg80211: World regulatory domain updated:
2021-03-08T18:50:03.151211-05:00 INFO kernel: [    2.090081] cfg80211:  DFS Master region: unset
2021-03-08T18:50:03.151220-05:00 INFO kernel: [    2.090084] cfg80211:   (start_freq - end_freq @ bandwidth), (max_antenna_gain, max_eirp), (dfs_cac_time)
2021-03-08T18:50:03.151227-05:00 INFO kernel: [    2.090090] cfg80211:   (2402000 KHz - 2472000 KHz @ 40000 KHz), (N/A, 2000 mBm), (N/A)
2021-03-08T18:50:03.151235-05:00 INFO kernel: [    2.090095] cfg80211:   (2457000 KHz - 2482000 KHz @ 20000 KHz), (N/A, 2000 mBm), (N/A)
2021-03-08T18:50:03.151243-05:00 INFO kernel: [    2.090100] cfg80211:   (2474000 KHz - 2494000 KHz @ 20000 KHz), (N/A, 2000 mBm), (N/A)
2021-03-08T18:50:03.151251-05:00 INFO kernel: [    2.090104] cfg80211:   (5170000 KHz - 5250000 KHz @ 80000 KHz), (N/A, 2000 mBm), (N/A)
2021-03-08T18:50:03.151265-05:00 INFO kernel: [    2.090109] cfg80211:   (5250000 KHz - 5330000 KHz @ 80000 KHz), (N/A, 2000 mBm), (0 s)
2021-03-08T18:50:03.151274-05:00 INFO kernel: [    2.090113] cfg80211:   (5490000 KHz - 5730000 KHz @ 160000 KHz), (N/A, 2000 mBm), (0 s)
2021-03-08T18:50:03.151282-05:00 INFO kernel: [    2.090118] cfg80211:   (5735000 KHz - 5835000 KHz @ 80000 KHz), (N/A, 2000 mBm), (N/A)
2021-03-08T18:50:03.151289-05:00 INFO kernel: [    2.090122] cfg80211:   (57240000 KHz - 63720000 KHz @ 2160000 KHz), (N/A, 0 mBm), (N/A)
2021-03-08T18:50:03.151297-05:00 INFO kernel: [    2.091832] Intel(R) Wireless WiFi driver for Linux
2021-03-08T18:50:03.151305-05:00 INFO kernel: [    2.091840] Copyright(c) 2003- 2015 Intel Corporation
2021-03-08T18:50:03.151312-05:00 WARNING kernel: [    2.093650] iwlwifi 0000:01:00.0: Direct firmware load for iwl-dbg-cfg.ini failed with error -2
2021-03-08T18:50:03.151327-05:00 NOTICE kernel: [    2.099472] systemd-journald[453]: Running without systemd.
2021-03-08T18:50:03.151336-05:00 INFO kernel: [    2.118845] iwlwifi 0000:01:00.0: loaded firmware version 17.bfb58538.0 op_mode iwlmvm
2021-03-08T18:50:03.151343-05:00 INFO kernel: [    2.151845] systemd-journald[453]: Received request to flush runtime journal from PID 506
2021-03-08T18:50:03.151351-05:00 INFO kernel: [    2.166371] iwlwifi 0000:01:00.0: Detected Intel(R) Dual Band Wireless AC 7260, REV=0x144
2021-03-08T18:50:03.151359-05:00 ERR kernel: [    2.167856] frecon[283]: Failed to set atomic cap.
2021-03-08T18:50:03.151366-05:00 INFO kernel: [    2.172379] frecon[283]: Frecon using drm driver i915, version 1.6, date(20160411), desc(Intel Graphics)
2021-03-08T18:50:03.151382-05:00 ERR kernel: [    2.177168] frecon[283]: Failed to set atomic cap.
2021-03-08T18:50:03.151390-05:00 INFO kernel: [    2.179846] frecon[283]: Frecon using drm driver i915, version 1.6, date(20160411), desc(Intel Graphics)
2021-03-08T18:50:03.151398-05:00 INFO kernel: [    2.187408] iwlwifi 0000:01:00.0: base HW address: 10:4a:7d:15:50:95
2021-03-08T18:50:03.151406-05:00 ERR kernel: [    2.202415] frecon[283]: Failed to set atomic cap.
2021-03-08T18:50:03.151413-05:00 INFO kernel: [    2.204352] frecon[283]: Frecon using drm driver i915, version 1.6, date(20160411), desc(Intel Graphics)
2021-03-08T18:50:03.165048-05:00 INFO kernel: [    2.225813] clocksource: Switched to clocksource tsc
2021-03-08T18:50:03.341062-05:00 DEBUG kernel: [    2.402172] ieee80211 phy0: Selected rate control algorithm 'iwl-mvm-rs'
2021-03-08T18:50:03.910137-05:00 WARNING rsyslogd[546]: warning: ~ action is deprecated, consider using the 'stop' statement instead [v8.1901.0 try https://www.rsyslog.com/e/2307 ]
2021-03-08T18:50:03.912723-05:00 WARNING rsyslogd[546]:  message repeated 3 times: [warning: ~ action is deprecated, consider using the 'stop' statement instead [v8.1901.0 try https://www.rsyslog.com/e/2307 ]]
2021-03-08T18:50:03.912853-05:00 INFO rsyslogd[546]: rsyslogd's groupid changed to 202
2021-03-08T18:50:03.913083-05:00 INFO rsyslogd[546]: rsyslogd's userid changed to 202
2021-03-08T18:50:03.913225-05:00 INFO rsyslogd[546]:  [origin software="rsyslogd" swVersion="8.1901.0" x-pid="546" x-info="https://www.rsyslog.com"] start
2021-03-08T18:50:03.913431-05:00 INFO crash_reporter[548]: Enabling user crash handling
2021-03-08T18:50:03.913668-05:00 NOTICE boot-update-firmware[590]: Update touch firmware.
2021-03-08T18:50:03.913851-05:00 INFO imageloader[571]: The latest-version file does not exist. Component PepperFlashPlayer is probably not installed.
2021-03-08T18:50:03.923124-05:00 WARNING mosys[801]: libminijail[801]: not locking any securebits
2021-03-08T18:50:03.923595-05:00 WARNING mosys[801]: libminijail[801]: SECURE_NOROOT not set, not dropping bounding set
2021-03-08T18:50:03.923795-05:00 WARNING mosys[901]: libminijail[901]: not locking any securebits
2021-03-08T18:50:03.923896-05:00 WARNING mosys[901]: libminijail[901]: SECURE_NOROOT not set, not dropping bounding set
2021-03-08T18:50:03.924279-05:00 WARNING tcsd[928]: TSS: ioctl: (25) Inappropriate ioctl for device
2021-03-08T18:50:03.924693-05:00 INFO tcsd[928]: TSS: Falling back to Read/Write device support.
2021-03-08T18:50:03.925166-05:00 NOTICE chromeos-elan-touch-firmware-update[924]: ELAN0000:00 Board detected as 'glimmer-signed-mp-v4keys'
2021-03-08T18:50:03.925503-05:00 NOTICE chromeos-elan-touch-firmware-update[924]: ELAN0000:00 Touch controller reported Product ID: 61.0
2021-03-08T18:50:03.925723-05:00 NOTICE chromeos-elan-touch-firmware-update[924]: ELAN0000:00 Attempting to load FW: '/lib/firmware/elan_i2c.bin'
2021-03-08T18:50:03.926137-05:00 NOTICE chromeos-elan-touch-firmware-update[924]: ELAN0000:00 (which points to '/opt/google/touch/firmware/61.0_4.0.bin')
2021-03-08T18:50:03.926376-05:00 NOTICE chromeos-elan-touch-firmware-update[924]: ELAN0000:00 Hardware product id : 61.0
2021-03-08T18:50:03.926557-05:00 NOTICE chromeos-elan-touch-firmware-update[924]: ELAN0000:00 Updater product id  : 61.0
2021-03-08T18:50:03.926735-05:00 NOTICE chromeos-elan-touch-firmware-update[924]: ELAN0000:00 Current Firmware: 4.0
2021-03-08T18:50:03.926931-05:00 NOTICE chromeos-elan-touch-firmware-update[924]: ELAN0000:00 Updater Firmware: 4.0
2021-03-08T18:50:03.927411-05:00 NOTICE chromeos-elan-touch-firmware-update[924]: ELAN0000:00 Firmware up to date.
2021-03-08T18:50:03.927763-05:00 WARNING tcsd[928]: TSS: IPv4 support disabled by configuration option
2021-03-08T18:50:03.928134-05:00 WARNING tcsd[928]: TSS: IPv6 support disabled by configuration option
2021-03-08T18:50:03.928730-05:00 INFO tcsd[1114]: TSS: trousers 0.3.13: TCSD up and running.
2021-03-08T18:50:03.929418-05:00 WARNING powerd[1048]: libminijail[1048]: SECURE_NOROOT not set, not dropping bounding set
2021-03-08T18:50:03.941313-05:00 WARNING session_manager[1109]: [WARNING:chrome_setup.cc(97)] Could not find both paths: /usr/share/chromeos-assets/wallpaper/oem_large.jpg and /usr/share/chromeos-assets/wallpaper/oem_small.jpg
2021-03-08T18:50:03.990081-05:00 INFO chapsd[1130]: Starting PKCS #11 services.
2021-03-08T18:50:03.990568-05:00 INFO chapsd[1130]: Starting D-Bus dispatcher.
2021-03-08T18:50:03.994495-05:00 INFO chapsd[1130]: Adding slot: 0
2021-03-08T18:50:03.994665-05:00 INFO chapsd[1130]: Adding slot: 1
2021-03-08T18:50:03.995496-05:00 INFO chapsd[1130]: Starting asynchronous initialization.
2021-03-08T18:50:04.042688-05:00 INFO session_manager[1109]: [INFO:session_manager_service.cc(145)] SessionManagerService starting
2021-03-08T18:50:04.052849-05:00 INFO chapsd[1130]: Opening database in: /var/lib/chaps
2021-03-08T18:50:04.053191-05:00 INFO chapsd[1130]: leveldb /var/lib/chaps/database dump:#012  /var/lib/chaps/database/CURRENT (16 bytes, 2021-03-04 08:02:20.000 UTC)#012  /var/lib/chaps/database/LOG (175 bytes, 2021-03-04 08:02:20.000 UTC)#012  /var/lib/chaps/database/000005.ldb (1025 bytes, 2021-02-22 11:57:21.000 UTC)#012  /var/lib/chaps/database/000008.ldb (3825 bytes, 2021-02-22 12:04:19.000 UTC)#012  /var/lib/chaps/database/MANIFEST-000016 (137 bytes, 2021-03-04 08:02:20.000 UTC)#012  /var/lib/chaps/database/LOCK (0 bytes, 2021-02-22 10:41:27.000 UTC)#012  /var/lib/chaps/database/LOG.old (175 bytes, 2021-03-01 05:56:50.000 UTC)#012  /var/lib/chaps/database/000017.log (0 bytes, 2021-03-04 08:02:20.000 UTC)
2021-03-08T18:50:04.068594-05:00 INFO session_manager[1109]: [INFO:browser_job.cc(155)] Running browser /opt/google/chrome/chrome --ppapi-flash-path=/opt/google/chrome/pepper/libpepflashplayer.so --ppapi-flash-version=32.0.0.238 --use-gl=egl --enable-native-gpu-memory-buffers --gpu-sandbox-failures-fatal=yes --enable-logging --log-level=1 --use-cras --enable-wayland-server --user-data-dir=/home/chronos --enable-features=MachineLearningService,ChromeOSAssistant,EnableBackgroundBlur,MyFilesVolume --login-profile=user --has-chromeos-keyboard --enable-touchview --guest-wallpaper-large=/usr/share/chromeos-assets/wallpaper/guest_large.jpg --guest-wallpaper-small=/usr/share/chromeos-assets/wallpaper/guest_small.jpg --child-wallpaper-large=/usr/share/chromeos-assets/wallpaper/child_large.jpg --child-wallpaper-small=/usr/share/chromeos-assets/wallpaper/child_small.jpg --default-wallpaper-large=/usr/share/chromeos-assets/wallpaper/default_large.jpg --default-wallpaper-small=/usr/share/chromeos-assets/wallpaper/default_small.jpg --enable-consumer-kiosk --enterprise-enrollment-initial-modulus=15 --enterprise-enrollment-modulus-limit=19 --login-manager --first-exec-after-boot --vmodule=*/chrome/browser/chromeos/account_manager/*=1,*/chromeos/components/account_manager/*=1,app_list_syncable_service=1,*/chromeos/power/auto_screen_brightness/*=1,*/forced_extensions/installation_tracker*=2,extension_downloader=2,existing_user_controller=2,*/ash/wm/tablet_mode/*=1,auto_enrollment_controller=1,*/ui/ozone/*=1,*/ui/display/manager/chromeos/*=1,update_engine=1,component_updater_service=1 --enable-features=MachineLearningService,ChromeOSAssistant,EnableBackgroundBlur,MyFilesVolume
2021-03-08T18:50:04.071946-05:00 INFO minijail0[1186]: libminijail[1186]: child process 1187 exited with status 1
2021-03-08T18:50:04.141548-05:00 INFO chapsd[1130]: leveldb.stats:#012                               Compactions#012Level  Files Size(MB) Time(sec) Read(MB) Write(MB)#012--------------------------------------------------#012  0        2        0         0        0         0
2021-03-08T18:50:04.146372-05:00 INFO chapsd[1130]: leveldb contains 8 keys.
2021-03-08T18:50:04.146558-05:00 INFO chapsd[1130]: Slot 0 ready for token at /var/lib/chaps
2021-03-08T18:50:04.150466-05:00 INFO chapsd[1130]: Created lock file: /run/lock/power_override/chapsd_token_init_slot_0.lock
2021-03-08T18:50:04.326056-05:00 INFO kernel: [    3.388061] cfg80211: Regulatory domain changed to country: US
2021-03-08T18:50:04.326085-05:00 INFO kernel: [    3.388072] cfg80211:  DFS Master region: unset
2021-03-08T18:50:04.326090-05:00 INFO kernel: [    3.388075] cfg80211:   (start_freq - end_freq @ bandwidth), (max_antenna_gain, max_eirp), (dfs_cac_time)
2021-03-08T18:50:04.326092-05:00 INFO kernel: [    3.388082] cfg80211:   (2402000 KHz - 2472000 KHz @ 40000 KHz), (N/A, 3000 mBm), (N/A)
2021-03-08T18:50:04.326097-05:00 INFO kernel: [    3.388086] cfg80211:   (5170000 KHz - 5250000 KHz @ 80000 KHz), (N/A, 1700 mBm), (N/A)
2021-03-08T18:50:04.326100-05:00 INFO kernel: [    3.388091] cfg80211:   (5250000 KHz - 5330000 KHz @ 80000 KHz), (N/A, 2300 mBm), (0 s)
2021-03-08T18:50:04.326103-05:00 INFO kernel: [    3.388096] cfg80211:   (5490000 KHz - 5730000 KHz @ 160000 KHz), (N/A, 2300 mBm), (0 s)
2021-03-08T18:50:04.326106-05:00 INFO kernel: [    3.388100] cfg80211:   (5735000 KHz - 5835000 KHz @ 80000 KHz), (N/A, 3000 mBm), (N/A)
2021-03-08T18:50:04.326108-05:00 INFO kernel: [    3.388105] cfg80211:   (57240000 KHz - 63720000 KHz @ 2160000 KHz), (N/A, 4000 mBm), (N/A)
2021-03-08T18:50:04.594925-05:00 NOTICE cros-machine-id-regen[1379]: Regenerated /var/lib/dbus/machine-id (reason: network).
2021-03-08T18:50:05.883911-05:00 INFO chapsd[1130]: Master key is ready for token at /var/lib/chaps
2021-03-08T18:50:05.884212-05:00 INFO chapsd[1130]: Deleted lock file: /run/lock/power_override/chapsd_token_init_slot_0.lock
2021-03-08T18:50:07.170360-05:00 WARNING cryptohomed[1226]: Extending PCR1.
2021-03-08T18:50:07.288183-05:00 INFO kernel: [    6.355330] frecon[283]: Chrome started, our work is done, exiting.
2021-03-08T18:50:07.412047-05:00 INFO kernel: [    6.479770] low_mem: threshold[0] 200 MB
2021-03-08T18:50:07.427671-05:00 NOTICE cros-disks[1619]: Loading FUSE module
2021-03-08T18:50:07.469047-05:00 INFO kernel: [    6.536917] fuse init (API version 7.23)
2021-03-08T18:50:07.531449-05:00 NOTICE cups-clear-state[1690]: Removing privileged directories
2021-03-08T18:50:07.540515-05:00 INFO avahi-daemon[1669]: Found user 'avahi' (UID 238) and group 'avahi' (GID 238).
2021-03-08T18:50:07.541108-05:00 INFO avahi-daemon[1669]: Successfully dropped root privileges.
2021-03-08T18:50:07.541295-05:00 INFO avahi-daemon[1669]: avahi-daemon 0.7 starting up.
2021-03-08T18:50:07.559642-05:00 INFO avahi-daemon[1669]: Successfully called chroot().
2021-03-08T18:50:07.559779-05:00 INFO avahi-daemon[1669]: Successfully dropped remaining capabilities.
2021-03-08T18:50:07.563891-05:00 ERR avahi-daemon[1703]: chroot.c: open() failed: No such file or directory
2021-03-08T18:50:07.564087-05:00 WARNING avahi-daemon[1669]: Failed to open /etc/resolv.conf: Invalid argument
2021-03-08T18:50:07.564655-05:00 INFO avahi-daemon[1669]: No service file found in /etc/avahi/services.
2021-03-08T18:50:07.566218-05:00 INFO avahi-daemon[1669]: Network interface enumeration completed.
2021-03-08T18:50:07.566588-05:00 INFO avahi-daemon[1669]: Server startup complete. Host name is 039a99036cf33f39509217fd6046b82c.local. Local service cookie is 2088773440.
2021-03-08T18:50:07.577886-05:00 WARNING mosys[1689]: libminijail[1689]: not locking any securebits
2021-03-08T18:50:07.578141-05:00 WARNING mosys[1689]: libminijail[1689]: SECURE_NOROOT not set, not dropping bounding set
2021-03-08T18:50:07.636509-05:00 INFO kernel: [    6.703749] zram: Added device: zram0
2021-03-08T18:50:07.638014-05:00 NOTICE conntrack-tools[1733]: configuring helper `mdns' with queuenum=6 and queuelen=10240
2021-03-08T18:50:07.638337-05:00 NOTICE conntrack-tools[1733]: policy name=mdns expect_timeout=30 expect_max=8
2021-03-08T18:50:07.638442-05:00 NOTICE conntrack-tools[1733]: helper `mdns' configured successfully
2021-03-08T18:50:07.638517-05:00 NOTICE conntrack-tools[1733]: configuring helper `ssdp' with queuenum=5 and queuelen=10240
