2021-02-24T18:38:21.098115-05:00 INFO rsyslogd[531]:  [origin software="rsyslogd" swVersion="8.1901.0" x-pid="531" x-info="https://www.rsyslog.com"] rsyslogd was HUPed
2021-02-24T18:38:21.356880-05:00 INFO periodic_scheduler[4340]: cleanup_logs: job completed
2021-02-24T18:38:21.380084-05:00 INFO periodic_scheduler[4347]: cros-machine-id-regen: running /usr/sbin/cros-machine-id-regen -r periodic -t 21600
2021-02-24T18:38:21.401614-05:00 NOTICE cros-machine-id-regen[4361]: Not regenerating since we did so 313 seconds ago.
2021-02-24T18:38:21.403550-05:00 INFO periodic_scheduler[4362]: cros-machine-id-regen: job completed
2021-02-24T18:38:21.671604-05:00 INFO periodic_scheduler[4369]: trim: running chromeos-trim
2021-02-24T18:45:30.011766-05:00 ERR cras_server[1760]: fetch err: -32 for 140000
2021-02-24T18:47:24.906634-05:00 NOTICE /usr/sbin/chromeos-trim[5986]: /mnt/stateful_partition fully trimmed in 543 seconds
2021-02-24T18:47:24.912923-05:00 INFO periodic_scheduler[5988]: trim: job completed
2021-02-24T18:51:10.316810-05:00 INFO rollback_prepare_save[6472]: Starting rollback_prepare_save
2021-02-24T18:51:10.317060-05:00 INFO rollback_prepare_save[6472]: Exiting no rollback
2021-02-24T18:51:10.339046-05:00 INFO kernel: [ 1087.625022] wlan0: deauthenticating from 16:f6:d8:42:43:7a by local choice (Reason: 3=DEAUTH_LEAVING)
2021-02-24T18:51:10.382612-05:00 ERR wpa_supplicant[603]: nl80211: Failed to open /proc/sys/net/ipv4/conf/wlan0/drop_unicast_in_l2_multicast: No such file or directory
2021-02-24T18:51:10.382725-05:00 ERR wpa_supplicant[603]: nl80211: Failed to set IPv4 unicast in multicast filter
2021-02-24T18:51:10.382914-05:00 ERR wpa_supplicant[603]: nl80211: Failed to open /proc/sys/net/ipv4/conf/wlan0/drop_unicast_in_l2_multicast: No such file or directory
2021-02-24T18:51:10.382996-05:00 ERR wpa_supplicant[603]: nl80211: Failed to set IPv4 unicast in multicast filter
2021-02-24T18:51:10.388834-05:00 INFO avahi-daemon[1637]: Withdrawing address record for 192.168.137.253 on wlan0.
2021-02-24T18:51:10.389204-05:00 INFO avahi-daemon[1637]: Leaving mDNS multicast group on interface wlan0.IPv4 with address 192.168.137.253.
2021-02-24T18:51:10.389300-05:00 INFO avahi-daemon[1637]: Interface wlan0.IPv4 no longer relevant for mDNS.
2021-02-24T18:51:10.407530-05:00 ERR wpa_supplicant[603]: nl80211: Failed to open /proc/sys/net/ipv4/conf/wlan0/drop_unicast_in_l2_multicast: No such file or directory
2021-02-24T18:51:10.407650-05:00 ERR wpa_supplicant[603]: nl80211: Failed to set IPv4 unicast in multicast filter
2021-02-24T18:51:10.408405-05:00 INFO kernel: [ 1087.694847] cfg80211: World regulatory domain updated:
2021-02-24T18:51:10.408428-05:00 INFO kernel: [ 1087.694860] cfg80211:  DFS Master region: unset
2021-02-24T18:51:10.408433-05:00 INFO kernel: [ 1087.694863] cfg80211:   (start_freq - end_freq @ bandwidth), (max_antenna_gain, max_eirp), (dfs_cac_time)
2021-02-24T18:51:10.408437-05:00 INFO kernel: [ 1087.694870] cfg80211:   (2402000 KHz - 2472000 KHz @ 40000 KHz), (N/A, 2000 mBm), (N/A)
2021-02-24T18:51:10.408440-05:00 INFO kernel: [ 1087.694875] cfg80211:   (2457000 KHz - 2482000 KHz @ 20000 KHz), (N/A, 2000 mBm), (N/A)
2021-02-24T18:51:10.408443-05:00 INFO kernel: [ 1087.694879] cfg80211:   (2474000 KHz - 2494000 KHz @ 20000 KHz), (N/A, 2000 mBm), (N/A)
2021-02-24T18:51:10.408445-05:00 INFO kernel: [ 1087.694884] cfg80211:   (5170000 KHz - 5250000 KHz @ 80000 KHz), (N/A, 2000 mBm), (N/A)
2021-02-24T18:51:10.408448-05:00 INFO kernel: [ 1087.694889] cfg80211:   (5250000 KHz - 5330000 KHz @ 80000 KHz), (N/A, 2000 mBm), (0 s)
2021-02-24T18:51:10.408450-05:00 INFO kernel: [ 1087.694893] cfg80211:   (5490000 KHz - 5730000 KHz @ 160000 KHz), (N/A, 2000 mBm), (0 s)
2021-02-24T18:51:10.408453-05:00 INFO kernel: [ 1087.694898] cfg80211:   (5735000 KHz - 5835000 KHz @ 80000 KHz), (N/A, 2000 mBm), (N/A)
2021-02-24T18:51:10.408455-05:00 INFO kernel: [ 1087.694902] cfg80211:   (57240000 KHz - 63720000 KHz @ 2160000 KHz), (N/A, 0 mBm), (N/A)
2021-02-24T18:51:10.409728-05:00 ERR shill[1353]: [ERROR:object_proxy.cc(581)] Failed to call method: fi.w1.wpa_supplicant1.Interface.Disconnect: object_path= /fi/w1/wpa_supplicant1/Interfaces/1: fi.w1.wpa_supplicant1.NotConnected: This interface is not connected
2021-02-24T18:51:10.409850-05:00 ERR shill[1353]: [ERROR:dbus_method_invoker.h(113)] CallMethodAndBlockWithTimeout(...): Domain=dbus, Code=fi.w1.wpa_supplicant1.NotConnected, Message=This interface is not connected
2021-02-24T18:51:10.409950-05:00 ERR shill[1353]: [ERROR:chromeos_supplicant_interface_proxy.cc(184)] Failed to disconnect: fi.w1.wpa_supplicant1.NotConnected This interface is not connected
2021-02-24T18:51:10.413686-05:00 ERR wpa_supplicant[603]: nl80211: Failed to open /proc/sys/net/ipv4/conf/wlan0/drop_unicast_in_l2_multicast: No such file or directory
2021-02-24T18:51:10.413775-05:00 ERR wpa_supplicant[603]: nl80211: Failed to set IPv4 unicast in multicast filter
2021-02-24T18:51:10.414096-05:00 INFO kernel: [ 1087.700601] cfg80211: Regulatory domain changed to country: US
2021-02-24T18:51:10.414110-05:00 INFO kernel: [ 1087.700613] cfg80211:  DFS Master region: unset
2021-02-24T18:51:10.414114-05:00 INFO kernel: [ 1087.700617] cfg80211:   (start_freq - end_freq @ bandwidth), (max_antenna_gain, max_eirp), (dfs_cac_time)
2021-02-24T18:51:10.414116-05:00 INFO kernel: [ 1087.700623] cfg80211:   (2402000 KHz - 2472000 KHz @ 40000 KHz), (N/A, 3000 mBm), (N/A)
2021-02-24T18:51:10.414119-05:00 INFO kernel: [ 1087.700628] cfg80211:   (5170000 KHz - 5250000 KHz @ 80000 KHz), (N/A, 1700 mBm), (N/A)
2021-02-24T18:51:10.414122-05:00 INFO kernel: [ 1087.700633] cfg80211:   (5250000 KHz - 5330000 KHz @ 80000 KHz), (N/A, 2300 mBm), (0 s)
2021-02-24T18:51:10.414125-05:00 INFO kernel: [ 1087.700638] cfg80211:   (5490000 KHz - 5730000 KHz @ 160000 KHz), (N/A, 2300 mBm), (0 s)
2021-02-24T18:51:10.414128-05:00 INFO kernel: [ 1087.700642] cfg80211:   (5735000 KHz - 5835000 KHz @ 80000 KHz), (N/A, 3000 mBm), (N/A)
2021-02-24T18:51:10.414130-05:00 INFO kernel: [ 1087.700647] cfg80211:   (57240000 KHz - 63720000 KHz @ 2160000 KHz), (N/A, 4000 mBm), (N/A)
2021-02-24T18:51:10.422497-05:00 ERR wpa_supplicant[603]: nl80211: Failed to open /proc/sys/net/ipv4/conf/wlan0/drop_unicast_in_l2_multicast: No such file or directory
2021-02-24T18:51:10.422678-05:00 ERR wpa_supplicant[603]: nl80211: Failed to set IPv4 unicast in multicast filter
2021-02-24T18:51:10.430526-05:00 ERR wpa_supplicant[603]: rmdir[ctrl_interface=/run/wpa_supplicant]: Permission denied
2021-02-24T18:51:10.473435-05:00 NOTICE shill_logout_user[6479]: Failed to pop shill user profiles
2021-02-24T18:51:10.481702-05:00 INFO session_manager[1114]: [INFO:browser_job.cc(178)] Terminating browser process 1195 with signal 15: exiting cleanly
2021-02-24T18:51:10.481895-05:00 INFO session_manager[1114]: [INFO:system_utils_impl.cc(125)] Sending signal 15 to PID 1195 as UID 1000
2021-02-24T18:51:11.178063-05:00 INFO session_manager[1114]: [INFO:session_manager_service.cc(486)] SessionManagerService quitting run loop
2021-02-24T18:51:11.178696-05:00 INFO session_manager[1114]: [INFO:session_manager_service.cc(207)] SessionManagerService exiting
2021-02-24T18:51:11.245228-05:00 INFO chapsd[1133]: Closing database for /home/root/7c37097f86694f0645e38af5cf316592cce86789/chaps/database
2021-02-24T18:51:11.245398-05:00 INFO chapsd[1133]: leveldb /home/root/7c37097f86694f0645e38af5cf316592cce86789/chaps/database dump:#012  /home/root/7c37097f86694f0645e38af5cf316592cce86789/chaps/database/000005.ldb (1025 bytes, 2021-02-22 11:57:35.000 UTC)#012  /home/root/7c37097f86694f0645e38af5cf316592cce86789/chaps/database/LOG (172 bytes, 2021-02-24 23:34:07.000 UTC)#012  /home/root/7c37097f86694f0645e38af5cf316592cce86789/chaps/database/MANIFEST-000009 (92 bytes, 2021-02-24 23:34:07.000 UTC)#012  /home/root/7c37097f86694f0645e38af5cf316592cce86789/chaps/database/000010.log (0 bytes, 2021-02-24 23:34:07.000 UTC)#012  /home/root/7c37097f86694f0645e38af5cf316592cce86789/chaps/database/LOCK (0 bytes, 2021-02-22 10:41:33.000 UTC)#012  /home/root/7c37097f86694f0645e38af5cf316592cce86789/chaps/database/LOG.old (172 bytes, 2021-02-22 12:04:25.000 UTC)#012  /home/root/7c37097f86694f0645e38af5cf316592cce86789/chaps/database/CURRENT (16 bytes, 2021-02-24 23:34:07.000 UTC)
2021-02-24T18:51:11.245513-05:00 INFO chapsd[1133]: Token at /home/root/7c37097f86694f0645e38af5cf316592cce86789/chaps has been removed from slot 1
2021-02-24T18:51:11.275411-05:00 INFO chapsd[1133]: Unloaded keys for slot 1
2021-02-24T18:51:16.383750-05:00 WARNING chapsd[1133]: Unload Token event received for unknown path: /home/root/7c37097f86694f0645e38af5cf316592cce86789/chaps
2021-02-24T18:51:16.397936-05:00 NOTICE pre-shutdown[6511]: Shutting down for halt: user-request
2021-02-24T18:51:16.407846-05:00 INFO chapsd[1133]: Shutdown triggered by signal 15.
2021-02-24T18:51:16.408052-05:00 INFO chapsd[1133]: chapsd Daemon::OnShutdown invoked.
2021-02-24T18:51:16.408622-05:00 INFO chapsd[1133]: SlotManagerImpl is shutting down.
2021-02-24T18:51:16.408767-05:00 INFO chapsd[1133]: Waiting for worker thread for slot 0 to exit.
2021-02-24T18:51:16.408862-05:00 INFO chapsd[1133]: Unloading keys for slot 0.
2021-02-24T18:51:16.415060-05:00 INFO kernel: [ 1093.707865] EXT4-fs (dm-0): re-mounted. Opts: block_validity,barrier,user_xattr,acl
2021-02-24T18:51:16.425444-05:00 INFO avahi-daemon[1637]: Got SIGTERM, quitting.
2021-02-24T18:51:16.425629-05:00 INFO avahi-daemon[1637]: avahi-daemon 0.7 exiting.
2021-02-24T18:51:16.430590-05:00 NOTICE conntrack-tools[1754]: ---- shutdown received ----
2021-02-24T18:51:16.436116-05:00 INFO kernel: [ 1093.729452] Bluetooth: hci_core.c:skip_conditional_cmd()   COND LE cmd (0x200a) is already 0 (chg 0), skip transition to 0
2021-02-24T18:51:16.436148-05:00 INFO kernel: [ 1093.729465] Bluetooth: hci_core.c:skip_conditional_cmd()   COND call queue_work.
2021-02-28T01:19:02.204105-05:00 INFO kernel: [    0.000000] microcode: microcode updated early to revision 0x838, date = 2019-04-22
2021-02-28T01:19:02.204238-05:00 INFO kernel: [    0.000000] Initializing cgroup subsys cpuset
2021-02-28T01:19:02.204244-05:00 INFO kernel: [    0.000000] Initializing cgroup subsys cpu
2021-02-28T01:19:02.204246-05:00 INFO kernel: [    0.000000] Initializing cgroup subsys cpuacct
2021-02-28T01:19:02.204249-05:00 NOTICE kernel: [    0.000000] Linux version 4.4.180-16566-g51163f4278d1 (chrome-bot@chromeos-ci-legacy-us-east1-d-x32-6-xp9r) (Chromium OS 9.0_pre353983_p20190325-r14 clang version 9.0.0 (/var/cache/chromeos-cache/distfiles/host/egit-src/llvm-project de7a0a152648d1a74cf4319920b1848aa00d1ca3) (based on LLVM 9.0.0svn)) #1 SMP PREEMPT Tue Aug 27 17:13:36 PDT 2019
2021-02-28T01:19:02.204252-05:00 INFO kernel: [    0.000000] Command line: cros_secure console= loglevel=7 init=/sbin/init cros_secure root=/dev/dm-0 rootwait ro dm_verity.error_behavior=3 dm_verity.max_bios=-1 dm_verity.dev_wait=1 dm="1 vroot none ro 1,0 3584000 verity payload=PARTUUID=6c8bc571-8e95-a843-bc0a-9608a1c2ac65/PARTNROFF=1 hashtree=PARTUUID=6c8bc571-8e95-a843-bc0a-9608a1c2ac65/PARTNROFF=1 hashstart=3584000 alg=sha1 root_hexdigest=3e8df1ad07c15f9a811aa2a9915a17e8409ccf65 salt=0c7d85cad68fb231a34c12121d933c468594106200a09a1c158d34a9cc182c5e" noinitrd vt.global_cursor_default=0 kern_guid=6c8bc571-8e95-a843-bc0a-9608a1c2ac65 add_efi_memmap boot=local noresume noswap i915.modeset=1 tpm_tis.force=1 tpm_tis.interrupts=0 nmi_watchdog=panic,lapic  
2021-02-28T01:19:02.204270-05:00 INFO kernel: [    0.000000] x86/fpu: Legacy x87 FPU detected.
2021-02-28T01:19:02.204274-05:00 INFO kernel: [    0.000000] e820: BIOS-provided physical RAM map:
2021-02-28T01:19:02.204276-05:00 INFO kernel: [    0.000000] BIOS-e820: [mem 0x0000000000000000-0x0000000000000fff] type 16
2021-02-28T01:19:02.204279-05:00 INFO kernel: [    0.000000] BIOS-e820: [mem 0x0000000000001000-0x000000000009ffff] usable
2021-02-28T01:19:02.204281-05:00 INFO kernel: [    0.000000] BIOS-e820: [mem 0x00000000000a0000-0x00000000000fffff] reserved
2021-02-28T01:19:02.204283-05:00 INFO kernel: [    0.000000] BIOS-e820: [mem 0x0000000000100000-0x000000001fffffff] usable
2021-02-28T01:19:02.204291-05:00 INFO kernel: [    0.000000] BIOS-e820: [mem 0x0000000020000000-0x00000000200fffff] reserved
2021-02-28T01:19:02.204294-05:00 INFO kernel: [    0.000000] BIOS-e820: [mem 0x0000000020100000-0x000000007ae6dfff] usable
2021-02-28T01:19:02.204296-05:00 INFO kernel: [    0.000000] BIOS-e820: [mem 0x000000007ae6e000-0x000000007affffff] type 16
2021-02-28T01:19:02.204299-05:00 INFO kernel: [    0.000000] BIOS-e820: [mem 0x000000007b000000-0x000000007fffffff] reserved
2021-02-28T01:19:02.204301-05:00 INFO kernel: [    0.000000] BIOS-e820: [mem 0x00000000e0000000-0x00000000efffffff] reserved
2021-02-28T01:19:02.204303-05:00 INFO kernel: [    0.000000] BIOS-e820: [mem 0x00000000feb00000-0x00000000febfffff] reserved
2021-02-28T01:19:02.204305-05:00 INFO kernel: [    0.000000] BIOS-e820: [mem 0x00000000fed01000-0x00000000fed01fff] reserved
2021-02-28T01:19:02.204313-05:00 INFO kernel: [    0.000000] BIOS-e820: [mem 0x00000000fed03000-0x00000000fed03fff] reserved
2021-02-28T01:19:02.204317-05:00 INFO kernel: [    0.000000] BIOS-e820: [mem 0x00000000fed05000-0x00000000fed05fff] reserved
2021-02-28T01:19:02.204319-05:00 INFO kernel: [    0.000000] BIOS-e820: [mem 0x00000000fed08000-0x00000000fed08fff] reserved
2021-02-28T01:19:02.204322-05:00 INFO kernel: [    0.000000] BIOS-e820: [mem 0x00000000fed0c000-0x00000000fed0ffff] reserved
2021-02-28T01:19:02.204324-05:00 INFO kernel: [    0.000000] BIOS-e820: [mem 0x00000000fed1c000-0x00000000fed1cfff] reserved
2021-02-28T01:19:02.204326-05:00 INFO kernel: [    0.000000] BIOS-e820: [mem 0x00000000fef00000-0x00000000feffffff] reserved
2021-02-28T01:19:02.204333-05:00 INFO kernel: [    0.000000] BIOS-e820: [mem 0x0000000100000000-0x000000017fffffff] usable
2021-02-28T01:19:02.204337-05:00 INFO kernel: [    0.000000] NX (Execute Disable) protection: active
2021-02-28T01:19:02.204339-05:00 INFO kernel: [    0.000000] SMBIOS 2.7 present.
2021-02-28T01:19:02.204341-05:00 DEBUG kernel: [    0.000000] DMI: GOOGLE Glimmer, BIOS Google_Glimmer.5216.198.188 05/27/2018
2021-02-28T01:19:02.204343-05:00 DEBUG kernel: [    0.000000] e820: update [mem 0x00000000-0x00000fff] usable ==> reserved
2021-02-28T01:19:02.204346-05:00 DEBUG kernel: [    0.000000] e820: remove [mem 0x000a0000-0x000fffff] usable
2021-02-28T01:19:02.204348-05:00 INFO kernel: [    0.000000] e820: last_pfn = 0x180000 max_arch_pfn = 0x400000000
2021-02-28T01:19:02.204357-05:00 DEBUG kernel: [    0.000000] MTRR default type: uncachable
2021-02-28T01:19:02.204360-05:00 DEBUG kernel: [    0.000000] MTRR fixed ranges enabled:
2021-02-28T01:19:02.204363-05:00 DEBUG kernel: [    0.000000]   00000-9FFFF write-back
2021-02-28T01:19:02.204365-05:00 DEBUG kernel: [    0.000000]   A0000-BFFFF uncachable
2021-02-28T01:19:02.204367-05:00 DEBUG kernel: [    0.000000]   C0000-FFFFF write-back
2021-02-28T01:19:02.204370-05:00 DEBUG kernel: [    0.000000] MTRR variable ranges enabled:
2021-02-28T01:19:02.204372-05:00 DEBUG kernel: [    0.000000]   0 base 000000000 mask FC0000000 write-back
2021-02-28T01:19:02.204379-05:00 DEBUG kernel: [    0.000000]   1 base 040000000 mask FE0000000 write-back
2021-02-28T01:19:02.204383-05:00 DEBUG kernel: [    0.000000]   2 base 060000000 mask FF0000000 write-back
2021-02-28T01:19:02.204385-05:00 DEBUG kernel: [    0.000000]   3 base 070000000 mask FF8000000 write-back
2021-02-28T01:19:02.204387-05:00 DEBUG kernel: [    0.000000]   4 base 078000000 mask FFC000000 write-back
2021-02-28T01:19:02.204389-05:00 DEBUG kernel: [    0.000000]   5 base 07B800000 mask FFF800000 uncachable
2021-02-28T01:19:02.204392-05:00 DEBUG kernel: [    0.000000]   6 base 0FF800000 mask FFF800000 uncachable
2021-02-28T01:19:02.204399-05:00 DEBUG kernel: [    0.000000]   7 base 100000000 mask F00000000 write-back
2021-02-28T01:19:02.204402-05:00 INFO kernel: [    0.000000] x86/PAT: Configuration [0-7]: WB  WC  UC- UC  WB  WC  UC- WT  
2021-02-28T01:19:02.204405-05:00 DEBUG kernel: [    0.000000] e820: update [mem 0x7b800000-0xffffffff] usable ==> reserved
2021-02-28T01:19:02.204407-05:00 INFO kernel: [    0.000000] e820: last_pfn = 0x7ae6e max_arch_pfn = 0x400000000
2021-02-28T01:19:02.204409-05:00 INFO kernel: [    0.000000] Scanning 1 areas for low memory corruption
2021-02-28T01:19:02.204411-05:00 DEBUG kernel: [    0.000000] Base memory trampoline at [ffff880000098000] 98000 size 28672
2021-02-28T01:19:02.204413-05:00 DEBUG kernel: [    0.000000] BRK [0x1d538000, 0x1d538fff] PGTABLE
2021-02-28T01:19:02.204421-05:00 DEBUG kernel: [    0.000000] BRK [0x1d539000, 0x1d539fff] PGTABLE
2021-02-28T01:19:02.204424-05:00 DEBUG kernel: [    0.000000] BRK [0x1d53a000, 0x1d53afff] PGTABLE
2021-02-28T01:19:02.204426-05:00 DEBUG kernel: [    0.000000] BRK [0x1d53b000, 0x1d53bfff] PGTABLE
2021-02-28T01:19:02.204428-05:00 DEBUG kernel: [    0.000000] BRK [0x1d53c000, 0x1d53cfff] PGTABLE
2021-02-28T01:19:02.204431-05:00 DEBUG kernel: [    0.000000] BRK [0x1d53d000, 0x1d53dfff] PGTABLE
2021-02-28T01:19:02.204433-05:00 INFO kernel: [    0.000000] ACPI: Early table checksum verification disabled
2021-02-28T01:19:02.204440-05:00 WARNING kernel: [    0.000000] ACPI: RSDP 0x00000000000F0000 000024 (v02 CORE  )
2021-02-28T01:19:02.204444-05:00 WARNING kernel: [    0.000000] ACPI: XSDT 0x000000007AF780E0 00004C (v01 CORE   COREBOOT 00000000 CORE 00000000)
2021-02-28T01:19:02.204446-05:00 WARNING kernel: [    0.000000] ACPI: FACP 0x000000007AF7C720 0000F4 (v03 CORE   COREBOOT 00000000 CORE 00000001)
2021-02-28T01:19:02.204448-05:00 WARNING kernel: [    0.000000] ACPI: DSDT 0x000000007AF78250 0044CF (v05 COREv4 COREBOOT 20110725 INTL 20130117)
2021-02-28T01:19:02.204450-05:00 WARNING kernel: [    0.000000] ACPI: FACS 0x000000007AF78210 000040
2021-02-28T01:19:02.204453-05:00 WARNING kernel: [    0.000000] ACPI: FACS 0x000000007AF78210 000040
2021-02-28T01:19:02.204457-05:00 WARNING kernel: [    0.000000] ACPI: HPET 0x000000007AF7C820 000038 (v01 CORE   COREBOOT 00000000 CORE 00000000)
2021-02-28T01:19:02.204478-05:00 WARNING kernel: [    0.000000] ACPI: APIC 0x000000007AF7C860 00006C (v01 CORE   COREBOOT 00000000 CORE 00000000)
2021-02-28T01:19:02.204482-05:00 WARNING kernel: [    0.000000] ACPI: MCFG 0x000000007AF7C8D0 00003C (v01 CORE   COREBOOT 00000000 CORE 00000000)
2021-02-28T01:19:02.204485-05:00 WARNING kernel: [    0.000000] ACPI: SSDT 0x000000007AF7D9C0 000EEC (v02 CORE   COREBOOT 0000002A CORE 0000002A)
2021-02-28T01:19:02.204487-05:00 DEBUG kernel: [    0.000000] ACPI: Local APIC address 0xfee00000
2021-02-28T01:19:02.204489-05:00 INFO kernel: [    0.000000] Zone ranges:
2021-02-28T01:19:02.204492-05:00 INFO kernel: [    0.000000]   DMA      [mem 0x0000000000001000-0x0000000000ffffff]
2021-02-28T01:19:02.204499-05:00 INFO kernel: [    0.000000]   DMA32    [mem 0x0000000001000000-0x00000000ffffffff]
2021-02-28T01:19:02.204502-05:00 INFO kernel: [    0.000000]   Normal   [mem 0x0000000100000000-0x000000017fffffff]
2021-02-28T01:19:02.204504-05:00 INFO kernel: [    0.000000] Movable zone start for each node
2021-02-28T01:19:02.204507-05:00 INFO kernel: [    0.000000] Early memory node ranges
2021-02-28T01:19:02.204509-05:00 INFO kernel: [    0.000000]   node   0: [mem 0x0000000000001000-0x000000000009ffff]
2021-02-28T01:19:02.204511-05:00 INFO kernel: [    0.000000]   node   0: [mem 0x0000000000100000-0x000000001fffffff]
2021-02-28T01:19:02.204513-05:00 INFO kernel: [    0.000000]   node   0: [mem 0x0000000020100000-0x000000007ae6dfff]
2021-02-28T01:19:02.204521-05:00 INFO kernel: [    0.000000]   node   0: [mem 0x0000000100000000-0x000000017fffffff]
2021-02-28T01:19:02.204524-05:00 INFO kernel: [    0.000000] Initmem setup node 0 [mem 0x0000000000001000-0x000000017fffffff]
2021-02-28T01:19:02.204526-05:00 DEBUG kernel: [    0.000000] On node 0 totalpages: 1027341
2021-02-28T01:19:02.204528-05:00 DEBUG kernel: [    0.000000]   DMA zone: 64 pages used for memmap
2021-02-28T01:19:02.204530-05:00 DEBUG kernel: [    0.000000]   DMA zone: 23 pages reserved
2021-02-28T01:19:02.204532-05:00 DEBUG kernel: [    0.000000]   DMA zone: 3999 pages, LIFO batch:0
2021-02-28T01:19:02.204545-05:00 DEBUG kernel: [    0.000000]   DMA32 zone: 7798 pages used for memmap
2021-02-28T01:19:02.204549-05:00 DEBUG kernel: [    0.000000]   DMA32 zone: 499054 pages, LIFO batch:31
2021-02-28T01:19:02.204551-05:00 DEBUG kernel: [    0.000000]   Normal zone: 8192 pages used for memmap
2021-02-28T01:19:02.204553-05:00 DEBUG kernel: [    0.000000]   Normal zone: 524288 pages, LIFO batch:31
2021-02-28T01:19:02.204556-05:00 INFO kernel: [    0.000000] x86/hpet: Will disable the HPET for this platform because it's not reliable
2021-02-28T01:19:02.204558-05:00 INFO kernel: [    0.000000] Reserving Intel graphics stolen memory at 0x7c000000-0x7fffffff
2021-02-28T01:19:02.204560-05:00 INFO kernel: [    0.000000] ACPI: PM-Timer IO Port: 0x408
2021-02-28T01:19:02.204567-05:00 DEBUG kernel: [    0.000000] ACPI: Local APIC address 0xfee00000
2021-02-28T01:19:02.204571-05:00 INFO kernel: [    0.000000] IOAPIC[0]: apic_id 2, version 32, address 0xfec00000, GSI 0-86
2021-02-28T01:19:02.204573-05:00 INFO kernel: [    0.000000] ACPI: INT_SRC_OVR (bus 0 bus_irq 0 global_irq 2 dfl dfl)
2021-02-28T01:19:02.204575-05:00 INFO kernel: [    0.000000] ACPI: INT_SRC_OVR (bus 0 bus_irq 9 global_irq 9 high level)
2021-02-28T01:19:02.204577-05:00 DEBUG kernel: [    0.000000] ACPI: IRQ0 used by override.
2021-02-28T01:19:02.204580-05:00 DEBUG kernel: [    0.000000] ACPI: IRQ9 used by override.
2021-02-28T01:19:02.204587-05:00 INFO kernel: [    0.000000] Using ACPI (MADT) for SMP configuration information
2021-02-28T01:19:02.204590-05:00 INFO kernel: [    0.000000] ACPI: HPET id: 0x8086a201 base: 0xfed00000
2021-02-28T01:19:02.204592-05:00 INFO kernel: [    0.000000] smpboot: Allowing 4 CPUs, 0 hotplug CPUs
2021-02-28T01:19:02.204594-05:00 INFO kernel: [    0.000000] e820: [mem 0x80000000-0xdfffffff] available for PCI devices
2021-02-28T01:19:02.204597-05:00 INFO kernel: [    0.000000] clocksource: refined-jiffies: mask: 0xffffffff max_cycles: 0xffffffff, max_idle_ns: 1910969940391419 ns
2021-02-28T01:19:02.204599-05:00 INFO kernel: [    0.000000] setup_percpu: NR_CPUS:8 nr_cpumask_bits:8 nr_cpu_ids:4 nr_node_ids:1
2021-02-28T01:19:02.204765-05:00 INFO kernel: [    0.000000] PERCPU: Embedded 32 pages/cpu @ffff88017fc00000 s93352 r8192 d29528 u524288
2021-02-28T01:19:02.204776-05:00 DEBUG kernel: [    0.000000] pcpu-alloc: s93352 r8192 d29528 u524288 alloc=1*2097152
2021-02-28T01:19:02.204779-05:00 DEBUG kernel: [    0.000000] pcpu-alloc: [0] 0 1 2 3 
2021-02-28T01:19:02.204782-05:00 INFO kernel: [    0.000000] Built 1 zonelists in Zone order, mobility grouping on.  Total pages: 1011264
2021-02-28T01:19:02.204784-05:00 NOTICE kernel: [    0.000000] Kernel command line: cros_secure console= loglevel=7 init=/sbin/init cros_secure root=/dev/dm-0 rootwait ro dm_verity.error_behavior=3 dm_verity.max_bios=-1 dm_verity.dev_wait=1 dm="1 vroot none ro 1,0 3584000 verity payload=PARTUUID=6c8bc571-8e95-a843-bc0a-9608a1c2ac65/PARTNROFF=1 hashtree=PARTUUID=6c8bc571-8e95-a843-bc0a-9608a1c2ac65/PARTNROFF=1 hashstart=3584000 alg=sha1 root_hexdigest=3e8df1ad07c15f9a811aa2a9915a17e8409ccf65 salt=0c7d85cad68fb231a34c12121d933c468594106200a09a1c158d34a9cc182c5e" noinitrd vt.global_cursor_default=0 kern_guid=6c8bc571-8e95-a843-bc0a-9608a1c2ac65 add_efi_memmap boot=local noresume noswap i915.modeset=1 tpm_tis.force=1 tpm_tis.interrupts=0 nmi_watchdog=panic,lapic  
2021-02-28T01:19:02.204787-05:00 INFO kernel: [    0.000000] device-mapper: init: will configure 1 devices
2021-02-28T01:19:02.204794-05:00 INFO kernel: [    0.000000] PID hash table entries: 4096 (order: 3, 32768 bytes)
2021-02-28T01:19:02.204798-05:00 INFO kernel: [    0.000000] Dentry cache hash table entries: 524288 (order: 10, 4194304 bytes)
2021-02-28T01:19:02.204800-05:00 INFO kernel: [    0.000000] Inode-cache hash table entries: 262144 (order: 9, 2097152 bytes)
2021-02-28T01:19:02.204802-05:00 INFO kernel: [    0.000000] Memory: 3953160K/4109364K available (8588K kernel code, 1022K rwdata, 2952K rodata, 1308K init, 924K bss, 156204K reserved, 0K cma-reserved)
2021-02-28T01:19:02.204805-05:00 INFO kernel: [    0.000000] SLUB: HWalign=64, Order=0-3, MinObjects=0, CPUs=4, Nodes=1
2021-02-28T01:19:02.204807-05:00 INFO kernel: [    0.000000] Kernel/User page tables isolation: enabled
2021-02-28T01:19:02.204814-05:00 INFO kernel: [    0.000000] Preemptible hierarchical RCU implementation.
2021-02-28T01:19:02.204817-05:00 INFO kernel: [    0.000000] 	Build-time adjustment of leaf fanout to 64.
2021-02-28T01:19:02.204820-05:00 INFO kernel: [    0.000000] 	RCU restricting CPUs from NR_CPUS=8 to nr_cpu_ids=4.
2021-02-28T01:19:02.204822-05:00 INFO kernel: [    0.000000] RCU: Adjusting geometry for rcu_fanout_leaf=64, nr_cpu_ids=4
2021-02-28T01:19:02.204825-05:00 INFO kernel: [    0.000000] NR_IRQS:4352 nr_irqs:1024 16
2021-02-28T01:19:02.204827-05:00 INFO kernel: [    0.000000] Maximum core-clock to bus-clock ratio: 0x16
2021-02-28T01:19:02.204829-05:00 INFO kernel: [    0.000000] Resolved frequency ID: 0, frequency: 83200 KHz
2021-02-28T01:19:02.204838-05:00 INFO kernel: [    0.000000] TSC runs at 1830400 KHz
2021-02-28T01:19:02.204841-05:00 INFO kernel: [    0.000000] lapic_timer_frequency = 83200
2021-02-28T01:19:02.204844-05:00 INFO kernel: [    0.000000] tsc: Initial usec timer 1264559
2021-02-28T01:19:02.204846-05:00 INFO kernel: [    0.000000] tsc: Detected 1830.400 MHz processor
2021-02-28T01:19:02.204848-05:00 INFO kernel: [    0.000005] Calibrating delay loop (skipped), value calculated using timer frequency.. 3660.80 BogoMIPS (lpj=1830400)
2021-02-28T01:19:02.204850-05:00 INFO kernel: [    0.000011] pid_max: default: 32768 minimum: 301
2021-02-28T01:19:02.204858-05:00 INFO kernel: [    0.000023] ACPI: Core revision 20150930
2021-02-28T01:19:02.204861-05:00 WARNING kernel: [    0.006963] ACPI: 2 ACPI AML tables successfully acquired and loaded
2021-02-28T01:19:02.204863-05:00 INFO kernel: [    0.007003] Security Framework initialized
2021-02-28T01:19:02.204865-05:00 INFO kernel: [    0.007009] Yama: becoming mindful.
2021-02-28T01:19:02.204868-05:00 INFO kernel: [    0.007018] Chromium OS LSM: enabled
2021-02-28T01:19:02.204870-05:00 INFO kernel: [    0.007021] SELinux:  Initializing.
2021-02-28T01:19:02.204872-05:00 DEBUG kernel: [    0.007036] SELinux:  Starting in permissive mode
2021-02-28T01:19:02.204879-05:00 INFO kernel: [    0.007060] Mount-cache hash table entries: 8192 (order: 4, 65536 bytes)
2021-02-28T01:19:02.205221-05:00 INFO kernel: [    0.007066] Mountpoint-cache hash table entries: 8192 (order: 4, 65536 bytes)
2021-02-28T01:19:02.205225-05:00 INFO kernel: [    0.007421] Initializing cgroup subsys devices
2021-02-28T01:19:02.205227-05:00 INFO kernel: [    0.007430] Initializing cgroup subsys freezer
2021-02-28T01:19:02.205230-05:00 INFO kernel: [    0.007454] CPU: Physical Processor ID: 0
2021-02-28T01:19:02.205232-05:00 INFO kernel: [    0.007458] CPU: Processor Core ID: 0
2021-02-28T01:19:02.205235-05:00 WARNING kernel: [    0.007463] ENERGY_PERF_BIAS: Set to 'normal', was 'performance'
2021-02-28T01:19:02.205251-05:00 WARNING kernel: [    0.007466] ENERGY_PERF_BIAS: View and update with x86_energy_perf_policy(8)
2021-02-28T01:19:02.205296-05:00 INFO kernel: [    0.007471] Disabling VMX on cpu 0
2021-02-28T01:19:02.205299-05:00 INFO kernel: [    0.012251] mce: CPU supports 6 MCE banks
2021-02-28T01:19:02.205301-05:00 INFO kernel: [    0.012265] CPU0: Thermal monitoring enabled (TM1)
2021-02-28T01:19:02.205304-05:00 INFO kernel: [    0.012271] process: using mwait in idle threads
2021-02-28T01:19:02.205307-05:00 INFO kernel: [    0.012276] Last level iTLB entries: 4KB 48, 2MB 0, 4MB 0
2021-02-28T01:19:02.205382-05:00 INFO kernel: [    0.012280] Last level dTLB entries: 4KB 128, 2MB 16, 4MB 16, 1GB 0
2021-02-28T01:19:02.205387-05:00 INFO kernel: [    0.012292] Spectre V2 : Mitigation: Full generic retpoline
2021-02-28T01:19:02.205390-05:00 INFO kernel: [    0.012295] Spectre V2 : Spectre v2 / SpectreRSB mitigation: Filling RSB on context switch
2021-02-28T01:19:02.205393-05:00 INFO kernel: [    0.012298] Spectre V2 : Enabling Restricted Speculation for firmware calls
2021-02-28T01:19:02.205395-05:00 INFO kernel: [    0.012306] Spectre V2 : mitigation: Enabling conditional Indirect Branch Prediction Barrier
2021-02-28T01:19:02.205398-05:00 INFO kernel: [    0.012309] Spectre V2 : User space: Mitigation: STIBP via seccomp and prctl
2021-02-28T01:19:02.205400-05:00 INFO kernel: [    0.012312] MDS: Mitigation: Clear CPU buffers
2021-02-28T01:19:02.205412-05:00 INFO kernel: [    0.012864] Freeing SMP alternatives memory: 32K
2021-02-28T01:19:02.205416-05:00 INFO kernel: [    0.014265] ftrace: allocating 30825 entries in 121 pages
2021-02-28T01:19:02.205418-05:00 INFO kernel: [    0.048506] ..TIMER: vector=0x30 apic1=0 pin1=2 apic2=-1 pin2=-1
2021-02-28T01:19:02.205420-05:00 DEBUG kernel: [    0.058536] TSC deadline timer enabled
2021-02-28T01:19:02.205423-05:00 INFO kernel: [    0.058542] smpboot: CPU0: Intel(R) Celeron(R) CPU  N2940  @ 1.83GHz (family: 0x6, model: 0x37, stepping: 0x8)
2021-02-28T01:19:02.205425-05:00 INFO kernel: [    0.058582] Performance Events: PEBS fmt2+, 8-deep LBR, Silvermont events, full-width counters, Intel PMU driver.
2021-02-28T01:19:02.205434-05:00 INFO kernel: [    0.058600] ... version:                3
2021-02-28T01:19:02.205437-05:00 INFO kernel: [    0.058603] ... bit width:              40
2021-02-28T01:19:02.205441-05:00 INFO kernel: [    0.058606] ... generic registers:      2
2021-02-28T01:19:02.205451-05:00 INFO kernel: [    0.058609] ... value mask:             000000ffffffffff
2021-02-28T01:19:02.205454-05:00 INFO kernel: [    0.058612] ... max period:             0000007fffffffff
2021-02-28T01:19:02.205456-05:00 INFO kernel: [    0.058614] ... fixed-purpose events:   3
2021-02-28T01:19:02.205464-05:00 INFO kernel: [    0.058617] ... event mask:             0000000700000003
2021-02-28T01:19:02.205468-05:00 INFO kernel: [    0.067635] x86: Booting SMP configuration:
2021-02-28T01:19:02.205470-05:00 INFO kernel: [    0.067641] .... node  #0, CPUs:      #1
2021-02-28T01:19:02.205473-05:00 INFO kernel: [    0.067786] Disabling VMX on cpu 1
2021-02-28T01:19:02.205475-05:00 INFO kernel: [    0.074816] NMI watchdog: enabled on all CPUs, permanently consumes one hw-PMU counter.
2021-02-28T01:19:02.205478-05:00 WARNING kernel: [    0.077646]  #2
2021-02-28T01:19:02.205480-05:00 INFO kernel: [    0.079971] Disabling VMX on cpu 2
2021-02-28T01:19:02.205487-05:00 WARNING kernel: [    0.089830]  #3<6>[    0.089907] Disabling VMX on cpu 3
2021-02-28T01:19:02.205491-05:00 INFO kernel: [    0.096759] x86: Booted up 1 node, 4 CPUs
2021-02-28T01:19:02.205493-05:00 INFO kernel: [    0.096766] smpboot: Total of 4 processors activated (14643.20 BogoMIPS)
2021-02-28T01:19:02.205496-05:00 INFO kernel: [    0.097315] CPU3: update max cpu_capacity 1024
2021-02-28T01:19:02.205498-05:00 INFO kernel: [    0.097772] devtmpfs: initialized
2021-02-28T01:19:02.205500-05:00 INFO kernel: [    0.098768] CPU3: update max cpu_capacity 1024
2021-02-28T01:19:02.205507-05:00 INFO kernel: [    0.098862] clocksource: jiffies: mask: 0xffffffff max_cycles: 0xffffffff, max_idle_ns: 1911260446275000 ns
2021-02-28T01:19:02.205510-05:00 INFO kernel: [    0.098876] futex hash table entries: 1024 (order: 4, 65536 bytes)
2021-02-28T01:19:02.205513-05:00 INFO kernel: [    0.099082] pinctrl core: initialized pinctrl subsystem
2021-02-28T01:19:02.205515-05:00 INFO kernel: [    0.099163] RTC time:  6:19:00, date: 02/28/21
2021-02-28T01:19:02.205517-05:00 INFO kernel: [    0.099472] NET: Registered protocol family 16
2021-02-28T01:19:02.205520-05:00 INFO kernel: [    0.104780] cpuidle: using governor ladder
2021-02-28T01:19:02.205522-05:00 INFO kernel: [    0.108796] cpuidle: using governor menu
2021-02-28T01:19:02.205529-05:00 INFO kernel: [    0.109139] clocksource: Switched to clocksource refined-jiffies
2021-02-28T01:19:02.205532-05:00 INFO kernel: [    0.109149] ACPI: bus type PCI registered
2021-02-28T01:19:02.205534-05:00 INFO kernel: [    0.109275] PCI: MMCONFIG for domain 0000 [bus 00-ff] at [mem 0xe0000000-0xefffffff] (base 0xe0000000)
2021-02-28T01:19:02.205537-05:00 INFO kernel: [    0.109282] PCI: MMCONFIG at [mem 0xe0000000-0xefffffff] reserved in E820
2021-02-28T01:19:02.205539-05:00 INFO kernel: [    0.109323] PCI: Using configuration type 1 for base access
2021-02-28T01:19:02.205541-05:00 INFO kernel: [    0.119682] ACPI: Added _OSI(Module Device)
2021-02-28T01:19:02.205548-05:00 INFO kernel: [    0.119689] ACPI: Added _OSI(Processor Device)
2021-02-28T01:19:02.205551-05:00 INFO kernel: [    0.119693] ACPI: Added _OSI(3.0 _SCP Extensions)
2021-02-28T01:19:02.205554-05:00 INFO kernel: [    0.119696] ACPI: Added _OSI(Processor Aggregator Device)
2021-02-28T01:19:02.205556-05:00 INFO kernel: [    0.128746] ACPI : EC: EC started
2021-02-28T01:19:02.205558-05:00 INFO kernel: [    0.128946] ACPI: Interpreter enabled
2021-02-28T01:19:02.205560-05:00 INFO kernel: [    0.128976] ACPI: (supports S0 S3 S5)
2021-02-28T01:19:02.205562-05:00 INFO kernel: [    0.128981] ACPI: Using IOAPIC for interrupt routing
2021-02-28T01:19:02.205570-05:00 INFO kernel: [    0.129035] PCI: Using host bridge windows from ACPI; if necessary, use "pci=nocrs" and report a bug
2021-02-28T01:19:02.205573-05:00 INFO kernel: [    0.138755] ACPI: Power Resource [PLPE] (on)
2021-02-28T01:19:02.205575-05:00 INFO kernel: [    0.141335] ACPI: PCI Root Bridge [PCI0] (domain 0000 [bus 00-ff])
2021-02-28T01:19:02.205578-05:00 INFO kernel: [    0.141349] acpi PNP0A08:00: _OSC: OS supports [ExtendedConfig ASPM ClockPM Segments MSI]
2021-02-28T01:19:02.205580-05:00 INFO kernel: [    0.141471] acpi PNP0A08:00: _OSC: OS now controls [PCIeHotplug PME AER PCIeCapability]
2021-02-28T01:19:02.205582-05:00 INFO kernel: [    0.141693] PCI host bridge to bus 0000:00
2021-02-28T01:19:02.205596-05:00 INFO kernel: [    0.141701] pci_bus 0000:00: root bus resource [io  0x0000-0x0cf7 window]
2021-02-28T01:19:02.205600-05:00 INFO kernel: [    0.141708] pci_bus 0000:00: root bus resource [io  0x0d00-0xffff window]
2021-02-28T01:19:02.205603-05:00 INFO kernel: [    0.141713] pci_bus 0000:00: root bus resource [mem 0x000a0000-0x000bffff window]
2021-02-28T01:19:02.205605-05:00 INFO kernel: [    0.141718] pci_bus 0000:00: root bus resource [mem 0x000c0000-0x000c3fff window]
2021-02-28T01:19:02.205607-05:00 INFO kernel: [    0.141724] pci_bus 0000:00: root bus resource [mem 0x000c4000-0x000c7fff window]
2021-02-28T01:19:02.205610-05:00 INFO kernel: [    0.141729] pci_bus 0000:00: root bus resource [mem 0x000c8000-0x000cbfff window]
2021-02-28T01:19:02.205612-05:00 INFO kernel: [    0.141734] pci_bus 0000:00: root bus resource [mem 0x000cc000-0x000cffff window]
2021-02-28T01:19:02.205624-05:00 INFO kernel: [    0.141739] pci_bus 0000:00: root bus resource [mem 0x000d0000-0x000d3fff window]
2021-02-28T01:19:02.205803-05:00 INFO kernel: [    0.141744] pci_bus 0000:00: root bus resource [mem 0x000d4000-0x000d7fff window]
2021-02-28T01:19:02.205807-05:00 INFO kernel: [    0.141749] pci_bus 0000:00: root bus resource [mem 0x000d8000-0x000dbfff window]
2021-02-28T01:19:02.205810-05:00 INFO kernel: [    0.141755] pci_bus 0000:00: root bus resource [mem 0x000dc000-0x000dffff window]
2021-02-28T01:19:02.205812-05:00 INFO kernel: [    0.141760] pci_bus 0000:00: root bus resource [mem 0x000e0000-0x000e3fff window]
2021-02-28T01:19:02.205815-05:00 INFO kernel: [    0.141765] pci_bus 0000:00: root bus resource [mem 0x000e4000-0x000e7fff window]
2021-02-28T01:19:02.205826-05:00 INFO kernel: [    0.141770] pci_bus 0000:00: root bus resource [mem 0x000e8000-0x000ebfff window]
2021-02-28T01:19:02.205830-05:00 INFO kernel: [    0.141775] pci_bus 0000:00: root bus resource [mem 0x000ec000-0x000effff window]
2021-02-28T01:19:02.205833-05:00 INFO kernel: [    0.141780] pci_bus 0000:00: root bus resource [mem 0x000f0000-0x000fffff window]
2021-02-28T01:19:02.205835-05:00 INFO kernel: [    0.141786] pci_bus 0000:00: root bus resource [mem 0x80000000-0xfeafffff window]
2021-02-28T01:19:02.205837-05:00 INFO kernel: [    0.141791] pci_bus 0000:00: root bus resource [mem 0xfed40000-0xfed44fff window]
2021-02-28T01:19:02.205839-05:00 INFO kernel: [    0.141797] pci_bus 0000:00: root bus resource [bus 00-ff]
2021-02-28T01:19:02.205842-05:00 DEBUG kernel: [    0.141814] pci 0000:00:00.0: [8086:0f00] type 00 class 0x060000
2021-02-28T01:19:02.205852-05:00 DEBUG kernel: [    0.141975] pci 0000:00:02.0: [8086:0f31] type 00 class 0x030000
2021-02-28T01:19:02.205856-05:00 DEBUG kernel: [    0.142002] pci 0000:00:02.0: reg 0x10: [mem 0xd0000000-0xd03fffff]
2021-02-28T01:19:02.205858-05:00 DEBUG kernel: [    0.142019] pci 0000:00:02.0: reg 0x18: [mem 0xc0000000-0xcfffffff pref]
2021-02-28T01:19:02.205861-05:00 DEBUG kernel: [    0.142034] pci 0000:00:02.0: reg 0x20: [io  0x1000-0x1007]
2021-02-28T01:19:02.205863-05:00 DEBUG kernel: [    0.142195] pci 0000:00:14.0: [8086:0f35] type 00 class 0x0c0330
2021-02-28T01:19:02.205865-05:00 DEBUG kernel: [    0.142230] pci 0000:00:14.0: reg 0x10: [mem 0xd0900000-0xd090ffff 64bit]
2021-02-28T01:19:02.205875-05:00 DEBUG kernel: [    0.142296] pci 0000:00:14.0: PME# supported from D3hot D3cold
2021-02-28T01:19:02.205879-05:00 INFO kernel: [    0.142349] pci 0000:00:14.0: System wakeup disabled by ACPI
2021-02-28T01:19:02.205881-05:00 DEBUG kernel: [    0.142463] pci 0000:00:1a.0: [8086:0f18] type 00 class 0x108000
2021-02-28T01:19:02.205883-05:00 DEBUG kernel: [    0.142516] pci 0000:00:1a.0: reg 0x10: [mem 0xd0600000-0xd06fffff]
2021-02-28T01:19:02.205885-05:00 DEBUG kernel: [    0.142536] pci 0000:00:1a.0: reg 0x14: [mem 0xd0700000-0xd07fffff]
2021-02-28T01:19:02.205888-05:00 DEBUG kernel: [    0.142641] pci 0000:00:1a.0: PME# supported from D0 D3hot
2021-02-28T01:19:02.205890-05:00 DEBUG kernel: [    0.142772] pci 0000:00:1b.0: [8086:0f04] type 00 class 0x040300
2021-02-28T01:19:02.205900-05:00 DEBUG kernel: [    0.142812] pci 0000:00:1b.0: reg 0x10: [mem 0xd0914000-0xd0917fff 64bit]
2021-02-28T01:19:02.205904-05:00 DEBUG kernel: [    0.142888] pci 0000:00:1b.0: PME# supported from D0 D3hot D3cold
2021-02-28T01:19:02.205906-05:00 DEBUG kernel: [    0.143014] pci 0000:00:1c.0: [8086:0f48] type 01 class 0x060400
2021-02-28T01:19:02.205908-05:00 DEBUG kernel: [    0.143094] pci 0000:00:1c.0: PME# supported from D0 D3hot D3cold
2021-02-28T01:19:02.205911-05:00 DEBUG kernel: [    0.143250] pci 0000:00:1f.0: [8086:0f1c] type 00 class 0x060100
2021-02-28T01:19:02.205913-05:00 DEBUG kernel: [    0.143582] pci 0000:01:00.0: [8086:08b2] type 00 class 0x028000
2021-02-28T01:19:02.205915-05:00 DEBUG kernel: [    0.143663] pci 0000:01:00.0: reg 0x10: [mem 0xd0800000-0xd0801fff 64bit]
2021-02-28T01:19:02.205925-05:00 DEBUG kernel: [    0.143867] pci 0000:01:00.0: PME# supported from D0 D3hot D3cold
2021-02-28T01:19:02.205928-05:00 INFO kernel: [    0.146599] pci 0000:00:1c.0: PCI bridge to [bus 01]
2021-02-28T01:19:02.205931-05:00 DEBUG kernel: [    0.146610] pci 0000:00:1c.0:   bridge window [mem 0xd0800000-0xd08fffff]
2021-02-28T01:19:02.205933-05:00 DEBUG kernel: [    0.146626] pci_bus 0000:00: on NUMA node 0
2021-02-28T01:19:02.205935-05:00 INFO kernel: [    0.146929] ACPI: PCI Interrupt Link [LNKA] (IRQs 1 3 4 5 6 7 10 12 14 15) *0
2021-02-28T01:19:02.205937-05:00 INFO kernel: [    0.147083] ACPI: PCI Interrupt Link [LNKB] (IRQs 1 3 4 5 6 7 11 12 14 15) *0
2021-02-28T01:19:02.205947-05:00 INFO kernel: [    0.147231] ACPI: PCI Interrupt Link [LNKC] (IRQs 1 3 4 5 6 7 10 12 14 15) *0
2021-02-28T01:19:02.205951-05:00 INFO kernel: [    0.147379] ACPI: PCI Interrupt Link [LNKD] (IRQs 1 3 4 5 6 7 11 12 14 15) *0
2021-02-28T01:19:02.205954-05:00 INFO kernel: [    0.147527] ACPI: PCI Interrupt Link [LNKE] (IRQs 1 3 4 5 6 7 10 12 14 15) *0
2021-02-28T01:19:02.205956-05:00 INFO kernel: [    0.147683] ACPI: PCI Interrupt Link [LNKF] (IRQs 1 3 4 5 6 7 11 12 14 15) *0
2021-02-28T01:19:02.205959-05:00 INFO kernel: [    0.147830] ACPI: PCI Interrupt Link [LNKG] (IRQs 1 3 4 5 6 7 10 12 14 15) *0
2021-02-28T01:19:02.205961-05:00 INFO kernel: [    0.147978] ACPI: PCI Interrupt Link [LNKH] (IRQs 1 3 4 5 6 7 11 12 14 15) *0
2021-02-28T01:19:02.205963-05:00 DEBUG kernel: [    0.148772] gpiochip_find_base: found new base at 410
2021-02-28T01:19:02.205973-05:00 DEBUG kernel: [    0.148837] gpiochip_add_data: registered GPIOs 410 to 511 on device: INT33FC:00
2021-02-28T01:19:02.205977-05:00 DEBUG kernel: [    0.149576] gpiochip_find_base: found new base at 382
2021-02-28T01:19:02.205979-05:00 DEBUG kernel: [    0.149645] gpiochip_add_data: registered GPIOs 382 to 409 on device: INT33FC:01
2021-02-28T01:19:02.205981-05:00 DEBUG kernel: [    0.149967] gpiochip_find_base: found new base at 338
2021-02-28T01:19:02.205984-05:00 DEBUG kernel: [    0.150028] gpiochip_add_data: registered GPIOs 338 to 381 on device: INT33FC:02
2021-02-28T01:19:02.205986-05:00 INFO kernel: [    0.154966] ACPI : EC: GPE = 0x18, I/O: command/status = 0x66, data = 0x62
2021-02-28T01:19:02.205996-05:00 ERR kernel: [    0.155096] dw_dmac INTL9C60:00: Missing DT data
2021-02-28T01:19:02.206014-05:00 INFO kernel: [    0.155486] dw_dmac INTL9C60:00: DesignWare DMA Controller, 8 channels
2021-02-28T01:19:02.206018-05:00 ERR kernel: [    0.155523] dw_dmac INTL9C60:01: Missing DT data
2021-02-28T01:19:02.206020-05:00 INFO kernel: [    0.155909] dw_dmac INTL9C60:01: DesignWare DMA Controller, 8 channels
2021-02-28T01:19:02.206023-05:00 NOTICE kernel: [    0.156169] SCSI subsystem initialized
2021-02-28T01:19:02.206025-05:00 DEBUG kernel: [    0.156309] libata version 3.00 loaded.
2021-02-28T01:19:02.206027-05:00 INFO kernel: [    0.156414] ACPI: bus type USB registered
2021-02-28T01:19:02.206037-05:00 INFO kernel: [    0.156469] usbcore: registered new interface driver usbfs
2021-02-28T01:19:02.206042-05:00 INFO kernel: [    0.156496] usbcore: registered new interface driver hub
2021-02-28T01:19:02.206044-05:00 INFO kernel: [    0.156540] usbcore: registered new device driver usb
2021-02-28T01:19:02.206046-05:00 INFO kernel: [    0.179578] media: Linux media interface: v0.10
2021-02-28T01:19:02.206049-05:00 INFO kernel: [    0.179605] Linux video capture interface: v2.00
2021-02-28T01:19:02.206051-05:00 NOTICE kernel: [    0.179950] chromeos_acpi: registering CHSW 0
2021-02-28T01:19:02.206062-05:00 NOTICE kernel: [    0.180332] chromeos_acpi: registering VBNV 0
2021-02-28T01:19:02.206066-05:00 NOTICE kernel: [    0.180340] chromeos_acpi: registering VBNV 1
2021-02-28T01:19:02.206069-05:00 INFO kernel: [    0.180825] chromeos_acpi: truncating buffer from 3072 to 1336
2021-02-28T01:19:02.206071-05:00 INFO kernel: [    0.181209] chromeos_acpi: installed
2021-02-28T01:19:02.206073-05:00 INFO kernel: [    0.181213] chromeos_acpi: chromeos_acpi: enabling S3 USB wake
2021-02-28T01:19:02.206076-05:00 INFO kernel: [    0.181305] Advanced Linux Sound Architecture Driver Initialized.
2021-02-28T01:19:02.206078-05:00 INFO kernel: [    0.181313] PCI: Using ACPI for IRQ routing
2021-02-28T01:19:02.206088-05:00 DEBUG kernel: [    0.187904] PCI: pci_cache_line_size set to 64 bytes
2021-02-28T01:19:02.206092-05:00 DEBUG kernel: [    0.187965] e820: reserve RAM buffer [mem 0x7ae6e000-0x7bffffff]
2021-02-28T01:19:02.206095-05:00 NOTICE kernel: [    0.188683] amd_nb: Cannot enumerate AMD northbridges
2021-02-28T01:19:02.206098-05:00 INFO kernel: [    0.211127] pnp: PnP ACPI init
2021-02-28T01:19:02.206100-05:00 INFO kernel: [    0.211340] system 00:00: [mem 0xfeb00000-0xfebfffff] has been reserved
2021-02-28T01:19:02.206102-05:00 INFO kernel: [    0.211350] system 00:00: [mem 0xe0000000-0xefffffff] could not be reserved
2021-02-28T01:19:02.206112-05:00 INFO kernel: [    0.211356] system 00:00: [mem 0xfed03000-0xfed033ff] has been reserved
2021-02-28T01:19:02.206116-05:00 INFO kernel: [    0.211362] system 00:00: [mem 0xfed08000-0xfed083ff] has been reserved
2021-02-28T01:19:02.206118-05:00 INFO kernel: [    0.211368] system 00:00: [mem 0xfed01000-0xfed013ff] has been reserved
2021-02-28T01:19:02.206121-05:00 INFO kernel: [    0.211374] system 00:00: [mem 0xfef00000-0xfeffffff] has been reserved
2021-02-28T01:19:02.206123-05:00 INFO kernel: [    0.211380] system 00:00: [mem 0xfed05000-0xfed057ff] has been reserved
2021-02-28T01:19:02.206126-05:00 INFO kernel: [    0.211386] system 00:00: [mem 0xfed1c000-0xfed1c3ff] has been reserved
2021-02-28T01:19:02.206128-05:00 DEBUG kernel: [    0.211398] system 00:00: Plug and Play ACPI device, IDs PNP0c02 (active)
2021-02-28T01:19:02.206145-05:00 INFO kernel: [    0.211851] system 00:01: [mem 0xfed00000-0xfed003ff] has been reserved
2021-02-28T01:19:02.206149-05:00 DEBUG kernel: [    0.211863] system 00:01: Plug and Play ACPI device, IDs PNP0103 PNP0c01 (active)
2021-02-28T01:19:02.206152-05:00 DEBUG kernel: [    0.211981] system 00:02: Plug and Play ACPI device, IDs PNP0c02 (active)
2021-02-28T01:19:02.206154-05:00 DEBUG kernel: [    0.212052] pnp 00:03: Plug and Play ACPI device, IDs PNP0b00 (active)
2021-02-28T01:19:02.206157-05:00 INFO kernel: [    0.212173] system 00:04: [io  0x0900-0x09fe] has been reserved
2021-02-28T01:19:02.206159-05:00 DEBUG kernel: [    0.212183] system 00:04: Plug and Play ACPI device, IDs PNP0c02 (active)
2021-02-28T01:19:02.206161-05:00 INFO kernel: [    0.212294] system 00:05: [io  0x0200] has been reserved
2021-02-28T01:19:02.206173-05:00 INFO kernel: [    0.212302] system 00:05: [io  0x0204] has been reserved
2021-02-28T01:19:02.206177-05:00 INFO kernel: [    0.212308] system 00:05: [io  0x0800-0x087f] has been reserved
2021-02-28T01:19:02.206180-05:00 INFO kernel: [    0.212314] system 00:05: [io  0x0880-0x08ff] has been reserved
2021-02-28T01:19:02.206182-05:00 DEBUG kernel: [    0.212324] system 00:05: Plug and Play ACPI device, IDs PNP0c02 (active)
2021-02-28T01:19:02.206185-05:00 DEBUG kernel: [    0.212432] pnp 00:06: Plug and Play ACPI device, IDs PNP0303 PNP030b (active)
2021-02-28T01:19:02.206187-05:00 DEBUG kernel: [    0.212569] pnp 00:07: Plug and Play ACPI device, IDs IFX0102 PNP0c31 (active)
2021-02-28T01:19:02.206197-05:00 INFO kernel: [    0.213553] pnp: PnP ACPI: found 8 devices
2021-02-28T01:19:02.206202-05:00 INFO kernel: [    0.219010] clocksource: acpi_pm: mask: 0xffffff max_cycles: 0xffffff, max_idle_ns: 2085701024 ns
2021-02-28T01:19:02.206205-05:00 INFO kernel: [    0.219045] clocksource: Switched to clocksource acpi_pm
2021-02-28T01:19:02.206207-05:00 INFO kernel: [    0.219185] pci 0000:00:1c.0: PCI bridge to [bus 01]
2021-02-28T01:19:02.206209-05:00 INFO kernel: [    0.219196] pci 0000:00:1c.0:   bridge window [mem 0xd0800000-0xd08fffff]
2021-02-28T01:19:02.206212-05:00 DEBUG kernel: [    0.219209] pci_bus 0000:00: resource 4 [io  0x0000-0x0cf7 window]
2021-02-28T01:19:02.206214-05:00 DEBUG kernel: [    0.219214] pci_bus 0000:00: resource 5 [io  0x0d00-0xffff window]
2021-02-28T01:19:02.206224-05:00 DEBUG kernel: [    0.219220] pci_bus 0000:00: resource 6 [mem 0x000a0000-0x000bffff window]
2021-02-28T01:19:02.206228-05:00 DEBUG kernel: [    0.219225] pci_bus 0000:00: resource 7 [mem 0x000c0000-0x000c3fff window]
2021-02-28T01:19:02.206231-05:00 DEBUG kernel: [    0.219230] pci_bus 0000:00: resource 8 [mem 0x000c4000-0x000c7fff window]
2021-02-28T01:19:02.206234-05:00 DEBUG kernel: [    0.219235] pci_bus 0000:00: resource 9 [mem 0x000c8000-0x000cbfff window]
2021-02-28T01:19:02.206236-05:00 DEBUG kernel: [    0.219240] pci_bus 0000:00: resource 10 [mem 0x000cc000-0x000cffff window]
2021-02-28T01:19:02.206239-05:00 DEBUG kernel: [    0.219245] pci_bus 0000:00: resource 11 [mem 0x000d0000-0x000d3fff window]
2021-02-28T01:19:02.206249-05:00 DEBUG kernel: [    0.219250] pci_bus 0000:00: resource 12 [mem 0x000d4000-0x000d7fff window]
2021-02-28T01:19:02.206418-05:00 DEBUG kernel: [    0.219255] pci_bus 0000:00: resource 13 [mem 0x000d8000-0x000dbfff window]
2021-02-28T01:19:02.206423-05:00 DEBUG kernel: [    0.219261] pci_bus 0000:00: resource 14 [mem 0x000dc000-0x000dffff window]
2021-02-28T01:19:02.206426-05:00 DEBUG kernel: [    0.219266] pci_bus 0000:00: resource 15 [mem 0x000e0000-0x000e3fff window]
2021-02-28T01:19:02.206428-05:00 DEBUG kernel: [    0.219271] pci_bus 0000:00: resource 16 [mem 0x000e4000-0x000e7fff window]
2021-02-28T01:19:02.206431-05:00 DEBUG kernel: [    0.219276] pci_bus 0000:00: resource 17 [mem 0x000e8000-0x000ebfff window]
2021-02-28T01:19:02.206433-05:00 DEBUG kernel: [    0.219281] pci_bus 0000:00: resource 18 [mem 0x000ec000-0x000effff window]
2021-02-28T01:19:02.206444-05:00 DEBUG kernel: [    0.219286] pci_bus 0000:00: resource 19 [mem 0x000f0000-0x000fffff window]
2021-02-28T01:19:02.206449-05:00 DEBUG kernel: [    0.219291] pci_bus 0000:00: resource 20 [mem 0x80000000-0xfeafffff window]
2021-02-28T01:19:02.206451-05:00 DEBUG kernel: [    0.219297] pci_bus 0000:00: resource 21 [mem 0xfed40000-0xfed44fff window]
2021-02-28T01:19:02.206454-05:00 DEBUG kernel: [    0.219302] pci_bus 0000:01: resource 1 [mem 0xd0800000-0xd08fffff]
2021-02-28T01:19:02.206456-05:00 INFO kernel: [    0.219359] NET: Registered protocol family 2
2021-02-28T01:19:02.206459-05:00 INFO kernel: [    0.219646] TCP established hash table entries: 32768 (order: 6, 262144 bytes)
2021-02-28T01:19:02.206469-05:00 INFO kernel: [    0.219781] TCP bind hash table entries: 32768 (order: 8, 1048576 bytes)
2021-02-28T01:19:02.206473-05:00 INFO kernel: [    0.220142] TCP: Hash tables configured (established 32768 bind 32768)
2021-02-28T01:19:02.206476-05:00 INFO kernel: [    0.220219] UDP hash table entries: 2048 (order: 5, 196608 bytes)
2021-02-28T01:19:02.206478-05:00 INFO kernel: [    0.220291] UDP-Lite hash table entries: 2048 (order: 5, 196608 bytes)
2021-02-28T01:19:02.206480-05:00 INFO kernel: [    0.220482] NET: Registered protocol family 1
2021-02-28T01:19:02.206482-05:00 DEBUG kernel: [    0.220523] pci 0000:00:02.0: Video device with shadowed ROM
2021-02-28T01:19:02.206485-05:00 DEBUG kernel: [    0.221828] PCI: CLS 64 bytes, default 64
2021-02-28T01:19:02.206495-05:00 INFO kernel: [    0.221970] PCI-DMA: Using software bounce buffering for IO (SWIOTLB)
2021-02-28T01:19:02.206499-05:00 INFO kernel: [    0.221976] software IO TLB: mapped [mem 0x76e6e000-0x7ae6e000] (64MB)
2021-02-28T01:19:02.206502-05:00 INFO kernel: [    0.223204] Scanning for low memory corruption every 60 seconds
2021-02-28T01:19:02.206504-05:00 INFO kernel: [    0.224029] audit: initializing netlink subsys (disabled)
2021-02-28T01:19:02.206507-05:00 NOTICE kernel: [    0.224096] audit: type=2000 audit(1614493140.164:1): initialized
2021-02-28T01:19:02.206509-05:00 NOTICE kernel: [    0.229209] VFS: Disk quotas dquot_6.6.0
2021-02-28T01:19:02.206511-05:00 INFO kernel: [    0.229307] VFS: Dquot-cache hash table entries: 512 (order 0, 4096 bytes)
2021-02-28T01:19:02.206521-05:00 INFO kernel: [    0.230111] squashfs: version 4.0 (2009/01/31) Phillip Lougher
2021-02-28T01:19:02.206525-05:00 INFO kernel: [    0.230458] Registering esdfs 0.2
2021-02-28T01:19:02.206528-05:00 INFO kernel: [    0.230576] device_jail: allocated device range 261095424 -> 261095680
2021-02-28T01:19:02.206530-05:00 INFO kernel: [    0.230775] alt_syscall: table 'read_write_test' available.
2021-02-28T01:19:02.206533-05:00 INFO kernel: [    0.230799] alt_syscall: table 'android' available.
2021-02-28T01:19:02.206535-05:00 INFO kernel: [    0.230823] alt_syscall: table 'android_permissive' available.
2021-02-28T01:19:02.206545-05:00 INFO kernel: [    0.230840] alt_syscall: table 'third_party' available.
2021-02-28T01:19:02.206549-05:00 INFO kernel: [    0.230856] alt_syscall: table 'third_party_permissive' available.
2021-02-28T01:19:02.206552-05:00 INFO kernel: [    0.230872] alt_syscall: table 'complete' available.
2021-02-28T01:19:02.206554-05:00 INFO kernel: [    0.230890] alt_syscall: table 'complete_permissive' available.
2021-02-28T01:19:02.206557-05:00 DEBUG kernel: [    0.230896] SELinux:  Registering netfilter hooks
2021-02-28T01:19:02.206559-05:00 INFO kernel: [    0.234293] Block layer SCSI generic (bsg) driver version 0.4 loaded (major 248)
2021-02-28T01:19:02.206562-05:00 INFO kernel: [    0.234304] io scheduler noop registered
2021-02-28T01:19:02.206571-05:00 INFO kernel: [    0.234311] io scheduler deadline registered
2021-02-28T01:19:02.206575-05:00 INFO kernel: [    0.234446] io scheduler cfq registered (default)
2021-02-28T01:19:02.206578-05:00 DEBUG kernel: [    0.235537] aer 0000:00:1c.0:pcie02: service driver aer loaded
2021-02-28T01:19:02.206580-05:00 INFO kernel: [    0.235583] pcieport 0000:00:1c.0: Signaling PME through PCIe PME interrupt
2021-02-28T01:19:02.206583-05:00 INFO kernel: [    0.235589] pci 0000:01:00.0: Signaling PME through PCIe PME interrupt
2021-02-28T01:19:02.206585-05:00 DEBUG kernel: [    0.235596] pcie_pme 0000:00:1c.0:pcie01: service driver pcie_pme loaded
2021-02-28T01:19:02.206597-05:00 INFO kernel: [    0.235616] pci_hotplug: PCI Hot Plug PCI Core version: 0.5
2021-02-28T01:19:02.206601-05:00 INFO kernel: [    0.235636] pciehp: PCI Express Hot Plug Controller Driver version: 0.4
2021-02-28T01:19:02.206604-05:00 DEBUG kernel: [    0.235671] intel_idle: MWAIT substates: 0x33000020
2021-02-28T01:19:02.206606-05:00 DEBUG kernel: [    0.235675] intel_idle: v0.4.1 model 0x37
2021-02-28T01:19:02.206608-05:00 DEBUG kernel: [    0.236077] intel_idle: lapic_timer_reliable_states 0xffffffff
2021-02-28T01:19:02.206611-05:00 INFO kernel: [    0.236251] ACPI: AC Adapter [AC] (off-line)
2021-02-28T01:19:02.206613-05:00 INFO kernel: [    0.236449] input: Lid Switch as /devices/LNXSYSTM:00/LNXSYBUS:00/PNP0C0D:00/input/input0
2021-02-28T01:19:02.206623-05:00 INFO kernel: [    0.236540] ACPI: Lid Switch [LID0]
2021-02-28T01:19:02.206627-05:00 INFO kernel: [    0.236650] input: Power Button as /devices/LNXSYSTM:00/LNXSYBUS:00/PNP0C0C:00/input/input1
2021-02-28T01:19:02.206630-05:00 INFO kernel: [    0.236654] ACPI: Power Button [PWRB]
2021-02-28T01:19:02.206632-05:00 INFO kernel: [    0.236756] input: Sleep Button as /devices/LNXSYSTM:00/LNXSYBUS:00/PNP0C0E:00/input/input2
2021-02-28T01:19:02.206634-05:00 INFO kernel: [    0.236761] ACPI: Sleep Button [TPAD]
2021-02-28T01:19:02.206637-05:00 INFO kernel: [    0.236863] input: Sleep Button as /devices/LNXSYSTM:00/LNXSYBUS:00/PNP0C0E:01/input/input3
2021-02-28T01:19:02.206647-05:00 INFO kernel: [    0.236867] ACPI: Sleep Button [TSCR]
2021-02-28T01:19:02.206651-05:00 INFO kernel: [    0.236970] input: Power Button as /devices/LNXSYSTM:00/LNXPWRBN:00/input/input4
2021-02-28T01:19:02.206653-05:00 INFO kernel: [    0.236975] ACPI: Power Button [PWRF]
2021-02-28T01:19:02.206656-05:00 INFO kernel: [    0.241067] ACPI: Battery Slot [BAT0] (battery present)
2021-02-28T01:19:02.206658-05:00 WARNING kernel: [    0.241230] hpet_acpi_add: no address or irqs in _CRS
2021-02-28T01:19:02.206661-05:00 INFO kernel: [    0.241898] Non-volatile memory driver v1.3
2021-02-28T01:19:02.206663-05:00 INFO kernel: [    0.242182] Linux agpgart interface v0.103
2021-02-28T01:19:02.206673-05:00 INFO kernel: [    0.272637] tpm_tis tpm_tis: 1.2 TPM (device-id 0xB, rev-id 16)
2021-02-28T01:19:02.206677-05:00 ERR kernel: [    0.478251] tpm_tis 00:07: can't request region for resource [mem 0xfed40000-0xfed44fff]
2021-02-28T01:19:02.206680-05:00 WARNING kernel: [    0.478264] tpm_tis: probe of 00:07 failed with error -16
2021-02-28T01:19:02.206682-05:00 INFO kernel: [    0.478381] [drm] Initialized drm 1.1.0 20060810
2021-02-28T01:19:02.206685-05:00 INFO kernel: [    0.482164] [drm] Memory usable by graphics device = 2048M
2021-02-28T01:19:02.206687-05:00 INFO kernel: [    0.482292] [drm] Supports vblank timestamp caching Rev 2 (21.10.2013).
2021-02-28T01:19:02.206692-05:00 INFO kernel: [    0.482296] [drm] Driver supports precise vblank timestamp query.
2021-02-28T01:19:02.206702-05:00 INFO kernel: [    0.529394] [drm] Use max GFX freq on quad-core Baytrail due to crbug.com/719040
2021-02-28T01:19:02.206706-05:00 INFO kernel: [    0.535139] [drm] Initialized i915 1.6.0 20160411 for 0000:00:02.0 on minor 0
2021-02-28T01:19:02.206708-05:00 INFO kernel: [    0.535730] [drm] Initialized vgem 1.0.0 20120112 on minor 1
2021-02-28T01:19:02.206711-05:00 INFO kernel: [    0.535772] usbcore: registered new interface driver udl
2021-02-28T01:19:02.206713-05:00 INFO kernel: [    0.552384] loop: module loaded
2021-02-28T01:19:02.206715-05:00 INFO kernel: [    0.552417] lkdtm: No crash points registered, enable through debugfs
2021-02-28T01:19:02.206725-05:00 INFO kernel: [    0.554268] PPP generic driver version 2.4.2
2021-02-28T01:19:02.206730-05:00 INFO kernel: [    0.555368] PPP MPPE Compression module registered
2021-02-28T01:19:02.206732-05:00 INFO kernel: [    0.555379] NET: Registered protocol family 24
2021-02-28T01:19:02.206735-05:00 INFO kernel: [    0.556519] ehci_hcd: USB 2.0 'Enhanced' Host Controller (EHCI) Driver
2021-02-28T01:19:02.206737-05:00 INFO kernel: [    0.556530] ehci-pci: EHCI PCI platform driver
2021-02-28T01:19:02.206740-05:00 INFO kernel: [    0.556578] ohci_hcd: USB 1.1 'Open' Host Controller (OHCI) Driver
2021-02-28T01:19:02.206742-05:00 INFO kernel: [    0.556628] ohci-pci: OHCI PCI platform driver
2021-02-28T01:19:02.206757-05:00 INFO kernel: [    0.556659] uhci_hcd: USB Universal Host Controller Interface driver
2021-02-28T01:19:02.206761-05:00 INFO kernel: [    0.557372] xhci_hcd 0000:00:14.0: xHCI Host Controller
2021-02-28T01:19:02.206764-05:00 INFO kernel: [    0.558503] xhci_hcd 0000:00:14.0: new USB bus registered, assigned bus number 1
2021-02-28T01:19:02.206766-05:00 INFO kernel: [    0.559642] xhci_hcd 0000:00:14.0: hcc params 0x200077c1 hci version 0x100 quirks 0x00009810
2021-02-28T01:19:02.206768-05:00 DEBUG kernel: [    0.559653] xhci_hcd 0000:00:14.0: cache line size of 64 is not supported
2021-02-28T01:19:02.206771-05:00 INFO kernel: [    0.559831] usb usb1: New USB device found, idVendor=1d6b, idProduct=0002, bcdDevice= 4.04
2021-02-28T01:19:02.206781-05:00 INFO kernel: [    0.559837] usb usb1: New USB device strings: Mfr=3, Product=2, SerialNumber=1
2021-02-28T01:19:02.206785-05:00 INFO kernel: [    0.559842] usb usb1: Product: xHCI Host Controller
2021-02-28T01:19:02.206788-05:00 INFO kernel: [    0.559847] usb usb1: Manufacturer: Linux 4.4.180-16566-g51163f4278d1 xhci-hcd
2021-02-28T01:19:02.206790-05:00 INFO kernel: [    0.559851] usb usb1: SerialNumber: 0000:00:14.0
2021-02-28T01:19:02.206792-05:00 INFO kernel: [    0.561327] hub 1-0:1.0: USB hub found
2021-02-28T01:19:02.206795-05:00 INFO kernel: [    0.561353] hub 1-0:1.0: 6 ports detected
2021-02-28T01:19:02.206797-05:00 INFO kernel: [    0.561892] xhci_hcd 0000:00:14.0: xHCI Host Controller
2021-02-28T01:19:02.206807-05:00 INFO kernel: [    0.562143] xhci_hcd 0000:00:14.0: new USB bus registered, assigned bus number 2
2021-02-28T01:19:02.206811-05:00 INFO kernel: [    0.562244] usb usb2: New USB device found, idVendor=1d6b, idProduct=0003, bcdDevice= 4.04
2021-02-28T01:19:02.206814-05:00 INFO kernel: [    0.562251] usb usb2: New USB device strings: Mfr=3, Product=2, SerialNumber=1
2021-02-28T01:19:02.206816-05:00 INFO kernel: [    0.562256] usb usb2: Product: xHCI Host Controller
2021-02-28T01:19:02.206818-05:00 INFO kernel: [    0.562261] usb usb2: Manufacturer: Linux 4.4.180-16566-g51163f4278d1 xhci-hcd
2021-02-28T01:19:02.206821-05:00 INFO kernel: [    0.562265] usb usb2: SerialNumber: 0000:00:14.0
2021-02-28T01:19:02.206830-05:00 INFO kernel: [    0.562757] hub 2-0:1.0: USB hub found
2021-02-28T01:19:02.206834-05:00 INFO kernel: [    0.562778] hub 2-0:1.0: 1 port detected
2021-02-28T01:19:02.206837-05:00 INFO kernel: [    0.563040] usbcore: registered new interface driver cdc_acm
2021-02-28T01:19:02.206839-05:00 INFO kernel: [    0.563044] cdc_acm: USB Abstract Control Model driver for USB modems and ISDN adapters
2021-02-28T01:19:02.206842-05:00 INFO kernel: [    0.563072] usbcore: registered new interface driver uas
2021-02-28T01:19:02.206844-05:00 INFO kernel: [    0.563125] usbcore: registered new interface driver usb-storage
2021-02-28T01:19:02.206847-05:00 INFO kernel: [    0.563158] usbcore: registered new interface driver ums-realtek
2021-02-28T01:19:02.206856-05:00 INFO kernel: [    0.563207] usbcore: registered new interface driver usbserial
2021-02-28T01:19:02.206860-05:00 INFO kernel: [    0.563227] usbcore: registered new interface driver usbserial_generic
2021-02-28T01:19:02.206863-05:00 INFO kernel: [    0.563245] usbserial: USB Serial support registered for generic
2021-02-28T01:19:02.206866-05:00 INFO kernel: [    0.563318] i8042: PNP: PS/2 Controller [PNP0303:PS2K] at 0x60,0x64 irq 53
2021-02-28T01:19:02.206868-05:00 WARNING kernel: [    0.563322] i8042: PNP: PS/2 appears to have AUX port disabled, if this is incorrect please boot with i8042.nopnp
2021-02-28T01:19:02.207041-05:00 WARNING kernel: [    0.563851] i8042: Warning: Keylock active
2021-02-28T01:19:02.207055-05:00 INFO kernel: [    0.564004] serio: i8042 KBD port at 0x60,0x64 irq 53
2021-02-28T01:19:02.207059-05:00 INFO kernel: [    0.566662] rtc_cmos 00:03: RTC can wake from S4
2021-02-28T01:19:02.207062-05:00 INFO kernel: [    0.567032] rtc_cmos 00:03: rtc core: registered rtc_cmos as rtc0
2021-02-28T01:19:02.207065-05:00 INFO kernel: [    0.567090] rtc_cmos 00:03: alarms up to one month, 242 bytes nvram
2021-02-28T01:19:02.207067-05:00 INFO kernel: [    0.567114] i2c /dev entries driver
2021-02-28T01:19:02.207070-05:00 INFO kernel: [    0.568204] input: AT Translated Set 2 keyboard as /devices/platform/i8042/serio0/input/input5
2021-02-28T01:19:02.207072-05:00 WARNING kernel: [    0.574944] intel_soc_dts_thermal: request_threaded_irq ret -22
2021-02-28T01:19:02.207082-05:00 INFO kernel: [    0.578049] iTCO_wdt: Intel TCO WatchDog Timer Driver v1.11
2021-02-28T01:19:02.207086-05:00 INFO kernel: [    0.578118] iTCO_wdt: Found a Bay Trail SoC TCO device (Version=3, TCOBASE=0x0460)
2021-02-28T01:19:02.207089-05:00 INFO kernel: [    0.580578] iTCO_wdt: initialized. heartbeat=30 sec (nowayout=0)
2021-02-28T01:19:02.207091-05:00 INFO kernel: [    0.580624] iTCO_vendor_support: vendor-support=0
2021-02-28T01:19:02.207094-05:00 INFO kernel: [    0.581359] device-mapper: ioctl: 4.34.0-ioctl (2015-10-28) initialised: dm-devel@redhat.com
2021-02-28T01:19:02.207096-05:00 INFO kernel: [    0.581507] device-mapper: verity-chromeos: dm-verity-chromeos registered
2021-02-28T01:19:02.207107-05:00 INFO kernel: [    0.581533] Intel P-state driver initializing.
2021-02-28T01:19:02.207111-05:00 INFO kernel: [    0.582295] sdhci: Secure Digital Host Controller Interface driver
2021-02-28T01:19:02.207114-05:00 INFO kernel: [    0.582310] sdhci: Copyright(c) Pierre Ossman
2021-02-28T01:19:02.207116-05:00 INFO kernel: [    0.582964] sdhci-acpi 80860F14:00: No vmmc regulator found
2021-02-28T01:19:02.207119-05:00 INFO kernel: [    0.582987] sdhci-acpi 80860F14:00: No vqmmc regulator found
2021-02-28T01:19:02.207121-05:00 INFO kernel: [    0.586201] mmc0: SDHCI controller on ACPI [80860F14:00] using ADMA
2021-02-28T01:19:02.207124-05:00 DEBUG kernel: [    0.586637] sdhci-acpi 80860F16:00: GPIO lookup for consumer 80860F16:00 cd
2021-02-28T01:19:02.207134-05:00 DEBUG kernel: [    0.586703] sdhci-acpi 80860F16:00: using ACPI for GPIO lookup
2021-02-28T01:19:02.207138-05:00 DEBUG kernel: [    0.586725] acpi 80860F16:00: GPIO: looking up 80860F16:00 cd-gpios
2021-02-28T01:19:02.207140-05:00 DEBUG kernel: [    0.586744] acpi 80860F16:00: GPIO: looking up 80860F16:00 cd-gpio
2021-02-28T01:19:02.207143-05:00 DEBUG kernel: [    0.586761] acpi 80860F16:00: GPIO: looking up 0 in _CRS
2021-02-28T01:19:02.207145-05:00 DEBUG kernel: [    0.586971] sdhci-acpi 80860F16:00: using lookup tables for GPIO lookup
2021-02-28T01:19:02.207148-05:00 DEBUG kernel: [    0.586995] sdhci-acpi 80860F16:00: lookup for GPIO 80860F16:00 cd failed
2021-02-28T01:19:02.207152-05:00 WARNING kernel: [    0.587012] sdhci-acpi 80860F16:00: failed to setup card detect gpio
2021-02-28T01:19:02.207161-05:00 INFO kernel: [    0.587049] sdhci-acpi 80860F16:00: No vmmc regulator found
2021-02-28T01:19:02.207165-05:00 INFO kernel: [    0.587065] sdhci-acpi 80860F16:00: No vqmmc regulator found
2021-02-28T01:19:02.207168-05:00 INFO kernel: [    0.590093] mmc1: SDHCI controller on ACPI [80860F16:00] using ADMA
2021-02-28T01:19:02.207170-05:00 INFO kernel: [    0.592415] gsmi version 1.0 loaded
2021-02-28T01:19:02.207173-05:00 INFO kernel: [    0.592919] hidraw: raw HID events driver (C) Jiri Kosina
2021-02-28T01:19:02.207175-05:00 INFO kernel: [    0.594444] usbcore: registered new interface driver usbhid
2021-02-28T01:19:02.207185-05:00 INFO kernel: [    0.594454] usbhid: USB HID core driver
2021-02-28T01:19:02.207189-05:00 INFO kernel: [    0.595756] ashmem: initialized
2021-02-28T01:19:02.207192-05:00 INFO kernel: [    0.595929] intel_telemetry_core Init
2021-02-28T01:19:02.207195-05:00 INFO kernel: [    0.595942] intel_telemetry: version 1.0.0 loaded
2021-02-28T01:19:02.207197-05:00 INFO kernel: [    0.596076] chromeos ramoops using acpi device.
2021-02-28T01:19:02.207199-05:00 INFO kernel: [    0.596241] pstore: using zlib compression
2021-02-28T01:19:02.207201-05:00 INFO kernel: [    0.597751] console [pstore-1] enabled
2021-02-28T01:19:02.207211-05:00 INFO kernel: [    0.597761] pstore: Registered ramoops as persistent store backend
2021-02-28T01:19:02.207215-05:00 INFO kernel: [    0.597769] ramoops: attached 0x100000@0x7ae77000, ecc: 0/0
2021-02-28T01:19:02.207218-05:00 INFO kernel: [    0.600588] cros_ec_lpcs cros_ec_lpcs.0: MKBP not supported
2021-02-28T01:19:02.207221-05:00 WARNING kernel: [    0.601727] cros-ec-ctl cros-ec-ctl.1.auto: cannot get EC features: 0/1
2021-02-28T01:19:02.207223-05:00 INFO kernel: [    0.601745] cros-ec-ctl cros-ec-ctl.1.auto: EC does not have accelerometers.
2021-02-28T01:19:02.207225-05:00 WARNING kernel: [    0.604085] cros-ec-ctl cros-ec-ctl.1.auto: device does not support reading the console log
2021-02-28T01:19:02.207236-05:00 INFO kernel: [    0.604724] cros_ec_lpcs cros_ec_lpcs.0: Chrome EC device registered
2021-02-28T01:19:02.207240-05:00 INFO kernel: [    0.605201] intel_rapl: Found RAPL domain package
2021-02-28T01:19:02.207243-05:00 INFO kernel: [    0.605224] intel_rapl: Found RAPL domain core
2021-02-28T01:19:02.207245-05:00 INFO kernel: [    0.610944] GACT probability NOT on
2021-02-28T01:19:02.207248-05:00 INFO kernel: [    0.610959] Netfilter messages via NETLINK v0.30.
2021-02-28T01:19:02.207250-05:00 INFO kernel: [    0.611003] nf_conntrack version 0.5.0 (16384 buckets, 65536 max)
2021-02-28T01:19:02.207253-05:00 INFO kernel: [    0.611224] ctnetlink v0.93: registering with nfnetlink.
2021-02-28T01:19:02.207262-05:00 INFO kernel: [    0.612015] ip_tables: (C) 2000-2006 Netfilter Core Team
2021-02-28T01:19:02.207267-05:00 INFO kernel: [    0.612169] Initializing XFRM netlink socket
2021-02-28T01:19:02.207269-05:00 INFO kernel: [    0.612549] NET: Registered protocol family 10
2021-02-28T01:19:02.207272-05:00 INFO kernel: [    0.614108] ip6_tables: (C) 2000-2006 Netfilter Core Team
2021-02-28T01:19:02.207274-05:00 INFO kernel: [    0.614239] NET: Registered protocol family 17
2021-02-28T01:19:02.207276-05:00 INFO kernel: [    0.614257] NET: Registered protocol family 15
2021-02-28T01:19:02.207286-05:00 INFO kernel: [    0.615767] microcode: CPU0 sig=0x30678, pf=0x8, revision=0x838
2021-02-28T01:19:02.207290-05:00 INFO kernel: [    0.615980] microcode: CPU1 sig=0x30678, pf=0x8, revision=0x838
2021-02-28T01:19:02.207293-05:00 INFO kernel: [    0.616056] microcode: CPU2 sig=0x30678, pf=0x8, revision=0x838
2021-02-28T01:19:02.207296-05:00 INFO kernel: [    0.616091] microcode: CPU3 sig=0x30678, pf=0x8, revision=0x838
2021-02-28T01:19:02.207298-05:00 INFO kernel: [    0.616334] microcode: Microcode Update Driver: v2.01 <tigran@aivazian.fsnet.co.uk>, Peter Oruba
2021-02-28T01:19:02.207301-05:00 INFO kernel: [    0.617244] registered taskstats version 1
2021-02-28T01:19:02.207303-05:00 NOTICE kernel: [    0.620740] Key type encrypted registered
2021-02-28T01:19:02.207313-05:00 INFO kernel: [    0.670548] mmc0: new HS200 MMC card at address 0001
2021-02-28T01:19:02.207317-05:00 INFO kernel: [    0.671080] mmcblk0: mmc0:0001 SEM16G 14.7 GiB 
2021-02-28T01:19:02.207319-05:00 INFO kernel: [    0.671702] mmcblk0boot0: mmc0:0001 SEM16G partition 1 4.00 MiB
2021-02-28T01:19:02.207330-05:00 INFO kernel: [    0.672131] mmcblk0boot1: mmc0:0001 SEM16G partition 2 4.00 MiB
2021-02-28T01:19:02.207333-05:00 INFO kernel: [    0.674060] mmcblk0rpmb: mmc0:0001 SEM16G partition 3 4.00 MiB
2021-02-28T01:19:02.207335-05:00 INFO kernel: [    0.677840]   Magic number: 9:983:317
2021-02-28T01:19:02.207346-05:00 INFO kernel: [    0.678265] ALSA device list:
2021-02-28T01:19:02.207350-05:00 INFO kernel: [    0.678272]   No soundcards found.
2021-02-28T01:19:02.207353-05:00 INFO kernel: [    0.678328]  mmcblk0: p1 p2 p3 p4 p5 p6 p7 p8 p9 p10 p11 p12
2021-02-28T01:19:02.207355-05:00 ERR kernel: [    0.678355] Warning: unable to open an initial console.
2021-02-28T01:19:02.207357-05:00 INFO kernel: [    0.691896] elan_i2c i2c-ELAN0000:00: Elan Touchpad: Module ID: 0x003d, Firmware: 0x0004, Sample: 0x0004, IAP: 0x0003
2021-02-28T01:19:02.207360-05:00 INFO kernel: [    0.692242] input: Elan Touchpad as /devices/platform/80860F41:00/i2c-0/i2c-ELAN0000:00/input/input6
2021-02-28T01:19:02.207363-05:00 DEBUG kernel: [    0.692686] atmel_mxt_ts i2c-ATML0000:00: GPIO lookup for consumer atmel,reset
2021-02-28T01:19:02.207372-05:00 DEBUG kernel: [    0.692698] atmel_mxt_ts i2c-ATML0000:00: using ACPI for GPIO lookup
2021-02-28T01:19:02.207377-05:00 DEBUG kernel: [    0.692705] acpi ATML0000:00: GPIO: looking up atmel,reset-gpios
2021-02-28T01:19:02.207379-05:00 DEBUG kernel: [    0.692710] acpi ATML0000:00: GPIO: looking up atmel,reset-gpio
2021-02-28T01:19:02.207382-05:00 DEBUG kernel: [    0.692715] acpi ATML0000:00: GPIO: looking up 0 in _CRS
2021-02-28T01:19:02.207384-05:00 DEBUG kernel: [    0.692741] atmel_mxt_ts i2c-ATML0000:00: using lookup tables for GPIO lookup
2021-02-28T01:19:02.207387-05:00 DEBUG kernel: [    0.692747] atmel_mxt_ts i2c-ATML0000:00: lookup for GPIO atmel,reset failed
2021-02-28T01:19:02.207396-05:00 DEBUG kernel: [    0.693014] atmel_mxt_ts i2c-ATML0000:01: GPIO lookup for consumer atmel,reset
2021-02-28T01:19:02.207400-05:00 DEBUG kernel: [    0.693020] atmel_mxt_ts i2c-ATML0000:01: using ACPI for GPIO lookup
2021-02-28T01:19:02.207403-05:00 DEBUG kernel: [    0.693026] acpi ATML0000:01: GPIO: looking up atmel,reset-gpios
2021-02-28T01:19:02.207405-05:00 DEBUG kernel: [    0.693031] acpi ATML0000:01: GPIO: looking up atmel,reset-gpio
2021-02-28T01:19:02.207407-05:00 DEBUG kernel: [    0.693036] acpi ATML0000:01: GPIO: looking up 0 in _CRS
2021-02-28T01:19:02.207409-05:00 DEBUG kernel: [    0.693054] atmel_mxt_ts i2c-ATML0000:01: using lookup tables for GPIO lookup
2021-02-28T01:19:02.207411-05:00 DEBUG kernel: [    0.693059] atmel_mxt_ts i2c-ATML0000:01: lookup for GPIO atmel,reset failed
2021-02-28T01:19:02.207421-05:00 DEBUG kernel: [    0.693708] atmel_mxt_ts i2c-ATML0001:00: GPIO lookup for consumer atmel,reset
2021-02-28T01:19:02.207425-05:00 DEBUG kernel: [    0.693714] atmel_mxt_ts i2c-ATML0001:00: using ACPI for GPIO lookup
2021-02-28T01:19:02.207427-05:00 DEBUG kernel: [    0.693719] acpi ATML0001:00: GPIO: looking up atmel,reset-gpios
2021-02-28T01:19:02.207430-05:00 DEBUG kernel: [    0.693725] acpi ATML0001:00: GPIO: looking up atmel,reset-gpio
2021-02-28T01:19:02.207432-05:00 DEBUG kernel: [    0.693729] acpi ATML0001:00: GPIO: looking up 0 in _CRS
2021-02-28T01:19:02.207434-05:00 DEBUG kernel: [    0.693747] atmel_mxt_ts i2c-ATML0001:00: using lookup tables for GPIO lookup
2021-02-28T01:19:02.207463-05:00 DEBUG kernel: [    0.693752] atmel_mxt_ts i2c-ATML0001:00: lookup for GPIO atmel,reset failed
2021-02-28T01:19:02.207468-05:00 NOTICE kernel: [    0.701284] random: nonblocking pool is initialized
2021-02-28T01:19:02.207471-05:00 DEBUG kernel: [    0.705439] atmel_mxt_ts i2c-ATML0001:01: GPIO lookup for consumer atmel,reset
2021-02-28T01:19:02.207473-05:00 DEBUG kernel: [    0.705444] atmel_mxt_ts i2c-ATML0001:01: using ACPI for GPIO lookup
2021-02-28T01:19:02.207476-05:00 DEBUG kernel: [    0.705448] acpi ATML0001:01: GPIO: looking up atmel,reset-gpios
2021-02-28T01:19:02.207478-05:00 DEBUG kernel: [    0.705452] acpi ATML0001:01: GPIO: looking up atmel,reset-gpio
2021-02-28T01:19:02.207480-05:00 DEBUG kernel: [    0.705456] acpi ATML0001:01: GPIO: looking up 0 in _CRS
2021-02-28T01:19:02.207491-05:00 DEBUG kernel: [    0.705470] atmel_mxt_ts i2c-ATML0001:01: using lookup tables for GPIO lookup
2021-02-28T01:19:02.207495-05:00 DEBUG kernel: [    0.705475] atmel_mxt_ts i2c-ATML0001:01: lookup for GPIO atmel,reset failed
2021-02-28T01:19:02.207497-05:00 INFO kernel: [    0.706974] device-mapper: init: attempting early device configuration.
2021-02-28T01:19:02.207500-05:00 INFO kernel: [    0.708977] device-mapper: init: adding target '0 3584000 verity payload=PARTUUID=6c8bc571-8e95-a843-bc0a-9608a1c2ac65/PARTNROFF=1 hashtree=PARTUUID=6c8bc571-8e95-a843-bc0a-9608a1c2ac65/PARTNROFF=1 hashstart=3584000 alg=sha1 root_hexdigest=3e8df1ad07c15f9a811aa2a9915a17e8409ccf65 salt=0c7d85cad68fb231a34c12121d933c468594106200a09a1c158d34a9cc182c5e'
2021-02-28T01:19:02.207502-05:00 WARNING kernel: [    0.708987] device-mapper: verity: Argument 0: 'payload=PARTUUID=6c8bc571-8e95-a843-bc0a-9608a1c2ac65/PARTNROFF=1'
2021-02-28T01:19:02.207505-05:00 WARNING kernel: [    0.708992] device-mapper: verity: Argument 1: 'hashtree=PARTUUID=6c8bc571-8e95-a843-bc0a-9608a1c2ac65/PARTNROFF=1'
2021-02-28T01:19:02.207630-05:00 WARNING kernel: [    0.708996] device-mapper: verity: Argument 2: 'hashstart=3584000'
2021-02-28T01:19:02.207635-05:00 WARNING kernel: [    0.709000] device-mapper: verity: Argument 3: 'alg=sha1'
2021-02-28T01:19:02.207637-05:00 WARNING kernel: [    0.709004] device-mapper: verity: Argument 4: 'root_hexdigest=3e8df1ad07c15f9a811aa2a9915a17e8409ccf65'
2021-02-28T01:19:02.207640-05:00 WARNING kernel: [    0.709007] device-mapper: verity: Argument 5: 'salt=0c7d85cad68fb231a34c12121d933c468594106200a09a1c158d34a9cc182c5e'
2021-02-28T01:19:02.207642-05:00 INFO kernel: [    0.710586] device-mapper: init: dm-0 is ready
2021-02-28T01:19:02.207644-05:00 ERR kernel: [    0.714044] EXT4-fs (dm-0): couldn't mount as ext3 due to feature incompatibilities
2021-02-28T01:19:02.207655-05:00 INFO kernel: [    0.714552] EXT4-fs (dm-0): mounting ext2 file system using the ext4 subsystem
2021-02-28T01:19:02.207659-05:00 INFO kernel: [    0.717527] EXT4-fs (dm-0): mounted filesystem without journal. Opts: (null)
2021-02-28T01:19:02.207662-05:00 INFO kernel: [    0.717548] VFS: Mounted root (ext2 filesystem) readonly on device 253:0.
2021-02-28T01:19:02.207664-05:00 INFO kernel: [    0.725011] devtmpfs: mounted
2021-02-28T01:19:02.207666-05:00 INFO kernel: [    0.727226] Freeing unused kernel memory: 1308K
2021-02-28T01:19:02.207669-05:00 INFO kernel: [    0.727236] Write protecting the kernel read-only data: 14336k
2021-02-28T01:19:02.207678-05:00 INFO kernel: [    0.729616] Freeing unused kernel memory: 1640K
2021-02-28T01:19:02.207682-05:00 INFO kernel: [    0.734878] Freeing unused kernel memory: 1144K
2021-02-28T01:19:02.207685-05:00 INFO kernel: [    0.914218] usb 1-3: new high-speed USB device number 2 using xhci_hcd
2021-02-28T01:19:02.207687-05:00 INFO kernel: [    1.104927] NMI watchdog: enabled on all CPUs, permanently consumes one hw-PMU counter.
2021-02-28T01:19:02.207690-05:00 WARNING kernel: [    1.105631] Unsafe core_pattern used with suid_dumpable=2. Pipe handler or fully qualified core dump path required.
2021-02-28T01:19:02.207692-05:00 INFO kernel: [    1.113305] usb 1-3: New USB device found, idVendor=04f2, idProduct=b462, bcdDevice= 0.06
2021-02-28T01:19:02.207703-05:00 INFO kernel: [    1.113316] usb 1-3: New USB device strings: Mfr=3, Product=1, SerialNumber=2
2021-02-28T01:19:02.207707-05:00 INFO kernel: [    1.113321] usb 1-3: Product: Chromebook HD Camera
2021-02-28T01:19:02.207709-05:00 INFO kernel: [    1.113326] usb 1-3: Manufacturer: Generic_C
2021-02-28T01:19:02.207712-05:00 INFO kernel: [    1.113330] usb 1-3: SerialNumber: 0x0001
2021-02-28T01:19:02.207714-05:00 INFO kernel: [    1.198884] udevd[156]: starting version 225
2021-02-28T01:19:02.207716-05:00 INFO kernel: [    1.207913] EXT4-fs (mmcblk0p1): mounted filesystem with ordered data mode. Opts: commit=600
2021-02-28T01:19:02.207718-05:00 INFO kernel: [    1.222777] EXT4-fs (mmcblk0p8): mounted filesystem with ordered data mode. Opts: (null)
2021-02-28T01:19:02.207765-05:00 INFO kernel: [    1.225735] tsc: Refined TSC clocksource calibration: 1833.337 MHz
2021-02-28T01:19:02.207769-05:00 INFO kernel: [    1.225747] clocksource: tsc: mask: 0xffffffffffffffff max_cycles: 0x34da5bf5b65, max_idle_ns: 881590579781 ns
2021-02-28T01:19:02.207771-05:00 INFO kernel: [    1.267782] usb 1-4: new full-speed USB device number 3 using xhci_hcd
2021-02-28T01:19:02.207774-05:00 INFO kernel: [    1.401689] Chromium OS LSM: dev(253,0): read-only
2021-02-28T01:19:02.207776-05:00 INFO kernel: [    1.401699] Chromium OS LSM: module locking engaged.
2021-02-28T01:19:02.207778-05:00 NOTICE kernel: [    1.401717] Chromium OS LSM: init_module locked obj="/lib/modules/4.4.180-16566-g51163f4278d1/kernel/drivers/input/joydev.ko" pid=192 cmdline="udevd --daemon"
2021-02-28T01:19:02.207788-05:00 INFO kernel: [    1.433979] usb 1-4: New USB device found, idVendor=8087, idProduct=07dc, bcdDevice= 0.01
2021-02-28T01:19:02.207792-05:00 INFO kernel: [    1.433990] usb 1-4: New USB device strings: Mfr=0, Product=0, SerialNumber=0
2021-02-28T01:19:02.207795-05:00 INFO kernel: [    1.464272] Bluetooth: af_bluetooth.c:bt_init() Core ver 2.22
2021-02-28T01:19:02.207797-05:00 INFO kernel: [    1.464307] NET: Registered protocol family 31
2021-02-28T01:19:02.207799-05:00 INFO kernel: [    1.464313] Bluetooth: af_bluetooth.c:bt_init() HCI device and connection manager initialized
2021-02-28T01:19:02.207802-05:00 INFO kernel: [    1.464317] Bluetooth: hci_le_splitter.c:hci_le_splitter_sysfs_init() Initializing LE splitter sysfs
2021-02-28T01:19:02.207838-05:00 INFO kernel: [    1.464593] Bluetooth: hci_sock.c:hci_sock_init() HCI socket layer initialized
2021-02-28T01:19:02.207849-05:00 INFO kernel: [    1.464602] Bluetooth: l2cap_sock.c:l2cap_init_sockets() L2CAP socket layer initialized
2021-02-28T01:19:02.207853-05:00 INFO kernel: [    1.464619] Bluetooth: sco.c:sco_init() SCO socket layer initialized
2021-02-28T01:19:02.207855-05:00 DEBUG kernel: [    1.477589] usb 1-4: GPIO lookup for consumer reset
2021-02-28T01:19:02.207857-05:00 DEBUG kernel: [    1.477596] usb 1-4: using ACPI for GPIO lookup
2021-02-28T01:19:02.207860-05:00 DEBUG kernel: [    1.477602] acpi device:07: GPIO: looking up reset-gpios
2021-02-28T01:19:02.207862-05:00 DEBUG kernel: [    1.477607] acpi device:07: GPIO: looking up reset-gpio
2021-02-28T01:19:02.207883-05:00 DEBUG kernel: [    1.477610] acpi device:07: GPIO: looking up 0 in _CRS
2021-02-28T01:19:02.207887-05:00 DEBUG kernel: [    1.477619] usb 1-4: using lookup tables for GPIO lookup
2021-02-28T01:19:02.207890-05:00 DEBUG kernel: [    1.477624] usb 1-4: lookup for GPIO reset failed
2021-02-28T01:19:02.207892-05:00 INFO kernel: [    1.481560] usbcore: registered new interface driver btusb
2021-02-28T01:19:02.207895-05:00 ERR kernel: [    1.621529] frecon[276]: Failed to set atomic cap.
2021-02-28T01:19:02.207897-05:00 INFO kernel: [    1.624524] frecon[276]: Frecon using drm driver i915, version 1.6, date(20160411), desc(Intel Graphics)
2021-02-28T01:19:02.207911-05:00 DEBUG kernel: [    1.630547] frecon[276]: tsm_screen: new screen
2021-02-28T01:19:02.207915-05:00 DEBUG kernel: [    1.630575] frecon[276]: tsm_vte: new vte object
2021-02-28T01:19:02.207926-05:00 INFO kernel: [    1.666203] EXT4-fs (dm-1): mounted filesystem with ordered data mode. Opts: discard,commit=600
2021-02-28T01:19:02.207929-05:00 WARNING kernel: [    2.120838] platform regulatory.0: Direct firmware load for regulatory.db failed with error -2
2021-02-28T01:19:02.207931-05:00 INFO kernel: [    2.120851] cfg80211: failed to load regulatory.db
2021-02-28T01:19:02.207934-05:00 NOTICE kernel: [    2.145336] systemd-journald[446]: Running without systemd.
2021-02-28T01:19:02.207936-05:00 INFO kernel: [    2.177942] Intel(R) Wireless WiFi driver for Linux
2021-02-28T01:19:02.207947-05:00 INFO kernel: [    2.177952] Copyright(c) 2003- 2015 Intel Corporation
2021-02-28T01:19:02.207952-05:00 WARNING kernel: [    2.180351] iwlwifi 0000:01:00.0: Direct firmware load for iwl-dbg-cfg.ini failed with error -2
2021-02-28T01:19:02.207955-05:00 ERR kernel: [    2.190994] frecon[276]: Failed to set atomic cap.
2021-02-28T01:19:02.207957-05:00 INFO kernel: [    2.194445] frecon[276]: Frecon using drm driver i915, version 1.6, date(20160411), desc(Intel Graphics)
2021-02-28T01:19:02.207960-05:00 INFO kernel: [    2.198427] systemd-journald[446]: Received request to flush runtime journal from PID 487
2021-02-28T01:19:02.207962-05:00 ERR kernel: [    2.198439] frecon[276]: Failed to set atomic cap.
2021-02-28T01:19:02.207975-05:00 INFO kernel: [    2.202220] frecon[276]: Frecon using drm driver i915, version 1.6, date(20160411), desc(Intel Graphics)
2021-02-28T01:19:02.207980-05:00 INFO kernel: [    2.204042] iwlwifi 0000:01:00.0: loaded firmware version 17.bfb58538.0 op_mode iwlmvm
2021-02-28T01:19:02.207982-05:00 ERR kernel: [    2.223798] frecon[276]: Failed to set atomic cap.
2021-02-28T01:19:02.207984-05:00 INFO kernel: [    2.225820] frecon[276]: Frecon using drm driver i915, version 1.6, date(20160411), desc(Intel Graphics)
2021-02-28T01:19:02.207987-05:00 INFO kernel: [    2.228391] clocksource: Switched to clocksource tsc
2021-02-28T01:19:02.207989-05:00 INFO kernel: [    2.233091] cfg80211: World regulatory domain updated:
2021-02-28T01:19:02.207994-05:00 INFO kernel: [    2.233102] cfg80211:  DFS Master region: unset
2021-02-28T01:19:02.208013-05:00 INFO kernel: [    2.233106] cfg80211:   (start_freq - end_freq @ bandwidth), (max_antenna_gain, max_eirp), (dfs_cac_time)
2021-02-28T01:19:02.208019-05:00 INFO kernel: [    2.233112] cfg80211:   (2402000 KHz - 2472000 KHz @ 40000 KHz), (N/A, 2000 mBm), (N/A)
2021-02-28T01:19:02.208021-05:00 INFO kernel: [    2.233117] cfg80211:   (2457000 KHz - 2482000 KHz @ 20000 KHz), (N/A, 2000 mBm), (N/A)
2021-02-28T01:19:02.208024-05:00 INFO kernel: [    2.233121] cfg80211:   (2474000 KHz - 2494000 KHz @ 20000 KHz), (N/A, 2000 mBm), (N/A)
2021-02-28T01:19:02.208026-05:00 INFO kernel: [    2.233126] cfg80211:   (5170000 KHz - 5250000 KHz @ 80000 KHz), (N/A, 2000 mBm), (N/A)
2021-02-28T01:19:02.208028-05:00 INFO kernel: [    2.233131] cfg80211:   (5250000 KHz - 5330000 KHz @ 80000 KHz), (N/A, 2000 mBm), (0 s)
2021-02-28T01:19:02.208039-05:00 INFO kernel: [    2.233135] cfg80211:   (5490000 KHz - 5730000 KHz @ 160000 KHz), (N/A, 2000 mBm), (0 s)
2021-02-28T01:19:02.208043-05:00 INFO kernel: [    2.233140] cfg80211:   (5735000 KHz - 5835000 KHz @ 80000 KHz), (N/A, 2000 mBm), (N/A)
2021-02-28T01:19:02.208085-05:00 INFO kernel: [    2.233144] cfg80211:   (57240000 KHz - 63720000 KHz @ 2160000 KHz), (N/A, 0 mBm), (N/A)
2021-02-28T01:19:02.208089-05:00 INFO kernel: [    2.250924] iwlwifi 0000:01:00.0: Detected Intel(R) Dual Band Wireless AC 7260, REV=0x144
2021-02-28T01:19:02.212182-05:00 INFO kernel: [    2.272620] iwlwifi 0000:01:00.0: base HW address: 10:4a:7d:15:50:95
2021-02-28T01:19:02.423631-05:00 DEBUG kernel: [    2.483365] ieee80211 phy0: Selected rate control algorithm 'iwl-mvm-rs'
2021-02-28T01:19:02.500962-05:00 WARNING rsyslogd[539]: warning: ~ action is deprecated, consider using the 'stop' statement instead [v8.1901.0 try https://www.rsyslog.com/e/2307 ]
2021-02-28T01:19:02.501191-05:00 WARNING rsyslogd[539]:  message repeated 3 times: [warning: ~ action is deprecated, consider using the 'stop' statement instead [v8.1901.0 try https://www.rsyslog.com/e/2307 ]]
2021-02-28T01:19:02.501273-05:00 INFO rsyslogd[539]: rsyslogd's groupid changed to 202
2021-02-28T01:19:02.501344-05:00 INFO rsyslogd[539]: rsyslogd's userid changed to 202
2021-02-28T01:19:02.501418-05:00 INFO rsyslogd[539]:  [origin software="rsyslogd" swVersion="8.1901.0" x-pid="539" x-info="https://www.rsyslog.com"] start
2021-02-28T01:19:02.501594-05:00 INFO crash_reporter[542]: Enabling user crash handling
2021-02-28T01:19:02.501782-05:00 NOTICE boot-update-firmware[574]: Update touch firmware.
2021-02-28T01:19:02.501958-05:00 INFO imageloader[561]: The latest-version file does not exist. Component PepperFlashPlayer is probably not installed.
2021-02-28T01:19:02.527764-05:00 WARNING tcsd[906]: TSS: ioctl: (25) Inappropriate ioctl for device
2021-02-28T01:19:02.528163-05:00 INFO tcsd[906]: TSS: Falling back to Read/Write device support.
2021-02-28T01:19:02.604114-05:00 WARNING mosys[893]: libminijail[893]: not locking any securebits
2021-02-28T01:19:02.604300-05:00 WARNING mosys[893]: libminijail[893]: SECURE_NOROOT not set, not dropping bounding set
2021-02-28T01:19:02.605474-05:00 NOTICE chromeos-elan-touch-firmware-update[896]: ELAN0000:00 Board detected as 'glimmer-signed-mp-v4keys'
2021-02-28T01:19:02.674291-05:00 NOTICE chromeos-elan-touch-firmware-update[896]: ELAN0000:00 Touch controller reported Product ID: 61.0
2021-02-28T01:19:02.682839-05:00 WARNING powerd[1055]: libminijail[1055]: SECURE_NOROOT not set, not dropping bounding set
2021-02-28T01:19:02.685812-05:00 NOTICE chromeos-elan-touch-firmware-update[896]: ELAN0000:00 Attempting to load FW: '/lib/firmware/elan_i2c.bin'
2021-02-28T01:19:02.691315-05:00 NOTICE chromeos-elan-touch-firmware-update[896]: ELAN0000:00 (which points to '/opt/google/touch/firmware/61.0_4.0.bin')
2021-02-28T01:19:02.692724-05:00 WARNING mosys[1044]: libminijail[1044]: not locking any securebits
2021-02-28T01:19:02.692881-05:00 WARNING mosys[1044]: libminijail[1044]: SECURE_NOROOT not set, not dropping bounding set
2021-02-28T01:19:02.698845-05:00 NOTICE chromeos-elan-touch-firmware-update[896]: ELAN0000:00 Hardware product id : 61.0
2021-02-28T01:19:02.706253-05:00 NOTICE chromeos-elan-touch-firmware-update[896]: ELAN0000:00 Updater product id  : 61.0
2021-02-28T01:19:02.715158-05:00 NOTICE chromeos-elan-touch-firmware-update[896]: ELAN0000:00 Current Firmware: 4.0
2021-02-28T01:19:02.719440-05:00 NOTICE chromeos-elan-touch-firmware-update[896]: ELAN0000:00 Updater Firmware: 4.0
2021-02-28T01:19:02.727541-05:00 NOTICE chromeos-elan-touch-firmware-update[896]: ELAN0000:00 Firmware up to date.
2021-02-28T01:19:02.822947-05:00 WARNING session_manager[1108]: [WARNING:chrome_setup.cc(97)] Could not find both paths: /usr/share/chromeos-assets/wallpaper/oem_large.jpg and /usr/share/chromeos-assets/wallpaper/oem_small.jpg
2021-02-28T01:19:02.838862-05:00 WARNING tcsd[906]: TSS: IPv4 support disabled by configuration option
2021-02-28T01:19:02.839046-05:00 WARNING tcsd[906]: TSS: IPv6 support disabled by configuration option
2021-02-28T01:19:02.840830-05:00 INFO tcsd[1135]: TSS: trousers 0.3.13: TCSD up and running.
2021-02-28T01:19:02.907058-05:00 INFO chapsd[1150]: Starting PKCS #11 services.
2021-02-28T01:19:02.908397-05:00 INFO chapsd[1150]: Starting D-Bus dispatcher.
2021-02-28T01:19:02.910501-05:00 INFO chapsd[1150]: Adding slot: 0
2021-02-28T01:19:02.910680-05:00 INFO chapsd[1150]: Adding slot: 1
2021-02-28T01:19:02.912311-05:00 INFO chapsd[1150]: Starting asynchronous initialization.
2021-02-28T01:19:02.925197-05:00 INFO session_manager[1108]: [INFO:session_manager_service.cc(145)] SessionManagerService starting
2021-02-28T01:19:02.948053-05:00 INFO session_manager[1108]: [INFO:browser_job.cc(155)] Running browser /opt/google/chrome/chrome --ppapi-flash-path=/opt/google/chrome/pepper/libpepflashplayer.so --ppapi-flash-version=32.0.0.238 --use-gl=egl --enable-native-gpu-memory-buffers --gpu-sandbox-failures-fatal=yes --enable-logging --log-level=1 --use-cras --enable-wayland-server --user-data-dir=/home/chronos --enable-features=MachineLearningService,ChromeOSAssistant,EnableBackgroundBlur,MyFilesVolume --login-profile=user --has-chromeos-keyboard --enable-touchview --guest-wallpaper-large=/usr/share/chromeos-assets/wallpaper/guest_large.jpg --guest-wallpaper-small=/usr/share/chromeos-assets/wallpaper/guest_small.jpg --child-wallpaper-large=/usr/share/chromeos-assets/wallpaper/child_large.jpg --child-wallpaper-small=/usr/share/chromeos-assets/wallpaper/child_small.jpg --default-wallpaper-large=/usr/share/chromeos-assets/wallpaper/default_large.jpg --default-wallpaper-small=/usr/share/chromeos-assets/wallpaper/default_small.jpg --enable-consumer-kiosk --enterprise-enrollment-initial-modulus=15 --enterprise-enrollment-modulus-limit=19 --login-manager --first-exec-after-boot --vmodule=*/chrome/browser/chromeos/account_manager/*=1,*/chromeos/components/account_manager/*=1,app_list_syncable_service=1,*/chromeos/power/auto_screen_brightness/*=1,*/forced_extensions/installation_tracker*=2,extension_downloader=2,existing_user_controller=2,*/ash/wm/tablet_mode/*=1,auto_enrollment_controller=1,*/ui/ozone/*=1,*/ui/display/manager/chromeos/*=1,update_engine=1,component_updater_service=1 --enable-features=MachineLearningService,ChromeOSAssistant,EnableBackgroundBlur,MyFilesVolume
2021-02-28T01:19:02.964958-05:00 INFO chapsd[1150]: Opening database in: /var/lib/chaps
2021-02-28T01:19:02.965267-05:00 INFO chapsd[1150]: leveldb /var/lib/chaps/database dump:#012  /var/lib/chaps/database/CURRENT (16 bytes, 2021-02-24 23:33:07.000 UTC)#012  /var/lib/chaps/database/LOG (172 bytes, 2021-02-24 23:33:07.000 UTC)#012  /var/lib/chaps/database/000005.ldb (1025 bytes, 2021-02-22 11:57:21.000 UTC)#012  /var/lib/chaps/database/MANIFEST-000010 (137 bytes, 2021-02-24 23:33:06.000 UTC)#012  /var/lib/chaps/database/000008.ldb (3825 bytes, 2021-02-22 12:04:19.000 UTC)#012  /var/lib/chaps/database/000011.log (0 bytes, 2021-02-24 23:33:06.000 UTC)#012  /var/lib/chaps/database/LOCK (0 bytes, 2021-02-22 10:41:27.000 UTC)#012  /var/lib/chaps/database/LOG.old (310 bytes, 2021-02-22 12:04:19.000 UTC)
2021-02-28T01:19:02.985632-05:00 INFO minijail0[1210]: libminijail[1210]: child process 1214 exited with status 1
2021-02-28T01:19:03.042388-05:00 INFO chapsd[1150]: leveldb.stats:#012                               Compactions#012Level  Files Size(MB) Time(sec) Read(MB) Write(MB)#012--------------------------------------------------#012  0        2        0         0        0         0
2021-02-28T01:19:03.046233-05:00 INFO chapsd[1150]: leveldb contains 8 keys.
2021-02-28T01:19:03.046528-05:00 INFO chapsd[1150]: Slot 0 ready for token at /var/lib/chaps
2021-02-28T01:19:03.047332-05:00 INFO chapsd[1150]: Created lock file: /run/lock/power_override/chapsd_token_init_slot_0.lock
2021-02-28T01:19:03.370199-05:00 INFO kernel: [    3.433138] cfg80211: Regulatory domain changed to country: US
2021-02-28T01:19:03.370225-05:00 INFO kernel: [    3.433148] cfg80211:  DFS Master region: unset
2021-02-28T01:19:03.370229-05:00 INFO kernel: [    3.433152] cfg80211:   (start_freq - end_freq @ bandwidth), (max_antenna_gain, max_eirp), (dfs_cac_time)
2021-02-28T01:19:03.370233-05:00 INFO kernel: [    3.433158] cfg80211:   (2402000 KHz - 2472000 KHz @ 40000 KHz), (N/A, 3000 mBm), (N/A)
2021-02-28T01:19:03.370237-05:00 INFO kernel: [    3.433163] cfg80211:   (5170000 KHz - 5250000 KHz @ 80000 KHz), (N/A, 1700 mBm), (N/A)
2021-02-28T01:19:03.370240-05:00 INFO kernel: [    3.433167] cfg80211:   (5250000 KHz - 5330000 KHz @ 80000 KHz), (N/A, 2300 mBm), (0 s)
2021-02-28T01:19:03.370243-05:00 INFO kernel: [    3.433172] cfg80211:   (5490000 KHz - 5730000 KHz @ 160000 KHz), (N/A, 2300 mBm), (0 s)
2021-02-28T01:19:03.370246-05:00 INFO kernel: [    3.433177] cfg80211:   (5735000 KHz - 5835000 KHz @ 80000 KHz), (N/A, 3000 mBm), (N/A)
2021-02-28T01:19:03.370248-05:00 INFO kernel: [    3.433181] cfg80211:   (57240000 KHz - 63720000 KHz @ 2160000 KHz), (N/A, 4000 mBm), (N/A)
2021-02-28T01:19:03.580650-05:00 NOTICE cros-machine-id-regen[1382]: Regenerated /var/lib/dbus/machine-id (reason: network).
2021-02-28T01:19:03.792104-05:00 INFO kernel: [    3.855804] IPv6: ADDRCONF(NETDEV_UP): wlan0: link is not ready
2021-02-28T01:19:04.774809-05:00 INFO chapsd[1150]: Master key is ready for token at /var/lib/chaps
2021-02-28T01:19:04.774985-05:00 INFO chapsd[1150]: Deleted lock file: /run/lock/power_override/chapsd_token_init_slot_0.lock
2021-02-28T01:19:06.061205-05:00 WARNING cryptohomed[1279]: Extending PCR1.
2021-02-28T01:19:06.255531-05:00 INFO kernel: [    6.322217] frecon[276]: Chrome started, our work is done, exiting.
2021-02-28T01:19:06.350267-05:00 INFO kernel: [    6.417644] low_mem: threshold[0] 200 MB
2021-02-28T01:19:06.428682-05:00 NOTICE cros-disks[1633]: Loading FUSE module
2021-02-28T01:19:06.451216-05:00 NOTICE cups-clear-state[1643]: Removing privileged directories
2021-02-28T01:19:06.480624-05:00 INFO kernel: [    6.545703] fuse init (API version 7.23)
2021-02-28T01:19:06.537160-05:00 INFO avahi-daemon[1636]: Found user 'avahi' (UID 238) and group 'avahi' (GID 238).
2021-02-28T01:19:06.537560-05:00 INFO avahi-daemon[1636]: Successfully dropped root privileges.
2021-02-28T01:19:06.537658-05:00 INFO avahi-daemon[1636]: avahi-daemon 0.7 starting up.
2021-02-28T01:19:06.545885-05:00 INFO avahi-daemon[1636]: Successfully called chroot().
2021-02-28T01:19:06.546061-05:00 INFO avahi-daemon[1636]: Successfully dropped remaining capabilities.
2021-02-28T01:19:06.557255-05:00 ERR avahi-daemon[1672]: chroot.c: open() failed: No such file or directory
2021-02-28T01:19:06.557445-05:00 WARNING avahi-daemon[1636]: Failed to open /etc/resolv.conf: Invalid argument
2021-02-28T01:19:06.557530-05:00 INFO avahi-daemon[1636]: No service file found in /etc/avahi/services.
2021-02-28T01:19:06.560612-05:00 INFO avahi-daemon[1636]: Network interface enumeration completed.
2021-02-28T01:19:06.560783-05:00 INFO avahi-daemon[1636]: Server startup complete. Host name is a1b7ea542cbe9507522486d2603b35d7.local. Local service cookie is 1364900212.
2021-02-28T01:19:06.624601-05:00 WARNING mosys[1696]: libminijail[1696]: not locking any securebits
2021-02-28T01:19:06.624770-05:00 WARNING mosys[1696]: libminijail[1696]: SECURE_NOROOT not set, not dropping bounding set
2021-02-28T01:19:06.745221-05:00 NOTICE conntrack-tools[1762]: configuring helper `mdns' with queuenum=6 and queuelen=10240
2021-02-28T01:19:06.745404-05:00 NOTICE conntrack-tools[1762]: policy name=mdns expect_timeout=30 expect_max=8
2021-02-28T01:19:06.745478-05:00 NOTICE conntrack-tools[1762]: helper `mdns' configured successfully
2021-02-28T01:19:06.745558-05:00 NOTICE conntrack-tools[1762]: configuring helper `ssdp' with queuenum=5 and queuelen=10240
2021-02-28T01:19:06.745630-05:00 NOTICE conntrack-tools[1762]: policy name=ssdp expect_timeout=300 expect_max=8
2021-02-28T01:19:06.745702-05:00 NOTICE conntrack-tools[1762]: helper `ssdp' configured successfully
2021-02-28T01:19:06.745787-05:00 NOTICE conntrack-tools[1762]: configuring helper `ssdp' with queuenum=5 and queuelen=10240
2021-02-28T01:19:06.745869-05:00 NOTICE conntrack-tools[1762]: policy name=ssdp expect_timeout=300 expect_max=8
2021-02-28T01:19:06.745954-05:00 NOTICE conntrack-tools[1762]: helper `ssdp' configured successfully
2021-02-28T01:19:06.746065-05:00 NOTICE conntrack-tools[1762]: initialization completed
2021-02-28T01:19:06.746158-05:00 NOTICE conntrack-tools[1762]: -- starting in console mode --
2021-02-28T01:19:06.746229-05:00 ERR conntrack-tools[1762]: failed to process message
2021-02-28T01:19:06.783046-05:00 INFO kernel: [    6.850727] zram: Added device: zram0
2021-02-28T01:19:06.786261-05:00 NOTICE swap[1785]: setting zram size to 5935926 Kb
2021-02-28T01:19:06.797793-05:00 INFO kernel: [    6.866331] zram0: detected capacity change from 0 to 5935927296
2021-02-28T01:19:06.837693-05:00 INFO kernel: [    6.906223] Adding 5796800k swap on /dev/zram0.  Priority:-1 extents:1 across:5796800k SS
2021-02-28T01:19:06.851070-05:00 INFO kernel: [    6.919272] snd_hda_intel 0000:00:1b.0: bound 0000:00:02.0 (ops 0xffffffff9ce71110)
2021-02-28T01:19:06.851097-05:00 INFO kernel: [    6.919469] uvcvideo: Found UVC 1.00 device Chromebook HD Camera (04f2:b462)
2021-02-28T01:19:06.853057-05:00 INFO kernel: [    6.921167] usbcore: registered new interface driver uvcvideo
2021-02-28T01:19:06.853083-05:00 INFO kernel: [    6.921177] USB Video Class driver (1.1.1)
2021-02-28T01:19:06.868243-05:00 INFO cryptohomed[1279]: Attestation: Valid attestation data exists.
2021-02-28T01:19:06.924186-05:00 INFO cryptohomed[1279]: Cannot read boot lockbox files.
2021-02-28T01:19:06.985992-05:00 INFO kernel: [    7.054367] input: HDA Intel PCH HDMI/DP,pcm=3 as /devices/pci0000:00/0000:00:1b.0/sound/card0/input7
2021-02-28T01:19:06.986041-05:00 INFO kernel: [    7.054560] input: HDA Intel PCH HDMI/DP,pcm=7 as /devices/pci0000:00/0000:00:1b.0/sound/card0/input8
2021-02-28T01:19:07.023504-05:00 ERR kernel: [    7.091683] byt-max98090 byt-max98090: ASoC: CPU DAI baytrail-pcm-audio not registered
2021-02-28T01:19:07.023532-05:00 ERR kernel: [    7.091695] byt-max98090 byt-max98090: snd_soc_register_card failed -517
2021-02-28T01:19:07.023378-05:00 INFO cryptohomed[1279]: The TPM chip does not support GetAlertsData. Stop UploadAlertsData task.
2021-02-28T01:19:07.079308-05:00 INFO kernel: [    7.147324] baytrail-pcm-audio baytrail-pcm-audio: FW version: 04.05.12.02
2021-02-28T01:19:07.079334-05:00 INFO kernel: [    7.147336] baytrail-pcm-audio baytrail-pcm-audio: Build type: 2
2021-02-28T01:19:07.079340-05:00 INFO kernel: [    7.147341] baytrail-pcm-audio baytrail-pcm-audio: Build date: Mar 13 2014 14:17:31
2021-02-28T01:19:07.111043-05:00 INFO kernel: [    7.179385] max98090 i2c-193C9890:00: MAX98090 REVID=0x43
2021-02-28T01:19:07.112142-05:00 INFO kernel: [    7.180933] max98090 i2c-193C9890:00: use default 2.8v micbias
2021-02-28T01:19:07.113043-05:00 DEBUG kernel: [    7.181543] sst-acpi 80860F28:00: GPIO lookup for consumer hp-gpio
2021-02-28T01:19:07.113058-05:00 DEBUG kernel: [    7.181552] sst-acpi 80860F28:00: using ACPI for GPIO lookup
2021-02-28T01:19:07.113062-05:00 DEBUG kernel: [    7.181558] acpi 80860F28:00: GPIO: looking up hp-gpio-gpios
2021-02-28T01:19:07.113065-05:00 DEBUG kernel: [    7.181563] acpi 80860F28:00: GPIO: looking up hp-gpio-gpio
2021-02-28T01:19:07.113069-05:00 DEBUG kernel: [    7.181566] acpi 80860F28:00: GPIO: looking up 0 in _CRS
2021-02-28T01:19:07.113072-05:00 DEBUG kernel: [    7.181859] sst-acpi 80860F28:00: GPIO lookup for consumer mic-gpio
2021-02-28T01:19:07.113075-05:00 DEBUG kernel: [    7.181865] sst-acpi 80860F28:00: using ACPI for GPIO lookup
2021-02-28T01:19:07.113078-05:00 DEBUG kernel: [    7.181869] acpi 80860F28:00: GPIO: looking up mic-gpio-gpios
2021-02-28T01:19:07.113080-05:00 DEBUG kernel: [    7.181873] acpi 80860F28:00: GPIO: looking up mic-gpio-gpio
2021-02-28T01:19:07.113083-05:00 DEBUG kernel: [    7.181877] acpi 80860F28:00: GPIO: looking up 1 in _CRS
2021-02-28T01:19:07.115051-05:00 INFO kernel: [    7.184051] byt-max98090 byt-max98090: HiFi <-> baytrail-pcm-audio mapping ok
2021-02-28T01:19:07.119040-05:00 INFO kernel: [    7.188167] input: byt-max98090 Headset as /devices/platform/80860F28:00/byt-max98090/sound/card1/input9
