+ initialize
+ init_check_clock
+ date '+%Y'
+ '[' 2021 -lt 1970 ]
+ init_mounts
+ mount -n -t proc -o nodev,noexec,nosuid proc /proc
+ mount -n -t sysfs -o nodev,noexec,nosuid sysfs /sys
+ mount -t devtmpfs -o 'mode=0755,nosuid' devtmpfs /dev
+ ln -sf /proc/self/fd /dev/fd
+ ln -sf fd/0 /dev/stdin
+ ln -sf fd/1 /dev/stdout
+ ln -sf fd/2 /dev/stderr
+ mkdir -p /dev/pts
+ mount -n -t devpts -o noexec,nosuid devpts /dev/pts
+ mount -n -t debugfs debugfs /sys/kernel/debug
+ cat /proc/cmdline
+ sed -e 's/"[^"]*"/DROPPED/g'
+ export_args cros_secure 'console=' 'loglevel=7' 'init=/sbin/init' cros_secure 'root=PARTUUID=a2f1b79a-e7de-cf4d-86c2-125432dc16dd/PARTNROFF=1' rootwait ro 'dm_verity.error_behavior=3' 'dm_verity.max_bios=-1' 'dm_verity.dev_wait=0' noinitrd 'panic=60' cros_recovery 'kern_b_hash=a3fcbf21277d8f3fcd6bf907e91de2e5d0dd855d' 'vt.global_cursor_default=0' 'kern_guid=a2f1b79a-e7de-cf4d-86c2-125432dc16dd' add_efi_memmap 'boot=local' noresume noswap 'i915.modeset=1' 'tpm_tis.force=1' 'tpm_tis.interrupts=0' 'nmi_watchdog=panic,lapic'
+ local 'arg='
+ local 'key='
+ local 'val='
+ local 'acceptable_set=[A-Za-z0-9]_'
+ tr a-z A-Z
+ + echotr cros_secure
 -dc '[A-Za-z0-9]_' _
+ key=CROS_SECURE
+ val=cros_secure
+ export 'KERN_ARG_CROS_SECURE=cros_secure'
+ dlog 'Exporting kernel argument CROS_SECURE as KERN_ARG_CROS_SECURE'
+ echo 'Exporting kernel argument CROS_SECURE as KERN_ARG_CROS_SECURE'
+ tee -a /dev/null /dev/null
Exporting kernel argument CROS_SECURE as KERN_ARG_CROS_SECURE
+ tr a-z A-Z
+ + echotr console
 -dc '[A-Za-z0-9]_' _
+ key=CONSOLE
+ val=
+ export 'KERN_ARG_CONSOLE='
+ dlog 'Exporting kernel argument CONSOLE as KERN_ARG_CONSOLE'
+ echo+  'Exporting kernel argument CONSOLE as KERN_ARG_CONSOLE'
tee -a /dev/null /dev/null
Exporting kernel argument CONSOLE as KERN_ARG_CONSOLE
+ echo loglevel
+ + trtr a-z -dc A-Z
 '[A-Za-z0-9]_' _
+ key=LOGLEVEL
+ val=7
+ export 'KERN_ARG_LOGLEVEL=7'
+ dlog 'Exporting kernel argument LOGLEVEL as KERN_ARG_LOGLEVEL'
+ echo 'Exporting kernel argument LOGLEVEL as KERN_ARG_LOGLEVEL'
+ tee -a /dev/null /dev/null
Exporting kernel argument LOGLEVEL as KERN_ARG_LOGLEVEL
+ echo init
+ tr a-z A-Z
+ tr -dc '[A-Za-z0-9]_' _
+ key=INIT
+ val=/sbin/init
+ export 'KERN_ARG_INIT=/sbin/init'
+ dlog 'Exporting kernel argument INIT as KERN_ARG_INIT'
+ tee -a /dev/null /dev/null
+ echo 'Exporting kernel argument INIT as KERN_ARG_INIT'
Exporting kernel argument INIT as KERN_ARG_INIT
+ echo cros_secure
+ tr a-z A-Z
+ tr -dc '[A-Za-z0-9]_' _
+ key=CROS_SECURE
+ val=cros_secure
+ export 'KERN_ARG_CROS_SECURE=cros_secure'
+ dlog 'Exporting kernel argument CROS_SECURE as KERN_ARG_CROS_SECURE'
+ echo+  'Exporting kernel argument CROS_SECURE as KERN_ARG_CROS_SECURE'
tee -a /dev/null /dev/null
Exporting kernel argument CROS_SECURE as KERN_ARG_CROS_SECURE
+ echo root
+ tr a-z A-Z
+ tr -dc '[A-Za-z0-9]_' _
+ key=ROOT
+ val='PARTUUID=a2f1b79a-e7de-cf4d-86c2-125432dc16dd/PARTNROFF=1'
+ export 'KERN_ARG_ROOT=PARTUUID=a2f1b79a-e7de-cf4d-86c2-125432dc16dd/PARTNROFF=1'
+ dlog 'Exporting kernel argument ROOT as KERN_ARG_ROOT'
+ tee+  -a /dev/nullecho /dev/null
 'Exporting kernel argument ROOT as KERN_ARG_ROOT'
Exporting kernel argument ROOT as KERN_ARG_ROOT
+ echo rootwait
+ + tr -dctr '[A-Za-z0-9]_' a-z _
 A-Z
+ key=ROOTWAIT
+ val=rootwait
+ export 'KERN_ARG_ROOTWAIT=rootwait'
+ dlog 'Exporting kernel argument ROOTWAIT as KERN_ARG_ROOTWAIT'
+ echo 'Exporting kernel argument ROOTWAIT as KERN_ARG_ROOTWAIT'
+ tee -a /dev/null /dev/null
Exporting kernel argument ROOTWAIT as KERN_ARG_ROOTWAIT
+ echo ro
+ tr a-z A-Z+ 
tr -dc '[A-Za-z0-9]_' _
+ key=RO
+ val=ro
+ export 'KERN_ARG_RO=ro'
+ dlog 'Exporting kernel argument RO as KERN_ARG_RO'
+ echo 'Exporting kernel argument RO as KERN_ARG_RO'
+ tee -a /dev/null /dev/null
Exporting kernel argument RO as KERN_ARG_RO
+ echo dm_verity.error_behavior
+ tr a-z A-Z
+ tr -dc '[A-Za-z0-9]_' _
+ key=DM_VERITYERROR_BEHAVIOR
+ val=3
+ export 'KERN_ARG_DM_VERITYERROR_BEHAVIOR=3'
+ dlog 'Exporting kernel argument DM_VERITYERROR_BEHAVIOR as KERN_ARG_DM_VERITYERROR_BEHAVIOR'
+ echo 'Exporting kernel argument DM_VERITYERROR_BEHAVIOR as KERN_ARG_DM_VERITYERROR_BEHAVIOR'
+ tee -a /dev/null /dev/null
Exporting kernel argument DM_VERITYERROR_BEHAVIOR as KERN_ARG_DM_VERITYERROR_BEHAVIOR
+ echo dm_verity.max_bios
+ tr a-z A-Z
+ tr -dc '[A-Za-z0-9]_' _
+ key=DM_VERITYMAX_BIOS
+ val=-1
+ export 'KERN_ARG_DM_VERITYMAX_BIOS=-1'
+ dlog 'Exporting kernel argument DM_VERITYMAX_BIOS as KERN_ARG_DM_VERITYMAX_BIOS'
+ tee -a /dev/null /dev/null
+ echo 'Exporting kernel argument DM_VERITYMAX_BIOS as KERN_ARG_DM_VERITYMAX_BIOS'
Exporting kernel argument DM_VERITYMAX_BIOS as KERN_ARG_DM_VERITYMAX_BIOS
+ echo dm_verity.dev_wait
+ tr a-z A-Z
+ tr -dc '[A-Za-z0-9]_' _
+ key=DM_VERITYDEV_WAIT
+ val=0
+ export 'KERN_ARG_DM_VERITYDEV_WAIT=0'
+ dlog 'Exporting kernel argument DM_VERITYDEV_WAIT as KERN_ARG_DM_VERITYDEV_WAIT'
+ echo 'Exporting kernel argument DM_VERITYDEV_WAIT as KERN_ARG_DM_VERITYDEV_WAIT'
+ tee -a /dev/null /dev/null
Exporting kernel argument DM_VERITYDEV_WAIT as KERN_ARG_DM_VERITYDEV_WAIT
+ echo noinitrd
+ tr a-z A-Z
+ tr -dc '[A-Za-z0-9]_' _
+ key=NOINITRD
+ val=noinitrd
+ export 'KERN_ARG_NOINITRD=noinitrd'
+ dlog 'Exporting kernel argument NOINITRD as KERN_ARG_NOINITRD'
+ echo 'Exporting kernel argument NOINITRD as KERN_ARG_NOINITRD'
+ tee -a /dev/null /dev/null
Exporting kernel argument NOINITRD as KERN_ARG_NOINITRD
+ echo panic
+ tr a-z A-Z
+ tr -dc '[A-Za-z0-9]_' _
+ key=PANIC
+ val=60
+ export 'KERN_ARG_PANIC=60'
+ dlog 'Exporting kernel argument PANIC as KERN_ARG_PANIC'
+ echo 'Exporting kernel argument PANIC as KERN_ARG_PANIC'
+ tee -a /dev/null /dev/null
Exporting kernel argument PANIC as KERN_ARG_PANIC
+ echo cros_recovery
+ tr a-z A-Z
+ tr -dc '[A-Za-z0-9]_' _
+ key=CROS_RECOVERY
+ val=cros_recovery
+ export 'KERN_ARG_CROS_RECOVERY=cros_recovery'
+ dlog 'Exporting kernel argument CROS_RECOVERY as KERN_ARG_CROS_RECOVERY'
+ echo 'Exporting kernel argument CROS_RECOVERY as KERN_ARG_CROS_RECOVERY'
+ tee -a /dev/null /dev/null
Exporting kernel argument CROS_RECOVERY as KERN_ARG_CROS_RECOVERY
+ echo kern_b_hash
+ tr+  a-z A-Z
tr -dc '[A-Za-z0-9]_' _
+ key=KERN_B_HASH
+ val=a3fcbf21277d8f3fcd6bf907e91de2e5d0dd855d
+ export 'KERN_ARG_KERN_B_HASH=a3fcbf21277d8f3fcd6bf907e91de2e5d0dd855d'
+ dlog 'Exporting kernel argument KERN_B_HASH as KERN_ARG_KERN_B_HASH'
+ echo 'Exporting kernel argument KERN_B_HASH as KERN_ARG_KERN_B_HASH'
+ tee -a /dev/null /dev/null
Exporting kernel argument KERN_B_HASH as KERN_ARG_KERN_B_HASH
+ echo vt.global_cursor_default
+ tr a-z A-Z
+ tr -dc '[A-Za-z0-9]_' _
+ key=VTGLOBAL_CURSOR_DEFAULT
+ val=0
+ export 'KERN_ARG_VTGLOBAL_CURSOR_DEFAULT=0'
+ dlog 'Exporting kernel argument VTGLOBAL_CURSOR_DEFAULT as KERN_ARG_VTGLOBAL_CURSOR_DEFAULT'
+ echo 'Exporting kernel argument VTGLOBAL_CURSOR_DEFAULT as KERN_ARG_VTGLOBAL_CURSOR_DEFAULT'
+ tee -a /dev/null /dev/null
Exporting kernel argument VTGLOBAL_CURSOR_DEFAULT as KERN_ARG_VTGLOBAL_CURSOR_DEFAULT
+ echo kern_guid
+ tr a-z A-Z
+ tr -dc '[A-Za-z0-9]_' _
+ key=KERN_GUID
+ val=a2f1b79a-e7de-cf4d-86c2-125432dc16dd
+ export 'KERN_ARG_KERN_GUID=a2f1b79a-e7de-cf4d-86c2-125432dc16dd'
+ dlog 'Exporting kernel argument KERN_GUID as KERN_ARG_KERN_GUID'
+ echo 'Exporting kernel argument KERN_GUID as KERN_ARG_KERN_GUID'
+ tee -a /dev/null /dev/null
Exporting kernel argument KERN_GUID as KERN_ARG_KERN_GUID
+ echo add_efi_memmap
+ tr+  a-z A-Z
tr -dc '[A-Za-z0-9]_' _
+ key=ADD_EFI_MEMMAP
+ val=add_efi_memmap
+ export 'KERN_ARG_ADD_EFI_MEMMAP=add_efi_memmap'
+ dlog 'Exporting kernel argument ADD_EFI_MEMMAP as KERN_ARG_ADD_EFI_MEMMAP'
+ echo 'Exporting kernel argument ADD_EFI_MEMMAP as KERN_ARG_ADD_EFI_MEMMAP'
+ tee -a /dev/null /dev/null
Exporting kernel argument ADD_EFI_MEMMAP as KERN_ARG_ADD_EFI_MEMMAP
+ echo boot
+ tr a-z A-Z
+ tr -dc '[A-Za-z0-9]_' _
+ key=BOOT
+ val=local
+ export 'KERN_ARG_BOOT=local'
+ dlog 'Exporting kernel argument BOOT as KERN_ARG_BOOT'
+ + echo 'Exporting kernel argument BOOT as KERN_ARG_BOOT'tee
 -a /dev/null /dev/null
Exporting kernel argument BOOT as KERN_ARG_BOOT
+ echo noresume
+ + tr a-ztr A-Z
 -dc '[A-Za-z0-9]_' _
+ key=NORESUME
+ val=noresume
+ export 'KERN_ARG_NORESUME=noresume'
+ dlog 'Exporting kernel argument NORESUME as KERN_ARG_NORESUME'
+ echo+  'Exporting kernel argument NORESUME as KERN_ARG_NORESUME'
tee -a /dev/null /dev/null
Exporting kernel argument NORESUME as KERN_ARG_NORESUME
+ echo noswap
+ tr a-z A-Z
+ tr -dc '[A-Za-z0-9]_' _
+ key=NOSWAP
+ val=noswap
+ export 'KERN_ARG_NOSWAP=noswap'
+ dlog 'Exporting kernel argument NOSWAP as KERN_ARG_NOSWAP'
+ echo 'Exporting kernel argument NOSWAP as KERN_ARG_NOSWAP'
+ tee -a /dev/null /dev/null
Exporting kernel argument NOSWAP as KERN_ARG_NOSWAP
+ echo i915.modeset
+ tr a-z A-Z
+ tr -dc '[A-Za-z0-9]_' _
+ key=I915MODESET
+ val=1
+ export 'KERN_ARG_I915MODESET=1'
+ dlog 'Exporting kernel argument I915MODESET as KERN_ARG_I915MODESET'
+ echo 'Exporting kernel argument I915MODESET as KERN_ARG_I915MODESET'
+ tee -a /dev/null /dev/null
Exporting kernel argument I915MODESET as KERN_ARG_I915MODESET
+ echo tpm_tis.force
+ tr a-z+  A-Z
tr -dc '[A-Za-z0-9]_' _
+ key=TPM_TISFORCE
+ val=1
+ export 'KERN_ARG_TPM_TISFORCE=1'
+ dlog 'Exporting kernel argument TPM_TISFORCE as KERN_ARG_TPM_TISFORCE'
+ echo 'Exporting kernel argument TPM_TISFORCE as KERN_ARG_TPM_TISFORCE'
+ tee -a /dev/null /dev/null
Exporting kernel argument TPM_TISFORCE as KERN_ARG_TPM_TISFORCE
+ echo tpm_tis.interrupts
+ tr a-z A-Z
+ tr -dc '[A-Za-z0-9]_' _
+ key=TPM_TISINTERRUPTS
+ val=0
+ export 'KERN_ARG_TPM_TISINTERRUPTS=0'
+ dlog 'Exporting kernel argument TPM_TISINTERRUPTS as KERN_ARG_TPM_TISINTERRUPTS'
+ echo 'Exporting kernel argument TPM_TISINTERRUPTS as KERN_ARG_TPM_TISINTERRUPTS'
+ tee -a /dev/null /dev/null
Exporting kernel argument TPM_TISINTERRUPTS as KERN_ARG_TPM_TISINTERRUPTS
+ echo nmi_watchdog
+ tr a-z A-Z
+ tr -dc '[A-Za-z0-9]_' _
+ key=NMI_WATCHDOG
+ val=panic,lapic
+ export 'KERN_ARG_NMI_WATCHDOG=panic,lapic'
+ dlog 'Exporting kernel argument NMI_WATCHDOG as KERN_ARG_NMI_WATCHDOG'
+ echo 'Exporting kernel argument NMI_WATCHDOG as KERN_ARG_NMI_WATCHDOG'
+ tee -a /dev/null /dev/null
Exporting kernel argument NMI_WATCHDOG as KERN_ARG_NMI_WATCHDOG
+ setup_oobe_auto_config_keys
+ set +x
+ echo '-----BEGIN PUBLIC KEY-----
MFkwEwYHKoZIzj0CAQYIKoZIzj0DAQcDQgAEnt80EmF5zcAIpl/8n+zErko8XDNP
BvFJa9YHW3OZ7rsa9OwkR2VxHliTKucb6MqtooyMeqX7+dmj2oRBQraUjw==
-----END PUBLIC KEY-----'
+ sha256sum
+ grep -Eo '[a-zA-Z0-9]{2}'
+ head -n 32
+ local 'pub_bytes=05
9e
5e
09
6b
92
6f
ce
ba
0a
ea
72
aa
65
36
d7
ab
e3
3d
f5
4f
60
d5
06
31
8e
be
86
53
b7
a8
95'
+ local 'permissions='
+ tpmc tpmver
+ '[' 1.2 '==' 2.0 ]
+ permissions=0x1
+ tpmc definespace 0x100c 0x20 0x1
command "definespace" failed with code 0x14
TPM_OWNER_SET
There is already an Owner
+ tpmc write 0x100c 05 9e 5e 09 6b 92 6f ce ba 0a ea 72 aa 65 36 d7 ab e3 3d f5 4f 60 d5 06 31 8e be 86 53 b7 a8 95
command "write" failed with code 0x2
TPM_BADINDEX
The index to a PCR, DIR or other register is incorrect
writing 32 bytes
+ lock_tpm
+ '[' -z  ]
+ tpmc startup
+ tpmc ctest
+ tpmc block
+ TPM_B_LOCKED=y
+ '[' -z  ]
+ TPM_PP_LOCKED=y
+ return 0
+ verify_fw_version
+ local fwver recver
+ crossystem tpm_fwver
+ fwver=0x000a0004
+ : 0
+ echo 'FW version from TPM: 0x000a0004'
FW version from TPM: 0x000a0004
+ echo 'Recovery version from top nibble: 0'
Recovery version from top nibble: 0
+ '[' 0 -gt 0 ]
+ return 0
+ udevd --daemon
+ udevadm trigger
+ udevadm settle
+ select_locale
+ is_nonchrome
+ crossystem 'mainfw_type?nonchrome'
+ crossystem 'mainfw_type?netboot'
+ read_vpd_locale
+ vpd -g region
+ local 'region=us'
+ local 'locale='
+ '[' -n us ]
+ sed -nre 's/^us\t(.*)$/\1/p' /etc/locales.txt
+ LANGDIR=en-US
+ '[' -z en-US -o '!' -d /etc/screens/en-US ]
+ dlog 'selected locale en-US'
+ + echotee 'selected locale en-US'
 -a /dev/null /dev/null
selected locale en-US
+ find_official_root
+ dlogf 'Checking for an official recovery image . . .'
+ + printftee 'Checking for an official recovery image . . .'
 -a /dev/null /dev/null
Checking for an official recovery image . . .+ wait_for_gpt_root
+ '[' -z a2f1b79a-e7de-cf4d-86c2-125432dc16dd ]
+ dlog -n 'Looking for rootfs using kern_guid...'
+ echo -n 'Looking for rootfs using kern_guid...'
+ tee -a /dev/null /dev/null
Looking for rootfs using kern_guid...+ seq 20
+ dlogf ' .'
+ + teeprintf -a ' .'
 /dev/null /dev/null
 .+ cgpt find -1 -u a2f1b79a-e7de-cf4d-86c2-125432dc16dd
+ kern=
+ newroot=3
+ '[' -b 3 ]
+ sleep 1
+ dlogf ' .'
+ + printftee ' .'
 -a /dev/null /dev/null
 .+ cgpt find -1 -u a2f1b79a-e7de-cf4d-86c2-125432dc16dd
+ kern=/dev/sda2
+ newroot=/dev/sda3
+ '[' -b /dev/sda3 ]
+ USB_DEV=/dev/sda3
+ dlog 'Found /dev/sda3'
+ + echotee 'Found /dev/sda3'
 -a /dev/null /dev/null
Found /dev/sda3
+ return 0
+ strip_partition /dev/sda3
+ local 'dev=/dev/sda'
+ echo /dev/sda
+ cgpt find -t rootfs /dev/sda
/dev/sda3
/dev/sda5
/dev/sda7
+ REAL_USB_DEV=/dev/sda3
+ LOG_DEV=/dev/sda1
+ verify_install_kernel_hash
+ get_kern_b_device
+ KERN_B_DEV=/dev/sda4
+ '[' '!' -b /dev/sda4 ]
+ return 0
+ get_real_kern_b_hash
+ dd 'if=/dev/sda4'
+ cut -f1 '-d '
+ sha1sum
32768+0 records in
32768+0 records out
16777216 bytes (16.0MB) copied, 0.566107 seconds, 28.3MB/s
+ REAL_KERN_B_HASH=a3fcbf21277d8f3fcd6bf907e91de2e5d0dd855d
+ '[' -n a3fcbf21277d8f3fcd6bf907e91de2e5d0dd855d ]
+ '[' a3fcbf21277d8f3fcd6bf907e91de2e5d0dd855d '!=' a3fcbf21277d8f3fcd6bf907e91de2e5d0dd855d ]
+ return 0
+ check_if_dm_root
+ dump_kernel_config /dev/sda4
+ grep -q 'root=/dev/dm-'
+ return 0
+ setup_dm_root
+ local eio
+ dlog -n 'Extracting the device mapper configuration...'
+ echo -n 'Extracting the device mapper configuration...'
+ tee -a /dev/null /dev/null
Extracting the device mapper configuration...+ sed -e 's/.*dm="\([^"]*\)".*/\1/g;t;d'
+ sed+  -e 's/%U/a2f1b79a-e7de-cf4d-86c2-125432dc16dd/g'
dump_kernel_config /dev/sda4
+ DMARG='1 vroot none ro 1,0 3584000 verity payload=PARTUUID=a2f1b79a-e7de-cf4d-86c2-125432dc16dd/PARTNROFF=1 hashtree=PARTUUID=a2f1b79a-e7de-cf4d-86c2-125432dc16dd/PARTNROFF=1 hashstart=3584000 alg=sha1 root_hexdigest=3e8df1ad07c15f9a811aa2a9915a17e8409ccf65 salt=0c7d85cad68fb231a34c12121d933c468594106200a09a1c158d34a9cc182c5e'
+ '[' -z '1 vroot none ro 1,0 3584000 verity payload=PARTUUID=a2f1b79a-e7de-cf4d-86c2-125432dc16dd/PARTNROFF=1 hashtree=PARTUUID=a2f1b79a-e7de-cf4d-86c2-125432dc16dd/PARTNROFF=1 hashstart=3584000 alg=sha1 root_hexdigest=3e8df1ad07c15f9a811aa2a9915a17e8409ccf65 salt=0c7d85cad68fb231a34c12121d933c468594106200a09a1c158d34a9cc182c5e' ]
+ DM_NAME=vroot
+ parse_dm_table 1 vroot none ro 1,0 3584000 verity 'payload=PARTUUID=a2f1b79a-e7de-cf4d-86c2-125432dc16dd/PARTNROFF=1' 'hashtree=PARTUUID=a2f1b79a-e7de-cf4d-86c2-125432dc16dd/PARTNROFF=1' 'hashstart=3584000' 'alg=sha1' 'root_hexdigest=3e8df1ad07c15f9a811aa2a9915a17e8409ccf65' 'salt=0c7d85cad68fb231a34c12121d933c468594106200a09a1c158d34a9cc182c5e'
+ local 'vroot= none ro 1,0 3584000 verity payload=PARTUUID=a2f1b79a-e7de-cf4d-86c2-125432dc16dd/PARTNROFF=1 hashtree=PARTUUID=a2f1b79a-e7de-cf4d-86c2-125432dc16dd/PARTNROFF=1 hashstart=3584000 alg=sha1 root_hexdigest=3e8df1ad07c15f9a811aa2a9915a17e8409ccf65 salt=0c7d85cad68fb231a34c12121d933c468594106200a09a1c158d34a9cc182c5e'
+ local 'table=0 3584000 verity payload=PARTUUID=a2f1b79a-e7de-cf4d-86c2-125432dc16dd/PARTNROFF=1 hashtree=PARTUUID=a2f1b79a-e7de-cf4d-86c2-125432dc16dd/PARTNROFF=1 hashstart=3584000 alg=sha1 root_hexdigest=3e8df1ad07c15f9a811aa2a9915a17e8409ccf65 salt=0c7d85cad68fb231a34c12121d933c468594106200a09a1c158d34a9cc182c5e'
+ is_old_style_verity_argv '0 3584000 verity payload=PARTUUID=a2f1b79a-e7de-cf4d-86c2-125432dc16dd/PARTNROFF=1 hashtree=PARTUUID=a2f1b79a-e7de-cf4d-86c2-125432dc16dd/PARTNROFF=1 hashstart=3584000 alg=sha1 root_hexdigest=3e8df1ad07c15f9a811aa2a9915a17e8409ccf65 salt=0c7d85cad68fb231a34c12121d933c468594106200a09a1c158d34a9cc182c5e'
+ echo '0 3584000 verity payload=PARTUUID=a2f1b79a-e7de-cf4d-86c2-125432dc16dd/PARTNROFF=1 hashtree=PARTUUID=a2f1b79a-e7de-cf4d-86c2-125432dc16dd/PARTNROFF=1 hashstart=3584000 alg=sha1 root_hexdigest=3e8df1ad07c15f9a811aa2a9915a17e8409ccf65 salt=0c7d85cad68fb231a34c12121d933c468594106200a09a1c158d34a9cc182c5e'
+ cut -f7 '-d '
+ local 'depth=alg=sha1'
+ '[' 'alg=sha1' '=' 0 ]
+ return 1
+ local 'eio=error_behavior=eio'
+ echo '0 3584000 verity payload=PARTUUID=a2f1b79a-e7de-cf4d-86c2-125432dc16dd/PARTNROFF=1 hashtree=PARTUUID=a2f1b79a-e7de-cf4d-86c2-125432dc16dd/PARTNROFF=1 hashstart=3584000 alg=sha1 root_hexdigest=3e8df1ad07c15f9a811aa2a9915a17e8409ccf65 salt=0c7d85cad68fb231a34c12121d933c468594106200a09a1c158d34a9cc182c5e error_behavior=eio'
+ DM_TABLE='0 3584000 verity payload=PARTUUID=a2f1b79a-e7de-cf4d-86c2-125432dc16dd/PARTNROFF=1 hashtree=PARTUUID=a2f1b79a-e7de-cf4d-86c2-125432dc16dd/PARTNROFF=1 hashstart=3584000 alg=sha1 root_hexdigest=3e8df1ad07c15f9a811aa2a9915a17e8409ccf65 salt=0c7d85cad68fb231a34c12121d933c468594106200a09a1c158d34a9cc182c5e error_behavior=eio'
+ '[' -n a2f1b79a-e7de-cf4d-86c2-125432dc16dd ]
+ '[' '0 3584000 verity payload=PARTUUID=a2f1b79a-e7de-cf4d-86c2-125432dc16dd/PARTNROFF=1 hashtree=PARTUUID=' '=' '0 3584000 verity payload=PARTUUID=a2f1b79a-e7de-cf4d-86c2-125432dc16dd/PARTNROFF=1 hashtree=PARTUUID=a2f1b79a-e7de-cf4d-86c2-125432dc16dd/PARTNROFF=1 hashstart=3584000 alg=sha1 root_hexdigest=3e8df1ad07c15f9a811aa2a9915a17e8409ccf65 salt=0c7d85cad68fb231a34c12121d933c468594106200a09a1c158d34a9cc182c5e error_behavior=eio' ]
+ dmsetup create -r vroot --table '0 3584000 verity payload=PARTUUID=a2f1b79a-e7de-cf4d-86c2-125432dc16dd/PARTNROFF=1 hashtree=PARTUUID=a2f1b79a-e7de-cf4d-86c2-125432dc16dd/PARTNROFF=1 hashstart=3584000 alg=sha1 root_hexdigest=3e8df1ad07c15f9a811aa2a9915a17e8409ccf65 salt=0c7d85cad68fb231a34c12121d933c468594106200a09a1c158d34a9cc182c5e error_behavior=eio'
+ USB_DEV=/dev/dm-0
+ '[' '!' -b /dev/dm-0 ]
+ dlog 'Created device mapper root vroot.'
+ echo+  'Created device mapper root vroot.'
tee -a /dev/null /dev/null
Created device mapper root vroot.
+ return 0
+ mount_usb
+ dlog -n 'Mounting usb'
+ echo+  -n 'Mounting usb'tee
 -a /dev/null /dev/null
Mounting usb+ seq 20
+ dlogf ' .'
+ printf ' .'
+ tee -a /dev/null /dev/null
 .+ mount -n -o ro /dev/dm-0 /usb
+ dlog ok
+ echo ok
+ tee -a /dev/null /dev/null
ok
+ return 0
+ return 0
+ get_stateful_dev
+ STATE_DEV=/dev/sda1
+ '[' '!' -b /dev/sda1 ]
+ return 0
+ request_oobe_autoconfig_acknowledgment
+ is_oobe_autoconfig
+ local 'has_config=1'
+ get_stateful_dev
+ STATE_DEV=/dev/sda1
+ '[' '!' -b /dev/sda1 ]
+ return 0
+ mount -n -o sync,ro /dev/sda1 /stateful
+ local 'oobe_dir=/stateful/unencrypted/oobe_auto_config'
+ local 'config_path=/stateful/unencrypted/oobe_auto_config/config.json'
+ '[' -f /stateful/unencrypted/oobe_auto_config/config.json ]
+ local 'domain_path=/stateful/unencrypted/oobe_auto_config/enrollment_domain'
+ '[' -f /stateful/unencrypted/oobe_auto_config/enrollment_domain ]
+ umount /stateful
+ return 1
+ return
+ message validate
+ '[' -z  ]
+ FIRST_MESSAGE_RECEIVED=1
+ message_startup
+ frecon-lite --print-resolution
<3>frecon[424]: Failed to set atomic cap.
<6>frecon[424]: Frecon using drm driver i915, version 1.6, date(20160411), desc(Intel Graphics)
+ local 'resolution=1366 768'
+ local 'x_res=1366'
+ '[' 1366 -ge 1920 ]
+ FRECON_SCALING_FACTOR=1
+ frecon-lite --enable-vt1 --daemon --no-login --enable-gfx --enable-vts '--scale=1' --clear 0xfefefe --pre-create-vts /etc/screens/boot_message.png
+ TTY_CONSOLE=/run/frecon/vt0
+ TTY_LOG=/run/frecon/vt1
+ TTY_DEBUG=/run/frecon/vt2
+ TAIL_PID=432
+ message_validate
+ instructions cancel
+ showbox -115 cancel
+ local 'offset=0,-115'
+ shift
+ local 'message_token=cancel'
+ shift
+ local 'message_file=/etc/screens/en-US/cancel.png'
+ + '['tail '!' -f -f -n /etc/screens/en-US/cancel.png +1 ]
 /log/recovery.log
+ showimage /etc/screens/en-US/cancel.png 0,-115
+ local 'image=/etc/screens/en-US/cancel.png'
+ local 'offset=0,-115'
+ shift
+ shift
+ printf '\033]image:file=/etc/screens/en-US/cancel.png;offset=0,-115;scale=1\033\'
+ progress validating
+ showbox 0 validating
+ local 'offset=0,0'
+ shift
+ local 'message_token=validating'
+ shift
+ local 'message_file=/etc/screens/en-US/validating.png'
+ '[' '!' -f /etc/screens/en-US/validating.png ]
+ showimage /etc/screens/en-US/validating.png 0,0
+ local 'image=/etc/screens/en-US/validating.png'
+ local 'offset=0,0'
+ shift
+ shift
+ printf '\033]image:file=/etc/screens/en-US/validating.png;offset=0,0;scale=1\033\'
+ is_nonchrome
+ crossystem 'mainfw_type?nonchrome'
+ crossystem 'mainfw_type?netboot'
+ is_developer_mode
+ is_nonchrome
+ crossystem 'mainfw_type?nonchrome'
+ crossystem 'mainfw_type?netboot'
+ crossystem 'devsw_boot?1'
+ dev_notice empty
+ showbox 115 empty
+ local 'offset=0,115'
+ shift
+ local 'message_token=empty'
+ shift
+ local 'message_file=/etc/screens/en-US/empty.png'
+ '[' '!' -f /etc/screens/en-US/empty.png ]
+ showimage /etc/screens/en-US/empty.png 0,115
+ local 'image=/etc/screens/en-US/empty.png'
+ local 'offset=0,115'
+ shift
+ shift
+ printf '\033]image:file=/etc/screens/en-US/empty.png;offset=0,115;scale=1\033\'
+ set_brightness
+ local 'backlight_device='
+ cat /sys/class/backlight/intel_backlight/max_brightness
+ recovery_install
+ NEWROOT_MNT=/usb
+ lock_tpm
+ '[' -z y ]
+ '[' -z y ]
+ return 0
+ maybe_get_debugging_logs
+ get_usb_debugging_flag
+ local 'decrypt='
+ get_stateful_dev
+ STATE_DEV=/dev/sda1
+ '[' '!' -b /dev/sda1 ]
+ return 0
+ mount -n -o sync,ro /dev/sda1 /tmp
+ '[' -f /tmp/decrypt_stateful ]
+ umount /tmp
+ echo 
+ local 'state='
+ '[' -z  ]
+ return 0
+ validate_recovery_root
+ '[' /dev/dm-0 '!=' /dev/dm-0 ]
+ is_unofficial_root
+ '[' 0 -eq 1 ]
+ verify_recovery_root
+ basename /dev/dm-0
+ local 'usb_base=dm-0'
+ cat /sys/block/dm-0/size
+ local 'size=1835008000'
+ set +x
+ cat /tmp/verification_status
+ '[' 0 '!=' 0 ]
+ return 0
+ return 0
+ setup_install_mounts
+ mount -t tmpfs -o 'mode=1777' none /usb/tmp
+ mount -t tmpfs -o 'mode=0755' run /usb/run
+ mkdir -p -m 0755 /usb/run/lock
+ dlog 'Re-binding /sys /proc /dev for /usb'
+ + teeecho -a 'Re-binding /sys /proc /dev for /usb'
 /run/frecon/vt1 /run/frecon/vt2
Re-binding /sys /proc /dev for /usb
+ mkdir -p /usb/sys
+ mount -n -o bind /sys /usb/sys
+ mkdir -p /usb/proc
+ mount -n -o bind /proc /usb/proc
+ mkdir -p /usb/dev
+ mount -n -o bind /dev /usb/dev
+ dlog Done.
+ echo Done.
+ tee -a /run/frecon/vt1 /run/frecon/vt2
Done.
+ return 0
+ update_tpm_firmware
+ tpm_firmware_update_applicable
+ is_unofficial_root
+ '[' 0 -eq 1 ]
+ '[' -x /usb/usr/sbin/tpm-firmware-updater ]
+ '[' -n  ]
+ vpd -i RW_VPD -g tpm_firmware_update_params
findString(): Vpd data 'tpm_firmware_update_params' was not found.
+ local 'vpd_params='
+ + echogrep ,,
 -qF ,mode:recovery,
+ return 1
+ return 0
+ '[' -z  ]
+ get_dst
+ load_base_vars
+ DEFAULT_ROOTDEV=/sys/devices/platform/80860F14:00/mmc_host/mmc0/mmc0:0001/block/mmcblk0
+ PARTITION_SIZE_RWFW=8388608
+ RESERVED_EBS_RWFW=0
+ DATA_SIZE_RWFW=8388608
+ FORMAT_RWFW=
+ FS_FORMAT_RWFW=
+ FS_OPTIONS_RWFW=
+ PARTITION_NUM_RWFW=11
+ PARTITION_SIZE_11=8388608
+ RESERVED_EBS_11=0
+ DATA_SIZE_11=8388608
+ FORMAT_11=
+ FS_FORMAT_11=
+ FS_OPTIONS_11=
+ PARTITION_NUM_11=11
+ PARTITION_SIZE_KERN_C=1
+ RESERVED_EBS_KERN_C=0
+ DATA_SIZE_KERN_C=1
+ FORMAT_KERN_C=
+ FS_FORMAT_KERN_C=
+ FS_OPTIONS_KERN_C=
+ PARTITION_NUM_KERN_C=6
+ PARTITION_SIZE_6=1
+ RESERVED_EBS_6=0
+ DATA_SIZE_6=1
+ FORMAT_6=
+ FS_FORMAT_6=
+ FS_OPTIONS_6=
+ PARTITION_NUM_6=6
+ PARTITION_SIZE_ROOT_C=1
+ RESERVED_EBS_ROOT_C=0
+ DATA_SIZE_ROOT_C=1
+ FORMAT_ROOT_C=
+ FS_FORMAT_ROOT_C=
+ FS_OPTIONS_ROOT_C=
+ PARTITION_NUM_ROOT_C=7
+ PARTITION_SIZE_7=1
+ RESERVED_EBS_7=0
+ DATA_SIZE_7=1
+ FORMAT_7=
+ FS_FORMAT_7=
+ FS_OPTIONS_7=
+ PARTITION_NUM_7=7
+ PARTITION_SIZE_RESERVED=1
+ RESERVED_EBS_RESERVED=0
+ DATA_SIZE_RESERVED=1
+ FORMAT_RESERVED=
+ FS_FORMAT_RESERVED=
+ FS_OPTIONS_RESERVED=
+ PARTITION_NUM_RESERVED=9
+ PARTITION_SIZE_9=1
+ RESERVED_EBS_9=0
+ DATA_SIZE_9=1
+ FORMAT_9=
+ FS_FORMAT_9=
+ FS_OPTIONS_9=
+ PARTITION_NUM_9=9
+ PARTITION_SIZE_RESERVED=1
+ RESERVED_EBS_RESERVED=0
+ DATA_SIZE_RESERVED=1
+ FORMAT_RESERVED=
+ FS_FORMAT_RESERVED=
+ FS_OPTIONS_RESERVED=
+ PARTITION_NUM_RESERVED=10
+ PARTITION_SIZE_10=1
+ RESERVED_EBS_10=0
+ DATA_SIZE_10=1
+ FORMAT_10=
+ FS_FORMAT_10=
+ FS_OPTIONS_10=
+ PARTITION_NUM_10=10
+ PARTITION_SIZE_KERN_A=16777216
+ RESERVED_EBS_KERN_A=0
+ DATA_SIZE_KERN_A=16777216
+ FORMAT_KERN_A=
+ FS_FORMAT_KERN_A=
+ FS_OPTIONS_KERN_A=
+ PARTITION_NUM_KERN_A=2
+ PARTITION_SIZE_2=16777216
+ RESERVED_EBS_2=0
+ DATA_SIZE_2=16777216
+ FORMAT_2=
+ FS_FORMAT_2=
+ FS_OPTIONS_2=
+ PARTITION_NUM_2=2
+ PARTITION_SIZE_KERN_B=16777216
+ RESERVED_EBS_KERN_B=0
+ DATA_SIZE_KERN_B=16777216
+ FORMAT_KERN_B=
+ FS_FORMAT_KERN_B=
+ FS_OPTIONS_KERN_B=
+ PARTITION_NUM_KERN_B=4
+ PARTITION_SIZE_4=16777216
+ RESERVED_EBS_4=0
+ DATA_SIZE_4=16777216
+ FORMAT_4=
+ FS_FORMAT_4=
+ FS_OPTIONS_4=
+ PARTITION_NUM_4=4
+ PARTITION_SIZE_OEM=16777216
+ RESERVED_EBS_OEM=0
+ DATA_SIZE_OEM=16777216
+ FORMAT_OEM=
+ FS_FORMAT_OEM=ext4
+ FS_OPTIONS_OEM=
+ PARTITION_NUM_OEM=8
+ PARTITION_SIZE_8=16777216
+ RESERVED_EBS_8=0
+ DATA_SIZE_8=16777216
+ FORMAT_8=
+ FS_FORMAT_8=ext4
+ FS_OPTIONS_8=
+ PARTITION_NUM_8=8
+ PARTITION_SIZE_EFI_SYSTEM=33554432
+ RESERVED_EBS_EFI_SYSTEM=0
+ DATA_SIZE_EFI_SYSTEM=33554432
+ FORMAT_EFI_SYSTEM=
+ FS_FORMAT_EFI_SYSTEM=vfat
+ FS_OPTIONS_EFI_SYSTEM=
+ PARTITION_NUM_EFI_SYSTEM=12
+ PARTITION_SIZE_12=33554432
+ RESERVED_EBS_12=0
+ DATA_SIZE_12=33554432
+ FORMAT_12=
+ FS_FORMAT_12=vfat
+ FS_OPTIONS_12=
+ PARTITION_NUM_12=12
+ PARTITION_SIZE_ROOT_B=2147483648
+ RESERVED_EBS_ROOT_B=0
+ DATA_SIZE_ROOT_B=2147483648
+ FORMAT_ROOT_B=
+ FS_FORMAT_ROOT_B=
+ FS_OPTIONS_ROOT_B=
+ PARTITION_NUM_ROOT_B=5
+ PARTITION_SIZE_5=2147483648
+ RESERVED_EBS_5=0
+ DATA_SIZE_5=2147483648
+ FORMAT_5=
+ FS_FORMAT_5=
+ FS_OPTIONS_5=
+ PARTITION_NUM_5=5
+ PARTITION_SIZE_ROOT_A=2147483648
+ RESERVED_EBS_ROOT_A=0
+ DATA_SIZE_ROOT_A=1835008000
+ FORMAT_ROOT_A=
+ FS_FORMAT_ROOT_A=ext2
+ FS_OPTIONS_ROOT_A=
+ PARTITION_NUM_ROOT_A=3
+ PARTITION_SIZE_3=2147483648
+ RESERVED_EBS_3=0
+ DATA_SIZE_3=1835008000
+ FORMAT_3=
+ FS_FORMAT_3=ext2
+ FS_OPTIONS_3=
+ PARTITION_NUM_3=3
+ PARTITION_SIZE_STATE=2147483648
+ RESERVED_EBS_STATE=0
+ DATA_SIZE_STATE=2147483648
+ FORMAT_STATE=
+ FS_FORMAT_STATE=ext4
+ FS_OPTIONS_STATE=
+ PARTITION_NUM_STATE=1
+ PARTITION_SIZE_1=2147483648
+ RESERVED_EBS_1=0
+ DATA_SIZE_1=2147483648
+ FORMAT_1=
+ FS_FORMAT_1=ext4
+ FS_OPTIONS_1=
+ PARTITION_NUM_1=1
+ get_fixed_dst_drive
+ local dev rootdev
+ '[' -n /sys/devices/platform/80860F14:00/mmc_host/mmc0/mmc0:0001/block/mmcblk0 ]
+ basename /sys/devices/platform/80860F14:00/mmc_host/mmc0/mmc0:0001/block/mmcblk0
+ dev=/dev/mmcblk0
+ '[' -b /dev/mmcblk0 ]
+ break
+ echo /dev/mmcblk0
+ DST=/dev/mmcblk0
+ '[' -z /dev/mmcblk0 ]
+ '[' /dev/mmcblk '=' /dev/mmcblk0 ]
+ DST_DEV_BASE=/dev/mmcblk0p
+ local 'src_dev_base=/dev/sda'
+ '[' /dev/sda '=' /dev/mmcblk0p ]
+ SRC_DEV_BASE=/dev/sda
+ recover_system
+ strip_partition /dev/sda3
+ local 'dev=/dev/sda'
+ echo /dev/sda
+ local 'source=/dev/sda'
+ dlog 'Beginning system recovery from /dev/sda'
+ echo 'Beginning system recovery from /dev/sda'
+ tee -a /run/frecon/vt1 /run/frecon/vt2
Beginning system recovery from /dev/sda
+ verify_install_kernel
+ '[' a3fcbf21277d8f3fcd6bf907e91de2e5d0dd855d '!=' a3fcbf21277d8f3fcd6bf907e91de2e5d0dd855d ]
+ dlog 'Checking the install kernel for valid versions and signature . . .'
+ echo 'Checking the install kernel for valid versions and signature . . .'
+ tee -a /run/frecon/vt1 /run/frecon/vt2
Checking the install kernel for valid versions and signature . . .
+ verify_kernel_version /dev/sda4
+ local 'kern_dev=/dev/sda4'
+ local 'minversion=0x10001'
+ dd 'if=/dev/sda4' 'of=/tmp/kern.bin'
32768+0 records in
32768+0 records out
16777216 bytes (16.0MB) copied, 0.515737 seconds, 31.0MB/s
+ crossystem tpm_kernver
+ minversion=0x00040001
+ dlog 'Rollback version stored in the TPM: 0x00040001'
+ tee -a /run/frecon/vt1 /run/frecon/vt2
+ echo 'Rollback version stored in the TPM: 0x00040001'
Rollback version stored in the TPM: 0x00040001
+ vbutil_kernel --verify /tmp/kern.bin --minversion 0x00040001
Key block:
  Signature:           ignored
  Size:                0x4b8
  Flags:               7  !DEV DEV !REC
  Data key algorithm:  4 RSA2048 SHA256
  Data key version:    4
  Data key sha1sum:    34701b60247012be4487ee81d2fe943f69da56de
Preamble:
  Size:                0xfb48
  Header version:      2.2
  Kernel version:      1
  Body load address:   0x100000
  Body size:           0x65cc00
  Bootloader address:  0x755000
  Bootloader size:     0x4000
  Vmlinuz header address: 0x759000
  Vmlinuz header size:    0x3c00
  Flags          :       0x0
Body verification succeeded.
Config:
console= loglevel=7 init=/sbin/init cros_secure root=/dev/dm-0 rootwait ro dm_verity.error_behavior=3 dm_verity.max_bios=-1 dm_verity.dev_wait=1 dm="1 vroot none ro 1,0 3584000 verity payload=PARTUUID=%U/PARTNROFF=1 hashtree=PARTUUID=%U/PARTNROFF=1 hashstart=3584000 alg=sha1 root_hexdigest=3e8df1ad07c15f9a811aa2a9915a17e8409ccf65 salt=0c7d85cad68fb231a34c12121d933c468594106200a09a1c158d34a9cc182c5e" noinitrd vt.global_cursor_default=0 kern_guid=%U add_efi_memmap boot=local noresume noswap i915.modeset=1 tpm_tis.force=1 tpm_tis.interrupts=0 nmi_watchdog=panic,lapic  
+ return 0
+ return 0
+ clear_tpm
+ dlogf 'Resetting security device . . .'
+ printf 'Resetting security device . . .'
+ tee -a /run/frecon/vt1 /run/frecon/vt2
Resetting security device . . .+ tpmc ppon
+ tpmc clear
+ tpmc enable
+ tpmc activate
+ clobber_lockbox_space
+ local 'ppwrite_permission=0x1'
+ local 'temporary_lockbox_size=1'
+ tpmc def 0x20000004 1 0x1
+ tpmc pplock
+ dlog ' done.'
+ echo ' done.'
+ tee -a /run/frecon/vt1 /run/frecon/vt2
 done.
+ return 0
+ verify_rw_vpd
+ mktemp /tmp/rw_vpd.XXXXXX
+ local 'tmpfile=/tmp/rw_vpd.1IOkT0'
+ local 'rc=0'
+ dlog 'Verifying RW_VPD'
+ echo 'Verifying RW_VPD'
+ tee -a /run/frecon/vt1 /run/frecon/vt2
Verifying RW_VPD
+ ls -1A /sys/firmware/vpd/rw
ls: /sys/firmware/vpd/rw: No such file or directory
+ grep -q .
+ '[' 1 -eq 0 ]
+ flashrom -p host -i RW_VPD:/tmp/rw_vpd.1IOkT0 -r
flashrom v0.9.9  : b2d845b : May 29 2019 13:27:30 UTC on Linux 4.4.180-16566-g51163f4278d1 (x86_64)
Calibrating delay loop... OK.
coreboot table found at 0x7ae6e000.
sh: dmidecode: not found
dmidecode execution unsuccessful - continuing without DMI info
Mapping BYT IBASE at 0xfed08000, unaligned size 0x200.
Mapping BYT SBASE at 0xfed01000, unaligned size 0x200.
Block protection could not be disabled!
Reading flash... SUCCESS
+ '[' 0 -ne 0 ]
+ rm -f /tmp/rw_vpd.1IOkT0
+ vpd -i RW_VPD -l
"mlb_serial_number"="8SSB20H11807A1SH56A012P"
"gbind_attribute"="6fde4a29b254347e18f4e5e0a1196031fe9cb7dc4bb92cb311392c614c3e7808396cd4f6"
"ubind_attribute"="52d12d74767d9e14272484ed10e8a2cac0a96c0aab352ca04fdc52c92d131259984b98b2"
"ActivateDate"="2015-35"
"block_devmode"="0"
"check_enrollment"="0"
"first_active_omaha_ping_sent"="1"
+ rc=0
+ dlog 'Successfully read VPD from RW_VPD.'
+ echo 'Successfully read VPD from RW_VPD.'
+ tee -a /run/frecon/vt1 /run/frecon/vt2
Successfully read VPD from RW_VPD.
+ return 0
+ local 'extra_flags='
+ '[' -n  ]
+ sleep 2
+ message recovery_start
+ '[' -z 1 ]
+ message_recovery_start
+ instructions recovering
+ showbox -115 recovering
+ local 'offset=0,-115'
+ shift
+ local 'message_token=recovering'
+ shift
+ local 'message_file=/etc/screens/en-US/recovering.png'
+ '[' '!' -f /etc/screens/en-US/recovering.png ]
+ showimage /etc/screens/en-US/recovering.png 0,-115
+ local 'image=/etc/screens/en-US/recovering.png'
+ local 'offset=0,-115'
+ shift
+ shift
+ printf '\033]image:file=/etc/screens/en-US/recovering.png;offset=0,-115;scale=1\033\'
+ progress empty
+ showbox 0 empty
+ local 'offset=0,0'
+ shift
+ local 'message_token=empty'
+ shift
+ local 'message_file=/etc/screens/en-US/empty.png'
+ '[' '!' -f /etc/screens/en-US/empty.png ]
+ showimage /etc/screens/en-US/empty.png 0,0
+ local 'image=/etc/screens/en-US/empty.png'
+ local 'offset=0,0'
+ shift
+ shift
+ printf '\033]image:file=/etc/screens/en-US/empty.png;offset=0,0;scale=1\033\'
+ SPINNER_PID=512
+ call_image_recovery_script /dev/sda+ 
show_install_spinner
+ dlog 'Installing software; this will take some time.'
+ echo 'Installing software; this will take some time.'
+ tee -a /run/frecon/vt1 /run/frecon/vt2
Installing software; this will take some time.
+ dlog 'See the debug log on VT3 for the full output.'
+ tee -a /run/frecon/vt1 /run/frecon/vt2
+ echo 'See the debug log on VT3 for the full output.'
See the debug log on VT3 for the full output.
+ echo 1
+ chroot /usb /usr/sbin/chromeos-recovery /dev/sda
initctl: Unable to connect to Upstart: Failed to connect to socket /com/ubuntu/upstart: Connection refused
This will install from '/dev/sda' to '/dev/mmcblk0'.
This will erase all data at this destination: /dev/mmcblk0
64+0 records in
64+0 records out
32768 bytes (33 kB, 32 KiB) copied, 0.00768539 s, 4.3 MB/s
64+0 records in
64+0 records out
32768 bytes (33 kB, 32 KiB) copied, 0.0058565 s, 5.6 MB/s
WARNING: Primary GPT header is invalid
8F3526EE-ED90-264A-990D-A50BCC03FB22
       start        size    part  contents
           0           1          PMBR (Boot GUID: 8F3526EE-ED90-264A-990D-A50BCC03FB22)
           1           1          Pri GPT header
           2          32          Pri GPT table
     8704000    22073296       1  Label: "STATE"
                                  Type: Linux data
                                  UUID: 679239DE-8306-2845-A7A9-A11883D16B19
       20480       32768       2  Label: "KERN-A"
                                  Type: ChromeOS kernel
                                  UUID: 6C8BC571-8E95-A843-BC0A-9608A1C2AC65
                                  Attr: priority=15 tries=15 successful=0 
     4509696     4194304       3  Label: "ROOT-A"
                                  Type: ChromeOS rootfs
                                  UUID: 76736FA4-0051-8541-B204-5D08F0150194
       53248       32768       4  Label: "KERN-B"
                                  Type: ChromeOS kernel
                                  UUID: A2C525AC-5198-394D-91DF-972B54680E0B
                                  Attr: priority=0 tries=15 successful=0 
      315392     4194304       5  Label: "ROOT-B"
                                  Type: ChromeOS rootfs
                                  UUID: E7F21C85-0689-014C-B821-DDBFB8862F75
       16448           1       6  Label: "KERN-C"
                                  Type: ChromeOS kernel
                                  UUID: 2FEF584E-212F-9B4A-AADB-481C690A2022
                                  Attr: priority=0 tries=15 successful=0 
       16449           1       7  Label: "ROOT-C"
                                  Type: ChromeOS rootfs
                                  UUID: FF694F9A-ECB7-5944-A09D-A3AB2EC0132C
       86016       32768       8  Label: "OEM"
                                  Type: Linux data
                                  UUID: 1078D303-732A-F742-A61A-4B4C1A871C46
       16450           1       9  Label: "reserved"
                                  Type: ChromeOS reserved
                                  UUID: DA8F4C72-9333-AC4E-8C40-57B6F3291BBA
       16451           1      10  Label: "reserved"
                                  Type: ChromeOS reserved
                                  UUID: C1D56F58-64A6-7C46-95FC-304FD8969F08
          64       16384      11  Label: "RWFW"
                                  Type: ChromeOS firmware
                                  UUID: 92F8D8F1-EE91-CB46-A702-9973BF5CDD65
      249856       65536      12  Label: "EFI-SYSTEM"
                                  Type: EFI System Partition
                                  UUID: 8F3526EE-ED90-264A-990D-A50BCC03FB22
                                  Attr: legacy_boot=1 
    30777311          32          Sec GPT table
    30777343           1          Sec GPT header
Clearing the stateful partition...
mke2fs 1.44.5 (15-Dec-2018)
Creating filesystem with 2759162 4k blocks and 690880 inodes
Filesystem UUID: 373b9f7e-2aa2-4e8e-b2e6-2b08039aab0b
Superblock backups stored on blocks: 
	32768, 98304, 163840, 229376, 294912, 819200, 884736, 1605632, 2654208

Allocating group tables:  0/85     done                            
Writing inode tables:  0/85     done                            
Creating journal (16384 blocks): done
Writing superblocks and filesystem accounting information:  0/85     done

Installing partition 12 to /dev/mmcblk0
16+0 records in
16+0 records out
33554432 bytes (34 MB, 32 MiB) copied, 1.65717 s, 20.2 MB/s
Installing partition 11 to /dev/mmcblk0
DD with block size 32768
256+0 records in
256+0 records out
8388608 bytes (8.4 MB, 8.0 MiB) copied, 0.504805 s, 16.6 MB/s
Installing partition 10 to /dev/mmcblk0
Installing partition 9 to /dev/mmcblk0
Installing partition 8 to /dev/mmcblk0
8+0 records in
8+0 records out
16777216 bytes (17 MB, 16 MiB) copied, 0.806562 s, 20.8 MB/s
Installing partition 7 to /dev/mmcblk0
Installing partition 6 to /dev/mmcblk0
Installing partition 5 to /dev/mmcblk0
33554432 bytes (34 MB, 32 MiB) copied, 1.05038 s, 31.9 MB/s67108864 bytes (67 MB, 64 MiB) copied, 2.04789 s, 32.8 MB/s98566144 bytes (99 MB, 94 MiB) copied, 3.01395 s, 32.7 MB/s130023424 bytes (130 MB, 124 MiB) copied, 4.04329 s, 32.2 MB/s161480704 bytes (161 MB, 154 MiB) copied, 5.03644 s, 32.1 MB/s190840832 bytes (191 MB, 182 MiB) copied, 6.01498 s, 31.7 MB/s220200960 bytes (220 MB, 210 MiB) copied, 7.01369 s, 31.4 MB/s251658240 bytes (252 MB, 240 MiB) copied, 8.02534 s, 31.4 MB/s283115520 bytes (283 MB, 270 MiB) copied, 9.05861 s, 31.3 MB/s314572800 bytes (315 MB, 300 MiB) copied, 10.0696 s, 31.2 MB/s343932928 bytes (344 MB, 328 MiB) copied, 11.0393 s, 31.2 MB/s375390208 bytes (375 MB, 358 MiB) copied, 12.0192 s, 31.2 MB/s406847488 bytes (407 MB, 388 MiB) copied, 13.0345 s, 31.2 MB/s444596224 bytes (445 MB, 424 MiB) copied, 14.0446 s, 31.7 MB/s480247808 bytes (480 MB, 458 MiB) copied, 15.0409 s, 31.9 MB/s511705088 bytes (512 MB, 488 MiB) copied, 16.0543 s, 31.9 MB/s541065216 bytes (541 MB, 516 MiB) copied, 17.05 s, 31.7 MB/s  572522496 bytes (573 MB, 546 MiB) copied, 18.0229 s, 31.8 MB/s610271232 bytes (610 MB, 582 MiB) copied, 19.0154 s, 32.1 MB/s648019968 bytes (648 MB, 618 MiB) copied, 20.0254 s, 32.4 MB/s683671552 bytes (684 MB, 652 MiB) copied, 21.0538 s, 32.5 MB/s719323136 bytes (719 MB, 686 MiB) copied, 22.0221 s, 32.7 MB/s757071872 bytes (757 MB, 722 MiB) copied, 23.0512 s, 32.8 MB/s794820608 bytes (795 MB, 758 MiB) copied, 24.0214 s, 33.1 MB/s834666496 bytes (835 MB, 796 MiB) copied, 25.0409 s, 33.3 MB/s872415232 bytes (872 MB, 832 MiB) copied, 26.0275 s, 33.5 MB/s908066816 bytes (908 MB, 866 MiB) copied, 27.001 s, 33.6 MB/s 941621248 bytes (942 MB, 898 MiB) copied, 28.0206 s, 33.6 MB/s977272832 bytes (977 MB, 932 MiB) copied, 29.0473 s, 33.6 MB/s1012924416 bytes (1.0 GB, 966 MiB) copied, 30.0294 s, 33.7 MB/s1050673152 bytes (1.1 GB, 1002 MiB) copied, 31.0441 s, 33.8 MB/s1086324736 bytes (1.1 GB, 1.0 GiB) copied, 32.0027 s, 33.9 MB/s 1121976320 bytes (1.1 GB, 1.0 GiB) copied, 33.0309 s, 34.0 MB/s1157627904 bytes (1.2 GB, 1.1 GiB) copied, 34.0099 s, 34.0 MB/s1193279488 bytes (1.2 GB, 1.1 GiB) copied, 35.013 s, 34.1 MB/s 1228931072 bytes (1.2 GB, 1.1 GiB) copied, 36.0484 s, 34.1 MB/s1262485504 bytes (1.3 GB, 1.2 GiB) copied, 37.0299 s, 34.1 MB/s1302331392 bytes (1.3 GB, 1.2 GiB) copied, 38.0473 s, 34.2 MB/s1340080128 bytes (1.3 GB, 1.2 GiB) copied, 39.016 s, 34.3 MB/s 1379926016 bytes (1.4 GB, 1.3 GiB) copied, 40.0417 s, 34.5 MB/s1415577600 bytes (1.4 GB, 1.3 GiB) copied, 41.0398 s, 34.5 MB/s1451229184 bytes (1.5 GB, 1.4 GiB) copied, 42.0131 s, 34.5 MB/s1486880768 bytes (1.5 GB, 1.4 GiB) copied, 43.0155 s, 34.6 MB/s1524629504 bytes (1.5 GB, 1.4 GiB) copied, 44.0294 s, 34.6 MB/s1562378240 bytes (1.6 GB, 1.5 GiB) copied, 45.0521 s, 34.7 MB/s1598029824 bytes (1.6 GB, 1.5 GiB) copied, 46.0401 s, 34.7 MB/s1631584256 bytes (1.6 GB, 1.5 GiB) copied, 47.0048 s, 34.7 MB/s1663041536 bytes (1.7 GB, 1.5 GiB) copied, 48.0068 s, 34.6 MB/s1692401664 bytes (1.7 GB, 1.6 GiB) copied, 49.0092 s, 34.5 MB/s1723858944 bytes (1.7 GB, 1.6 GiB) copied, 50.0194 s, 34.5 MB/s1755316224 bytes (1.8 GB, 1.6 GiB) copied, 51.0634 s, 34.4 MB/s1786773504 bytes (1.8 GB, 1.7 GiB) copied, 52.0632 s, 34.3 MB/s1822425088 bytes (1.8 GB, 1.7 GiB) copied, 53.0227 s, 34.4 MB/s1860173824 bytes (1.9 GB, 1.7 GiB) copied, 54.0308 s, 34.4 MB/s1897922560 bytes (1.9 GB, 1.8 GiB) copied, 55.0504 s, 34.5 MB/s1933574144 bytes (1.9 GB, 1.8 GiB) copied, 56.0085 s, 34.5 MB/s1971322880 bytes (2.0 GB, 1.8 GiB) copied, 57.0209 s, 34.6 MB/s2004877312 bytes (2.0 GB, 1.9 GiB) copied, 58.0061 s, 34.6 MB/s2040528896 bytes (2.0 GB, 1.9 GiB) copied, 59.0523 s, 34.6 MB/s2074083328 bytes (2.1 GB, 1.9 GiB) copied, 60.037 s, 34.5 MB/s 
1000+0 records in
1000+0 records out
2097152000 bytes (2.1 GB, 2.0 GiB) copied, 67.5191 s, 31.1 MB/s
Installing partition 4 to /dev/mmcblk0
8+0 records in
8+0 records out
16777216 bytes (17 MB, 16 MiB) copied, 0.809398 s, 20.7 MB/s
Installing partition 3 to /dev/mmcblk0
39845888 bytes (40 MB, 38 MiB) copied, 1.03093 s, 38.7 MB/s69206016 bytes (69 MB, 66 MiB) copied, 2.0633 s, 33.5 MB/s 98566144 bytes (99 MB, 94 MiB) copied, 3.01244 s, 32.7 MB/s130023424 bytes (130 MB, 124 MiB) copied, 4.04471 s, 32.1 MB/s163577856 bytes (164 MB, 156 MiB) copied, 5.03171 s, 32.5 MB/s197132288 bytes (197 MB, 188 MiB) copied, 6.05996 s, 32.5 MB/s230686720 bytes (231 MB, 220 MiB) copied, 7.05273 s, 32.7 MB/s262144000 bytes (262 MB, 250 MiB) copied, 8.00215 s, 32.8 MB/s478150656 bytes (478 MB, 456 MiB) copied, 9.00015 s, 53.1 MB/s710934528 bytes (711 MB, 678 MiB) copied, 10.005 s, 71.1 MB/s 817889280 bytes (818 MB, 780 MiB) copied, 11.0176 s, 74.2 MB/s893386752 bytes (893 MB, 852 MiB) copied, 12.0029 s, 74.4 MB/s945815552 bytes (946 MB, 902 MiB) copied, 13.0297 s, 72.6 MB/s987758592 bytes (988 MB, 942 MiB) copied, 14.0072 s, 70.5 MB/s1027604480 bytes (1.0 GB, 980 MiB) copied, 15.0049 s, 68.5 MB/s1069547520 bytes (1.1 GB, 1020 MiB) copied, 16.0478 s, 66.6 MB/s1109393408 bytes (1.1 GB, 1.0 GiB) copied, 17.0507 s, 65.1 MB/s 1151336448 bytes (1.2 GB, 1.1 GiB) copied, 18.001 s, 64.0 MB/s 1195376640 bytes (1.2 GB, 1.1 GiB) copied, 19.0283 s, 62.8 MB/s1237319680 bytes (1.2 GB, 1.2 GiB) copied, 20.014 s, 61.8 MB/s 1283457024 bytes (1.3 GB, 1.2 GiB) copied, 21.0474 s, 61.0 MB/s1325400064 bytes (1.3 GB, 1.2 GiB) copied, 22.0073 s, 60.2 MB/s1369440256 bytes (1.4 GB, 1.3 GiB) copied, 23.0273 s, 59.5 MB/s1413480448 bytes (1.4 GB, 1.3 GiB) copied, 24.035 s, 58.8 MB/s 1455423488 bytes (1.5 GB, 1.4 GiB) copied, 25.008 s, 58.2 MB/s1495269376 bytes (1.5 GB, 1.4 GiB) copied, 26.0537 s, 57.4 MB/s1530920960 bytes (1.5 GB, 1.4 GiB) copied, 27.0483 s, 56.6 MB/s1564475392 bytes (1.6 GB, 1.5 GiB) copied, 28.0002 s, 55.9 MB/s1600126976 bytes (1.6 GB, 1.5 GiB) copied, 29.0524 s, 55.1 MB/s1631584256 bytes (1.6 GB, 1.5 GiB) copied, 30.0119 s, 54.4 MB/s1667235840 bytes (1.7 GB, 1.6 GiB) copied, 31.0371 s, 53.7 MB/s1702887424 bytes (1.7 GB, 1.6 GiB) copied, 32.0317 s, 53.2 MB/s1734344704 bytes (1.7 GB, 1.6 GiB) copied, 33.0215 s, 52.5 MB/s1769996288 bytes (1.8 GB, 1.6 GiB) copied, 34.0462 s, 52.0 MB/s1803550720 bytes (1.8 GB, 1.7 GiB) copied, 35.0093 s, 51.5 MB/s1835008000 bytes (1.8 GB, 1.7 GiB) copied, 36.0156 s, 51.0 MB/s1868562432 bytes (1.9 GB, 1.7 GiB) copied, 37.0119 s, 50.5 MB/s1908408320 bytes (1.9 GB, 1.8 GiB) copied, 38.0081 s, 50.2 MB/s1950351360 bytes (2.0 GB, 1.8 GiB) copied, 39.0531 s, 49.9 MB/s1988100096 bytes (2.0 GB, 1.9 GiB) copied, 40.0142 s, 49.7 MB/s2025848832 bytes (2.0 GB, 1.9 GiB) copied, 41.0433 s, 49.4 MB/s2061500416 bytes (2.1 GB, 1.9 GiB) copied, 42.0454 s, 49.0 MB/s2097152000 bytes (2.1 GB, 2.0 GiB) copied, 43.0302 s, 48.7 MB/s
1000+0 records in
1000+0 records out
2097152000 bytes (2.1 GB, 2.0 GiB) copied, 57.287 s, 36.6 MB/s
Installing partition 2 to /dev/mmcblk0
8+0 records in
8+0 records out
16777216 bytes (17 MB, 16 MiB) copied, 0.827754 s, 20.3 MB/s
Installing partition 1 to /dev/mmcblk0
Installing the stateful partition...
dm:dm bht[DEBUG] Setting block_count 448000
dm:dm bht[DEBUG] Setting depth to 3.
dm:dm bht[DEBUG] depth: 0 entries: 1
dm:dm bht[DEBUG] depth: 1 entries: 28
dm:dm bht[DEBUG] depth: 2 entries: 3500
Couldn't check the current permission, ignored: No such file or directory
PostInstall Configured: (A, /dev/mmcblk0p3, /dev/mmcblk0p2, /dev/mmcblk0p12)

 Current Kernel Info: sysname(Linux) nodename(localhost) release(4.4.180-16566-g51163f4278d1) version(#2 SMP PREEMPT Tue Aug 27 19:03:41 PDT 2019) machine(x86_64)

lsb-release inside the new rootfs:
CHROMEOS_AUSERVER=https://tools.google.com/service/update2
CHROMEOS_BOARD_APPID={D0DBB0D9-6EEB-B148-F8AF-AE8AF86ECE5B}
CHROMEOS_CANARY_APPID={90F229CE-83E2-4FAF-8479-E368A34938B1}
CHROMEOS_DEVSERVER=
CHROMEOS_RELEASE_APPID={D0DBB0D9-6EEB-B148-F8AF-AE8AF86ECE5B}
CHROMEOS_RELEASE_BOARD=glimmer-signed-mp-v4keys
CHROMEOS_RELEASE_BRANCH_NUMBER=92
CHROMEOS_RELEASE_BUILDER_PATH=glimmer-release/R76-12239.92.0
CHROMEOS_RELEASE_BUILD_NUMBER=12239
CHROMEOS_RELEASE_BUILD_TYPE=Official Build
CHROMEOS_RELEASE_CHROME_MILESTONE=76
CHROMEOS_RELEASE_DESCRIPTION=12239.92.0 (Official Build) stable-channel glimmer 
CHROMEOS_RELEASE_KEYSET=mp-v4
CHROMEOS_RELEASE_NAME=Chrome OS
CHROMEOS_RELEASE_PATCH_NUMBER=0
CHROMEOS_RELEASE_TRACK=stable-channel
CHROMEOS_RELEASE_VERSION=12239.92.0
DEVICETYPE=CHROMEBOOK
GOOGLE_RELEASE=12239.92.0

Set boot target to /dev/mmcblk0p3: Partition 3, Slot A
SetImage
KERNEL_CONFIG: console= loglevel=7 init=/sbin/init cros_secure root=/dev/dm-0 rootwait ro dm_verity.error_behavior=3 dm_verity.max_bios=-1 dm_verity.dev_wait=1 dm="1 vroot none ro 1,0 3584000 verity payload=PARTUUID=%U/PARTNROFF=1 hashtree=PARTUUID=%U/PARTNROFF=1 hashstart=3584000 alg=sha1 root_hexdigest=3e8df1ad07c15f9a811aa2a9915a17e8409ccf65 salt=0c7d85cad68fb231a34c12121d933c468594106200a09a1c158d34a9cc182c5e" noinitrd vt.global_cursor_default=0 kern_guid=%U add_efi_memmap boot=local noresume noswap i915.modeset=1 tpm_tis.force=1 tpm_tis.interrupts=0 nmi_watchdog=panic,lapic  
Setting up verity.
Finished after 38 seconds.
Clearing network driver boot cache: /var/lib/preload-network-drivers.
Syncing filesystems before changing boot order...
Finished after 0 seconds.
Updating Partition Table Attributes using CgptManager...
Updated kernel 2 with Successful = 1 and NumTriesLeft = 6
Checking /mnt/stateful_partition/unencrypted permission.
RemovePackFiles Failed
Touch(/mnt/stateful_partition/.install_completed) FAILED
Starting firmware updater (//usr/sbin/chromeos-firmwareupdate --mode=recovery)
Command: //usr/sbin/chromeos-firmwareupdate --mode=recovery

  Machine Model: glimmer
  Write Protect: HW=1/1 SW=1
  Last Boot Version: RO=Google_Glimmer.5216.198.11 ACT/recovery=Google_Glimmer.5216.198.11
  Firmware Updater:  RO=Google_Glimmer.5216.198.11    RW=Google_Glimmer.5216.198.188
  
>> Starting firmware updater.
>> Target image: bios.bin (RO:Google_Glimmer.5216.198.11, RW/A:Google_Glimmer.5216.198.188, RW/B:Google_Glimmer.5216.198.188).
INFO: update_firmware: Loading current system firmware...
>> Current system: /tmp/fwupdater.RkCvF5 (RO:Google_Glimmer.5216.198.11, RW/A:Google_Glimmer.5216.198.188, RW/B:Google_Glimmer.5216.198.188).
>> Write protection: 1 (enabled; HW=1, SW=1).
>> RW UPDATE: Updating RW sections (RW_SECTION_A, RW_SECTION_B, RW_SHARED, and RW_LEGACY).
INFO: update_rw_firmware: Checking compatibility...
INFO: host_flashrom: Executing: flashrom -w /tmp/fwupdater.uk1Tah -p host -i RW_SECTION_A  
flashrom v0.9.9  : b2d845b : May 29 2019 13:27:30 UTC on Linux 4.4.180-16566-g51163f4278d1 (x86_64)
Calibrating delay loop... OK.
coreboot table found at 0x7ae6e000.
Mapping BYT IBASE at 0xfed08000, unaligned size 0x200.
Mapping BYT SBASE at 0xfed01000, unaligned size 0x200.
Block protection could not be disabled!
spi_block_erase_52 failed during command execution at address 0x0
spi_simple_write_cmd failed during command execution
spi_simple_write_cmd failed during command execution
Erasing and writing flash chip... SUCCESS
INFO: host_flashrom: Executing: flashrom -w /tmp/fwupdater.fK0eME -p host -i RW_SECTION_B  
flashrom v0.9.9  : b2d845b : May 29 2019 13:27:30 UTC on Linux 4.4.180-16566-g51163f4278d1 (x86_64)
Calibrating delay loop... OK.
coreboot table found at 0x7ae6e000.
Mapping BYT IBASE at 0xfed08000, unaligned size 0x200.
Mapping BYT SBASE at 0xfed01000, unaligned size 0x200.
Block protection could not be disabled!
spi_block_erase_52 failed during command execution at address 0x0
spi_simple_write_cmd failed during command execution
spi_simple_write_cmd failed during command execution
Erasing and writing flash chip... SUCCESS
INFO: host_flashrom: Executing: flashrom -w /tmp/fwupdater.ANZpve -p host -i RW_SHARED  
flashrom v0.9.9  : b2d845b : May 29 2019 13:27:30 UTC on Linux 4.4.180-16566-g51163f4278d1 (x86_64)
Calibrating delay loop... OK.
coreboot table found at 0x7ae6e000.
Mapping BYT IBASE at 0xfed08000, unaligned size 0x200.
Mapping BYT SBASE at 0xfed01000, unaligned size 0x200.
Block protection could not be disabled!
spi_block_erase_52 failed during command execution at address 0x0
spi_simple_write_cmd failed during command execution
spi_simple_write_cmd failed during command execution
Erasing and writing flash chip... SUCCESS
INFO: host_flashrom: Executing: flashrom -w /tmp/fwupdater.DUFLl0 -p host -i RW_LEGACY  
flashrom v0.9.9  : b2d845b : May 29 2019 13:27:30 UTC on Linux 4.4.180-16566-g51163f4278d1 (x86_64)
Calibrating delay loop... OK.
coreboot table found at 0x7ae6e000.
Mapping BYT IBASE at 0xfed08000, unaligned size 0x200.
Mapping BYT SBASE at 0xfed01000, unaligned size 0x200.
Block protection could not be disabled!
spi_block_erase_52 failed during command execution at address 0x0
spi_simple_write_cmd failed during command execution
spi_simple_write_cmd failed during command execution
Erasing and writing flash chip... SUCCESS
>> DONE: Firmware updater exits successfully.
Finished after 32 seconds.
Firmware update completed.
cr50 setup complete.
ChromeosChrootPostinst complete
Syncing filesystem at end of postinst...
------------------------------------------------------------

Installation to '/dev/mmcblk0' complete.
Please shutdown, remove the USB device, cross your fingers, and reboot.
+ local 'install_status=0'
+ '[' 0 -ne 0 ]
+ return 0
+ return 0
+ cleanup_install_mounts
+ dlog 'Unmounting /sys /proc /dev in /usb'
+ echo 'Unmounting /sys /proc /dev in /usb'
+ tee -a /run/frecon/vt1 /run/frecon/vt2
Unmounting /sys /proc /dev in /usb
+ umount /usb/sys
+ umount /usb/proc
+ umount /usb/dev
+ dlog Done.
+ echo Done.
+ tee -a /run/frecon/vt1 /run/frecon/vt2
Done.
+ umount /usb/run
+ umount /usb/tmp
+ return 0
+ stop_log_file
+ exec
[    0.000000] microcode: microcode updated early to revision 0x838, date = 2019-04-22
[    0.000000] Initializing cgroup subsys cpuset
[    0.000000] Initializing cgroup subsys cpu
[    0.000000] Initializing cgroup subsys cpuacct
[    0.000000] Linux version 4.4.180-16566-g51163f4278d1 (chrome-bot@chromeos-ci-legacy-us-east1-d-x32-6-xp9r) (Chromium OS 9.0_pre353983_p20190325-r14 clang version 9.0.0 (/var/cache/chromeos-cache/distfiles/host/egit-src/llvm-project de7a0a152648d1a74cf4319920b1848aa00d1ca3) (based on LLVM 9.0.0svn)) #2 SMP PREEMPT Tue Aug 27 19:03:41 PDT 2019
[    0.000000] Command line: cros_secure console= loglevel=7 init=/sbin/init cros_secure root=PARTUUID=a2f1b79a-e7de-cf4d-86c2-125432dc16dd/PARTNROFF=1 rootwait ro dm_verity.error_behavior=3 dm_verity.max_bios=-1 dm_verity.dev_wait=0  noinitrd panic=60 cros_recovery kern_b_hash=a3fcbf21277d8f3fcd6bf907e91de2e5d0dd855d vt.global_cursor_default=0 kern_guid=a2f1b79a-e7de-cf4d-86c2-125432dc16dd add_efi_memmap boot=local noresume noswap i915.modeset=1 tpm_tis.force=1 tpm_tis.interrupts=0 nmi_watchdog=panic,lapic   
[    0.000000] x86/fpu: Legacy x87 FPU detected.
[    0.000000] e820: BIOS-provided physical RAM map:
[    0.000000] BIOS-e820: [mem 0x0000000000000000-0x0000000000000fff] type 16
[    0.000000] BIOS-e820: [mem 0x0000000000001000-0x000000000009ffff] usable
[    0.000000] BIOS-e820: [mem 0x00000000000a0000-0x00000000000fffff] reserved
[    0.000000] BIOS-e820: [mem 0x0000000000100000-0x000000001fffffff] usable
[    0.000000] BIOS-e820: [mem 0x0000000020000000-0x00000000200fffff] reserved
[    0.000000] BIOS-e820: [mem 0x0000000020100000-0x000000007ae6dfff] usable
[    0.000000] BIOS-e820: [mem 0x000000007ae6e000-0x000000007affffff] type 16
[    0.000000] BIOS-e820: [mem 0x000000007b000000-0x000000007fffffff] reserved
[    0.000000] BIOS-e820: [mem 0x00000000e0000000-0x00000000efffffff] reserved
[    0.000000] BIOS-e820: [mem 0x00000000feb00000-0x00000000febfffff] reserved
[    0.000000] BIOS-e820: [mem 0x00000000fed01000-0x00000000fed01fff] reserved
[    0.000000] BIOS-e820: [mem 0x00000000fed03000-0x00000000fed03fff] reserved
[    0.000000] BIOS-e820: [mem 0x00000000fed05000-0x00000000fed05fff] reserved
[    0.000000] BIOS-e820: [mem 0x00000000fed08000-0x00000000fed08fff] reserved
[    0.000000] BIOS-e820: [mem 0x00000000fed0c000-0x00000000fed0ffff] reserved
[    0.000000] BIOS-e820: [mem 0x00000000fed1c000-0x00000000fed1cfff] reserved
[    0.000000] BIOS-e820: [mem 0x00000000fef00000-0x00000000feffffff] reserved
[    0.000000] BIOS-e820: [mem 0x0000000100000000-0x000000017fffffff] usable
[    0.000000] NX (Execute Disable) protection: active
[    0.000000] SMBIOS 2.7 present.
[    0.000000] DMI: GOOGLE Glimmer, BIOS Google_Glimmer.5216.198.11 10/24/2014
[    0.000000] e820: update [mem 0x00000000-0x00000fff] usable ==> reserved
[    0.000000] e820: remove [mem 0x000a0000-0x000fffff] usable
[    0.000000] e820: last_pfn = 0x180000 max_arch_pfn = 0x400000000
[    0.000000] MTRR default type: uncachable
[    0.000000] MTRR fixed ranges enabled:
[    0.000000]   00000-9FFFF write-back
[    0.000000]   A0000-BFFFF uncachable
[    0.000000]   C0000-FFFFF write-back
[    0.000000] MTRR variable ranges enabled:
[    0.000000]   0 base 000000000 mask FC0000000 write-back
[    0.000000]   1 base 040000000 mask FE0000000 write-back
[    0.000000]   2 base 060000000 mask FF0000000 write-back
[    0.000000]   3 base 070000000 mask FF8000000 write-back
[    0.000000]   4 base 078000000 mask FFC000000 write-back
[    0.000000]   5 base 07B800000 mask FFF800000 uncachable
[    0.000000]   6 base 0FF800000 mask FFF800000 uncachable
[    0.000000]   7 base 100000000 mask F00000000 write-back
[    0.000000] x86/PAT: Configuration [0-7]: WB  WC  UC- UC  WB  WC  UC- WT  
[    0.000000] e820: update [mem 0x7b800000-0xffffffff] usable ==> reserved
[    0.000000] e820: last_pfn = 0x7ae6e max_arch_pfn = 0x400000000
[    0.000000] Scanning 1 areas for low memory corruption
[    0.000000] Base memory trampoline at [ffff880000098000] 98000 size 28672
[    0.000000] BRK [0x0e548000, 0x0e548fff] PGTABLE
[    0.000000] BRK [0x0e549000, 0x0e549fff] PGTABLE
[    0.000000] BRK [0x0e54a000, 0x0e54afff] PGTABLE
[    0.000000] BRK [0x0e54b000, 0x0e54bfff] PGTABLE
[    0.000000] BRK [0x0e54c000, 0x0e54cfff] PGTABLE
[    0.000000] BRK [0x0e54d000, 0x0e54dfff] PGTABLE
[    0.000000] ACPI: Early table checksum verification disabled
[    0.000000] ACPI: RSDP 0x00000000000F0000 000024 (v02 CORE  )
[    0.000000] ACPI: XSDT 0x000000007AF780E0 00004C (v01 CORE   COREBOOT 00000000 CORE 00000000)
[    0.000000] ACPI: FACP 0x000000007AF7C720 0000F4 (v03 CORE   COREBOOT 00000000 CORE 00000001)
[    0.000000] ACPI: DSDT 0x000000007AF78250 0044CF (v05 COREv4 COREBOOT 20110725 INTL 20130117)
[    0.000000] ACPI: FACS 0x000000007AF78210 000040
[    0.000000] ACPI: FACS 0x000000007AF78210 000040
[    0.000000] ACPI: HPET 0x000000007AF7C820 000038 (v01 CORE   COREBOOT 00000000 CORE 00000000)
[    0.000000] ACPI: APIC 0x000000007AF7C860 00006C (v01 CORE   COREBOOT 00000000 CORE 00000000)
[    0.000000] ACPI: MCFG 0x000000007AF7C8D0 00003C (v01 CORE   COREBOOT 00000000 CORE 00000000)
[    0.000000] ACPI: SSDT 0x000000007AF7D9C0 000EEC (v02 CORE   COREBOOT 0000002A CORE 0000002A)
[    0.000000] ACPI: Local APIC address 0xfee00000
[    0.000000] Zone ranges:
[    0.000000]   DMA      [mem 0x0000000000001000-0x0000000000ffffff]
[    0.000000]   DMA32    [mem 0x0000000001000000-0x00000000ffffffff]
[    0.000000]   Normal   [mem 0x0000000100000000-0x000000017fffffff]
[    0.000000] Movable zone start for each node
[    0.000000] Early memory node ranges
[    0.000000]   node   0: [mem 0x0000000000001000-0x000000000009ffff]
[    0.000000]   node   0: [mem 0x0000000000100000-0x000000001fffffff]
[    0.000000]   node   0: [mem 0x0000000020100000-0x000000007ae6dfff]
[    0.000000]   node   0: [mem 0x0000000100000000-0x000000017fffffff]
[    0.000000] Initmem setup node 0 [mem 0x0000000000001000-0x000000017fffffff]
[    0.000000] On node 0 totalpages: 1027341
[    0.000000]   DMA zone: 64 pages used for memmap
[    0.000000]   DMA zone: 23 pages reserved
[    0.000000]   DMA zone: 3999 pages, LIFO batch:0
[    0.000000]   DMA32 zone: 7798 pages used for memmap
[    0.000000]   DMA32 zone: 499054 pages, LIFO batch:31
[    0.000000]   Normal zone: 8192 pages used for memmap
[    0.000000]   Normal zone: 524288 pages, LIFO batch:31
[    0.000000] x86/hpet: Will disable the HPET for this platform because it's not reliable
[    0.000000] Reserving Intel graphics stolen memory at 0x7c000000-0x7fffffff
[    0.000000] ACPI: PM-Timer IO Port: 0x408
[    0.000000] ACPI: Local APIC address 0xfee00000
[    0.000000] IOAPIC[0]: apic_id 2, version 32, address 0xfec00000, GSI 0-86
[    0.000000] ACPI: INT_SRC_OVR (bus 0 bus_irq 0 global_irq 2 dfl dfl)
[    0.000000] ACPI: INT_SRC_OVR (bus 0 bus_irq 9 global_irq 9 high level)
[    0.000000] ACPI: IRQ0 used by override.
[    0.000000] ACPI: IRQ9 used by override.
[    0.000000] Using ACPI (MADT) for SMP configuration information
[    0.000000] ACPI: HPET id: 0x8086a201 base: 0xfed00000
[    0.000000] smpboot: Allowing 4 CPUs, 0 hotplug CPUs
[    0.000000] e820: [mem 0x80000000-0xdfffffff] available for PCI devices
[    0.000000] clocksource: refined-jiffies: mask: 0xffffffff max_cycles: 0xffffffff, max_idle_ns: 1910969940391419 ns
[    0.000000] setup_percpu: NR_CPUS:8 nr_cpumask_bits:8 nr_cpu_ids:4 nr_node_ids:1
[    0.000000] PERCPU: Embedded 32 pages/cpu @ffff88017fc00000 s93352 r8192 d29528 u524288
[    0.000000] pcpu-alloc: s93352 r8192 d29528 u524288 alloc=1*2097152
[    0.000000] pcpu-alloc: [0] 0 1 2 3 
[    0.000000] Built 1 zonelists in Zone order, mobility grouping on.  Total pages: 1011264
[    0.000000] Kernel command line: cros_secure console= loglevel=7 init=/sbin/init cros_secure root=PARTUUID=a2f1b79a-e7de-cf4d-86c2-125432dc16dd/PARTNROFF=1 rootwait ro dm_verity.error_behavior=3 dm_verity.max_bios=-1 dm_verity.dev_wait=0  noinitrd panic=60 cros_recovery kern_b_hash=a3fcbf21277d8f3fcd6bf907e91de2e5d0dd855d vt.global_cursor_default=0 kern_guid=a2f1b79a-e7de-cf4d-86c2-125432dc16dd add_efi_memmap boot=local noresume noswap i915.modeset=1 tpm_tis.force=1 tpm_tis.interrupts=0 nmi_watchdog=panic,lapic   
[    0.000000] PID hash table entries: 4096 (order: 3, 32768 bytes)
[    0.000000] Dentry cache hash table entries: 524288 (order: 10, 4194304 bytes)
[    0.000000] Inode-cache hash table entries: 262144 (order: 9, 2097152 bytes)
[    0.000000] Memory: 3949000K/4109364K available (8351K kernel code, 1023K rwdata, 2964K rodata, 5472K init, 924K bss, 160364K reserved, 0K cma-reserved)
[    0.000000] SLUB: HWalign=64, Order=0-3, MinObjects=0, CPUs=4, Nodes=1
[    0.000000] Kernel/User page tables isolation: enabled
[    0.000000] Preemptible hierarchical RCU implementation.
[    0.000000] 	Build-time adjustment of leaf fanout to 64.
[    0.000000] 	RCU restricting CPUs from NR_CPUS=8 to nr_cpu_ids=4.
[    0.000000] RCU: Adjusting geometry for rcu_fanout_leaf=64, nr_cpu_ids=4
[    0.000000] NR_IRQS:4352 nr_irqs:1024 16
[    0.000000] Maximum core-clock to bus-clock ratio: 0x16
[    0.000000] Resolved frequency ID: 0, frequency: 83200 KHz
[    0.000000] TSC runs at 1830400 KHz
[    0.000000] lapic_timer_frequency = 83200
[    0.000000] tsc: Initial usec timer 248417785
[    0.000000] tsc: Detected 1830.400 MHz processor
[    0.000004] Calibrating delay loop (skipped), value calculated using timer frequency.. 3660.80 BogoMIPS (lpj=1830400)
[    0.000010] pid_max: default: 32768 minimum: 301
[    0.000022] ACPI: Core revision 20150930
[    0.007887] ACPI: 2 ACPI AML tables successfully acquired and loaded
[    0.007928] Security Framework initialized
[    0.007934] Yama: becoming mindful.
[    0.007942] Chromium OS LSM: enabled
[    0.007946] SELinux:  Initializing.
[    0.007961] SELinux:  Starting in permissive mode
[    0.007986] Mount-cache hash table entries: 8192 (order: 4, 65536 bytes)
[    0.007991] Mountpoint-cache hash table entries: 8192 (order: 4, 65536 bytes)
[    0.008348] Initializing cgroup subsys devices
[    0.008357] Initializing cgroup subsys freezer
[    0.008381] CPU: Physical Processor ID: 0
[    0.008385] CPU: Processor Core ID: 0
[    0.008390] ENERGY_PERF_BIAS: Set to 'normal', was 'performance'
[    0.008393] ENERGY_PERF_BIAS: View and update with x86_energy_perf_policy(8)
[    0.008398] Disabling VMX on cpu 0
[    0.013178] mce: CPU supports 6 MCE banks
[    0.013192] CPU0: Thermal monitoring enabled (TM1)
[    0.013199] process: using mwait in idle threads
[    0.013205] Last level iTLB entries: 4KB 48, 2MB 0, 4MB 0
[    0.013209] Last level dTLB entries: 4KB 128, 2MB 16, 4MB 16, 1GB 0
[    0.013219] Spectre V2 : Mitigation: Full generic retpoline
[    0.013222] Spectre V2 : Spectre v2 / SpectreRSB mitigation: Filling RSB on context switch
[    0.013225] Spectre V2 : Enabling Restricted Speculation for firmware calls
[    0.013231] Spectre V2 : mitigation: Enabling conditional Indirect Branch Prediction Barrier
[    0.013235] Spectre V2 : User space: Mitigation: STIBP via seccomp and prctl
[    0.013238] MDS: Mitigation: Clear CPU buffers
[    0.013767] Freeing SMP alternatives memory: 28K
[    0.015048] ftrace: allocating 32741 entries in 128 pages
[    0.052087] ..TIMER: vector=0x30 apic1=0 pin1=2 apic2=-1 pin2=-1
[    0.062116] TSC deadline timer enabled
[    0.062122] smpboot: CPU0: Intel(R) Celeron(R) CPU  N2940  @ 1.83GHz (family: 0x6, model: 0x37, stepping: 0x8)
[    0.062163] Performance Events: PEBS fmt2+, 8-deep LBR, Silvermont events, full-width counters, Intel PMU driver.
[    0.062180] ... version:                3
[    0.062184] ... bit width:              40
[    0.062186] ... generic registers:      2
[    0.062189] ... value mask:             000000ffffffffff
[    0.062192] ... max period:             0000007fffffffff
[    0.062195] ... fixed-purpose events:   3
[    0.062198] ... event mask:             0000000700000003
[    0.071225] x86: Booting SMP configuration:
[    0.071231] .... node  #0, CPUs:      #1
[    0.071376] Disabling VMX on cpu 1
[    0.078387] NMI watchdog: enabled on all CPUs, permanently consumes one hw-PMU counter.
[    0.081240]  #2
[    0.083562] Disabling VMX on cpu 2
[    0.093427]  #3<6>[    0.093502] Disabling VMX on cpu 3
[    0.100360] x86: Booted up 1 node, 4 CPUs
[    0.100367] smpboot: Total of 4 processors activated (14643.20 BogoMIPS)
[    0.100930] CPU3: update max cpu_capacity 1024
[    0.101385] devtmpfs: initialized
[    0.102369] CPU3: update max cpu_capacity 1024
[    0.102499] clocksource: jiffies: mask: 0xffffffff max_cycles: 0xffffffff, max_idle_ns: 1911260446275000 ns
[    0.102514] futex hash table entries: 1024 (order: 4, 65536 bytes)
[    0.102725] pinctrl core: initialized pinctrl subsystem
[    0.102810] RTC time: 10:34:00, date: 02/22/21
[    0.103126] NET: Registered protocol family 16
[    0.108383] cpuidle: using governor ladder
[    0.112402] cpuidle: using governor menu
[    0.112753] clocksource: Switched to clocksource refined-jiffies
[    0.112763] ACPI: bus type PCI registered
[    0.112891] PCI: MMCONFIG for domain 0000 [bus 00-ff] at [mem 0xe0000000-0xefffffff] (base 0xe0000000)
[    0.112897] PCI: MMCONFIG at [mem 0xe0000000-0xefffffff] reserved in E820
[    0.112937] PCI: Using configuration type 1 for base access
[    0.123268] ACPI: Added _OSI(Module Device)
[    0.123275] ACPI: Added _OSI(Processor Device)
[    0.123279] ACPI: Added _OSI(3.0 _SCP Extensions)
[    0.123282] ACPI: Added _OSI(Processor Aggregator Device)
[    0.132483] ACPI : EC: EC started
[    0.132696] ACPI: Interpreter enabled
[    0.132727] ACPI: (supports S0 S3 S5)
[    0.132731] ACPI: Using IOAPIC for interrupt routing
[    0.132786] PCI: Using host bridge windows from ACPI; if necessary, use "pci=nocrs" and report a bug
[    0.142883] ACPI: Power Resource [PLPE] (on)
[    0.145556] ACPI: PCI Root Bridge [PCI0] (domain 0000 [bus 00-ff])
[    0.145570] acpi PNP0A08:00: _OSC: OS supports [ExtendedConfig ASPM ClockPM Segments MSI]
[    0.145710] acpi PNP0A08:00: _OSC: OS now controls [PCIeHotplug PME AER PCIeCapability]
[    0.145839] acpi PNP0A08:00: host bridge window expanded to [mem 0x00000000-0xfeafffff window]; [mem 0x00000000-0xfeafffff window] ignored
[    0.145939] PCI host bridge to bus 0000:00
[    0.145947] pci_bus 0000:00: root bus resource [io  0x0000-0x0cf7 window]
[    0.145952] pci_bus 0000:00: root bus resource [io  0x0d00-0xffff window]
[    0.145957] pci_bus 0000:00: root bus resource [mem 0x00000000-0xfeafffff window]
[    0.145963] pci_bus 0000:00: root bus resource [mem 0x000c0000-0x000c3fff window]
[    0.145968] pci_bus 0000:00: root bus resource [mem 0x000c4000-0x000c7fff window]
[    0.145973] pci_bus 0000:00: root bus resource [mem 0x000c8000-0x000cbfff window]
[    0.145978] pci_bus 0000:00: root bus resource [mem 0x000cc000-0x000cffff window]
[    0.145983] pci_bus 0000:00: root bus resource [mem 0x000d0000-0x000d3fff window]
[    0.145989] pci_bus 0000:00: root bus resource [mem 0x000d4000-0x000d7fff window]
[    0.145994] pci_bus 0000:00: root bus resource [mem 0x000d8000-0x000dbfff window]
[    0.145999] pci_bus 0000:00: root bus resource [mem 0x000dc000-0x000dffff window]
[    0.146004] pci_bus 0000:00: root bus resource [mem 0x000e0000-0x000e3fff window]
[    0.146009] pci_bus 0000:00: root bus resource [mem 0x000e4000-0x000e7fff window]
[    0.146014] pci_bus 0000:00: root bus resource [mem 0x000e8000-0x000ebfff window]
[    0.146019] pci_bus 0000:00: root bus resource [mem 0x000ec000-0x000effff window]
[    0.146024] pci_bus 0000:00: root bus resource [mem 0x000f0000-0x000fffff window]
[    0.146030] pci_bus 0000:00: root bus resource [mem 0xfed40000-0xfed44fff window]
[    0.146035] pci_bus 0000:00: root bus resource [bus 00-ff]
[    0.146052] pci 0000:00:00.0: [8086:0f00] type 00 class 0x060000
[    0.146215] pci 0000:00:02.0: [8086:0f31] type 00 class 0x030000
[    0.146241] pci 0000:00:02.0: reg 0x10: [mem 0xd0000000-0xd03fffff]
[    0.146257] pci 0000:00:02.0: reg 0x18: [mem 0xc0000000-0xcfffffff pref]
[    0.146273] pci 0000:00:02.0: reg 0x20: [io  0x1000-0x1007]
[    0.146435] pci 0000:00:14.0: [8086:0f35] type 00 class 0x0c0330
[    0.146469] pci 0000:00:14.0: reg 0x10: [mem 0xd0900000-0xd090ffff 64bit]
[    0.146536] pci 0000:00:14.0: PME# supported from D3hot D3cold
[    0.146591] pci 0000:00:14.0: System wakeup disabled by ACPI
[    0.146717] pci 0000:00:1a.0: [8086:0f18] type 00 class 0x108000
[    0.146764] pci 0000:00:1a.0: reg 0x10: [mem 0xd0600000-0xd06fffff]
[    0.146782] pci 0000:00:1a.0: reg 0x14: [mem 0xd0700000-0xd07fffff]
[    0.146887] pci 0000:00:1a.0: PME# supported from D0 D3hot
[    0.147022] pci 0000:00:1b.0: [8086:0f04] type 00 class 0x040300
[    0.147062] pci 0000:00:1b.0: reg 0x10: [mem 0xd0914000-0xd0917fff 64bit]
[    0.147138] pci 0000:00:1b.0: PME# supported from D0 D3hot D3cold
[    0.147266] pci 0000:00:1c.0: [8086:0f48] type 01 class 0x060400
[    0.147346] pci 0000:00:1c.0: PME# supported from D0 D3hot D3cold
[    0.147498] pci 0000:00:1f.0: [8086:0f1c] type 00 class 0x060100
[    0.147830] pci 0000:01:00.0: [8086:08b2] type 00 class 0x028000
[    0.147912] pci 0000:01:00.0: reg 0x10: [mem 0xd0800000-0xd0801fff 64bit]
[    0.148115] pci 0000:01:00.0: PME# supported from D0 D3hot D3cold
[    0.149775] pci 0000:00:1c.0: PCI bridge to [bus 01]
[    0.149786] pci 0000:00:1c.0:   bridge window [mem 0xd0800000-0xd08fffff]
[    0.149802] pci_bus 0000:00: on NUMA node 0
[    0.150117] ACPI: PCI Interrupt Link [LNKA] (IRQs 1 3 4 5 6 7 10 12 14 15) *0
[    0.150280] ACPI: PCI Interrupt Link [LNKB] (IRQs 1 3 4 5 6 7 11 12 14 15) *0
[    0.150436] ACPI: PCI Interrupt Link [LNKC] (IRQs 1 3 4 5 6 7 10 12 14 15) *0
[    0.150591] ACPI: PCI Interrupt Link [LNKD] (IRQs 1 3 4 5 6 7 11 12 14 15) *0
[    0.150755] ACPI: PCI Interrupt Link [LNKE] (IRQs 1 3 4 5 6 7 10 12 14 15) *0
[    0.150911] ACPI: PCI Interrupt Link [LNKF] (IRQs 1 3 4 5 6 7 11 12 14 15) *0
[    0.151065] ACPI: PCI Interrupt Link [LNKG] (IRQs 1 3 4 5 6 7 10 12 14 15) *0
[    0.151221] ACPI: PCI Interrupt Link [LNKH] (IRQs 1 3 4 5 6 7 11 12 14 15) *0
[    0.152042] gpiochip_find_base: found new base at 410
[    0.152108] gpiochip_add_data: registered GPIOs 410 to 511 on device: INT33FC:00
[    0.152887] gpiochip_find_base: found new base at 382
[    0.152950] gpiochip_add_data: registered GPIOs 382 to 409 on device: INT33FC:01
[    0.153287] gpiochip_find_base: found new base at 338
[    0.153352] gpiochip_add_data: registered GPIOs 338 to 381 on device: INT33FC:02
[    0.158520] ACPI : EC: GPE = 0x18, I/O: command/status = 0x66, data = 0x62
[    0.158654] dw_dmac INTL9C60:00: Missing DT data
[    0.159067] dw_dmac INTL9C60:00: DesignWare DMA Controller, 8 channels
[    0.159103] dw_dmac INTL9C60:01: Missing DT data
[    0.159479] dw_dmac INTL9C60:01: DesignWare DMA Controller, 8 channels
[    0.159733] SCSI subsystem initialized
[    0.159863] libata version 3.00 loaded.
[    0.159976] ACPI: bus type USB registered
[    0.160032] usbcore: registered new interface driver usbfs
[    0.160060] usbcore: registered new interface driver hub
[    0.160110] usbcore: registered new device driver usb
[    0.184515] media: Linux media interface: v0.10
[    0.184548] Linux video capture interface: v2.00
[    0.184895] chromeos_acpi: registering CHSW 0
[    0.185299] chromeos_acpi: registering VBNV 0
[    0.185307] chromeos_acpi: registering VBNV 1
[    0.185811] chromeos_acpi: truncating buffer from 3072 to 1336
[    0.186199] chromeos_acpi: installed
[    0.186203] chromeos_acpi: chromeos_acpi: enabling S3 USB wake
[    0.186305] Advanced Linux Sound Architecture Driver Initialized.
[    0.186313] PCI: Using ACPI for IRQ routing
[    0.192993] PCI: pci_cache_line_size set to 64 bytes
[    0.193048] e820: reserve RAM buffer [mem 0x7ae6e000-0x7bffffff]
[    0.193768] amd_nb: Cannot enumerate AMD northbridges
[    0.217173] pnp: PnP ACPI init
[    0.217385] system 00:00: [mem 0xfeb00000-0xfebfffff] has been reserved
[    0.217398] system 00:00: [mem 0xe0000000-0xefffffff] could not be reserved
[    0.217405] system 00:00: [mem 0xfed03000-0xfed033ff] has been reserved
[    0.217411] system 00:00: [mem 0xfed08000-0xfed083ff] has been reserved
[    0.217416] system 00:00: [mem 0xfed01000-0xfed013ff] has been reserved
[    0.217422] system 00:00: [mem 0xfef00000-0xfeffffff] has been reserved
[    0.217428] system 00:00: [mem 0xfed05000-0xfed057ff] has been reserved
[    0.217434] system 00:00: [mem 0xfed1c000-0xfed1c3ff] has been reserved
[    0.217446] system 00:00: Plug and Play ACPI device, IDs PNP0c02 (active)
[    0.217905] system 00:01: [mem 0xfed00000-0xfed003ff] has been reserved
[    0.217917] system 00:01: Plug and Play ACPI device, IDs PNP0103 PNP0c01 (active)
[    0.218051] system 00:02: Plug and Play ACPI device, IDs PNP0c02 (active)
[    0.218125] pnp 00:03: Plug and Play ACPI device, IDs PNP0b00 (active)
[    0.218251] system 00:04: [io  0x0900-0x09fe] has been reserved
[    0.218262] system 00:04: Plug and Play ACPI device, IDs PNP0c02 (active)
[    0.218375] system 00:05: [io  0x0200] has been reserved
[    0.218382] system 00:05: [io  0x0204] has been reserved
[    0.218388] system 00:05: [io  0x0800-0x087f] has been reserved
[    0.218394] system 00:05: [io  0x0880-0x08ff] has been reserved
[    0.218404] system 00:05: Plug and Play ACPI device, IDs PNP0c02 (active)
[    0.218519] pnp 00:06: Plug and Play ACPI device, IDs PNP0303 PNP030b (active)
[    0.218656] pnp 00:07: Plug and Play ACPI device, IDs IFX0102 PNP0c31 (active)
[    0.219711] pnp: PnP ACPI: found 8 devices
[    0.225196] clocksource: acpi_pm: mask: 0xffffff max_cycles: 0xffffff, max_idle_ns: 2085701024 ns
[    0.225230] clocksource: Switched to clocksource acpi_pm
[    0.225369] pci 0000:00:1c.0: PCI bridge to [bus 01]
[    0.225380] pci 0000:00:1c.0:   bridge window [mem 0xd0800000-0xd08fffff]
[    0.225392] pci_bus 0000:00: resource 4 [io  0x0000-0x0cf7 window]
[    0.225397] pci_bus 0000:00: resource 5 [io  0x0d00-0xffff window]
[    0.225402] pci_bus 0000:00: resource 6 [mem 0x00000000-0xfeafffff window]
[    0.225408] pci_bus 0000:00: resource 7 [mem 0x000c0000-0x000c3fff window]
[    0.225413] pci_bus 0000:00: resource 8 [mem 0x000c4000-0x000c7fff window]
[    0.225418] pci_bus 0000:00: resource 9 [mem 0x000c8000-0x000cbfff window]
[    0.225423] pci_bus 0000:00: resource 10 [mem 0x000cc000-0x000cffff window]
[    0.225428] pci_bus 0000:00: resource 11 [mem 0x000d0000-0x000d3fff window]
[    0.225433] pci_bus 0000:00: resource 12 [mem 0x000d4000-0x000d7fff window]
[    0.225439] pci_bus 0000:00: resource 13 [mem 0x000d8000-0x000dbfff window]
[    0.225444] pci_bus 0000:00: resource 14 [mem 0x000dc000-0x000dffff window]
[    0.225449] pci_bus 0000:00: resource 15 [mem 0x000e0000-0x000e3fff window]
[    0.225454] pci_bus 0000:00: resource 16 [mem 0x000e4000-0x000e7fff window]
[    0.225459] pci_bus 0000:00: resource 17 [mem 0x000e8000-0x000ebfff window]
[    0.225464] pci_bus 0000:00: resource 18 [mem 0x000ec000-0x000effff window]
[    0.225469] pci_bus 0000:00: resource 19 [mem 0x000f0000-0x000fffff window]
[    0.225474] pci_bus 0000:00: resource 20 [mem 0xfed40000-0xfed44fff window]
[    0.225480] pci_bus 0000:01: resource 1 [mem 0xd0800000-0xd08fffff]
[    0.225541] NET: Registered protocol family 2
[    0.225838] TCP established hash table entries: 32768 (order: 6, 262144 bytes)
[    0.225946] TCP bind hash table entries: 32768 (order: 8, 1048576 bytes)
[    0.226329] TCP: Hash tables configured (established 32768 bind 32768)
[    0.226403] UDP hash table entries: 2048 (order: 5, 196608 bytes)
[    0.226470] UDP-Lite hash table entries: 2048 (order: 5, 196608 bytes)
[    0.226658] NET: Registered protocol family 1
[    0.226698] pci 0000:00:02.0: Video device with shadowed ROM
[    0.228048] PCI: CLS 64 bytes, default 64
[    1.307967] PCI-DMA: Using software bounce buffering for IO (SWIOTLB)
[    1.308013] software IO TLB: mapped [mem 0x76e6e000-0x7ae6e000] (64MB)
[    1.309379] Scanning for low memory corruption every 60 seconds
[    1.310263] audit: initializing netlink subsys (disabled)
[    1.310302] audit: type=2000 audit(1613990041.246:1): initialized
[    1.315488] VFS: Disk quotas dquot_6.6.0
[    1.315586] VFS: Dquot-cache hash table entries: 512 (order 0, 4096 bytes)
[    1.316419] squashfs: version 4.0 (2009/01/31) Phillip Lougher
[    1.316891] Registering esdfs 0.2
[    1.317061] device_jail: allocated device range 261095424 -> 261095680
[    1.317301] alt_syscall: table 'read_write_test' available.
[    1.317325] alt_syscall: table 'android' available.
[    1.317346] alt_syscall: table 'android_permissive' available.
[    1.317366] alt_syscall: table 'third_party' available.
[    1.317383] alt_syscall: table 'third_party_permissive' available.
[    1.317399] alt_syscall: table 'complete' available.
[    1.317415] alt_syscall: table 'complete_permissive' available.
[    1.317422] SELinux:  Registering netfilter hooks
[    1.320779] Block layer SCSI generic (bsg) driver version 0.4 loaded (major 248)
[    1.320789] io scheduler noop registered
[    1.320796] io scheduler deadline registered
[    1.320929] io scheduler cfq registered (default)
[    1.322152] aer 0000:00:1c.0:pcie02: service driver aer loaded
[    1.322198] pcieport 0000:00:1c.0: Signaling PME through PCIe PME interrupt
[    1.322204] pci 0000:01:00.0: Signaling PME through PCIe PME interrupt
[    1.322211] pcie_pme 0000:00:1c.0:pcie01: service driver pcie_pme loaded
[    1.322231] pci_hotplug: PCI Hot Plug PCI Core version: 0.5
[    1.322252] pciehp: PCI Express Hot Plug Controller Driver version: 0.4
[    1.322287] intel_idle: MWAIT substates: 0x33000020
[    1.322291] intel_idle: v0.4.1 model 0x37
[    1.322707] intel_idle: lapic_timer_reliable_states 0xffffffff
[    1.322859] ACPI: AC Adapter [AC] (off-line)
[    1.323091] input: Lid Switch as /devices/LNXSYSTM:00/LNXSYBUS:00/PNP0C0D:00/input/input0
[    1.323181] ACPI: Lid Switch [LID0]
[    1.323290] input: Power Button as /devices/LNXSYSTM:00/LNXSYBUS:00/PNP0C0C:00/input/input1
[    1.323295] ACPI: Power Button [PWRB]
[    1.323400] input: Sleep Button as /devices/LNXSYSTM:00/LNXSYBUS:00/PNP0C0E:00/input/input2
[    1.323405] ACPI: Sleep Button [TPAD]
[    1.323510] input: Sleep Button as /devices/LNXSYSTM:00/LNXSYBUS:00/PNP0C0E:01/input/input3
[    1.323515] ACPI: Sleep Button [TSCR]
[    1.323621] input: Power Button as /devices/LNXSYSTM:00/LNXPWRBN:00/input/input4
[    1.323626] ACPI: Power Button [PWRF]
[    1.326073] hpet_acpi_add: no address or irqs in _CRS
[    1.326464] ACPI: Battery Slot [BAT0] (battery present)
[    1.326499] Non-volatile memory driver v1.3
[    1.326735] Linux agpgart interface v0.103
[    1.356556] tpm_tis tpm_tis: 1.2 TPM (device-id 0xB, rev-id 16)
[    1.561379] tpm_tis 00:07: can't request region for resource [mem 0xfed40000-0xfed44fff]
[    1.561414] tpm_tis: probe of 00:07 failed with error -16
[    1.561525] [drm] Initialized drm 1.1.0 20060810
[    1.565502] [drm] Memory usable by graphics device = 2048M
[    1.565638] [drm] Supports vblank timestamp caching Rev 2 (21.10.2013).
[    1.565642] [drm] Driver supports precise vblank timestamp query.
[    1.614652] [drm] Use max GFX freq on quad-core Baytrail due to crbug.com/719040
[    1.619081] [drm] Initialized i915 1.6.0 20160411 for 0000:00:02.0 on minor 0
[    1.619902] [drm] Initialized vgem 1.0.0 20120112 on minor 1
[    1.619948] usbcore: registered new interface driver udl
[    1.635341] loop: module loaded
[    1.635369] lkdtm: No crash points registered, enable through debugfs
[    1.637387] PPP generic driver version 2.4.2
[    1.637722] PPP MPPE Compression module registered
[    1.637729] NET: Registered protocol family 24
[    1.638094] ehci_hcd: USB 2.0 'Enhanced' Host Controller (EHCI) Driver
[    1.638101] ehci-pci: EHCI PCI platform driver
[    1.638132] ohci_hcd: USB 1.1 'Open' Host Controller (OHCI) Driver
[    1.638144] ohci-pci: OHCI PCI platform driver
[    1.638175] uhci_hcd: USB Universal Host Controller Interface driver
[    1.638928] xhci_hcd 0000:00:14.0: xHCI Host Controller
[    1.639286] xhci_hcd 0000:00:14.0: new USB bus registered, assigned bus number 1
[    1.640392] xhci_hcd 0000:00:14.0: hcc params 0x200077c1 hci version 0x100 quirks 0x00009810
[    1.640402] xhci_hcd 0000:00:14.0: cache line size of 64 is not supported
[    1.640602] usb usb1: New USB device found, idVendor=1d6b, idProduct=0002, bcdDevice= 4.04
[    1.640609] usb usb1: New USB device strings: Mfr=3, Product=2, SerialNumber=1
[    1.640614] usb usb1: Product: xHCI Host Controller
[    1.640619] usb usb1: Manufacturer: Linux 4.4.180-16566-g51163f4278d1 xhci-hcd
[    1.640623] usb usb1: SerialNumber: 0000:00:14.0
[    1.641297] hub 1-0:1.0: USB hub found
[    1.641322] hub 1-0:1.0: 6 ports detected
[    1.641889] xhci_hcd 0000:00:14.0: xHCI Host Controller
[    1.642194] xhci_hcd 0000:00:14.0: new USB bus registered, assigned bus number 2
[    1.642312] usb usb2: New USB device found, idVendor=1d6b, idProduct=0003, bcdDevice= 4.04
[    1.642319] usb usb2: New USB device strings: Mfr=3, Product=2, SerialNumber=1
[    1.642324] usb usb2: Product: xHCI Host Controller
[    1.642328] usb usb2: Manufacturer: Linux 4.4.180-16566-g51163f4278d1 xhci-hcd
[    1.642333] usb usb2: SerialNumber: 0000:00:14.0
[    1.642770] hub 2-0:1.0: USB hub found
[    1.642792] hub 2-0:1.0: 1 port detected
[    1.643061] usbcore: registered new interface driver cdc_acm
[    1.643065] cdc_acm: USB Abstract Control Model driver for USB modems and ISDN adapters
[    1.643092] usbcore: registered new interface driver uas
[    1.643140] usbcore: registered new interface driver usb-storage
[    1.643170] usbcore: registered new interface driver ums-realtek
[    1.643222] usbcore: registered new interface driver usbserial
[    1.643243] usbcore: registered new interface driver usbserial_generic
[    1.643260] usbserial: USB Serial support registered for generic
[    1.643332] i8042: PNP: PS/2 Controller [PNP0303:PS2K] at 0x60,0x64 irq 53
[    1.643336] i8042: PNP: PS/2 appears to have AUX port disabled, if this is incorrect please boot with i8042.nopnp
[    1.643865] i8042: Warning: Keylock active
[    1.644014] serio: i8042 KBD port at 0x60,0x64 irq 53
[    1.646971] rtc_cmos 00:03: RTC can wake from S4
[    1.647562] rtc_cmos 00:03: rtc core: registered rtc_cmos as rtc0
[    1.647595] rtc_cmos 00:03: alarms up to one month, 242 bytes nvram
[    1.647655] i2c /dev entries driver
[    1.648203] input: AT Translated Set 2 keyboard as /devices/platform/i8042/serio0/input/input5
[    1.650995] intel_soc_dts_thermal: request_threaded_irq ret -22
[    1.654506] iTCO_wdt: Intel TCO WatchDog Timer Driver v1.11
[    1.654587] iTCO_wdt: Found a Bay Trail SoC TCO device (Version=3, TCOBASE=0x0460)
[    1.655086] iTCO_wdt: initialized. heartbeat=30 sec (nowayout=0)
[    1.655108] iTCO_vendor_support: vendor-support=0
[    1.655685] device-mapper: ioctl: 4.34.0-ioctl (2015-10-28) initialised: dm-devel@redhat.com
[    1.656276] device-mapper: verity-chromeos: dm-verity-chromeos registered
[    1.656303] Intel P-state driver initializing.
[    1.657146] sdhci: Secure Digital Host Controller Interface driver
[    1.657162] sdhci: Copyright(c) Pierre Ossman
[    1.657794] sdhci-acpi 80860F14:00: No vmmc regulator found
[    1.657815] sdhci-acpi 80860F14:00: No vqmmc regulator found
[    1.660867] mmc0: SDHCI controller on ACPI [80860F14:00] using ADMA
[    1.661262] sdhci-acpi 80860F16:00: GPIO lookup for consumer 80860F16:00 cd
[    1.661284] sdhci-acpi 80860F16:00: using ACPI for GPIO lookup
[    1.661304] acpi 80860F16:00: GPIO: looking up 80860F16:00 cd-gpios
[    1.661324] acpi 80860F16:00: GPIO: looking up 80860F16:00 cd-gpio
[    1.661341] acpi 80860F16:00: GPIO: looking up 0 in _CRS
[    1.661603] sdhci-acpi 80860F16:00: using lookup tables for GPIO lookup
[    1.661625] sdhci-acpi 80860F16:00: lookup for GPIO 80860F16:00 cd failed
[    1.661643] sdhci-acpi 80860F16:00: failed to setup card detect gpio
[    1.661677] sdhci-acpi 80860F16:00: No vmmc regulator found
[    1.661694] sdhci-acpi 80860F16:00: No vqmmc regulator found
[    1.665029] mmc1: SDHCI controller on ACPI [80860F16:00] using ADMA
[    1.667393] gsmi version 1.0 loaded
[    1.668434] hidraw: raw HID events driver (C) Jiri Kosina
[    1.669727] usbcore: registered new interface driver usbhid
[    1.669743] usbhid: USB HID core driver
[    1.670367] ashmem: initialized
[    1.670725] intel_telemetry_core Init
[    1.670753] intel_telemetry: version 1.0.0 loaded
[    1.671012] chromeos ramoops using acpi device.
[    1.671337] pstore: using zlib compression
[    1.674725] console [pstore-1] enabled
[    1.674744] pstore: Registered ramoops as persistent store backend
[    1.674762] ramoops: attached 0x100000@0x7ae77000, ecc: 0/0
[    1.678748] cros_ec_lpcs cros_ec_lpcs.0: MKBP not supported
[    1.679917] cros-ec-ctl cros-ec-ctl.1.auto: cannot get EC features: 0/1
[    1.679936] cros-ec-ctl cros-ec-ctl.1.auto: EC does not have accelerometers.
[    1.681775] cros-ec-ctl cros-ec-ctl.1.auto: device does not support reading the console log
[    1.682445] cros_ec_lpcs cros_ec_lpcs.0: Chrome EC device registered
[    1.683073] intel_rapl: Found RAPL domain package
[    1.683097] intel_rapl: Found RAPL domain core
[    1.687357] GACT probability NOT on
[    1.687373] Netfilter messages via NETLINK v0.30.
[    1.687433] nf_conntrack version 0.5.0 (16384 buckets, 65536 max)
[    1.687725] ctnetlink v0.93: registering with nfnetlink.
[    1.688520] ip_tables: (C) 2000-2006 Netfilter Core Team
[    1.688753] Initializing XFRM netlink socket
[    1.689250] NET: Registered protocol family 10
[    1.691188] ip6_tables: (C) 2000-2006 Netfilter Core Team
[    1.691347] NET: Registered protocol family 17
[    1.691373] NET: Registered protocol family 15
[    1.692892] microcode: CPU0 sig=0x30678, pf=0x8, revision=0x838
[    1.693170] microcode: CPU1 sig=0x30678, pf=0x8, revision=0x838
[    1.693295] microcode: CPU2 sig=0x30678, pf=0x8, revision=0x838
[    1.693313] microcode: CPU3 sig=0x30678, pf=0x8, revision=0x838
[    1.693458] microcode: Microcode Update Driver: v2.01 <tigran@aivazian.fsnet.co.uk>, Peter Oruba
[    1.694283] registered taskstats version 1
[    1.699668] Key type encrypted registered
[    1.756733]   Magic number: 9:716:578
[    1.757127] ALSA device list:
[    1.757133]   No soundcards found.
[    1.757191] Warning: unable to open an initial console.
[    1.773432] elan_i2c i2c-ELAN0000:00: Elan Touchpad: Module ID: 0x003d, Firmware: 0x0004, Sample: 0x0004, IAP: 0x0003
[    1.774382] input: Elan Touchpad as /devices/platform/80860F41:00/i2c-0/i2c-ELAN0000:00/input/input6
[    1.775788] atmel_mxt_ts i2c-ATML0000:00: GPIO lookup for consumer atmel,reset
[    1.775796] atmel_mxt_ts i2c-ATML0000:00: using ACPI for GPIO lookup
[    1.775803] acpi ATML0000:00: GPIO: looking up atmel,reset-gpios
[    1.775809] acpi ATML0000:00: GPIO: looking up atmel,reset-gpio
[    1.775814] acpi ATML0000:00: GPIO: looking up 0 in _CRS
[    1.775842] atmel_mxt_ts i2c-ATML0000:00: using lookup tables for GPIO lookup
[    1.775848] atmel_mxt_ts i2c-ATML0000:00: lookup for GPIO atmel,reset failed
[    1.776320] atmel_mxt_ts i2c-ATML0000:01: GPIO lookup for consumer atmel,reset
[    1.776331] atmel_mxt_ts i2c-ATML0000:01: using ACPI for GPIO lookup
[    1.776341] acpi ATML0000:01: GPIO: looking up atmel,reset-gpios
[    1.776352] acpi ATML0000:01: GPIO: looking up atmel,reset-gpio
[    1.776361] acpi ATML0000:01: GPIO: looking up 0 in _CRS
[    1.776394] atmel_mxt_ts i2c-ATML0000:01: using lookup tables for GPIO lookup
[    1.776405] atmel_mxt_ts i2c-ATML0000:01: lookup for GPIO atmel,reset failed
[    1.776872] atmel_mxt_ts i2c-ATML0001:00: GPIO lookup for consumer atmel,reset
[    1.776892] atmel_mxt_ts i2c-ATML0001:00: using ACPI for GPIO lookup
[    1.776911] acpi ATML0001:00: GPIO: looking up atmel,reset-gpios
[    1.776930] acpi ATML0001:00: GPIO: looking up atmel,reset-gpio
[    1.776948] acpi ATML0001:00: GPIO: looking up 0 in _CRS
[    1.777007] atmel_mxt_ts i2c-ATML0001:00: using lookup tables for GPIO lookup
[    1.777027] atmel_mxt_ts i2c-ATML0001:00: lookup for GPIO atmel,reset failed
[    1.780442] random: nonblocking pool is initialized
[    1.788705] atmel_mxt_ts i2c-ATML0001:01: GPIO lookup for consumer atmel,reset
[    1.788716] atmel_mxt_ts i2c-ATML0001:01: using ACPI for GPIO lookup
[    1.788726] acpi ATML0001:01: GPIO: looking up atmel,reset-gpios
[    1.788736] acpi ATML0001:01: GPIO: looking up atmel,reset-gpio
[    1.788771] acpi ATML0001:01: GPIO: looking up 0 in _CRS
[    1.788811] atmel_mxt_ts i2c-ATML0001:01: using lookup tables for GPIO lookup
[    1.788821] atmel_mxt_ts i2c-ATML0001:01: lookup for GPIO atmel,reset failed
[    1.794683] Freeing unused kernel memory: 5472K
[    1.794695] Write protecting the kernel read-only data: 14336k
[    1.797653] Freeing unused kernel memory: 1876K
[    1.804108] Freeing unused kernel memory: 1132K
[    1.888585] mmc0: new HS200 MMC card at address 0001
[    1.889942] mmcblk0: mmc0:0001 SEM16G 14.7 GiB 
[    1.890642] mmcblk0boot0: mmc0:0001 SEM16G partition 1 4.00 MiB
[    1.890850] mmcblk0boot1: mmc0:0001 SEM16G partition 2 4.00 MiB
[    1.891347] mmcblk0rpmb: mmc0:0001 SEM16G partition 3 4.00 MiB
[    1.903041]  mmcblk0: p1 p2 p3 p4 p5 p6 p7 p8 p9 p10 p11 p12
[    1.996373] usb 1-2: new high-speed USB device number 2 using xhci_hcd
[    2.260472] udevd[300]: starting version 225
[    2.311778] tsc: Refined TSC clocksource calibration: 1833.332 MHz
[    2.311789] clocksource: tsc: mask: 0xffffffffffffffff max_cycles: 0x34da5269766, max_idle_ns: 881590747508 ns
[    2.905656] usb 1-2: New USB device found, idVendor=154b, idProduct=00ed, bcdDevice= 1.00
[    2.905687] usb 1-2: New USB device strings: Mfr=1, Product=2, SerialNumber=3
[    2.905698] usb 1-2: Product: USB 3.1 FD
[    2.905706] usb 1-2: Manufacturer: PNY
[    2.905715] usb 1-2: SerialNumber: 07160BEB33A3ED20
[    2.907428] usb-storage 1-2:1.0: USB Mass Storage device detected
[    2.908534] scsi host0: usb-storage 1-2:1.0
[    3.063158] usb 1-3: new high-speed USB device number 3 using xhci_hcd
[    3.263681] usb 1-3: New USB device found, idVendor=04f2, idProduct=b462, bcdDevice= 0.06
[    3.263694] usb 1-3: New USB device strings: Mfr=3, Product=1, SerialNumber=2
[    3.263700] usb 1-3: Product: Chromebook HD Camera
[    3.263706] usb 1-3: Manufacturer: Generic_C
[    3.263712] usb 1-3: SerialNumber: 0x0001
[    3.314297] clocksource: Switched to clocksource tsc
[    3.419733] usb 1-4: new full-speed USB device number 4 using xhci_hcd
[    3.585865] usb 1-4: New USB device found, idVendor=8087, idProduct=07dc, bcdDevice= 0.01
[    3.585883] usb 1-4: New USB device strings: Mfr=0, Product=0, SerialNumber=0
[    4.484251] scsi 0:0:0:0: Direct-Access     PNY      USB 3.1 FD       PMAP PQ: 0 ANSI: 6
[    4.486328] sd 0:0:0:0: [sda] 60628992 512-byte logical blocks: (31.0 GB/28.9 GiB)
[    4.486767] sd 0:0:0:0: [sda] Write Protect is off
[    4.486781] sd 0:0:0:0: [sda] Mode Sense: 23 00 00 00
[    4.487409] sd 0:0:0:0: [sda] No Caching mode page found
[    4.487420] sd 0:0:0:0: [sda] Assuming drive cache: write through
[    4.512757]  sda: sda1 sda2 sda3 sda4 sda5 sda6 sda7 sda8 sda9 sda10 sda11 sda12
[    4.517815] sd 0:0:0:0: [sda] Attached SCSI removable disk
[    6.086746] device-mapper: verity: Argument 0: 'payload=PARTUUID=a2f1b79a-e7de-cf4d-86c2-125432dc16dd/PARTNROFF=1'
[    6.086763] device-mapper: verity: Argument 1: 'hashtree=PARTUUID=a2f1b79a-e7de-cf4d-86c2-125432dc16dd/PARTNROFF=1'
[    6.086772] device-mapper: verity: Argument 2: 'hashstart=3584000'
[    6.086781] device-mapper: verity: Argument 3: 'alg=sha1'
[    6.086789] device-mapper: verity: Argument 4: 'root_hexdigest=3e8df1ad07c15f9a811aa2a9915a17e8409ccf65'
[    6.086804] device-mapper: verity: Argument 5: 'salt=0c7d85cad68fb231a34c12121d933c468594106200a09a1c158d34a9cc182c5e'
[    6.086810] device-mapper: verity: Argument 6: 'error_behavior=eio'
[    6.120527] EXT4-fs (dm-0): couldn't mount as ext3 due to feature incompatibilities
[    6.123045] EXT4-fs (dm-0): mounting ext2 file system using the ext4 subsystem
[    6.128853] EXT4-fs (dm-0): mounted filesystem without journal. Opts: (null)
[    6.136459] EXT4-fs (sda1): couldn't mount as ext3 due to feature incompatibilities
[    6.137643] EXT4-fs (sda1): mounting ext2 file system using the ext4 subsystem
[    6.139681] EXT4-fs (sda1): mounted filesystem without journal. Opts: (null)
[    6.261243] frecon[427]: Failed to set atomic cap.
[    6.263363] frecon[427]: Frecon using drm driver i915, version 1.6, date(20160411), desc(Intel Graphics)
[    6.269383] frecon[427]: tsm_screen: new screen
[    6.269413] frecon[427]: tsm_vte: new vte object
[    6.276687] frecon[427]: tsm_screen: new screen
[    6.276716] frecon[427]: tsm_vte: new vte object
[    6.283802] frecon[427]: tsm_screen: new screen
[    6.283830] frecon[427]: tsm_vte: new vte object
[    6.292094] frecon[427]: tsm_screen: new screen
[    6.292123] frecon[427]: tsm_vte: new vte object
[    6.314499] EXT4-fs (sda1): couldn't mount as ext3 due to feature incompatibilities
[    6.315170] EXT4-fs (sda1): mounting ext2 file system using the ext4 subsystem
[    6.317574] EXT4-fs (sda1): mounted filesystem without journal. Opts: (null)
[    8.147649] frecon[427]: Failed to set atomic cap.
[    8.150150] frecon[427]: Frecon using drm driver i915, version 1.6, date(20160411), desc(Intel Graphics)
[    8.170489] frecon[427]: Failed to set atomic cap.
[    8.172310] frecon[427]: Frecon using drm driver i915, version 1.6, date(20160411), desc(Intel Graphics)
[   74.437996] EXT4-fs (loop0): mounted filesystem without journal. Opts: (null)
[   74.511234] EXT4-fs (loop1): mounting ext2 file system using the ext4 subsystem
[   74.512809] EXT4-fs (loop1): mounted filesystem without journal. Opts: (null)
[   74.809413]  mmcblk0: p1 p2 p3 p4 p5 p6 p7 p8 p9 p10 p11 p12
[  206.961933] EXT4-fs (loop2): mounted filesystem with ordered data mode. Opts: (null)
[  207.650784] EXT4-fs (loop2): mounted filesystem without journal. Opts: (null)
